=== training world model: phase=1 (l1_it3_p1)  n_keep=800  n_epoch=2001  select=pivchol ===
[loop] reusing frozen standardizer stats from /home/s2892016/Thesis/MCPILCO/results_pensim/rbf_model_bnd_rbf_iter0_phase0.pt
[pensim] dataset folder (PENSIM_DATA_DIR): /home/s2892016/Thesis/deps/smpl/smpl/configdata/pensim_expl1  (15 CSVs)
max observations: [2.76000000e+02 8.05261517e+00 3.62841400e+02 6.85863686e+00
 2.70000000e+02 1.80000012e+03 9.46039368e+02 1.26920055e+05
 2.39494171e+01]
min observations: [1.6000001e-01 4.5955915e+00 2.3797954e+02 0.0000000e+00 0.0000000e+00
 0.0000000e+00 0.0000000e+00 5.0006516e+04 2.3598127e+00]
dataset max observations: [2.30000000e+02 6.63759613e+00 2.99986786e+02 4.67915392e+00
 2.25000000e+02 7.80477295e+02 4.72615326e+02 1.03417805e+05
 1.93880215e+01]
dataset min observations: [0.0000000e+00 6.0929465e+00 2.9761203e+02 0.0000000e+00 0.0000000e+00
 9.9999997e-05 9.9999997e-05 2.5035268e+04 8.0833549e+00]
max actions: [4.10e+03 1.51e+02 3.60e+01 7.60e+01 1.20e+00 5.10e+02]
min actions: [ 0.   7.  21.  29.   0.5  0. ]
dataset max actions: [4.094559e+03 1.470660e+02 3.580100e+01 7.514100e+01 1.132000e+00
 5.038400e+02]
dataset min actions: [ 0.     7.361 21.249 29.636  0.545  0.   ]
normalize: True
using max/min observations and actions.
[pensim] using SAVED standardizer statistics
[pensim] loader time bounds: [0.16, 276.00] h
[pensim] 15623 transitions | obs 8d act 6d
[pensim] obs per-dim std: [0.4576 0.8288 1.1757 1.063  0.7714 0.7316 1.075  1.5812]
[pensim] time range: -0.00 .. 230.00 h
[pensim]   phase 0 [0, 47.5) h: 3555 transitions
[pensim]   phase 1 [47.5, 72.5) h: 1875 transitions
[pensim]   phase 2 [72.5, inf) h: 10190 transitions
[std] fitted on 15623 transitions (13.59 CSVs)  [PINNED via -std_from]
[std] obs_sd = [0.0329  0.00339 0.03372 0.30286 0.17267 0.11814 0.34974 0.11855]
[std] act_sd = [0.30882 0.24979 0.48691 0.34592 0.29527 0.43871]
[pensim] phase 1: t in [47.5, 72.5) h  ->  1875 of 15623 transitions (12.0%)
[pivchol] selected 800/1675 points  (residual trace 8.714e-01)
train N=800   test N=200   gp input dim=14   num_gp=8
training-set time span: 47.60 .. 72.40 h
EXACT GP INFERENCE SELECTED

Initial parameters:
 parameters:
- sigma_n_log : tensor([-4.6052], dtype=torch.float64)
- log_lengthscales_par : tensor([0., 0., 0., 0., 0., 0., 0., 0., 0., 0., 0., 0., 0., 0.],
       dtype=torch.float64)
- log_lambda_par : tensor([0.], dtype=torch.float64)
- mean_par : tensor([0.], dtype=torch.float64)

EPOCH: 0
 parameters:
- sigma_n_log : tensor([-4.6152], dtype=torch.float64)
- log_lengthscales_par : tensor([1.0000e-02, 1.0000e-02, 4.9880e-09, 1.0000e-02, 1.0000e-02, 1.0000e-02,
        1.0000e-02, 1.0000e-02, 1.0000e-02, 1.0000e-02, 1.0000e-02, 1.0000e-02,
        1.0000e-02, 1.0000e-02], dtype=torch.float64)
- log_lambda_par : tensor([-0.0100], dtype=torch.float64)
- mean_par : tensor([0.], dtype=torch.float64)
Running loss: -622.1613950725044
Time elapsed: 0.5864806175231934

EPOCH: 1000
 parameters:
- sigma_n_log : tensor([-3.9047], dtype=torch.float64)
- log_lengthscales_par : tensor([9.9568e-01, 2.4898e+00, 2.7763e-05, 1.3586e+00, 2.6974e+00, 3.6380e+00,
        1.1670e+00, 1.8588e+00, 1.0183e+00, 1.9304e+00, 2.3346e+00, 2.7335e+00,
        2.5878e+00, 3.4123e+00], dtype=torch.float64)
- log_lambda_par : tensor([-2.4468], dtype=torch.float64)
- mean_par : tensor([0.], dtype=torch.float64)
Running loss: -2617.464664743289
Time elapsed: 128.45692801475525

EPOCH: 2000
 parameters:
- sigma_n_log : tensor([-3.8959], dtype=torch.float64)
- log_lengthscales_par : tensor([5.1493e-01, 3.2394e+00, 6.9177e-06, 1.0286e+00, 3.2271e+00, 4.4686e+00,
        7.6620e-01, 1.8294e+00, 9.5563e-01, 1.5141e+00, 2.5257e+00, 3.6943e+00,
        3.0394e+00, 3.0627e+00], dtype=torch.float64)
- log_lambda_par : tensor([-3.2670], dtype=torch.float64)
- mean_par : tensor([0.], dtype=torch.float64)
Running loss: -2630.4907820041403
Time elapsed: 130.3290777206421

Final parameters:
 parameters:
- sigma_n_log : tensor([-3.8959], dtype=torch.float64)
- log_lengthscales_par : tensor([5.1493e-01, 3.2394e+00, 6.9177e-06, 1.0286e+00, 3.2271e+00, 4.4686e+00,
        7.6620e-01, 1.8294e+00, 9.5563e-01, 1.5141e+00, 2.5257e+00, 3.6943e+00,
        3.0394e+00, 3.0627e+00], dtype=torch.float64)
- log_lambda_par : tensor([-3.2670], dtype=torch.float64)
- mean_par : tensor([0.], dtype=torch.float64)
MSE gp 0:  tensor(0.0004, dtype=torch.float64)

Initial parameters:
 parameters:
- sigma_n_log : tensor([-4.6052], dtype=torch.float64)
- log_lengthscales_par : tensor([0., 0., 0., 0., 0., 0., 0., 0., 0., 0., 0., 0., 0., 0.],
       dtype=torch.float64)
- log_lambda_par : tensor([0.], dtype=torch.float64)
- mean_par : tensor([0.], dtype=torch.float64)

EPOCH: 0
 parameters:
- sigma_n_log : tensor([-4.5952], dtype=torch.float64)
- log_lengthscales_par : tensor([-1.0000e-02, -1.0000e-02, -6.8771e-08, -1.0000e-02, -1.0000e-02,
         1.0000e-02, -1.0000e-02, -1.0000e-02, -1.0000e-02, -1.0000e-02,
        -1.0000e-02, -1.0000e-02, -1.0000e-02,  1.0000e-02],
       dtype=torch.float64)
- log_lambda_par : tensor([0.0100], dtype=torch.float64)
- mean_par : tensor([0.], dtype=torch.float64)
Running loss: 1307.8486967472254
Time elapsed: 0.14405560493469238

EPOCH: 1000
 parameters:
- sigma_n_log : tensor([-2.0173], dtype=torch.float64)
- log_lengthscales_par : tensor([ 2.6639e+00, -2.1527e+00, -8.9548e-06,  2.6847e+00,  1.2078e+00,
         3.3229e+00,  3.2072e+00,  3.1706e+00,  3.5222e-01,  3.4292e+00,
         3.7213e+00,  3.0213e+00,  3.5209e+00,  3.0446e+00],
       dtype=torch.float64)
- log_lambda_par : tensor([0.4906], dtype=torch.float64)
- mean_par : tensor([0.], dtype=torch.float64)
Running loss: -723.3575345622162
Time elapsed: 133.57398915290833

EPOCH: 2000
 parameters:
- sigma_n_log : tensor([-2.0406], dtype=torch.float64)
- log_lengthscales_par : tensor([ 3.6077e+00, -2.2389e+00, -3.6607e-05,  2.8232e+00,  1.2931e+00,
         3.7047e+00,  2.6531e+00,  3.9459e+00,  6.4547e-01,  4.1182e+00,
         3.8231e+00,  4.6192e+00,  4.8727e+00,  3.2966e+00],
       dtype=torch.float64)
- log_lambda_par : tensor([0.7329], dtype=torch.float64)
- mean_par : tensor([0.], dtype=torch.float64)
Running loss: -734.1486174096807
Time elapsed: 134.43963623046875

Final parameters:
 parameters:
- sigma_n_log : tensor([-2.0406], dtype=torch.float64)
- log_lengthscales_par : tensor([ 3.6077e+00, -2.2389e+00, -3.6607e-05,  2.8232e+00,  1.2931e+00,
         3.7047e+00,  2.6531e+00,  3.9459e+00,  6.4547e-01,  4.1182e+00,
         3.8231e+00,  4.6192e+00,  4.8727e+00,  3.2966e+00],
       dtype=torch.float64)
- log_lambda_par : tensor([0.7329], dtype=torch.float64)
- mean_par : tensor([0.], dtype=torch.float64)
MSE gp 1:  tensor(0.0113, dtype=torch.float64)

Initial parameters:
 parameters:
- sigma_n_log : tensor([-4.6052], dtype=torch.float64)
- log_lengthscales_par : tensor([0., 0., 0., 0., 0., 0., 0., 0., 0., 0., 0., 0., 0., 0.],
       dtype=torch.float64)
- log_lambda_par : tensor([0.], dtype=torch.float64)
- mean_par : tensor([0.], dtype=torch.float64)

EPOCH: 0
 parameters:
- sigma_n_log : tensor([-4.6152], dtype=torch.float64)
- log_lengthscales_par : tensor([1.0000e-02, 1.0000e-02, 3.0266e-10, 1.0000e-02, 1.0000e-02, 1.0000e-02,
        1.0000e-02, 1.0000e-02, 1.0000e-02, 1.0000e-02, 1.0000e-02, 1.0000e-02,
        1.0000e-02, 1.0000e-02], dtype=torch.float64)
- log_lambda_par : tensor([-0.0100], dtype=torch.float64)
- mean_par : tensor([0.], dtype=torch.float64)
Running loss: -625.6818086820359
Time elapsed: 0.14120817184448242

EPOCH: 1000
 parameters:
- sigma_n_log : tensor([-11.3052], dtype=torch.float64)
- log_lengthscales_par : tensor([4.4545, 4.0042, 0.0152, 4.1270, 4.3135, 5.0516, 4.9079, 4.4283, 6.2283,
        4.3441, 4.2196, 4.1573, 4.3689, 5.7787], dtype=torch.float64)
- log_lambda_par : tensor([-4.3182], dtype=torch.float64)
- mean_par : tensor([0.], dtype=torch.float64)
Running loss: -7226.01564038468
Time elapsed: 129.51184701919556

EPOCH: 2000
 parameters:
- sigma_n_log : tensor([-12.0058], dtype=torch.float64)
- log_lengthscales_par : tensor([5.2336, 4.9504, 0.0153, 5.0360, 5.2797, 6.0206, 6.0552, 5.4964, 7.4202,
        5.2161, 5.1392, 5.0351, 5.3051, 6.8162], dtype=torch.float64)
- log_lambda_par : tensor([-5.8658], dtype=torch.float64)
- mean_par : tensor([0.], dtype=torch.float64)
Running loss: -7308.2886148666885
Time elapsed: 129.44205021858215

Final parameters:
 parameters:
- sigma_n_log : tensor([-12.0058], dtype=torch.float64)
- log_lengthscales_par : tensor([5.2336, 4.9504, 0.0153, 5.0360, 5.2797, 6.0206, 6.0552, 5.4964, 7.4202,
        5.2161, 5.1392, 5.0351, 5.3051, 6.8162], dtype=torch.float64)
- log_lambda_par : tensor([-5.8658], dtype=torch.float64)
- mean_par : tensor([0.], dtype=torch.float64)
MSE gp 2:  tensor(0., dtype=torch.float64)

Initial parameters:
 parameters:
- sigma_n_log : tensor([-4.6052], dtype=torch.float64)
- log_lengthscales_par : tensor([0., 0., 0., 0., 0., 0., 0., 0., 0., 0., 0., 0., 0., 0.],
       dtype=torch.float64)
- log_lambda_par : tensor([0.], dtype=torch.float64)
- mean_par : tensor([0.], dtype=torch.float64)

EPOCH: 0
 parameters:
- sigma_n_log : tensor([-4.6152], dtype=torch.float64)
- log_lengthscales_par : tensor([1.0000e-02, 1.0000e-02, 4.4812e-10, 1.0000e-02, 1.0000e-02, 1.0000e-02,
        1.0000e-02, 1.0000e-02, 1.0000e-02, 1.0000e-02, 1.0000e-02, 1.0000e-02,
        1.0000e-02, 1.0000e-02], dtype=torch.float64)
- log_lambda_par : tensor([-0.0100], dtype=torch.float64)
- mean_par : tensor([0.], dtype=torch.float64)
Running loss: -624.2627145752398
Time elapsed: 0.17775726318359375

EPOCH: 1000
 parameters:
- sigma_n_log : tensor([-11.0118], dtype=torch.float64)
- log_lengthscales_par : tensor([0.4469, 4.0525, 0.0591, 4.0484, 4.2879, 5.0163, 4.4167, 4.4632, 6.0484,
        4.0385, 4.3544, 4.2719, 4.3733, 5.7601], dtype=torch.float64)
- log_lambda_par : tensor([-3.4770], dtype=torch.float64)
- mean_par : tensor([0.], dtype=torch.float64)
Running loss: -6904.335799986252
Time elapsed: 131.5313858985901

EPOCH: 2000
 parameters:
- sigma_n_log : tensor([-11.6082], dtype=torch.float64)
- log_lengthscales_par : tensor([ 0.3004,  5.2523, -0.0277,  4.6963,  5.0033,  5.7949,  3.8757,  5.6364,
         7.4593,  4.8433,  5.2160,  5.1740,  4.8502,  6.5746],
       dtype=torch.float64)
- log_lambda_par : tensor([-3.7742], dtype=torch.float64)
- mean_par : tensor([0.], dtype=torch.float64)
Running loss: -6955.286625503032
Time elapsed: 127.84865427017212

Final parameters:
 parameters:
- sigma_n_log : tensor([-11.6082], dtype=torch.float64)
- log_lengthscales_par : tensor([ 0.3004,  5.2523, -0.0277,  4.6963,  5.0033,  5.7949,  3.8757,  5.6364,
         7.4593,  4.8433,  5.2160,  5.1740,  4.8502,  6.5746],
       dtype=torch.float64)
- log_lambda_par : tensor([-3.7742], dtype=torch.float64)
- mean_par : tensor([0.], dtype=torch.float64)
MSE gp 3:  tensor(5.9632e-09, dtype=torch.float64)

Initial parameters:
 parameters:
- sigma_n_log : tensor([-4.6052], dtype=torch.float64)
- log_lengthscales_par : tensor([0., 0., 0., 0., 0., 0., 0., 0., 0., 0., 0., 0., 0., 0.],
       dtype=torch.float64)
- log_lambda_par : tensor([0.], dtype=torch.float64)
- mean_par : tensor([0.], dtype=torch.float64)

EPOCH: 0
 parameters:
- sigma_n_log : tensor([-4.6152], dtype=torch.float64)
- log_lengthscales_par : tensor([ 1.0000e-02, -1.0000e-02,  1.5491e-08,  1.0000e-02,  1.0000e-02,
         1.0000e-02,  1.0000e-02,  1.0000e-02,  1.0000e-02,  1.0000e-02,
         1.0000e-02,  1.0000e-02,  1.0000e-02,  1.0000e-02],
       dtype=torch.float64)
- log_lambda_par : tensor([-0.0100], dtype=torch.float64)
- mean_par : tensor([0.], dtype=torch.float64)
Running loss: -469.0188684571263
Time elapsed: 0.13532304763793945

EPOCH: 1000
 parameters:
- sigma_n_log : tensor([-3.2761], dtype=torch.float64)
- log_lengthscales_par : tensor([ 3.0347e+00, -1.2194e+00, -7.3437e-06,  2.7423e+00,  5.5139e-01,
         2.0034e+00,  2.7786e+00,  3.7629e+00,  9.6162e-01,  3.2235e+00,
         2.9393e+00,  2.1288e+00,  4.0887e+00,  3.1375e+00],
       dtype=torch.float64)
- log_lambda_par : tensor([-0.3146], dtype=torch.float64)
- mean_par : tensor([0.], dtype=torch.float64)
Running loss: -1637.5558263345458
Time elapsed: 127.54857659339905

EPOCH: 2000
 parameters:
- sigma_n_log : tensor([-3.2595], dtype=torch.float64)
- log_lengthscales_par : tensor([ 3.6708e+00, -1.2394e+00,  1.0103e-04,  3.0332e+00,  6.6342e-01,
         2.0453e+00,  2.7724e+00,  4.6704e+00,  1.0422e+00,  3.3671e+00,
         3.2883e+00,  2.2485e+00,  5.1399e+00,  3.1250e+00],
       dtype=torch.float64)
- log_lambda_par : tensor([-0.1088], dtype=torch.float64)
- mean_par : tensor([0.], dtype=torch.float64)
Running loss: -1643.8020256504396
Time elapsed: 127.65579867362976

Final parameters:
 parameters:
- sigma_n_log : tensor([-3.2595], dtype=torch.float64)
- log_lengthscales_par : tensor([ 3.6708e+00, -1.2394e+00,  1.0103e-04,  3.0332e+00,  6.6342e-01,
         2.0453e+00,  2.7724e+00,  4.6704e+00,  1.0422e+00,  3.3671e+00,
         3.2883e+00,  2.2485e+00,  5.1399e+00,  3.1250e+00],
       dtype=torch.float64)
- log_lambda_par : tensor([-0.1088], dtype=torch.float64)
- mean_par : tensor([0.], dtype=torch.float64)
MSE gp 4:  tensor(0.0009, dtype=torch.float64)

Initial parameters:
 parameters:
- sigma_n_log : tensor([-4.6052], dtype=torch.float64)
- log_lengthscales_par : tensor([0., 0., 0., 0., 0., 0., 0., 0., 0., 0., 0., 0., 0., 0.],
       dtype=torch.float64)
- log_lambda_par : tensor([0.], dtype=torch.float64)
- mean_par : tensor([0.], dtype=torch.float64)

EPOCH: 0
 parameters:
- sigma_n_log : tensor([-4.5952], dtype=torch.float64)
- log_lengthscales_par : tensor([-1.0000e-02, -1.0000e-02,  7.8860e-07, -1.0000e-02, -1.0000e-02,
         1.0000e-02, -1.0000e-02, -1.0000e-02, -1.0000e-02, -1.0000e-02,
        -1.0000e-02, -1.0000e-02, -1.0000e-02,  1.0000e-02],
       dtype=torch.float64)
- log_lambda_par : tensor([0.0100], dtype=torch.float64)
- mean_par : tensor([0.], dtype=torch.float64)
Running loss: 1929.2164536086061
Time elapsed: 0.1345665454864502

EPOCH: 1000
 parameters:
- sigma_n_log : tensor([-1.9265], dtype=torch.float64)
- log_lengthscales_par : tensor([ 2.8753e+00, -1.8019e+00,  4.0902e-07,  3.2489e+00,  8.8357e-01,
         1.6925e+00,  3.9992e+00,  4.1298e+00,  2.2199e+00,  3.9559e+00,
         4.3153e+00,  2.5323e+00,  4.3276e+00,  4.2546e+00],
       dtype=torch.float64)
- log_lambda_par : tensor([1.5188], dtype=torch.float64)
- mean_par : tensor([0.], dtype=torch.float64)
Running loss: -617.8520062352778
Time elapsed: 129.38106179237366

EPOCH: 2000
 parameters:
- sigma_n_log : tensor([-2.1417], dtype=torch.float64)
- log_lengthscales_par : tensor([ 4.4413e+00, -2.2331e+00,  1.1928e-04,  3.7756e+00,  1.6568e+00,
         1.9001e+00,  5.8279e+00,  6.2526e+00,  4.9971e+00,  5.3895e+00,
         5.9884e+00,  5.7346e+00,  6.2286e+00,  6.9177e+00],
       dtype=torch.float64)
- log_lambda_par : tensor([2.0630], dtype=torch.float64)
- mean_par : tensor([0.], dtype=torch.float64)
Running loss: -710.5476060955237
Time elapsed: 133.1139657497406

Final parameters:
 parameters:
- sigma_n_log : tensor([-2.1417], dtype=torch.float64)
- log_lengthscales_par : tensor([ 4.4413e+00, -2.2331e+00,  1.1928e-04,  3.7756e+00,  1.6568e+00,
         1.9001e+00,  5.8279e+00,  6.2526e+00,  4.9971e+00,  5.3895e+00,
         5.9884e+00,  5.7346e+00,  6.2286e+00,  6.9177e+00],
       dtype=torch.float64)
- log_lambda_par : tensor([2.0630], dtype=torch.float64)
- mean_par : tensor([0.], dtype=torch.float64)
MSE gp 5:  tensor(0.0094, dtype=torch.float64)

Initial parameters:
 parameters:
- sigma_n_log : tensor([-4.6052], dtype=torch.float64)
- log_lengthscales_par : tensor([0., 0., 0., 0., 0., 0., 0., 0., 0., 0., 0., 0., 0., 0.],
       dtype=torch.float64)
- log_lambda_par : tensor([0.], dtype=torch.float64)
- mean_par : tensor([0.], dtype=torch.float64)

EPOCH: 0
 parameters:
- sigma_n_log : tensor([-4.6152], dtype=torch.float64)
- log_lengthscales_par : tensor([1.0000e-02, 1.0000e-02, 1.6095e-09, 1.0000e-02, 1.0000e-02, 1.0000e-02,
        1.0000e-02, 1.0000e-02, 1.0000e-02, 1.0000e-02, 1.0000e-02, 1.0000e-02,
        1.0000e-02, 1.0000e-02], dtype=torch.float64)
- log_lambda_par : tensor([-0.0100], dtype=torch.float64)
- mean_par : tensor([0.], dtype=torch.float64)
Running loss: -625.6765890459999
Time elapsed: 0.13167691230773926

EPOCH: 1000
 parameters:
- sigma_n_log : tensor([-8.2678], dtype=torch.float64)
- log_lengthscales_par : tensor([-0.5816,  3.1707, -0.0480,  3.7561,  4.0074,  4.6293,  4.1928,  3.3553,
        -1.1134,  2.0788,  3.8095,  4.1088,  3.5101,  1.3034],
       dtype=torch.float64)
- log_lambda_par : tensor([-3.7035], dtype=torch.float64)
- mean_par : tensor([0.], dtype=torch.float64)
Running loss: -5663.6379164132695
Time elapsed: 123.35302066802979

EPOCH: 2000
 parameters:
- sigma_n_log : tensor([-8.3959], dtype=torch.float64)
- log_lengthscales_par : tensor([-1.2207,  3.0041, -0.0486,  5.1115,  5.5879,  4.1907,  5.1017,  4.1745,
        -1.2804,  0.9356,  3.0498,  5.4649,  3.4267,  1.2553],
       dtype=torch.float64)
- log_lambda_par : tensor([-5.9238], dtype=torch.float64)
- mean_par : tensor([0.], dtype=torch.float64)
Running loss: -5754.5289119284935
Time elapsed: 123.21454763412476

Final parameters:
 parameters:
- sigma_n_log : tensor([-8.3959], dtype=torch.float64)
- log_lengthscales_par : tensor([-1.2207,  3.0041, -0.0486,  5.1115,  5.5879,  4.1907,  5.1017,  4.1745,
        -1.2804,  0.9356,  3.0498,  5.4649,  3.4267,  1.2553],
       dtype=torch.float64)
- log_lambda_par : tensor([-5.9238], dtype=torch.float64)
- mean_par : tensor([0.], dtype=torch.float64)
MSE gp 6:  tensor(4.4334e-08, dtype=torch.float64)

Initial parameters:
 parameters:
- sigma_n_log : tensor([-4.6052], dtype=torch.float64)
- log_lengthscales_par : tensor([0., 0., 0., 0., 0., 0., 0., 0., 0., 0., 0., 0., 0., 0.],
       dtype=torch.float64)
- log_lambda_par : tensor([0.], dtype=torch.float64)
- mean_par : tensor([0.], dtype=torch.float64)

EPOCH: 0
 parameters:
- sigma_n_log : tensor([-4.6152], dtype=torch.float64)
- log_lengthscales_par : tensor([ 1.0000e-02,  1.0000e-02, -2.4060e-08,  1.0000e-02,  1.0000e-02,
         1.0000e-02,  1.0000e-02,  1.0000e-02,  1.0000e-02,  1.0000e-02,
         1.0000e-02,  1.0000e-02,  1.0000e-02,  1.0000e-02],
       dtype=torch.float64)
- log_lambda_par : tensor([-0.0100], dtype=torch.float64)
- mean_par : tensor([0.], dtype=torch.float64)
Running loss: -538.9364476726582
Time elapsed: 0.13154172897338867

EPOCH: 1000
 parameters:
- sigma_n_log : tensor([-2.4382], dtype=torch.float64)
- log_lengthscales_par : tensor([-2.0180e+00,  3.4223e+00,  3.9338e-07,  2.1214e+00,  2.3042e+00,
         3.3973e+00,  5.0927e-01, -2.7402e-01,  1.8621e+00,  7.6720e-01,
         1.5866e+00,  2.3346e+00,  7.3023e-01,  1.8435e+00],
       dtype=torch.float64)
- log_lambda_par : tensor([-2.1713], dtype=torch.float64)
- mean_par : tensor([0.], dtype=torch.float64)
Running loss: -1308.3950864915741
Time elapsed: 123.23391532897949

EPOCH: 2000
 parameters:
- sigma_n_log : tensor([-2.4872], dtype=torch.float64)
- log_lengthscales_par : tensor([-2.3176e+00,  3.9486e+00,  6.0550e-07,  2.9106e+00,  2.8024e+00,
         2.8441e+00,  2.1844e+00, -6.5952e-01, -1.3592e+00,  4.8542e-01,
         1.4079e+00,  2.8349e+00,  3.5512e-01,  3.0417e+00],
       dtype=torch.float64)
- log_lambda_par : tensor([-2.8334], dtype=torch.float64)
- mean_par : tensor([0.], dtype=torch.float64)
Running loss: -1315.9996584911116
Time elapsed: 122.636221408844

Final parameters:
 parameters:
- sigma_n_log : tensor([-2.4872], dtype=torch.float64)
- log_lengthscales_par : tensor([-2.3176e+00,  3.9486e+00,  6.0550e-07,  2.9106e+00,  2.8024e+00,
         2.8441e+00,  2.1844e+00, -6.5952e-01, -1.3592e+00,  4.8542e-01,
         1.4079e+00,  2.8349e+00,  3.5512e-01,  3.0417e+00],
       dtype=torch.float64)
- log_lambda_par : tensor([-2.8334], dtype=torch.float64)
- mean_par : tensor([0.], dtype=torch.float64)
MSE gp 7:  tensor(0.0050, dtype=torch.float64)

Trained hyperparameters:
GP 1:
 parameters:
- sigma_n_log : tensor([-3.8959], dtype=torch.float64)
- log_lengthscales_par : tensor([5.1493e-01, 3.2394e+00, 6.9177e-06, 1.0286e+00, 3.2271e+00, 4.4686e+00,
        7.6620e-01, 1.8294e+00, 9.5563e-01, 1.5141e+00, 2.5257e+00, 3.6943e+00,
        3.0394e+00, 3.0627e+00], dtype=torch.float64)
- log_lambda_par : tensor([-3.2670], dtype=torch.float64)
- mean_par : tensor([0.], dtype=torch.float64)
GP 2:
 parameters:
- sigma_n_log : tensor([-2.0406], dtype=torch.float64)
- log_lengthscales_par : tensor([ 3.6077e+00, -2.2389e+00, -3.6607e-05,  2.8232e+00,  1.2931e+00,
         3.7047e+00,  2.6531e+00,  3.9459e+00,  6.4547e-01,  4.1182e+00,
         3.8231e+00,  4.6192e+00,  4.8727e+00,  3.2966e+00],
       dtype=torch.float64)
- log_lambda_par : tensor([0.7329], dtype=torch.float64)
- mean_par : tensor([0.], dtype=torch.float64)
GP 3:
 parameters:
- sigma_n_log : tensor([-12.0058], dtype=torch.float64)
- log_lengthscales_par : tensor([5.2336, 4.9504, 0.0153, 5.0360, 5.2797, 6.0206, 6.0552, 5.4964, 7.4202,
        5.2161, 5.1392, 5.0351, 5.3051, 6.8162], dtype=torch.float64)
- log_lambda_par : tensor([-5.8658], dtype=torch.float64)
- mean_par : tensor([0.], dtype=torch.float64)
GP 4:
 parameters:
- sigma_n_log : tensor([-11.6082], dtype=torch.float64)
- log_lengthscales_par : tensor([ 0.3004,  5.2523, -0.0277,  4.6963,  5.0033,  5.7949,  3.8757,  5.6364,
         7.4593,  4.8433,  5.2160,  5.1740,  4.8502,  6.5746],
       dtype=torch.float64)
- log_lambda_par : tensor([-3.7742], dtype=torch.float64)
- mean_par : tensor([0.], dtype=torch.float64)
GP 5:
 parameters:
- sigma_n_log : tensor([-3.2595], dtype=torch.float64)
- log_lengthscales_par : tensor([ 3.6708e+00, -1.2394e+00,  1.0103e-04,  3.0332e+00,  6.6342e-01,
         2.0453e+00,  2.7724e+00,  4.6704e+00,  1.0422e+00,  3.3671e+00,
         3.2883e+00,  2.2485e+00,  5.1399e+00,  3.1250e+00],
       dtype=torch.float64)
- log_lambda_par : tensor([-0.1088], dtype=torch.float64)
- mean_par : tensor([0.], dtype=torch.float64)
GP 6:
 parameters:
- sigma_n_log : tensor([-2.1417], dtype=torch.float64)
- log_lengthscales_par : tensor([ 4.4413e+00, -2.2331e+00,  1.1928e-04,  3.7756e+00,  1.6568e+00,
         1.9001e+00,  5.8279e+00,  6.2526e+00,  4.9971e+00,  5.3895e+00,
         5.9884e+00,  5.7346e+00,  6.2286e+00,  6.9177e+00],
       dtype=torch.float64)
- log_lambda_par : tensor([2.0630], dtype=torch.float64)
- mean_par : tensor([0.], dtype=torch.float64)
GP 7:
 parameters:
- sigma_n_log : tensor([-8.3959], dtype=torch.float64)
- log_lengthscales_par : tensor([-1.2207,  3.0041, -0.0486,  5.1115,  5.5879,  4.1907,  5.1017,  4.1745,
        -1.2804,  0.9356,  3.0498,  5.4649,  3.4267,  1.2553],
       dtype=torch.float64)
- log_lambda_par : tensor([-5.9238], dtype=torch.float64)
- mean_par : tensor([0.], dtype=torch.float64)
GP 8:
 parameters:
- sigma_n_log : tensor([-2.4872], dtype=torch.float64)
- log_lengthscales_par : tensor([-2.3176e+00,  3.9486e+00,  6.0550e-07,  2.9106e+00,  2.8024e+00,
         2.8441e+00,  2.1844e+00, -6.5952e-01, -1.3592e+00,  4.8542e-01,
         1.4079e+00,  2.8349e+00,  3.5512e-01,  3.0417e+00],
       dtype=torch.float64)
- log_lambda_par : tensor([-2.8334], dtype=torch.float64)
- mean_par : tensor([0.], dtype=torch.float64)

held-out NEXT-STATE MSE (model units) -- phase 1 (l1_it3_p1):
  0 pH     model=2.657909e-04  persistence=7.693187e-04  OK
  1 T      model=1.660440e-01  persistence=8.882808e-01  OK
  2 Fa     model=0.000000e+00  persistence=0.000000e+00  WORSE
  3 Fb     model=7.119078e-09  persistence=3.015517e-03  OK
  4 Fc     model=4.237315e-03  persistence=1.771348e-01  OK
  5 Fh     model=3.157225e-01  persistence=1.679762e+00  OK
  6 Wt     model=3.029209e-07  persistence=8.876710e-05  OK
  7 DO2    model=9.855816e-03  persistence=1.837093e-02  OK

mean MSE 6.201571e-02   persistence 3.459277e-01
model beats persistence: True
[pensim] statistics saved -> /home/s2892016/Thesis/MCPILCO/results_expl1/pensim_stats_l1_it3_p1.json

saved -> /home/s2892016/Thesis/MCPILCO/results_expl1/rbf_model_l1_it3_p1.pt
saved -> /home/s2892016/Thesis/MCPILCO/results_expl1/rbf_metrics_l1_it3_p1.json
