=== training world model: phase=0 (l1_it5_p0)  n_keep=800  n_epoch=2001  select=pivchol ===
[loop] reusing frozen standardizer stats from /home/s2892016/Thesis/MCPILCO/results_pensim/rbf_model_bnd_rbf_iter0_phase0.pt
[pensim] dataset folder (PENSIM_DATA_DIR): /home/s2892016/Thesis/deps/smpl/smpl/configdata/pensim_expl1  (17 CSVs)
max observations: [2.76000000e+02 8.05261517e+00 3.62841400e+02 6.85863686e+00
 2.70000000e+02 1.80000012e+03 9.46039368e+02 1.26920055e+05
 2.39494171e+01]
min observations: [1.6000001e-01 4.5955915e+00 2.3797954e+02 0.0000000e+00 0.0000000e+00
 0.0000000e+00 0.0000000e+00 5.0006516e+04 2.3598127e+00]
dataset max observations: [2.30000000e+02 6.63759613e+00 2.99986786e+02 4.67915392e+00
 2.25000000e+02 7.80477295e+02 4.72615326e+02 1.03417805e+05
 1.93880215e+01]
dataset min observations: [0.0000000e+00 6.0929465e+00 2.9761203e+02 0.0000000e+00 0.0000000e+00
 9.9999997e-05 9.9999997e-05 2.5035268e+04 7.7376823e+00]
max actions: [4.10e+03 1.51e+02 3.60e+01 7.60e+01 1.20e+00 5.10e+02]
min actions: [ 0.   7.  21.  29.   0.5  0. ]
dataset max actions: [4.094559e+03 1.470660e+02 3.580100e+01 7.514100e+01 1.132000e+00
 5.038400e+02]
dataset min actions: [ 0.     7.361 21.249 29.636  0.545  0.   ]
normalize: True
using max/min observations and actions.
[pensim] using SAVED standardizer statistics
[pensim] loader time bounds: [0.16, 276.00] h
[pensim] 16840 transitions | obs 8d act 6d
[pensim] obs per-dim std: [0.4588 0.8202 1.1462 1.1153 0.7597 0.7209 1.1261 1.6959]
[pensim] time range: -0.00 .. 230.00 h
[pensim]   phase 0 [0, 47.5) h: 4029 transitions
[pensim]   phase 1 [47.5, 72.5) h: 2125 transitions
[pensim]   phase 2 [72.5, inf) h: 10681 transitions
[std] fitted on 16840 transitions (14.64 CSVs)  [PINNED via -std_from]
[std] obs_sd = [0.0329  0.00339 0.03372 0.30286 0.17267 0.11814 0.34974 0.11855]
[std] act_sd = [0.30882 0.24979 0.48691 0.34592 0.29527 0.43871]
[pensim] phase 0: t in [0, 47.5) h  ->  4029 of 16840 transitions (23.9%)
[pivchol] selected 800/3829 points  (residual trace 1.378e+02)
train N=800   test N=200   gp input dim=14   num_gp=8
training-set time span: 0.20 .. 47.40 h
EXACT GP INFERENCE SELECTED

Initial parameters:
 parameters:
- sigma_n_log : tensor([-4.6052], dtype=torch.float64)
- log_lengthscales_par : tensor([0., 0., 0., 0., 0., 0., 0., 0., 0., 0., 0., 0., 0., 0.],
       dtype=torch.float64)
- log_lambda_par : tensor([0.], dtype=torch.float64)
- mean_par : tensor([0.], dtype=torch.float64)

EPOCH: 0
 parameters:
- sigma_n_log : tensor([-4.6152], dtype=torch.float64)
- log_lengthscales_par : tensor([0.0100, 0.0100, 0.0100, 0.0100, 0.0100, 0.0100, 0.0100, 0.0100, 0.0100,
        0.0100, 0.0100, 0.0100, 0.0100, 0.0100], dtype=torch.float64)
- log_lambda_par : tensor([-0.0100], dtype=torch.float64)
- mean_par : tensor([0.], dtype=torch.float64)
Running loss: -131.08583776502766
Time elapsed: 0.3509678840637207

EPOCH: 1000
 parameters:
- sigma_n_log : tensor([-4.8759], dtype=torch.float64)
- log_lengthscales_par : tensor([ 0.0524,  2.8470,  5.6039,  0.2521,  1.8791,  1.4403, -3.2785,  2.8785,
        -1.6798,  0.7886,  1.4715,  3.2372,  3.3468, -1.0174],
       dtype=torch.float64)
- log_lambda_par : tensor([-2.4645], dtype=torch.float64)
- mean_par : tensor([0.], dtype=torch.float64)
Running loss: -1704.1239231264876
Time elapsed: 116.93171811103821

EPOCH: 2000
 parameters:
- sigma_n_log : tensor([-4.7813], dtype=torch.float64)
- log_lengthscales_par : tensor([ 0.0439,  3.0099,  6.4461,  0.2576,  1.7391,  1.4082, -3.2764,  3.4446,
        -1.6700,  0.8171,  1.4586,  3.3217,  4.2701, -0.5155],
       dtype=torch.float64)
- log_lambda_par : tensor([-2.4403], dtype=torch.float64)
- mean_par : tensor([0.], dtype=torch.float64)
Running loss: -1707.9355767619345
Time elapsed: 117.00461840629578

Final parameters:
 parameters:
- sigma_n_log : tensor([-4.7813], dtype=torch.float64)
- log_lengthscales_par : tensor([ 0.0439,  3.0099,  6.4461,  0.2576,  1.7391,  1.4082, -3.2764,  3.4446,
        -1.6700,  0.8171,  1.4586,  3.3217,  4.2701, -0.5155],
       dtype=torch.float64)
- log_lambda_par : tensor([-2.4403], dtype=torch.float64)
- mean_par : tensor([0.], dtype=torch.float64)
MSE gp 0:  tensor(7.9872e-06, dtype=torch.float64)

Initial parameters:
 parameters:
- sigma_n_log : tensor([-4.6052], dtype=torch.float64)
- log_lengthscales_par : tensor([0., 0., 0., 0., 0., 0., 0., 0., 0., 0., 0., 0., 0., 0.],
       dtype=torch.float64)
- log_lambda_par : tensor([0.], dtype=torch.float64)
- mean_par : tensor([0.], dtype=torch.float64)

EPOCH: 0
 parameters:
- sigma_n_log : tensor([-4.5952], dtype=torch.float64)
- log_lengthscales_par : tensor([ 0.0100, -0.0100, -0.0100,  0.0100, -0.0100,  0.0100,  0.0100,  0.0100,
        -0.0100,  0.0100,  0.0100,  0.0100,  0.0100,  0.0100],
       dtype=torch.float64)
- log_lambda_par : tensor([0.0100], dtype=torch.float64)
- mean_par : tensor([0.], dtype=torch.float64)
Running loss: 667.3657078354959
Time elapsed: 0.12567830085754395

EPOCH: 1000
 parameters:
- sigma_n_log : tensor([-1.4408], dtype=torch.float64)
- log_lengthscales_par : tensor([-0.0860, -1.5693, -6.6155,  2.7369,  1.3607,  3.4212,  3.3962,  3.9371,
         0.6304,  2.2346,  3.6119,  3.0704,  4.0676,  0.7726],
       dtype=torch.float64)
- log_lambda_par : tensor([1.0795], dtype=torch.float64)
- mean_par : tensor([0.], dtype=torch.float64)
Running loss: -61.119270592669636
Time elapsed: 123.84414410591125

EPOCH: 2000
 parameters:
- sigma_n_log : tensor([-1.4380], dtype=torch.float64)
- log_lengthscales_par : tensor([-0.0829, -1.5653, -6.5971,  2.7508,  1.3759,  3.9026,  3.5405,  4.7133,
         0.6412,  2.2369,  3.8010,  3.1053,  4.8690,  0.7778],
       dtype=torch.float64)
- log_lambda_par : tensor([1.1084], dtype=torch.float64)
- mean_par : tensor([0.], dtype=torch.float64)
Running loss: -62.48898416234965
Time elapsed: 120.90119743347168

Final parameters:
 parameters:
- sigma_n_log : tensor([-1.4380], dtype=torch.float64)
- log_lengthscales_par : tensor([-0.0829, -1.5653, -6.5971,  2.7508,  1.3759,  3.9026,  3.5405,  4.7133,
         0.6412,  2.2369,  3.8010,  3.1053,  4.8690,  0.7778],
       dtype=torch.float64)
- log_lambda_par : tensor([1.1084], dtype=torch.float64)
- mean_par : tensor([0.], dtype=torch.float64)
MSE gp 1:  tensor(0.0261, dtype=torch.float64)

Initial parameters:
 parameters:
- sigma_n_log : tensor([-4.6052], dtype=torch.float64)
- log_lengthscales_par : tensor([0., 0., 0., 0., 0., 0., 0., 0., 0., 0., 0., 0., 0., 0.],
       dtype=torch.float64)
- log_lambda_par : tensor([0.], dtype=torch.float64)
- mean_par : tensor([0.], dtype=torch.float64)

EPOCH: 0
 parameters:
- sigma_n_log : tensor([-4.5952], dtype=torch.float64)
- log_lengthscales_par : tensor([-0.0100, -0.0100, -0.0100,  0.0100,  0.0100,  0.0100,  0.0100,  0.0100,
         0.0100,  0.0100,  0.0100,  0.0100,  0.0100,  0.0100],
       dtype=torch.float64)
- log_lambda_par : tensor([0.0100], dtype=torch.float64)
- mean_par : tensor([0.], dtype=torch.float64)
Running loss: 1089.4730597844082
Time elapsed: 0.11609506607055664

EPOCH: 1000
 parameters:
- sigma_n_log : tensor([-12.1496], dtype=torch.float64)
- log_lengthscales_par : tensor([-2.4390,  8.3922, -3.6304,  4.0334,  4.4596,  5.6314,  9.5331,  8.4680,
         9.1548,  8.4159,  4.7357,  5.6438,  4.8699,  9.1236],
       dtype=torch.float64)
- log_lambda_par : tensor([3.2907], dtype=torch.float64)
- mean_par : tensor([0.], dtype=torch.float64)
Running loss: -2777.2994635198074
Time elapsed: 119.9754991531372

EPOCH: 2000
 parameters:
- sigma_n_log : tensor([-13.2238], dtype=torch.float64)
- log_lengthscales_par : tensor([-2.3841, 12.2152, -2.1483,  5.1925,  5.5603,  6.4251, 12.2568, 12.4159,
        12.0885, 12.4879,  5.9641,  6.9589,  5.8908, 12.1072],
       dtype=torch.float64)
- log_lambda_par : tensor([5.8280], dtype=torch.float64)
- mean_par : tensor([0.], dtype=torch.float64)
Running loss: -3030.296389554816
Time elapsed: 119.97126817703247

Final parameters:
 parameters:
- sigma_n_log : tensor([-13.2238], dtype=torch.float64)
- log_lengthscales_par : tensor([-2.3841, 12.2152, -2.1483,  5.1925,  5.5603,  6.4251, 12.2568, 12.4159,
        12.0885, 12.4879,  5.9641,  6.9589,  5.8908, 12.1072],
       dtype=torch.float64)
- log_lambda_par : tensor([5.8280], dtype=torch.float64)
- mean_par : tensor([0.], dtype=torch.float64)
MSE gp 2:  tensor(2.6330e-11, dtype=torch.float64)

Initial parameters:
 parameters:
- sigma_n_log : tensor([-4.6052], dtype=torch.float64)
- log_lengthscales_par : tensor([0., 0., 0., 0., 0., 0., 0., 0., 0., 0., 0., 0., 0., 0.],
       dtype=torch.float64)
- log_lambda_par : tensor([0.], dtype=torch.float64)
- mean_par : tensor([0.], dtype=torch.float64)

EPOCH: 0
 parameters:
- sigma_n_log : tensor([-4.6152], dtype=torch.float64)
- log_lengthscales_par : tensor([0.0100, 0.0100, 0.0100, 0.0100, 0.0100, 0.0100, 0.0100, 0.0100, 0.0100,
        0.0100, 0.0100, 0.0100, 0.0100, 0.0100], dtype=torch.float64)
- log_lambda_par : tensor([-0.0100], dtype=torch.float64)
- mean_par : tensor([0.], dtype=torch.float64)
Running loss: -99.46901687791299
Time elapsed: 0.18294858932495117

EPOCH: 1000
 parameters:
- sigma_n_log : tensor([-11.9131], dtype=torch.float64)
- log_lengthscales_par : tensor([-1.6738,  5.7499,  1.3255,  0.3018,  6.6226,  3.6877,  7.5647,  6.5752,
         7.1710,  6.8976,  3.3154,  6.4307,  6.4900,  7.2195],
       dtype=torch.float64)
- log_lambda_par : tensor([-1.3317], dtype=torch.float64)
- mean_par : tensor([0.], dtype=torch.float64)
Running loss: -3476.2211455536867
Time elapsed: 116.3849925994873

EPOCH: 2000
 parameters:
- sigma_n_log : tensor([-12.2254], dtype=torch.float64)
- log_lengthscales_par : tensor([-1.6992,  8.5467,  1.3553,  0.3144,  7.8824,  3.9973,  7.9803,  8.6935,
         7.9577,  7.7433,  3.5036,  8.8050,  8.8266,  8.1162],
       dtype=torch.float64)
- log_lambda_par : tensor([-0.8137], dtype=torch.float64)
- mean_par : tensor([0.], dtype=torch.float64)
Running loss: -3603.4789313647757
Time elapsed: 116.19408845901489

Final parameters:
 parameters:
- sigma_n_log : tensor([-12.2254], dtype=torch.float64)
- log_lengthscales_par : tensor([-1.6992,  8.5467,  1.3553,  0.3144,  7.8824,  3.9973,  7.9803,  8.6935,
         7.9577,  7.7433,  3.5036,  8.8050,  8.8266,  8.1162],
       dtype=torch.float64)
- log_lambda_par : tensor([-0.8137], dtype=torch.float64)
- mean_par : tensor([0.], dtype=torch.float64)
MSE gp 3:  tensor(1.5142e-09, dtype=torch.float64)

Initial parameters:
 parameters:
- sigma_n_log : tensor([-4.6052], dtype=torch.float64)
- log_lengthscales_par : tensor([0., 0., 0., 0., 0., 0., 0., 0., 0., 0., 0., 0., 0., 0.],
       dtype=torch.float64)
- log_lambda_par : tensor([0.], dtype=torch.float64)
- mean_par : tensor([0.], dtype=torch.float64)

EPOCH: 0
 parameters:
- sigma_n_log : tensor([-4.6152], dtype=torch.float64)
- log_lengthscales_par : tensor([0.0100, 0.0100, 0.0100, 0.0100, 0.0100, 0.0100, 0.0100, 0.0100, 0.0100,
        0.0100, 0.0100, 0.0100, 0.0100, 0.0100], dtype=torch.float64)
- log_lambda_par : tensor([-0.0100], dtype=torch.float64)
- mean_par : tensor([0.], dtype=torch.float64)
Running loss: 3.402050097990468
Time elapsed: 0.12591290473937988

EPOCH: 1000
 parameters:
- sigma_n_log : tensor([-2.2623], dtype=torch.float64)
- log_lengthscales_par : tensor([ 2.9111,  0.0504, -2.1317,  2.9617,  0.5766,  2.3223,  1.6068,  3.2680,
         1.7641,  2.8226,  3.3593,  2.5990,  3.2038,  1.7255],
       dtype=torch.float64)
- log_lambda_par : tensor([0.0013], dtype=torch.float64)
- mean_par : tensor([0.], dtype=torch.float64)
Running loss: -1106.0731144392673
Time elapsed: 121.51642203330994

EPOCH: 2000
 parameters:
- sigma_n_log : tensor([-2.2596], dtype=torch.float64)
- log_lengthscales_par : tensor([ 3.7581,  0.0672, -1.9513,  3.0591,  0.5529,  2.5432,  1.3175,  3.8778,
         1.8820,  2.7481,  4.2941,  2.5741,  3.7002,  2.2979],
       dtype=torch.float64)
- log_lambda_par : tensor([0.1834], dtype=torch.float64)
- mean_par : tensor([0.], dtype=torch.float64)
Running loss: -1110.6443497437058
Time elapsed: 119.08695125579834

Final parameters:
 parameters:
- sigma_n_log : tensor([-2.2596], dtype=torch.float64)
- log_lengthscales_par : tensor([ 3.7581,  0.0672, -1.9513,  3.0591,  0.5529,  2.5432,  1.3175,  3.8778,
         1.8820,  2.7481,  4.2941,  2.5741,  3.7002,  2.2979],
       dtype=torch.float64)
- log_lambda_par : tensor([0.1834], dtype=torch.float64)
- mean_par : tensor([0.], dtype=torch.float64)
MSE gp 4:  tensor(0.0085, dtype=torch.float64)

Initial parameters:
 parameters:
- sigma_n_log : tensor([-4.6052], dtype=torch.float64)
- log_lengthscales_par : tensor([0., 0., 0., 0., 0., 0., 0., 0., 0., 0., 0., 0., 0., 0.],
       dtype=torch.float64)
- log_lambda_par : tensor([0.], dtype=torch.float64)
- mean_par : tensor([0.], dtype=torch.float64)

EPOCH: 0
 parameters:
- sigma_n_log : tensor([-4.5952], dtype=torch.float64)
- log_lengthscales_par : tensor([ 0.0100, -0.0100, -0.0100,  0.0100, -0.0100,  0.0100,  0.0100,  0.0100,
         0.0100,  0.0100,  0.0100,  0.0100,  0.0100,  0.0100],
       dtype=torch.float64)
- log_lambda_par : tensor([0.0100], dtype=torch.float64)
- mean_par : tensor([0.], dtype=torch.float64)
Running loss: 918.3081051953437
Time elapsed: 0.1252148151397705

EPOCH: 1000
 parameters:
- sigma_n_log : tensor([-1.5050], dtype=torch.float64)
- log_lengthscales_par : tensor([-0.0842, -1.1866, -3.1346,  3.2569,  1.5262,  1.7464,  4.3345,  4.1116,
         1.4804,  2.7446,  4.0502,  3.5137,  3.8914,  3.3988],
       dtype=torch.float64)
- log_lambda_par : tensor([1.9208], dtype=torch.float64)
- mean_par : tensor([0.], dtype=torch.float64)
Running loss: -109.28802000941482
Time elapsed: 123.19836854934692

EPOCH: 2000
 parameters:
- sigma_n_log : tensor([-1.5028], dtype=torch.float64)
- log_lengthscales_par : tensor([-0.0669, -1.1798, -3.0195,  3.3337,  1.5995,  1.8361,  5.1919,  5.2034,
         1.5223,  2.7843,  4.9518,  4.0123,  4.8822,  4.0510],
       dtype=torch.float64)
- log_lambda_par : tensor([2.0848], dtype=torch.float64)
- mean_par : tensor([0.], dtype=torch.float64)
Running loss: -115.50190969773183
Time elapsed: 118.51115083694458

Final parameters:
 parameters:
- sigma_n_log : tensor([-1.5028], dtype=torch.float64)
- log_lengthscales_par : tensor([-0.0669, -1.1798, -3.0195,  3.3337,  1.5995,  1.8361,  5.1919,  5.2034,
         1.5223,  2.7843,  4.9518,  4.0123,  4.8822,  4.0510],
       dtype=torch.float64)
- log_lambda_par : tensor([2.0848], dtype=torch.float64)
- mean_par : tensor([0.], dtype=torch.float64)
MSE gp 5:  tensor(0.0263, dtype=torch.float64)

Initial parameters:
 parameters:
- sigma_n_log : tensor([-4.6052], dtype=torch.float64)
- log_lengthscales_par : tensor([0., 0., 0., 0., 0., 0., 0., 0., 0., 0., 0., 0., 0., 0.],
       dtype=torch.float64)
- log_lambda_par : tensor([0.], dtype=torch.float64)
- mean_par : tensor([0.], dtype=torch.float64)

EPOCH: 0
 parameters:
- sigma_n_log : tensor([-4.6152], dtype=torch.float64)
- log_lengthscales_par : tensor([0.0100, 0.0100, 0.0100, 0.0100, 0.0100, 0.0100, 0.0100, 0.0100, 0.0100,
        0.0100, 0.0100, 0.0100, 0.0100, 0.0100], dtype=torch.float64)
- log_lambda_par : tensor([-0.0100], dtype=torch.float64)
- mean_par : tensor([0.], dtype=torch.float64)
Running loss: -148.84549875229195
Time elapsed: 0.15840601921081543

EPOCH: 1000
 parameters:
- sigma_n_log : tensor([-8.4123], dtype=torch.float64)
- log_lengthscales_par : tensor([2.6247, 3.7296, 7.0992, 3.3269, 4.2606, 3.6584, 2.0497, 4.0034, 2.4755,
        3.8106, 4.3933, 4.3601, 4.2036, 2.3092], dtype=torch.float64)
- log_lambda_par : tensor([-3.5525], dtype=torch.float64)
- mean_par : tensor([0.], dtype=torch.float64)
Running loss: -5986.60178639781
Time elapsed: 116.32405734062195

EPOCH: 2000
 parameters:
- sigma_n_log : tensor([-8.4814], dtype=torch.float64)
- log_lengthscales_par : tensor([ 2.1512,  4.5267,  8.3426,  3.4429,  4.3232,  3.2797,  1.3127,  4.4993,
         0.7869,  3.0693,  5.5066,  5.4247,  5.0400, -0.0366],
       dtype=torch.float64)
- log_lambda_par : tensor([-5.0362], dtype=torch.float64)
- mean_par : tensor([0.], dtype=torch.float64)
Running loss: -6042.534579555415
Time elapsed: 116.2874436378479

Final parameters:
 parameters:
- sigma_n_log : tensor([-8.4814], dtype=torch.float64)
- log_lengthscales_par : tensor([ 2.1512,  4.5267,  8.3426,  3.4429,  4.3232,  3.2797,  1.3127,  4.4993,
         0.7869,  3.0693,  5.5066,  5.4247,  5.0400, -0.0366],
       dtype=torch.float64)
- log_lambda_par : tensor([-5.0362], dtype=torch.float64)
- mean_par : tensor([0.], dtype=torch.float64)
MSE gp 6:  tensor(4.5146e-08, dtype=torch.float64)

Initial parameters:
 parameters:
- sigma_n_log : tensor([-4.6052], dtype=torch.float64)
- log_lengthscales_par : tensor([0., 0., 0., 0., 0., 0., 0., 0., 0., 0., 0., 0., 0., 0.],
       dtype=torch.float64)
- log_lambda_par : tensor([0.], dtype=torch.float64)
- mean_par : tensor([0.], dtype=torch.float64)

EPOCH: 0
 parameters:
- sigma_n_log : tensor([-4.6152], dtype=torch.float64)
- log_lengthscales_par : tensor([0.0100, 0.0100, 0.0100, 0.0100, 0.0100, 0.0100, 0.0100, 0.0100, 0.0100,
        0.0100, 0.0100, 0.0100, 0.0100, 0.0100], dtype=torch.float64)
- log_lambda_par : tensor([-0.0100], dtype=torch.float64)
- mean_par : tensor([0.], dtype=torch.float64)
Running loss: -108.95892653890604
Time elapsed: 0.1272289752960205

EPOCH: 1000
 parameters:
- sigma_n_log : tensor([-3.5883], dtype=torch.float64)
- log_lengthscales_par : tensor([ 0.9523,  1.2114,  6.1315,  0.8682, -0.4782, -0.1702, -3.4195,  0.5589,
        -2.6744, -0.1895,  0.3159,  2.5290,  1.0745,  1.3364],
       dtype=torch.float64)
- log_lambda_par : tensor([-1.9430], dtype=torch.float64)
- mean_par : tensor([0.], dtype=torch.float64)
Running loss: -832.6404529115338
Time elapsed: 116.35751819610596

EPOCH: 2000
 parameters:
- sigma_n_log : tensor([-3.4855], dtype=torch.float64)
- log_lengthscales_par : tensor([ 0.9615,  1.2084,  6.8447,  0.8804, -0.4765, -0.1728, -3.4108,  0.5651,
        -2.6692, -0.1722,  0.3216,  2.8583,  1.0780,  1.3359],
       dtype=torch.float64)
- log_lambda_par : tensor([-1.9357], dtype=torch.float64)
- mean_par : tensor([0.], dtype=torch.float64)
Running loss: -832.844169239889
Time elapsed: 118.19696116447449

Final parameters:
 parameters:
- sigma_n_log : tensor([-3.4855], dtype=torch.float64)
- log_lengthscales_par : tensor([ 0.9615,  1.2084,  6.8447,  0.8804, -0.4765, -0.1728, -3.4108,  0.5651,
        -2.6692, -0.1722,  0.3216,  2.8583,  1.0780,  1.3359],
       dtype=torch.float64)
- log_lambda_par : tensor([-1.9357], dtype=torch.float64)
- mean_par : tensor([0.], dtype=torch.float64)
MSE gp 7:  tensor(5.5284e-05, dtype=torch.float64)

Trained hyperparameters:
GP 1:
 parameters:
- sigma_n_log : tensor([-4.7813], dtype=torch.float64)
- log_lengthscales_par : tensor([ 0.0439,  3.0099,  6.4461,  0.2576,  1.7391,  1.4082, -3.2764,  3.4446,
        -1.6700,  0.8171,  1.4586,  3.3217,  4.2701, -0.5155],
       dtype=torch.float64)
- log_lambda_par : tensor([-2.4403], dtype=torch.float64)
- mean_par : tensor([0.], dtype=torch.float64)
GP 2:
 parameters:
- sigma_n_log : tensor([-1.4380], dtype=torch.float64)
- log_lengthscales_par : tensor([-0.0829, -1.5653, -6.5971,  2.7508,  1.3759,  3.9026,  3.5405,  4.7133,
         0.6412,  2.2369,  3.8010,  3.1053,  4.8690,  0.7778],
       dtype=torch.float64)
- log_lambda_par : tensor([1.1084], dtype=torch.float64)
- mean_par : tensor([0.], dtype=torch.float64)
GP 3:
 parameters:
- sigma_n_log : tensor([-13.2238], dtype=torch.float64)
- log_lengthscales_par : tensor([-2.3841, 12.2152, -2.1483,  5.1925,  5.5603,  6.4251, 12.2568, 12.4159,
        12.0885, 12.4879,  5.9641,  6.9589,  5.8908, 12.1072],
       dtype=torch.float64)
- log_lambda_par : tensor([5.8280], dtype=torch.float64)
- mean_par : tensor([0.], dtype=torch.float64)
GP 4:
 parameters:
- sigma_n_log : tensor([-12.2254], dtype=torch.float64)
- log_lengthscales_par : tensor([-1.6992,  8.5467,  1.3553,  0.3144,  7.8824,  3.9973,  7.9803,  8.6935,
         7.9577,  7.7433,  3.5036,  8.8050,  8.8266,  8.1162],
       dtype=torch.float64)
- log_lambda_par : tensor([-0.8137], dtype=torch.float64)
- mean_par : tensor([0.], dtype=torch.float64)
GP 5:
 parameters:
- sigma_n_log : tensor([-2.2596], dtype=torch.float64)
- log_lengthscales_par : tensor([ 3.7581,  0.0672, -1.9513,  3.0591,  0.5529,  2.5432,  1.3175,  3.8778,
         1.8820,  2.7481,  4.2941,  2.5741,  3.7002,  2.2979],
       dtype=torch.float64)
- log_lambda_par : tensor([0.1834], dtype=torch.float64)
- mean_par : tensor([0.], dtype=torch.float64)
GP 6:
 parameters:
- sigma_n_log : tensor([-1.5028], dtype=torch.float64)
- log_lengthscales_par : tensor([-0.0669, -1.1798, -3.0195,  3.3337,  1.5995,  1.8361,  5.1919,  5.2034,
         1.5223,  2.7843,  4.9518,  4.0123,  4.8822,  4.0510],
       dtype=torch.float64)
- log_lambda_par : tensor([2.0848], dtype=torch.float64)
- mean_par : tensor([0.], dtype=torch.float64)
GP 7:
 parameters:
- sigma_n_log : tensor([-8.4814], dtype=torch.float64)
- log_lengthscales_par : tensor([ 2.1512,  4.5267,  8.3426,  3.4429,  4.3232,  3.2797,  1.3127,  4.4993,
         0.7869,  3.0693,  5.5066,  5.4247,  5.0400, -0.0366],
       dtype=torch.float64)
- log_lambda_par : tensor([-5.0362], dtype=torch.float64)
- mean_par : tensor([0.], dtype=torch.float64)
GP 8:
 parameters:
- sigma_n_log : tensor([-3.4855], dtype=torch.float64)
- log_lengthscales_par : tensor([ 0.9615,  1.2084,  6.8447,  0.8804, -0.4765, -0.1728, -3.4108,  0.5651,
        -2.6692, -0.1722,  0.3216,  2.8583,  1.0780,  1.3359],
       dtype=torch.float64)
- log_lambda_par : tensor([-1.9357], dtype=torch.float64)
- mean_par : tensor([0.], dtype=torch.float64)

held-out NEXT-STATE MSE (model units) -- phase 0 (l1_it5_p0):
  0 pH     model=5.991133e-03  persistence=4.016601e-02  OK
  1 T      model=1.901976e-01  persistence=6.592200e-01  OK
  2 Fa     model=8.095133e-01  persistence=9.107929e-01  OK
  3 Fb     model=1.696847e-03  persistence=5.823843e-02  OK
  4 Fc     model=5.568363e-03  persistence=1.446212e-01  OK
  5 Fh     model=1.272151e-01  persistence=1.009444e+00  OK
  6 Wt     model=5.330424e-08  persistence=5.709072e-06  OK
  7 DO2    model=4.909107e-02  persistence=5.092708e-02  OK

mean MSE 1.486592e-01   persistence 3.591769e-01
model beats persistence: True
[pensim] statistics saved -> /home/s2892016/Thesis/MCPILCO/results_expl1/pensim_stats_l1_it5_p0.json

saved -> /home/s2892016/Thesis/MCPILCO/results_expl1/rbf_model_l1_it5_p0.pt
saved -> /home/s2892016/Thesis/MCPILCO/results_expl1/rbf_metrics_l1_it5_p0.json
