=== training world model: phase=1 (l1_it8_p1)  n_keep=800  n_epoch=2001  select=pivchol ===
[loop] reusing frozen standardizer stats from /home/s2892016/Thesis/MCPILCO/results_pensim/rbf_model_bnd_rbf_iter0_phase0.pt
[pensim] dataset folder (PENSIM_DATA_DIR): /home/s2892016/Thesis/deps/smpl/smpl/configdata/pensim_expl1  (20 CSVs)
max observations: [2.76000000e+02 8.05261517e+00 3.62841400e+02 6.85863686e+00
 2.70000000e+02 1.80000012e+03 9.46039368e+02 1.26920055e+05
 2.39494171e+01]
min observations: [1.6000001e-01 4.5955915e+00 2.3797954e+02 0.0000000e+00 0.0000000e+00
 0.0000000e+00 0.0000000e+00 5.0006516e+04 2.3598127e+00]
dataset max observations: [2.30000000e+02 6.63759613e+00 2.99986786e+02 4.67915392e+00
 2.25000000e+02 7.80477295e+02 4.72615326e+02 1.03417805e+05
 1.93880215e+01]
dataset min observations: [0.0000000e+00 6.0929465e+00 2.9761203e+02 0.0000000e+00 0.0000000e+00
 9.9999997e-05 9.9999997e-05 2.5035268e+04 7.7376823e+00]
max actions: [4.10e+03 1.51e+02 3.60e+01 7.60e+01 1.20e+00 5.10e+02]
min actions: [ 0.   7.  21.  29.   0.5  0. ]
dataset max actions: [4.094559e+03 1.470660e+02 3.580100e+01 7.514100e+01 1.132000e+00
 5.038400e+02]
dataset min actions: [ 0.     7.361 21.249 29.636  0.545  0.   ]
normalize: True
using max/min observations and actions.
[pensim] using SAVED standardizer statistics
[pensim] loader time bounds: [0.16, 276.00] h
[pensim] 18664 transitions | obs 8d act 6d
[pensim] obs per-dim std: [0.4617 0.8118 1.1051 1.1753 0.7452 0.7079 1.1765 1.8103]
[pensim] time range: -0.00 .. 230.00 h
[pensim]   phase 0 [0, 47.5) h: 4740 transitions
[pensim]   phase 1 [47.5, 72.5) h: 2500 transitions
[pensim]   phase 2 [72.5, inf) h: 11416 transitions
[std] fitted on 18664 transitions (16.23 CSVs)  [PINNED via -std_from]
[std] obs_sd = [0.0329  0.00339 0.03372 0.30286 0.17267 0.11814 0.34974 0.11855]
[std] act_sd = [0.30882 0.24979 0.48691 0.34592 0.29527 0.43871]
[pensim] phase 1: t in [47.5, 72.5) h  ->  2500 of 18664 transitions (13.4%)
[pivchol] selected 800/2300 points  (residual trace 3.359e+00)
train N=800   test N=200   gp input dim=14   num_gp=8
training-set time span: 47.60 .. 72.40 h
EXACT GP INFERENCE SELECTED

Initial parameters:
 parameters:
- sigma_n_log : tensor([-4.6052], dtype=torch.float64)
- log_lengthscales_par : tensor([0., 0., 0., 0., 0., 0., 0., 0., 0., 0., 0., 0., 0., 0.],
       dtype=torch.float64)
- log_lambda_par : tensor([0.], dtype=torch.float64)
- mean_par : tensor([0.], dtype=torch.float64)

EPOCH: 0
 parameters:
- sigma_n_log : tensor([-4.6152], dtype=torch.float64)
- log_lengthscales_par : tensor([1.0000e-02, 1.0000e-02, 1.2822e-09, 1.0000e-02, 1.0000e-02, 1.0000e-02,
        1.0000e-02, 1.0000e-02, 1.0000e-02, 1.0000e-02, 1.0000e-02, 1.0000e-02,
        1.0000e-02, 1.0000e-02], dtype=torch.float64)
- log_lambda_par : tensor([-0.0100], dtype=torch.float64)
- mean_par : tensor([0.], dtype=torch.float64)
Running loss: -545.4444746025825
Time elapsed: 1.083808183670044

EPOCH: 1000
 parameters:
- sigma_n_log : tensor([-3.8350], dtype=torch.float64)
- log_lengthscales_par : tensor([1.0577e+00, 2.6469e+00, 1.4730e-05, 9.4640e-01, 2.5603e+00, 3.5487e+00,
        2.3536e+00, 1.9720e+00, 1.9391e+00, 1.8793e+00, 2.6083e+00, 2.6136e+00,
        2.7227e+00, 3.2836e+00], dtype=torch.float64)
- log_lambda_par : tensor([-2.5488], dtype=torch.float64)
- mean_par : tensor([0.], dtype=torch.float64)
Running loss: -2568.8980045237945
Time elapsed: 336.5875201225281

EPOCH: 2000
 parameters:
- sigma_n_log : tensor([-3.8429], dtype=torch.float64)
- log_lengthscales_par : tensor([5.6251e-01, 3.3693e+00, 1.8729e-05, 5.9510e-01, 3.2997e+00, 4.3952e+00,
        1.7861e+00, 1.7207e+00, 2.1116e-01, 1.5402e+00, 2.5735e+00, 3.4623e+00,
        2.5576e+00, 3.0099e+00], dtype=torch.float64)
- log_lambda_par : tensor([-3.4344], dtype=torch.float64)
- mean_par : tensor([0.], dtype=torch.float64)
Running loss: -2583.256123681003
Time elapsed: 340.12718391418457

Final parameters:
 parameters:
- sigma_n_log : tensor([-3.8429], dtype=torch.float64)
- log_lengthscales_par : tensor([5.6251e-01, 3.3693e+00, 1.8729e-05, 5.9510e-01, 3.2997e+00, 4.3952e+00,
        1.7861e+00, 1.7207e+00, 2.1116e-01, 1.5402e+00, 2.5735e+00, 3.4623e+00,
        2.5576e+00, 3.0099e+00], dtype=torch.float64)
- log_lambda_par : tensor([-3.4344], dtype=torch.float64)
- mean_par : tensor([0.], dtype=torch.float64)
MSE gp 0:  tensor(0.0004, dtype=torch.float64)

Initial parameters:
 parameters:
- sigma_n_log : tensor([-4.6052], dtype=torch.float64)
- log_lengthscales_par : tensor([0., 0., 0., 0., 0., 0., 0., 0., 0., 0., 0., 0., 0., 0.],
       dtype=torch.float64)
- log_lambda_par : tensor([0.], dtype=torch.float64)
- mean_par : tensor([0.], dtype=torch.float64)

EPOCH: 0
 parameters:
- sigma_n_log : tensor([-4.5952], dtype=torch.float64)
- log_lengthscales_par : tensor([-1.0000e-02, -1.0000e-02, -5.5424e-09, -1.0000e-02, -1.0000e-02,
         1.0000e-02, -1.0000e-02, -1.0000e-02, -1.0000e-02, -1.0000e-02,
        -1.0000e-02, -1.0000e-02, -1.0000e-02,  1.0000e-02],
       dtype=torch.float64)
- log_lambda_par : tensor([0.0100], dtype=torch.float64)
- mean_par : tensor([0.], dtype=torch.float64)
Running loss: 440.40766657394
Time elapsed: 0.35192418098449707

EPOCH: 1000
 parameters:
- sigma_n_log : tensor([-2.1811], dtype=torch.float64)
- log_lengthscales_par : tensor([ 3.3347e+00, -2.4958e+00, -5.1409e-08,  3.8482e+00,  1.2868e+00,
         3.4673e+00,  3.3538e+00,  3.4446e+00,  2.0049e+00,  3.3436e+00,
         3.7098e+00,  3.7605e+00,  3.6558e+00,  2.5916e+00],
       dtype=torch.float64)
- log_lambda_par : tensor([0.5560], dtype=torch.float64)
- mean_par : tensor([0.], dtype=torch.float64)
Running loss: -718.4708569124664
Time elapsed: 347.8296248912811

EPOCH: 2000
 parameters:
- sigma_n_log : tensor([-2.1683], dtype=torch.float64)
- log_lengthscales_par : tensor([ 4.2039e+00, -2.5284e+00,  2.3291e-05,  4.7755e+00,  1.2845e+00,
         3.8021e+00,  2.6857e+00,  4.4929e+00,  2.8257e+00,  4.3247e+00,
         3.9008e+00,  4.1528e+00,  4.1857e+00,  2.7908e+00],
       dtype=torch.float64)
- log_lambda_par : tensor([0.6395], dtype=torch.float64)
- mean_par : tensor([0.], dtype=torch.float64)
Running loss: -722.624744980996
Time elapsed: 358.53680086135864

Final parameters:
 parameters:
- sigma_n_log : tensor([-2.1683], dtype=torch.float64)
- log_lengthscales_par : tensor([ 4.2039e+00, -2.5284e+00,  2.3291e-05,  4.7755e+00,  1.2845e+00,
         3.8021e+00,  2.6857e+00,  4.4929e+00,  2.8257e+00,  4.3247e+00,
         3.9008e+00,  4.1528e+00,  4.1857e+00,  2.7908e+00],
       dtype=torch.float64)
- log_lambda_par : tensor([0.6395], dtype=torch.float64)
- mean_par : tensor([0.], dtype=torch.float64)
MSE gp 1:  tensor(0.0079, dtype=torch.float64)

Initial parameters:
 parameters:
- sigma_n_log : tensor([-4.6052], dtype=torch.float64)
- log_lengthscales_par : tensor([0., 0., 0., 0., 0., 0., 0., 0., 0., 0., 0., 0., 0., 0.],
       dtype=torch.float64)
- log_lambda_par : tensor([0.], dtype=torch.float64)
- mean_par : tensor([0.], dtype=torch.float64)

EPOCH: 0
 parameters:
- sigma_n_log : tensor([-4.6152], dtype=torch.float64)
- log_lengthscales_par : tensor([1.0000e-02, 1.0000e-02, 1.0957e-09, 1.0000e-02, 1.0000e-02, 1.0000e-02,
        1.0000e-02, 1.0000e-02, 1.0000e-02, 1.0000e-02, 1.0000e-02, 1.0000e-02,
        1.0000e-02, 1.0000e-02], dtype=torch.float64)
- log_lambda_par : tensor([-0.0100], dtype=torch.float64)
- mean_par : tensor([0.], dtype=torch.float64)
Running loss: -548.0859110944078
Time elapsed: 0.35751891136169434

EPOCH: 1000
 parameters:
- sigma_n_log : tensor([-11.3659], dtype=torch.float64)
- log_lengthscales_par : tensor([4.4867, 4.0739, 0.0237, 4.1520, 4.3865, 5.0809, 4.8160, 4.4637, 5.7182,
        4.3102, 4.2287, 4.1411, 4.4180, 5.7966], dtype=torch.float64)
- log_lambda_par : tensor([-4.3115], dtype=torch.float64)
- mean_par : tensor([0.], dtype=torch.float64)
Running loss: -7225.452744228987
Time elapsed: 336.55477809906006

EPOCH: 2000
 parameters:
- sigma_n_log : tensor([-12.0634], dtype=torch.float64)
- log_lengthscales_par : tensor([5.2636, 5.0282, 0.0225, 5.0503, 5.3439, 6.0446, 5.8545, 5.5284, 7.1917,
        5.1848, 5.1440, 5.0179, 5.3552, 6.8164], dtype=torch.float64)
- log_lambda_par : tensor([-5.8458], dtype=torch.float64)
- mean_par : tensor([0.], dtype=torch.float64)
Running loss: -7307.950336305821
Time elapsed: 341.4674792289734

Final parameters:
 parameters:
- sigma_n_log : tensor([-12.0634], dtype=torch.float64)
- log_lengthscales_par : tensor([5.2636, 5.0282, 0.0225, 5.0503, 5.3439, 6.0446, 5.8545, 5.5284, 7.1917,
        5.1848, 5.1440, 5.0179, 5.3552, 6.8164], dtype=torch.float64)
- log_lambda_par : tensor([-5.8458], dtype=torch.float64)
- mean_par : tensor([0.], dtype=torch.float64)
MSE gp 2:  tensor(0., dtype=torch.float64)

Initial parameters:
 parameters:
- sigma_n_log : tensor([-4.6052], dtype=torch.float64)
- log_lengthscales_par : tensor([0., 0., 0., 0., 0., 0., 0., 0., 0., 0., 0., 0., 0., 0.],
       dtype=torch.float64)
- log_lambda_par : tensor([0.], dtype=torch.float64)
- mean_par : tensor([0.], dtype=torch.float64)

EPOCH: 0
 parameters:
- sigma_n_log : tensor([-4.6152], dtype=torch.float64)
- log_lengthscales_par : tensor([1.0000e-02, 1.0000e-02, 2.4870e-10, 1.0000e-02, 1.0000e-02, 1.0000e-02,
        1.0000e-02, 1.0000e-02, 1.0000e-02, 1.0000e-02, 1.0000e-02, 1.0000e-02,
        1.0000e-02, 1.0000e-02], dtype=torch.float64)
- log_lambda_par : tensor([-0.0100], dtype=torch.float64)
- mean_par : tensor([0.], dtype=torch.float64)
Running loss: -546.5799739822518
Time elapsed: 0.40571022033691406

EPOCH: 1000
 parameters:
- sigma_n_log : tensor([-10.9075], dtype=torch.float64)
- log_lengthscales_par : tensor([0.5698, 4.1385, 0.0199, 3.9614, 4.3321, 4.9826, 4.0676, 4.4861, 3.9240,
        3.6446, 4.2019, 4.1953, 4.3131, 5.5548], dtype=torch.float64)
- log_lambda_par : tensor([-3.3578], dtype=torch.float64)
- mean_par : tensor([0.], dtype=torch.float64)
Running loss: -6807.133000959462
Time elapsed: 336.89307022094727

EPOCH: 2000
 parameters:
- sigma_n_log : tensor([-11.3803], dtype=torch.float64)
- log_lengthscales_par : tensor([0.4919, 5.2095, 0.0458, 5.1298, 4.6659, 5.1595, 5.0064, 5.2976, 4.3932,
        3.9935, 4.9579, 4.9199, 5.0829, 5.3582], dtype=torch.float64)
- log_lambda_par : tensor([-3.4254], dtype=torch.float64)
- mean_par : tensor([0.], dtype=torch.float64)
Running loss: -6847.4030489720235
Time elapsed: 341.957955121994

Final parameters:
 parameters:
- sigma_n_log : tensor([-11.3803], dtype=torch.float64)
- log_lengthscales_par : tensor([0.4919, 5.2095, 0.0458, 5.1298, 4.6659, 5.1595, 5.0064, 5.2976, 4.3932,
        3.9935, 4.9579, 4.9199, 5.0829, 5.3582], dtype=torch.float64)
- log_lambda_par : tensor([-3.4254], dtype=torch.float64)
- mean_par : tensor([0.], dtype=torch.float64)
MSE gp 3:  tensor(7.7628e-09, dtype=torch.float64)

Initial parameters:
 parameters:
- sigma_n_log : tensor([-4.6052], dtype=torch.float64)
- log_lengthscales_par : tensor([0., 0., 0., 0., 0., 0., 0., 0., 0., 0., 0., 0., 0., 0.],
       dtype=torch.float64)
- log_lambda_par : tensor([0.], dtype=torch.float64)
- mean_par : tensor([0.], dtype=torch.float64)

EPOCH: 0
 parameters:
- sigma_n_log : tensor([-4.6152], dtype=torch.float64)
- log_lengthscales_par : tensor([1.0000e-02, 1.0000e-02, 2.8431e-09, 1.0000e-02, 1.0000e-02, 1.0000e-02,
        1.0000e-02, 1.0000e-02, 1.0000e-02, 1.0000e-02, 1.0000e-02, 1.0000e-02,
        1.0000e-02, 1.0000e-02], dtype=torch.float64)
- log_lambda_par : tensor([-0.0100], dtype=torch.float64)
- mean_par : tensor([0.], dtype=torch.float64)
Running loss: -444.45314260244504
Time elapsed: 0.5793972015380859

EPOCH: 1000
 parameters:
- sigma_n_log : tensor([-3.1534], dtype=torch.float64)
- log_lengthscales_par : tensor([ 3.4622e+00, -1.0425e+00,  2.2982e-05,  2.7230e+00,  2.8632e-01,
         1.9935e+00,  2.9492e+00,  3.7824e+00,  3.0292e+00,  3.1823e+00,
         3.6743e+00,  2.4739e+00,  4.2422e+00,  2.8174e+00],
       dtype=torch.float64)
- log_lambda_par : tensor([-0.4622], dtype=torch.float64)
- mean_par : tensor([0.], dtype=torch.float64)
Running loss: -1622.5619260164815
Time elapsed: 339.54540181159973

EPOCH: 2000
 parameters:
- sigma_n_log : tensor([-3.1441], dtype=torch.float64)
- log_lengthscales_par : tensor([ 4.4275e+00, -1.0341e+00,  2.6223e-05,  2.9257e+00,  2.9201e-01,
         2.0644e+00,  3.1737e+00,  4.5288e+00,  3.8527e+00,  3.3355e+00,
         3.9565e+00,  2.5500e+00,  5.1594e+00,  2.9123e+00],
       dtype=torch.float64)
- log_lambda_par : tensor([-0.3096], dtype=torch.float64)
- mean_par : tensor([0.], dtype=torch.float64)
Running loss: -1626.9899516043893
Time elapsed: 338.77710223197937

Final parameters:
 parameters:
- sigma_n_log : tensor([-3.1441], dtype=torch.float64)
- log_lengthscales_par : tensor([ 4.4275e+00, -1.0341e+00,  2.6223e-05,  2.9257e+00,  2.9201e-01,
         2.0644e+00,  3.1737e+00,  4.5288e+00,  3.8527e+00,  3.3355e+00,
         3.9565e+00,  2.5500e+00,  5.1594e+00,  2.9123e+00],
       dtype=torch.float64)
- log_lambda_par : tensor([-0.3096], dtype=torch.float64)
- mean_par : tensor([0.], dtype=torch.float64)
MSE gp 4:  tensor(0.0013, dtype=torch.float64)

Initial parameters:
 parameters:
- sigma_n_log : tensor([-4.6052], dtype=torch.float64)
- log_lengthscales_par : tensor([0., 0., 0., 0., 0., 0., 0., 0., 0., 0., 0., 0., 0., 0.],
       dtype=torch.float64)
- log_lambda_par : tensor([0.], dtype=torch.float64)
- mean_par : tensor([0.], dtype=torch.float64)

EPOCH: 0
 parameters:
- sigma_n_log : tensor([-4.5952], dtype=torch.float64)
- log_lengthscales_par : tensor([-1.0000e-02, -1.0000e-02,  2.8767e-08, -1.0000e-02, -1.0000e-02,
         1.0000e-02, -1.0000e-02, -1.0000e-02, -1.0000e-02, -1.0000e-02,
         1.0000e-02, -1.0000e-02, -1.0000e-02,  1.0000e-02],
       dtype=torch.float64)
- log_lambda_par : tensor([0.0100], dtype=torch.float64)
- mean_par : tensor([0.], dtype=torch.float64)
Running loss: 850.8761319304095
Time elapsed: 0.5414862632751465

EPOCH: 1000
 parameters:
- sigma_n_log : tensor([-2.1774], dtype=torch.float64)
- log_lengthscales_par : tensor([ 3.7871e+00, -2.2120e+00,  7.2828e-06,  4.4259e+00,  1.6177e+00,
         1.7419e+00,  4.4725e+00,  4.6493e+00,  2.4180e+00,  4.4315e+00,
         4.7064e+00,  2.7757e+00,  4.2381e+00,  3.7296e+00],
       dtype=torch.float64)
- log_lambda_par : tensor([1.6705], dtype=torch.float64)
- mean_par : tensor([0.], dtype=torch.float64)
Running loss: -671.3004895308446
Time elapsed: 343.321573972702

EPOCH: 2000
 parameters:
- sigma_n_log : tensor([-2.3503], dtype=torch.float64)
- log_lengthscales_par : tensor([ 5.1807e+00, -2.4537e+00, -2.5319e-04,  6.2816e+00,  1.6980e+00,
         1.9375e+00,  6.3425e+00,  6.7975e+00,  4.7274e+00,  6.0865e+00,
         6.2619e+00,  5.8595e+00,  6.4246e+00,  5.4673e+00],
       dtype=torch.float64)
- log_lambda_par : tensor([2.1079], dtype=torch.float64)
- mean_par : tensor([0.], dtype=torch.float64)
Running loss: -742.4119544723612
Time elapsed: 358.4521977901459

Final parameters:
 parameters:
- sigma_n_log : tensor([-2.3503], dtype=torch.float64)
- log_lengthscales_par : tensor([ 5.1807e+00, -2.4537e+00, -2.5319e-04,  6.2816e+00,  1.6980e+00,
         1.9375e+00,  6.3425e+00,  6.7975e+00,  4.7274e+00,  6.0865e+00,
         6.2619e+00,  5.8595e+00,  6.4246e+00,  5.4673e+00],
       dtype=torch.float64)
- log_lambda_par : tensor([2.1079], dtype=torch.float64)
- mean_par : tensor([0.], dtype=torch.float64)
MSE gp 5:  tensor(0.0057, dtype=torch.float64)

Initial parameters:
 parameters:
- sigma_n_log : tensor([-4.6052], dtype=torch.float64)
- log_lengthscales_par : tensor([0., 0., 0., 0., 0., 0., 0., 0., 0., 0., 0., 0., 0., 0.],
       dtype=torch.float64)
- log_lambda_par : tensor([0.], dtype=torch.float64)
- mean_par : tensor([0.], dtype=torch.float64)

EPOCH: 0
 parameters:
- sigma_n_log : tensor([-4.6152], dtype=torch.float64)
- log_lengthscales_par : tensor([1.0000e-02, 1.0000e-02, 1.5391e-09, 1.0000e-02, 1.0000e-02, 1.0000e-02,
        1.0000e-02, 1.0000e-02, 1.0000e-02, 1.0000e-02, 1.0000e-02, 1.0000e-02,
        1.0000e-02, 1.0000e-02], dtype=torch.float64)
- log_lambda_par : tensor([-0.0100], dtype=torch.float64)
- mean_par : tensor([0.], dtype=torch.float64)
Running loss: -548.0816232670205
Time elapsed: 0.46570396423339844

EPOCH: 1000
 parameters:
- sigma_n_log : tensor([-8.1285], dtype=torch.float64)
- log_lengthscales_par : tensor([ 1.8669,  2.9138, -0.0360,  3.4762,  1.1999,  4.4241,  3.8635,  3.7120,
        -1.2944,  4.1515,  2.5642,  3.8976,  3.8572,  1.4426],
       dtype=torch.float64)
- log_lambda_par : tensor([-3.7147], dtype=torch.float64)
- mean_par : tensor([0.], dtype=torch.float64)
Running loss: -5579.814310372065
Time elapsed: 338.22099566459656

EPOCH: 2000
 parameters:
- sigma_n_log : tensor([-9.0084], dtype=torch.float64)
- log_lengthscales_par : tensor([ 5.0845,  5.3716, -0.0455,  1.6653, -0.3086,  6.1051,  3.2572,  5.0475,
        -1.2484,  3.9839,  1.2289,  5.6376,  4.4918,  1.3558],
       dtype=torch.float64)
- log_lambda_par : tensor([-7.0319], dtype=torch.float64)
- mean_par : tensor([0.], dtype=torch.float64)
Running loss: -5979.567566307684
Time elapsed: 338.3159267902374

Final parameters:
 parameters:
- sigma_n_log : tensor([-9.0084], dtype=torch.float64)
- log_lengthscales_par : tensor([ 5.0845,  5.3716, -0.0455,  1.6653, -0.3086,  6.1051,  3.2572,  5.0475,
        -1.2484,  3.9839,  1.2289,  5.6376,  4.4918,  1.3558],
       dtype=torch.float64)
- log_lambda_par : tensor([-7.0319], dtype=torch.float64)
- mean_par : tensor([0.], dtype=torch.float64)
MSE gp 6:  tensor(1.6573e-08, dtype=torch.float64)

Initial parameters:
 parameters:
- sigma_n_log : tensor([-4.6052], dtype=torch.float64)
- log_lengthscales_par : tensor([0., 0., 0., 0., 0., 0., 0., 0., 0., 0., 0., 0., 0., 0.],
       dtype=torch.float64)
- log_lambda_par : tensor([0.], dtype=torch.float64)
- mean_par : tensor([0.], dtype=torch.float64)

EPOCH: 0
 parameters:
- sigma_n_log : tensor([-4.6152], dtype=torch.float64)
- log_lengthscales_par : tensor([1.0000e-02, 1.0000e-02, 5.8022e-09, 1.0000e-02, 1.0000e-02, 1.0000e-02,
        1.0000e-02, 1.0000e-02, 1.0000e-02, 1.0000e-02, 1.0000e-02, 1.0000e-02,
        1.0000e-02, 1.0000e-02], dtype=torch.float64)
- log_lambda_par : tensor([-0.0100], dtype=torch.float64)
- mean_par : tensor([0.], dtype=torch.float64)
Running loss: -492.89901048255194
Time elapsed: 0.3716132640838623

EPOCH: 1000
 parameters:
- sigma_n_log : tensor([-2.4718], dtype=torch.float64)
- log_lengthscales_par : tensor([-1.6889e+00,  3.4224e+00, -8.4989e-07,  1.0426e+00,  1.5364e+00,
         3.7776e+00,  2.2440e+00, -1.0218e-01,  1.1132e+00,  1.4757e+00,
         7.0510e-01,  5.8933e-01,  8.6297e-01,  1.3074e+00],
       dtype=torch.float64)
- log_lambda_par : tensor([-2.2970], dtype=torch.float64)
- mean_par : tensor([0.], dtype=torch.float64)
Running loss: -1304.5611396519557
Time elapsed: 340.14003252983093

EPOCH: 2000
 parameters:
- sigma_n_log : tensor([-2.5026], dtype=torch.float64)
- log_lengthscales_par : tensor([-1.8820e+00,  4.2529e+00, -7.4160e-07,  8.3364e-01,  1.3882e+00,
         4.5915e+00,  2.7229e+00, -1.5591e-01,  1.6211e+00,  1.5058e+00,
         5.6671e-01,  3.0452e-01,  7.1885e-01,  1.2002e+00],
       dtype=torch.float64)
- log_lambda_par : tensor([-2.6549], dtype=torch.float64)
- mean_par : tensor([0.], dtype=torch.float64)
Running loss: -1308.295986475779
Time elapsed: 340.0221347808838

Final parameters:
 parameters:
- sigma_n_log : tensor([-2.5026], dtype=torch.float64)
- log_lengthscales_par : tensor([-1.8820e+00,  4.2529e+00, -7.4160e-07,  8.3364e-01,  1.3882e+00,
         4.5915e+00,  2.7229e+00, -1.5591e-01,  1.6211e+00,  1.5058e+00,
         5.6671e-01,  3.0452e-01,  7.1885e-01,  1.2002e+00],
       dtype=torch.float64)
- log_lambda_par : tensor([-2.6549], dtype=torch.float64)
- mean_par : tensor([0.], dtype=torch.float64)
MSE gp 7:  tensor(0.0047, dtype=torch.float64)

Trained hyperparameters:
GP 1:
 parameters:
- sigma_n_log : tensor([-3.8429], dtype=torch.float64)
- log_lengthscales_par : tensor([5.6251e-01, 3.3693e+00, 1.8729e-05, 5.9510e-01, 3.2997e+00, 4.3952e+00,
        1.7861e+00, 1.7207e+00, 2.1116e-01, 1.5402e+00, 2.5735e+00, 3.4623e+00,
        2.5576e+00, 3.0099e+00], dtype=torch.float64)
- log_lambda_par : tensor([-3.4344], dtype=torch.float64)
- mean_par : tensor([0.], dtype=torch.float64)
GP 2:
 parameters:
- sigma_n_log : tensor([-2.1683], dtype=torch.float64)
- log_lengthscales_par : tensor([ 4.2039e+00, -2.5284e+00,  2.3291e-05,  4.7755e+00,  1.2845e+00,
         3.8021e+00,  2.6857e+00,  4.4929e+00,  2.8257e+00,  4.3247e+00,
         3.9008e+00,  4.1528e+00,  4.1857e+00,  2.7908e+00],
       dtype=torch.float64)
- log_lambda_par : tensor([0.6395], dtype=torch.float64)
- mean_par : tensor([0.], dtype=torch.float64)
GP 3:
 parameters:
- sigma_n_log : tensor([-12.0634], dtype=torch.float64)
- log_lengthscales_par : tensor([5.2636, 5.0282, 0.0225, 5.0503, 5.3439, 6.0446, 5.8545, 5.5284, 7.1917,
        5.1848, 5.1440, 5.0179, 5.3552, 6.8164], dtype=torch.float64)
- log_lambda_par : tensor([-5.8458], dtype=torch.float64)
- mean_par : tensor([0.], dtype=torch.float64)
GP 4:
 parameters:
- sigma_n_log : tensor([-11.3803], dtype=torch.float64)
- log_lengthscales_par : tensor([0.4919, 5.2095, 0.0458, 5.1298, 4.6659, 5.1595, 5.0064, 5.2976, 4.3932,
        3.9935, 4.9579, 4.9199, 5.0829, 5.3582], dtype=torch.float64)
- log_lambda_par : tensor([-3.4254], dtype=torch.float64)
- mean_par : tensor([0.], dtype=torch.float64)
GP 5:
 parameters:
- sigma_n_log : tensor([-3.1441], dtype=torch.float64)
- log_lengthscales_par : tensor([ 4.4275e+00, -1.0341e+00,  2.6223e-05,  2.9257e+00,  2.9201e-01,
         2.0644e+00,  3.1737e+00,  4.5288e+00,  3.8527e+00,  3.3355e+00,
         3.9565e+00,  2.5500e+00,  5.1594e+00,  2.9123e+00],
       dtype=torch.float64)
- log_lambda_par : tensor([-0.3096], dtype=torch.float64)
- mean_par : tensor([0.], dtype=torch.float64)
GP 6:
 parameters:
- sigma_n_log : tensor([-2.3503], dtype=torch.float64)
- log_lengthscales_par : tensor([ 5.1807e+00, -2.4537e+00, -2.5319e-04,  6.2816e+00,  1.6980e+00,
         1.9375e+00,  6.3425e+00,  6.7975e+00,  4.7274e+00,  6.0865e+00,
         6.2619e+00,  5.8595e+00,  6.4246e+00,  5.4673e+00],
       dtype=torch.float64)
- log_lambda_par : tensor([2.1079], dtype=torch.float64)
- mean_par : tensor([0.], dtype=torch.float64)
GP 7:
 parameters:
- sigma_n_log : tensor([-9.0084], dtype=torch.float64)
- log_lengthscales_par : tensor([ 5.0845,  5.3716, -0.0455,  1.6653, -0.3086,  6.1051,  3.2572,  5.0475,
        -1.2484,  3.9839,  1.2289,  5.6376,  4.4918,  1.3558],
       dtype=torch.float64)
- log_lambda_par : tensor([-7.0319], dtype=torch.float64)
- mean_par : tensor([0.], dtype=torch.float64)
GP 8:
 parameters:
- sigma_n_log : tensor([-2.5026], dtype=torch.float64)
- log_lengthscales_par : tensor([-1.8820e+00,  4.2529e+00, -7.4160e-07,  8.3364e-01,  1.3882e+00,
         4.5915e+00,  2.7229e+00, -1.5591e-01,  1.6211e+00,  1.5058e+00,
         5.6671e-01,  3.0452e-01,  7.1885e-01,  1.2002e+00],
       dtype=torch.float64)
- log_lambda_par : tensor([-2.6549], dtype=torch.float64)
- mean_par : tensor([0.], dtype=torch.float64)

held-out NEXT-STATE MSE (model units) -- phase 1 (l1_it8_p1):
  0 pH     model=3.716063e-04  persistence=8.695067e-04  OK
  1 T      model=1.852910e-01  persistence=7.654569e-01  OK
  2 Fa     model=0.000000e+00  persistence=0.000000e+00  WORSE
  3 Fb     model=8.229532e-09  persistence=2.293906e-03  OK
  4 Fc     model=2.248924e-03  persistence=1.233733e-01  OK
  5 Fh     model=1.895079e-01  persistence=1.339711e+00  OK
  6 Wt     model=2.642866e-07  persistence=7.071790e-05  OK
  7 DO2    model=8.726058e-03  persistence=1.556592e-02  OK

mean MSE 4.826822e-02   persistence 2.809177e-01
model beats persistence: True
[pensim] statistics saved -> /home/s2892016/Thesis/MCPILCO/results_expl1/pensim_stats_l1_it8_p1.json

saved -> /home/s2892016/Thesis/MCPILCO/results_expl1/rbf_model_l1_it8_p1.pt
saved -> /home/s2892016/Thesis/MCPILCO/results_expl1/rbf_metrics_l1_it8_p1.json
