=== training world model: phase=1 (l1_it9_p1)  n_keep=800  n_epoch=2001  select=pivchol ===
[loop] reusing frozen standardizer stats from /home/s2892016/Thesis/MCPILCO/results_pensim/rbf_model_bnd_rbf_iter0_phase0.pt
[pensim] dataset folder (PENSIM_DATA_DIR): /home/s2892016/Thesis/deps/smpl/smpl/configdata/pensim_expl1  (21 CSVs)
max observations: [2.76000000e+02 8.05261517e+00 3.62841400e+02 6.85863686e+00
 2.70000000e+02 1.80000012e+03 9.46039368e+02 1.26920055e+05
 2.39494171e+01]
min observations: [1.6000001e-01 4.5955915e+00 2.3797954e+02 0.0000000e+00 0.0000000e+00
 0.0000000e+00 0.0000000e+00 5.0006516e+04 2.3598127e+00]
dataset max observations: [2.30000000e+02 6.63759613e+00 2.99986786e+02 4.67915392e+00
 2.25000000e+02 7.80477295e+02 4.72615326e+02 1.03417805e+05
 1.93880215e+01]
dataset min observations: [0.0000000e+00 6.0929465e+00 2.9754321e+02 0.0000000e+00 0.0000000e+00
 9.9999997e-05 9.9999997e-05 2.5035268e+04 7.7376823e+00]
max actions: [4.10e+03 1.51e+02 3.60e+01 7.60e+01 1.20e+00 5.10e+02]
min actions: [ 0.   7.  21.  29.   0.5  0. ]
dataset max actions: [4.094559e+03 1.470660e+02 3.580100e+01 7.514100e+01 1.132000e+00
 5.038400e+02]
dataset min actions: [ 0.     7.361 21.249 29.636  0.545  0.   ]
normalize: True
using max/min observations and actions.
[pensim] using SAVED standardizer statistics
[pensim] loader time bounds: [0.16, 276.00] h
[pensim] 19278 transitions | obs 8d act 6d
[pensim] obs per-dim std: [0.4617 0.8097 1.0926 1.186  0.741  0.7042 1.1835 1.8335]
[pensim] time range: -0.00 .. 230.00 h
[pensim]   phase 0 [0, 47.5) h: 4977 transitions
[pensim]   phase 1 [47.5, 72.5) h: 2625 transitions
[pensim]   phase 2 [72.5, inf) h: 11667 transitions
[std] fitted on 19278 transitions (16.76 CSVs)  [PINNED via -std_from]
[std] obs_sd = [0.0329  0.00339 0.03372 0.30286 0.17267 0.11814 0.34974 0.11855]
[std] act_sd = [0.30882 0.24979 0.48691 0.34592 0.29527 0.43871]
[pensim] phase 1: t in [47.5, 72.5) h  ->  2625 of 19278 transitions (13.6%)
[pivchol] selected 800/2425 points  (residual trace 4.127e+00)
train N=800   test N=200   gp input dim=14   num_gp=8
training-set time span: 47.60 .. 72.40 h
EXACT GP INFERENCE SELECTED

Initial parameters:
 parameters:
- sigma_n_log : tensor([-4.6052], dtype=torch.float64)
- log_lengthscales_par : tensor([0., 0., 0., 0., 0., 0., 0., 0., 0., 0., 0., 0., 0., 0.],
       dtype=torch.float64)
- log_lambda_par : tensor([0.], dtype=torch.float64)
- mean_par : tensor([0.], dtype=torch.float64)

EPOCH: 0
 parameters:
- sigma_n_log : tensor([-4.6152], dtype=torch.float64)
- log_lengthscales_par : tensor([ 1.0000e-02,  1.0000e-02, -9.7132e-10,  1.0000e-02,  1.0000e-02,
         1.0000e-02,  1.0000e-02,  1.0000e-02,  1.0000e-02,  1.0000e-02,
         1.0000e-02,  1.0000e-02,  1.0000e-02,  1.0000e-02],
       dtype=torch.float64)
- log_lambda_par : tensor([-0.0100], dtype=torch.float64)
- mean_par : tensor([0.], dtype=torch.float64)
Running loss: -537.4047822087855
Time elapsed: 0.8638672828674316

EPOCH: 1000
 parameters:
- sigma_n_log : tensor([-3.8736], dtype=torch.float64)
- log_lengthscales_par : tensor([ 1.0893e+00,  2.6245e+00, -1.3014e-05,  9.9479e-01,  2.4769e+00,
         3.5302e+00,  2.0166e+00,  2.0756e+00, -1.2984e-01,  1.6644e+00,
         2.5799e+00,  2.6311e+00,  2.6100e+00,  3.3546e+00],
       dtype=torch.float64)
- log_lambda_par : tensor([-2.4838], dtype=torch.float64)
- mean_par : tensor([0.], dtype=torch.float64)
Running loss: -2585.7217548328963
Time elapsed: 336.3029508590698

EPOCH: 2000
 parameters:
- sigma_n_log : tensor([-3.8688], dtype=torch.float64)
- log_lengthscales_par : tensor([ 5.8769e-01,  3.3379e+00, -1.2279e-05,  7.1052e-01,  3.0858e+00,
         4.4461e+00,  1.1127e+00,  1.9706e+00, -1.7803e-01,  1.3658e+00,
         2.6419e+00,  3.5140e+00,  2.7186e+00,  2.9340e+00],
       dtype=torch.float64)
- log_lambda_par : tensor([-3.3613], dtype=torch.float64)
- mean_par : tensor([0.], dtype=torch.float64)
Running loss: -2599.292017974245
Time elapsed: 339.82070541381836

Final parameters:
 parameters:
- sigma_n_log : tensor([-3.8688], dtype=torch.float64)
- log_lengthscales_par : tensor([ 5.8769e-01,  3.3379e+00, -1.2279e-05,  7.1052e-01,  3.0858e+00,
         4.4461e+00,  1.1127e+00,  1.9706e+00, -1.7803e-01,  1.3658e+00,
         2.6419e+00,  3.5140e+00,  2.7186e+00,  2.9340e+00],
       dtype=torch.float64)
- log_lambda_par : tensor([-3.3613], dtype=torch.float64)
- mean_par : tensor([0.], dtype=torch.float64)
MSE gp 0:  tensor(0.0004, dtype=torch.float64)

Initial parameters:
 parameters:
- sigma_n_log : tensor([-4.6052], dtype=torch.float64)
- log_lengthscales_par : tensor([0., 0., 0., 0., 0., 0., 0., 0., 0., 0., 0., 0., 0., 0.],
       dtype=torch.float64)
- log_lambda_par : tensor([0.], dtype=torch.float64)
- mean_par : tensor([0.], dtype=torch.float64)

EPOCH: 0
 parameters:
- sigma_n_log : tensor([-4.5952], dtype=torch.float64)
- log_lengthscales_par : tensor([-1.0000e-02, -1.0000e-02,  1.6143e-10, -1.0000e-02, -1.0000e-02,
         1.0000e-02,  1.0000e-02,  1.0000e-02, -1.0000e-02, -1.0000e-02,
         1.0000e-02,  1.0000e-02,  1.0000e-02,  1.0000e-02],
       dtype=torch.float64)
- log_lambda_par : tensor([0.0100], dtype=torch.float64)
- mean_par : tensor([0.], dtype=torch.float64)
Running loss: 334.0031103145915
Time elapsed: 0.3676886558532715

EPOCH: 1000
 parameters:
- sigma_n_log : tensor([-1.9661], dtype=torch.float64)
- log_lengthscales_par : tensor([ 2.9604e+00, -1.4322e+00,  4.6282e-06,  1.5253e+00,  2.3040e-01,
         2.7751e+00,  3.0018e+00,  3.5369e+00, -1.1604e+00,  3.3109e+00,
         3.2407e+00,  1.3247e+00,  4.2383e+00,  2.3542e+00],
       dtype=torch.float64)
- log_lambda_par : tensor([0.3620], dtype=torch.float64)
- mean_par : tensor([0.], dtype=torch.float64)
Running loss: -641.3763779428627
Time elapsed: 340.19552063941956

EPOCH: 2000
 parameters:
- sigma_n_log : tensor([-1.9641], dtype=torch.float64)
- log_lengthscales_par : tensor([ 3.4711e+00, -1.4343e+00,  2.2322e-05,  1.4955e+00,  2.4513e-01,
         3.2649e+00,  3.1354e+00,  4.0337e+00, -1.1504e+00,  3.8664e+00,
         3.3006e+00,  1.3254e+00,  4.9613e+00,  2.3528e+00],
       dtype=torch.float64)
- log_lambda_par : tensor([0.3849], dtype=torch.float64)
- mean_par : tensor([0.], dtype=torch.float64)
Running loss: -642.3314591582402
Time elapsed: 352.4155869483948

Final parameters:
 parameters:
- sigma_n_log : tensor([-1.9641], dtype=torch.float64)
- log_lengthscales_par : tensor([ 3.4711e+00, -1.4343e+00,  2.2322e-05,  1.4955e+00,  2.4513e-01,
         3.2649e+00,  3.1354e+00,  4.0337e+00, -1.1504e+00,  3.8664e+00,
         3.3006e+00,  1.3254e+00,  4.9613e+00,  2.3528e+00],
       dtype=torch.float64)
- log_lambda_par : tensor([0.3849], dtype=torch.float64)
- mean_par : tensor([0.], dtype=torch.float64)
MSE gp 1:  tensor(0.0117, dtype=torch.float64)

Initial parameters:
 parameters:
- sigma_n_log : tensor([-4.6052], dtype=torch.float64)
- log_lengthscales_par : tensor([0., 0., 0., 0., 0., 0., 0., 0., 0., 0., 0., 0., 0., 0.],
       dtype=torch.float64)
- log_lambda_par : tensor([0.], dtype=torch.float64)
- mean_par : tensor([0.], dtype=torch.float64)

EPOCH: 0
 parameters:
- sigma_n_log : tensor([-4.6152], dtype=torch.float64)
- log_lengthscales_par : tensor([1.0000e-02, 1.0000e-02, 3.0031e-10, 1.0000e-02, 1.0000e-02, 1.0000e-02,
        1.0000e-02, 1.0000e-02, 1.0000e-02, 1.0000e-02, 1.0000e-02, 1.0000e-02,
        1.0000e-02, 1.0000e-02], dtype=torch.float64)
- log_lambda_par : tensor([-0.0100], dtype=torch.float64)
- mean_par : tensor([0.], dtype=torch.float64)
Running loss: -539.78124920462
Time elapsed: 0.3667612075805664

EPOCH: 1000
 parameters:
- sigma_n_log : tensor([-11.3700], dtype=torch.float64)
- log_lengthscales_par : tensor([ 4.5075e+00,  4.0710e+00, -3.5597e-06,  4.1540e+00,  4.3804e+00,
         5.0719e+00,  4.7600e+00,  4.4714e+00,  5.6808e+00,  4.3116e+00,
         4.2363e+00,  4.1475e+00,  4.4170e+00,  5.8008e+00],
       dtype=torch.float64)
- log_lambda_par : tensor([-4.3145], dtype=torch.float64)
- mean_par : tensor([0.], dtype=torch.float64)
Running loss: -7225.515743351019
Time elapsed: 340.8738856315613

EPOCH: 2000
 parameters:
- sigma_n_log : tensor([-12.0674], dtype=torch.float64)
- log_lengthscales_par : tensor([ 5.2868e+00,  5.0256e+00, -1.2806e-03,  5.0498e+00,  5.3386e+00,
         6.0361e+00,  5.7620e+00,  5.5340e+00,  7.1595e+00,  5.1830e+00,
         5.1504e+00,  5.0221e+00,  5.3504e+00,  6.8203e+00],
       dtype=torch.float64)
- log_lambda_par : tensor([-5.8473], dtype=torch.float64)
- mean_par : tensor([0.], dtype=torch.float64)
Running loss: -7307.955134388147
Time elapsed: 343.2009060382843

Final parameters:
 parameters:
- sigma_n_log : tensor([-12.0674], dtype=torch.float64)
- log_lengthscales_par : tensor([ 5.2868e+00,  5.0256e+00, -1.2806e-03,  5.0498e+00,  5.3386e+00,
         6.0361e+00,  5.7620e+00,  5.5340e+00,  7.1595e+00,  5.1830e+00,
         5.1504e+00,  5.0221e+00,  5.3504e+00,  6.8203e+00],
       dtype=torch.float64)
- log_lambda_par : tensor([-5.8473], dtype=torch.float64)
- mean_par : tensor([0.], dtype=torch.float64)
MSE gp 2:  tensor(0., dtype=torch.float64)

Initial parameters:
 parameters:
- sigma_n_log : tensor([-4.6052], dtype=torch.float64)
- log_lengthscales_par : tensor([0., 0., 0., 0., 0., 0., 0., 0., 0., 0., 0., 0., 0., 0.],
       dtype=torch.float64)
- log_lambda_par : tensor([0.], dtype=torch.float64)
- mean_par : tensor([0.], dtype=torch.float64)

EPOCH: 0
 parameters:
- sigma_n_log : tensor([-4.6152], dtype=torch.float64)
- log_lengthscales_par : tensor([ 1.0000e-02,  1.0000e-02, -8.2117e-11,  1.0000e-02,  1.0000e-02,
         1.0000e-02,  1.0000e-02,  1.0000e-02,  1.0000e-02,  1.0000e-02,
         1.0000e-02,  1.0000e-02,  1.0000e-02,  1.0000e-02],
       dtype=torch.float64)
- log_lambda_par : tensor([-0.0100], dtype=torch.float64)
- mean_par : tensor([0.], dtype=torch.float64)
Running loss: -538.3126784356106
Time elapsed: 0.39410924911499023

EPOCH: 1000
 parameters:
- sigma_n_log : tensor([-10.9168], dtype=torch.float64)
- log_lengthscales_par : tensor([ 0.4967,  4.1110, -0.1171,  4.0232,  4.3547,  5.0065,  3.8862,  4.5839,
         4.4721,  3.6333,  4.3143,  4.1470,  4.4612,  5.6055],
       dtype=torch.float64)
- log_lambda_par : tensor([-3.3768], dtype=torch.float64)
- mean_par : tensor([0.], dtype=torch.float64)
Running loss: -6818.113400039329
Time elapsed: 340.9355125427246

EPOCH: 2000
 parameters:
- sigma_n_log : tensor([-11.4153], dtype=torch.float64)
- log_lengthscales_par : tensor([0.3299, 5.1885, 0.1217, 4.6692, 4.8735, 5.3930, 4.2147, 5.3392, 5.4743,
        3.7472, 4.8824, 5.0186, 5.4359, 5.8445], dtype=torch.float64)
- log_lambda_par : tensor([-3.5912], dtype=torch.float64)
- mean_par : tensor([0.], dtype=torch.float64)
Running loss: -6854.15349079912
Time elapsed: 342.6491117477417

Final parameters:
 parameters:
- sigma_n_log : tensor([-11.4153], dtype=torch.float64)
- log_lengthscales_par : tensor([0.3299, 5.1885, 0.1217, 4.6692, 4.8735, 5.3930, 4.2147, 5.3392, 5.4743,
        3.7472, 4.8824, 5.0186, 5.4359, 5.8445], dtype=torch.float64)
- log_lambda_par : tensor([-3.5912], dtype=torch.float64)
- mean_par : tensor([0.], dtype=torch.float64)
MSE gp 3:  tensor(7.6784e-09, dtype=torch.float64)

Initial parameters:
 parameters:
- sigma_n_log : tensor([-4.6052], dtype=torch.float64)
- log_lengthscales_par : tensor([0., 0., 0., 0., 0., 0., 0., 0., 0., 0., 0., 0., 0., 0.],
       dtype=torch.float64)
- log_lambda_par : tensor([0.], dtype=torch.float64)
- mean_par : tensor([0.], dtype=torch.float64)

EPOCH: 0
 parameters:
- sigma_n_log : tensor([-4.6152], dtype=torch.float64)
- log_lengthscales_par : tensor([1.0000e-02, 1.0000e-02, 4.7132e-09, 1.0000e-02, 1.0000e-02, 1.0000e-02,
        1.0000e-02, 1.0000e-02, 1.0000e-02, 1.0000e-02, 1.0000e-02, 1.0000e-02,
        1.0000e-02, 1.0000e-02], dtype=torch.float64)
- log_lambda_par : tensor([-0.0100], dtype=torch.float64)
- mean_par : tensor([0.], dtype=torch.float64)
Running loss: -440.5485348457155
Time elapsed: 0.46939826011657715

EPOCH: 1000
 parameters:
- sigma_n_log : tensor([-3.1602], dtype=torch.float64)
- log_lengthscales_par : tensor([ 3.2598e+00, -1.0157e+00,  4.8912e-06,  2.8677e+00,  3.0577e-01,
         1.9986e+00,  3.0175e+00,  3.4792e+00,  1.7231e+00,  3.1668e+00,
         3.5057e+00,  2.5943e+00,  4.0292e+00,  2.7507e+00],
       dtype=torch.float64)
- log_lambda_par : tensor([-0.4623], dtype=torch.float64)
- mean_par : tensor([0.], dtype=torch.float64)
Running loss: -1630.4793166045688
Time elapsed: 344.0697252750397

EPOCH: 2000
 parameters:
- sigma_n_log : tensor([-3.1553], dtype=torch.float64)
- log_lengthscales_par : tensor([ 4.2264e+00, -1.0268e+00,  3.9082e-06,  3.0177e+00,  4.0681e-01,
         2.0565e+00,  3.1117e+00,  4.4257e+00,  9.4724e-01,  3.3857e+00,
         3.8913e+00,  2.6350e+00,  5.0951e+00,  2.9041e+00],
       dtype=torch.float64)
- log_lambda_par : tensor([-0.2414], dtype=torch.float64)
- mean_par : tensor([0.], dtype=torch.float64)
Running loss: -1636.868789409087
Time elapsed: 343.3915991783142

Final parameters:
 parameters:
- sigma_n_log : tensor([-3.1553], dtype=torch.float64)
- log_lengthscales_par : tensor([ 4.2264e+00, -1.0268e+00,  3.9082e-06,  3.0177e+00,  4.0681e-01,
         2.0565e+00,  3.1117e+00,  4.4257e+00,  9.4724e-01,  3.3857e+00,
         3.8913e+00,  2.6350e+00,  5.0951e+00,  2.9041e+00],
       dtype=torch.float64)
- log_lambda_par : tensor([-0.2414], dtype=torch.float64)
- mean_par : tensor([0.], dtype=torch.float64)
MSE gp 4:  tensor(0.0012, dtype=torch.float64)

Initial parameters:
 parameters:
- sigma_n_log : tensor([-4.6052], dtype=torch.float64)
- log_lengthscales_par : tensor([0., 0., 0., 0., 0., 0., 0., 0., 0., 0., 0., 0., 0., 0.],
       dtype=torch.float64)
- log_lambda_par : tensor([0.], dtype=torch.float64)
- mean_par : tensor([0.], dtype=torch.float64)

EPOCH: 0
 parameters:
- sigma_n_log : tensor([-4.5952], dtype=torch.float64)
- log_lengthscales_par : tensor([-1.0000e-02, -1.0000e-02, -1.5425e-08, -1.0000e-02, -1.0000e-02,
         1.0000e-02, -1.0000e-02,  1.0000e-02, -1.0000e-02,  1.0000e-02,
         1.0000e-02,  1.0000e-02,  1.0000e-02,  1.0000e-02],
       dtype=torch.float64)
- log_lambda_par : tensor([0.0100], dtype=torch.float64)
- mean_par : tensor([0.], dtype=torch.float64)
Running loss: 746.1564686267893
Time elapsed: 0.38260364532470703

EPOCH: 1000
 parameters:
- sigma_n_log : tensor([-1.8280], dtype=torch.float64)
- log_lengthscales_par : tensor([ 3.5017e+00, -1.3601e+00, -1.0348e-05,  3.4850e+00,  4.0280e-01,
         1.7933e+00,  4.2803e+00,  4.1246e+00,  1.0870e+00,  4.8105e+00,
         4.2392e+00,  1.9932e+00,  4.5736e+00,  3.1070e+00],
       dtype=torch.float64)
- log_lambda_par : tensor([1.6566], dtype=torch.float64)
- mean_par : tensor([0.], dtype=torch.float64)
Running loss: -571.300495544152
Time elapsed: 341.64900064468384

EPOCH: 2000
 parameters:
- sigma_n_log : tensor([-1.8264], dtype=torch.float64)
- log_lengthscales_par : tensor([ 4.4546e+00, -1.3768e+00,  5.1737e-06,  3.6506e+00,  4.8256e-01,
         1.8898e+00,  4.9664e+00,  4.9042e+00,  1.3900e+00,  5.7792e+00,
         4.8816e+00,  2.0556e+00,  5.5393e+00,  3.2278e+00],
       dtype=torch.float64)
- log_lambda_par : tensor([1.8405], dtype=torch.float64)
- mean_par : tensor([0.], dtype=torch.float64)
Running loss: -575.0983029467795
Time elapsed: 337.9987623691559

Final parameters:
 parameters:
- sigma_n_log : tensor([-1.8264], dtype=torch.float64)
- log_lengthscales_par : tensor([ 4.4546e+00, -1.3768e+00,  5.1737e-06,  3.6506e+00,  4.8256e-01,
         1.8898e+00,  4.9664e+00,  4.9042e+00,  1.3900e+00,  5.7792e+00,
         4.8816e+00,  2.0556e+00,  5.5393e+00,  3.2278e+00],
       dtype=torch.float64)
- log_lambda_par : tensor([1.8405], dtype=torch.float64)
- mean_par : tensor([0.], dtype=torch.float64)
MSE gp 5:  tensor(0.0177, dtype=torch.float64)

Initial parameters:
 parameters:
- sigma_n_log : tensor([-4.6052], dtype=torch.float64)
- log_lengthscales_par : tensor([0., 0., 0., 0., 0., 0., 0., 0., 0., 0., 0., 0., 0., 0.],
       dtype=torch.float64)
- log_lambda_par : tensor([0.], dtype=torch.float64)
- mean_par : tensor([0.], dtype=torch.float64)

EPOCH: 0
 parameters:
- sigma_n_log : tensor([-4.6152], dtype=torch.float64)
- log_lengthscales_par : tensor([ 1.0000e-02,  1.0000e-02, -6.1001e-11,  1.0000e-02,  1.0000e-02,
         1.0000e-02,  1.0000e-02,  1.0000e-02,  1.0000e-02,  1.0000e-02,
         1.0000e-02,  1.0000e-02,  1.0000e-02,  1.0000e-02],
       dtype=torch.float64)
- log_lambda_par : tensor([-0.0100], dtype=torch.float64)
- mean_par : tensor([0.], dtype=torch.float64)
Running loss: -539.7768237777968
Time elapsed: 0.37087035179138184

EPOCH: 1000
 parameters:
- sigma_n_log : tensor([-7.8298], dtype=torch.float64)
- log_lengthscales_par : tensor([ 0.2573,  2.8353,  0.0153,  3.3964,  2.6816,  4.2161,  4.1002,  3.8460,
        -0.0929,  3.7402,  2.5639,  3.5185,  3.7073,  2.7256],
       dtype=torch.float64)
- log_lambda_par : tensor([-3.4256], dtype=torch.float64)
- mean_par : tensor([0.], dtype=torch.float64)
Running loss: -5496.400697830789
Time elapsed: 372.5595829486847

EPOCH: 2000
 parameters:
- sigma_n_log : tensor([-8.0285], dtype=torch.float64)
- log_lengthscales_par : tensor([-0.8967,  2.6663,  0.0286,  2.3327,  3.3988,  4.8135,  4.9722,  4.7747,
        -1.2113,  5.1193,  2.1973,  5.0420,  4.6715,  1.4389],
       dtype=torch.float64)
- log_lambda_par : tensor([-5.7883], dtype=torch.float64)
- mean_par : tensor([0.], dtype=torch.float64)
Running loss: -5614.155133817007
Time elapsed: 342.50127506256104

Final parameters:
 parameters:
- sigma_n_log : tensor([-8.0285], dtype=torch.float64)
- log_lengthscales_par : tensor([-0.8967,  2.6663,  0.0286,  2.3327,  3.3988,  4.8135,  4.9722,  4.7747,
        -1.2113,  5.1193,  2.1973,  5.0420,  4.6715,  1.4389],
       dtype=torch.float64)
- log_lambda_par : tensor([-5.7883], dtype=torch.float64)
- mean_par : tensor([0.], dtype=torch.float64)
MSE gp 6:  tensor(9.0532e-08, dtype=torch.float64)

Initial parameters:
 parameters:
- sigma_n_log : tensor([-4.6052], dtype=torch.float64)
- log_lengthscales_par : tensor([0., 0., 0., 0., 0., 0., 0., 0., 0., 0., 0., 0., 0., 0.],
       dtype=torch.float64)
- log_lambda_par : tensor([0.], dtype=torch.float64)
- mean_par : tensor([0.], dtype=torch.float64)

EPOCH: 0
 parameters:
- sigma_n_log : tensor([-4.6152], dtype=torch.float64)
- log_lengthscales_par : tensor([ 1.0000e-02,  1.0000e-02, -2.3015e-09,  1.0000e-02,  1.0000e-02,
         1.0000e-02,  1.0000e-02,  1.0000e-02,  1.0000e-02,  1.0000e-02,
         1.0000e-02,  1.0000e-02,  1.0000e-02,  1.0000e-02],
       dtype=torch.float64)
- log_lambda_par : tensor([-0.0100], dtype=torch.float64)
- mean_par : tensor([0.], dtype=torch.float64)
Running loss: -480.54894765438996
Time elapsed: 0.36667704582214355

EPOCH: 1000
 parameters:
- sigma_n_log : tensor([-2.4600], dtype=torch.float64)
- log_lengthscales_par : tensor([-2.2559e+00,  3.1645e+00,  7.0577e-07,  1.8770e+00,  2.4776e+00,
         3.3117e+00,  1.0677e+00, -1.0194e-01, -5.1836e-01,  1.1868e+00,
         4.8517e-01,  2.0380e+00,  9.3556e-01,  1.3654e+00],
       dtype=torch.float64)
- log_lambda_par : tensor([-2.3130], dtype=torch.float64)
- mean_par : tensor([0.], dtype=torch.float64)
Running loss: -1284.5651821090294
Time elapsed: 341.0005135536194

EPOCH: 2000
 parameters:
- sigma_n_log : tensor([-3.2719], dtype=torch.float64)
- log_lengthscales_par : tensor([-2.8257e+00,  4.1371e+00,  7.8078e-07,  1.3436e+00,  3.6669e+00,
         2.3567e+00,  1.9174e+00, -5.6457e-01, -3.3150e+00,  3.4442e-01,
         2.5719e-01, -1.0294e+00, -2.1956e-01,  1.0516e+00],
       dtype=torch.float64)
- log_lambda_par : tensor([-3.2144], dtype=torch.float64)
- mean_par : tensor([0.], dtype=torch.float64)
Running loss: -1332.2632947401082
Time elapsed: 339.9380326271057

Final parameters:
 parameters:
- sigma_n_log : tensor([-3.2719], dtype=torch.float64)
- log_lengthscales_par : tensor([-2.8257e+00,  4.1371e+00,  7.8078e-07,  1.3436e+00,  3.6669e+00,
         2.3567e+00,  1.9174e+00, -5.6457e-01, -3.3150e+00,  3.4442e-01,
         2.5719e-01, -1.0294e+00, -2.1956e-01,  1.0516e+00],
       dtype=torch.float64)
- log_lambda_par : tensor([-3.2144], dtype=torch.float64)
- mean_par : tensor([0.], dtype=torch.float64)
MSE gp 7:  tensor(0.0004, dtype=torch.float64)

Trained hyperparameters:
GP 1:
 parameters:
- sigma_n_log : tensor([-3.8688], dtype=torch.float64)
- log_lengthscales_par : tensor([ 5.8769e-01,  3.3379e+00, -1.2279e-05,  7.1052e-01,  3.0858e+00,
         4.4461e+00,  1.1127e+00,  1.9706e+00, -1.7803e-01,  1.3658e+00,
         2.6419e+00,  3.5140e+00,  2.7186e+00,  2.9340e+00],
       dtype=torch.float64)
- log_lambda_par : tensor([-3.3613], dtype=torch.float64)
- mean_par : tensor([0.], dtype=torch.float64)
GP 2:
 parameters:
- sigma_n_log : tensor([-1.9641], dtype=torch.float64)
- log_lengthscales_par : tensor([ 3.4711e+00, -1.4343e+00,  2.2322e-05,  1.4955e+00,  2.4513e-01,
         3.2649e+00,  3.1354e+00,  4.0337e+00, -1.1504e+00,  3.8664e+00,
         3.3006e+00,  1.3254e+00,  4.9613e+00,  2.3528e+00],
       dtype=torch.float64)
- log_lambda_par : tensor([0.3849], dtype=torch.float64)
- mean_par : tensor([0.], dtype=torch.float64)
GP 3:
 parameters:
- sigma_n_log : tensor([-12.0674], dtype=torch.float64)
- log_lengthscales_par : tensor([ 5.2868e+00,  5.0256e+00, -1.2806e-03,  5.0498e+00,  5.3386e+00,
         6.0361e+00,  5.7620e+00,  5.5340e+00,  7.1595e+00,  5.1830e+00,
         5.1504e+00,  5.0221e+00,  5.3504e+00,  6.8203e+00],
       dtype=torch.float64)
- log_lambda_par : tensor([-5.8473], dtype=torch.float64)
- mean_par : tensor([0.], dtype=torch.float64)
GP 4:
 parameters:
- sigma_n_log : tensor([-11.4153], dtype=torch.float64)
- log_lengthscales_par : tensor([0.3299, 5.1885, 0.1217, 4.6692, 4.8735, 5.3930, 4.2147, 5.3392, 5.4743,
        3.7472, 4.8824, 5.0186, 5.4359, 5.8445], dtype=torch.float64)
- log_lambda_par : tensor([-3.5912], dtype=torch.float64)
- mean_par : tensor([0.], dtype=torch.float64)
GP 5:
 parameters:
- sigma_n_log : tensor([-3.1553], dtype=torch.float64)
- log_lengthscales_par : tensor([ 4.2264e+00, -1.0268e+00,  3.9082e-06,  3.0177e+00,  4.0681e-01,
         2.0565e+00,  3.1117e+00,  4.4257e+00,  9.4724e-01,  3.3857e+00,
         3.8913e+00,  2.6350e+00,  5.0951e+00,  2.9041e+00],
       dtype=torch.float64)
- log_lambda_par : tensor([-0.2414], dtype=torch.float64)
- mean_par : tensor([0.], dtype=torch.float64)
GP 6:
 parameters:
- sigma_n_log : tensor([-1.8264], dtype=torch.float64)
- log_lengthscales_par : tensor([ 4.4546e+00, -1.3768e+00,  5.1737e-06,  3.6506e+00,  4.8256e-01,
         1.8898e+00,  4.9664e+00,  4.9042e+00,  1.3900e+00,  5.7792e+00,
         4.8816e+00,  2.0556e+00,  5.5393e+00,  3.2278e+00],
       dtype=torch.float64)
- log_lambda_par : tensor([1.8405], dtype=torch.float64)
- mean_par : tensor([0.], dtype=torch.float64)
GP 7:
 parameters:
- sigma_n_log : tensor([-8.0285], dtype=torch.float64)
- log_lengthscales_par : tensor([-0.8967,  2.6663,  0.0286,  2.3327,  3.3988,  4.8135,  4.9722,  4.7747,
        -1.2113,  5.1193,  2.1973,  5.0420,  4.6715,  1.4389],
       dtype=torch.float64)
- log_lambda_par : tensor([-5.7883], dtype=torch.float64)
- mean_par : tensor([0.], dtype=torch.float64)
GP 8:
 parameters:
- sigma_n_log : tensor([-3.2719], dtype=torch.float64)
- log_lengthscales_par : tensor([-2.8257e+00,  4.1371e+00,  7.8078e-07,  1.3436e+00,  3.6669e+00,
         2.3567e+00,  1.9174e+00, -5.6457e-01, -3.3150e+00,  3.4442e-01,
         2.5719e-01, -1.0294e+00, -2.1956e-01,  1.0516e+00],
       dtype=torch.float64)
- log_lambda_par : tensor([-3.2144], dtype=torch.float64)
- mean_par : tensor([0.], dtype=torch.float64)

held-out NEXT-STATE MSE (model units) -- phase 1 (l1_it9_p1):
  0 pH     model=5.120324e-04  persistence=9.518192e-04  OK
  1 T      model=6.700567e-02  persistence=7.043377e-01  OK
  2 Fa     model=0.000000e+00  persistence=0.000000e+00  WORSE
  3 Fb     model=1.048425e-08  persistence=2.577658e-03  OK
  4 Fc     model=4.252493e-03  persistence=2.104287e-01  OK
  5 Fh     model=6.233363e-02  persistence=1.640886e+00  OK
  6 Wt     model=9.171962e-08  persistence=6.269666e-05  OK
  7 DO2    model=1.636205e-02  persistence=1.150666e-02  WORSE

mean MSE 1.880825e-02   persistence 3.213440e-01
model beats persistence: True
[pensim] statistics saved -> /home/s2892016/Thesis/MCPILCO/results_expl1/pensim_stats_l1_it9_p1.json

saved -> /home/s2892016/Thesis/MCPILCO/results_expl1/rbf_model_l1_it9_p1.pt
saved -> /home/s2892016/Thesis/MCPILCO/results_expl1/rbf_metrics_l1_it9_p1.json
