=== training world model: phase=2 (reps_it2_p2)  n_keep=800  n_epoch=2001  select=pivchol ===
[loop] reusing frozen standardizer stats from /home/s2892016/Thesis/MCPILCO/results_pensim/rbf_model_bnd_rbf_iter0_phase0.pt
[pensim] dataset folder (PENSIM_DATA_DIR): /home/s2892016/Thesis/deps/smpl/smpl/configdata/pensim_reps  (14 CSVs)
max observations: [2.76000000e+02 8.05261517e+00 3.62841400e+02 6.85863686e+00
 2.70000000e+02 1.80000012e+03 9.46039368e+02 1.26920055e+05
 2.39494171e+01]
min observations: [1.6000001e-01 4.5955915e+00 2.3797954e+02 0.0000000e+00 0.0000000e+00
 0.0000000e+00 0.0000000e+00 5.0006516e+04 2.3598127e+00]
dataset max observations: [2.30000000e+02 6.63759613e+00 3.02107452e+02 4.67915392e+00
 2.25000000e+02 1.50000000e+03 1.26485828e+03 1.03417805e+05
 1.93880215e+01]
dataset min observations: [0.0000000e+00 6.0929465e+00 2.9710764e+02 0.0000000e+00 0.0000000e+00
 9.9999997e-05 9.9999997e-05 5.4047891e+04 9.0607529e+00]
max actions: [4.10e+03 1.51e+02 3.60e+01 7.60e+01 1.20e+00 5.10e+02]
min actions: [ 0.   7.  21.  29.   0.5  0. ]
dataset max actions: [4.094559e+03 1.470660e+02 3.580100e+01 7.514100e+01 1.132000e+00
 5.038400e+02]
dataset min actions: [ 0.     7.361 21.249 29.636  0.545  0.   ]
normalize: True
using max/min observations and actions.
[pensim] using SAVED standardizer statistics
[pensim] loader time bounds: [0.16, 276.00] h
[pensim] 16098 transitions | obs 8d act 6d
[pensim] obs per-dim std: [0.451  1.1221 1.1516 0.9587 0.8782 1.159  1.0854 1.4129]
[pensim] time range: -0.00 .. 230.00 h
[pensim]   phase 0 [0, 47.5) h: 3318 transitions
[pensim]   phase 1 [47.5, 72.5) h: 1750 transitions
[pensim]   phase 2 [72.5, inf) h: 11028 transitions
[std] fitted on 16098 transitions (14.00 CSVs)  [PINNED via -std_from]
[std] obs_sd = [0.0329  0.00339 0.03372 0.30286 0.17267 0.11814 0.34974 0.11855]
[std] act_sd = [0.30882 0.24979 0.48691 0.34592 0.29527 0.43871]
[pensim] phase 2: t in [72.5, inf) h  ->  11028 of 16098 transitions (68.5%)
[pivchol] selected 800/10828 points  (residual trace 1.864e+03)
train N=800   test N=200   gp input dim=14   num_gp=8
training-set time span: 72.60 .. 230.00 h
EXACT GP INFERENCE SELECTED

Initial parameters:
 parameters:
- sigma_n_log : tensor([-4.6052], dtype=torch.float64)
- log_lengthscales_par : tensor([0., 0., 0., 0., 0., 0., 0., 0., 0., 0., 0., 0., 0., 0.],
       dtype=torch.float64)
- log_lambda_par : tensor([0.], dtype=torch.float64)
- mean_par : tensor([0.], dtype=torch.float64)

EPOCH: 0
 parameters:
- sigma_n_log : tensor([-4.6152], dtype=torch.float64)
- log_lengthscales_par : tensor([0.0100, 0.0100, 0.0100, 0.0100, 0.0100, 0.0100, 0.0100, 0.0100, 0.0100,
        0.0100, 0.0100, 0.0100, 0.0100, 0.0100], dtype=torch.float64)
- log_lambda_par : tensor([-0.0100], dtype=torch.float64)
- mean_par : tensor([0.], dtype=torch.float64)
Running loss: 44.72795729054671
Time elapsed: 0.18973469734191895

EPOCH: 1000
 parameters:
- sigma_n_log : tensor([-2.4591], dtype=torch.float64)
- log_lengthscales_par : tensor([0.8964, 3.6086, 1.7124, 0.9340, 3.1512, 0.3645, 2.0009, 0.2623, 3.0064,
        2.9324, 2.3073, 3.3990, 3.1642, 3.5715], dtype=torch.float64)
- log_lambda_par : tensor([-0.1967], dtype=torch.float64)
- mean_par : tensor([0.], dtype=torch.float64)
Running loss: -832.5339549741504
Time elapsed: 130.68278789520264

EPOCH: 2000
 parameters:
- sigma_n_log : tensor([-2.4107], dtype=torch.float64)
- log_lengthscales_par : tensor([0.9468, 4.6174, 1.7308, 0.9425, 3.7281, 0.3842, 2.1100, 0.2952, 3.0325,
        3.0681, 2.4826, 3.9977, 3.4602, 3.8537], dtype=torch.float64)
- log_lambda_par : tensor([-0.0691], dtype=torch.float64)
- mean_par : tensor([0.], dtype=torch.float64)
Running loss: -835.1009282536179
Time elapsed: 130.76654744148254

Final parameters:
 parameters:
- sigma_n_log : tensor([-2.4107], dtype=torch.float64)
- log_lengthscales_par : tensor([0.9468, 4.6174, 1.7308, 0.9425, 3.7281, 0.3842, 2.1100, 0.2952, 3.0325,
        3.0681, 2.4826, 3.9977, 3.4602, 3.8537], dtype=torch.float64)
- log_lambda_par : tensor([-0.0691], dtype=torch.float64)
- mean_par : tensor([0.], dtype=torch.float64)
MSE gp 0:  tensor(0.0038, dtype=torch.float64)

Initial parameters:
 parameters:
- sigma_n_log : tensor([-4.6052], dtype=torch.float64)
- log_lengthscales_par : tensor([0., 0., 0., 0., 0., 0., 0., 0., 0., 0., 0., 0., 0., 0.],
       dtype=torch.float64)
- log_lambda_par : tensor([0.], dtype=torch.float64)
- mean_par : tensor([0.], dtype=torch.float64)

EPOCH: 0
 parameters:
- sigma_n_log : tensor([-4.5952], dtype=torch.float64)
- log_lengthscales_par : tensor([ 0.0100,  0.0100, -0.0100,  0.0100,  0.0100,  0.0100,  0.0100,  0.0100,
         0.0100,  0.0100,  0.0100,  0.0100,  0.0100,  0.0100],
       dtype=torch.float64)
- log_lambda_par : tensor([0.0100], dtype=torch.float64)
- mean_par : tensor([0.], dtype=torch.float64)
Running loss: 2151.2771391875117
Time elapsed: 0.13590645790100098

EPOCH: 1000
 parameters:
- sigma_n_log : tensor([-1.9073], dtype=torch.float64)
- log_lengthscales_par : tensor([3.2460, 0.4028, 2.8927, 1.5710, 1.1260, 1.9379, 3.7343, 0.8215, 5.9071,
        1.3792, 0.5788, 3.5882, 3.4239, 4.4288], dtype=torch.float64)
- log_lambda_par : tensor([2.7202], dtype=torch.float64)
- mean_par : tensor([0.], dtype=torch.float64)
Running loss: -91.17451121266538
Time elapsed: 154.89991450309753

EPOCH: 2000
 parameters:
- sigma_n_log : tensor([-1.8721], dtype=torch.float64)
- log_lengthscales_par : tensor([4.0435, 0.4132, 2.9965, 1.7049, 1.2381, 2.0570, 5.3149, 0.8237, 7.3445,
        1.6219, 0.8330, 5.0090, 4.9180, 5.3536], dtype=torch.float64)
- log_lambda_par : tensor([3.2688], dtype=torch.float64)
- mean_par : tensor([0.], dtype=torch.float64)
Running loss: -109.87401064568934
Time elapsed: 131.1252100467682

Final parameters:
 parameters:
- sigma_n_log : tensor([-1.8721], dtype=torch.float64)
- log_lengthscales_par : tensor([4.0435, 0.4132, 2.9965, 1.7049, 1.2381, 2.0570, 5.3149, 0.8237, 7.3445,
        1.6219, 0.8330, 5.0090, 4.9180, 5.3536], dtype=torch.float64)
- log_lambda_par : tensor([3.2688], dtype=torch.float64)
- mean_par : tensor([0.], dtype=torch.float64)
MSE gp 1:  tensor(0.0098, dtype=torch.float64)

Initial parameters:
 parameters:
- sigma_n_log : tensor([-4.6052], dtype=torch.float64)
- log_lengthscales_par : tensor([0., 0., 0., 0., 0., 0., 0., 0., 0., 0., 0., 0., 0., 0.],
       dtype=torch.float64)
- log_lambda_par : tensor([0.], dtype=torch.float64)
- mean_par : tensor([0.], dtype=torch.float64)

EPOCH: 0
 parameters:
- sigma_n_log : tensor([-4.5952], dtype=torch.float64)
- log_lengthscales_par : tensor([-0.0100, -0.0100, -0.0100,  0.0100,  0.0100,  0.0100,  0.0100,  0.0100,
         0.0100,  0.0100,  0.0100,  0.0100,  0.0100,  0.0100],
       dtype=torch.float64)
- log_lambda_par : tensor([0.0100], dtype=torch.float64)
- mean_par : tensor([0.], dtype=torch.float64)
Running loss: 3815.9776063326312
Time elapsed: 0.1339426040649414

EPOCH: 1000
 parameters:
- sigma_n_log : tensor([-9.6377], dtype=torch.float64)
- log_lengthscales_par : tensor([-2.6372,  7.2989, -5.8726,  7.4420,  8.0642,  7.0365,  8.4587,  6.0128,
         2.7722,  2.6185,  2.5834,  3.8155,  4.8201,  4.7734],
       dtype=torch.float64)
- log_lambda_par : tensor([3.0356], dtype=torch.float64)
- mean_par : tensor([0.], dtype=torch.float64)
Running loss: -957.6268227420562
Time elapsed: 153.66727590560913

EPOCH: 2000
 parameters:
- sigma_n_log : tensor([-11.6225], dtype=torch.float64)
- log_lengthscales_par : tensor([-2.6387, 10.9742, -5.7024, 10.8976, 11.5113, 10.6511, 11.0216,  9.6994,
         2.9166,  2.9611,  3.0369,  4.1658,  5.2608,  5.3878],
       dtype=torch.float64)
- log_lambda_par : tensor([3.8034], dtype=torch.float64)
- mean_par : tensor([0.], dtype=torch.float64)
Running loss: -1159.8229030726293
Time elapsed: 167.40175533294678

Final parameters:
 parameters:
- sigma_n_log : tensor([-11.6225], dtype=torch.float64)
- log_lengthscales_par : tensor([-2.6387, 10.9742, -5.7024, 10.8976, 11.5113, 10.6511, 11.0216,  9.6994,
         2.9166,  2.9611,  3.0369,  4.1658,  5.2608,  5.3878],
       dtype=torch.float64)
- log_lambda_par : tensor([3.8034], dtype=torch.float64)
- mean_par : tensor([0.], dtype=torch.float64)
MSE gp 2:  tensor(8.6436e-14, dtype=torch.float64)

Initial parameters:
 parameters:
- sigma_n_log : tensor([-4.6052], dtype=torch.float64)
- log_lengthscales_par : tensor([0., 0., 0., 0., 0., 0., 0., 0., 0., 0., 0., 0., 0., 0.],
       dtype=torch.float64)
- log_lambda_par : tensor([0.], dtype=torch.float64)
- mean_par : tensor([0.], dtype=torch.float64)

EPOCH: 0
 parameters:
- sigma_n_log : tensor([-4.6152], dtype=torch.float64)
- log_lengthscales_par : tensor([0.0100, 0.0100, 0.0100, 0.0100, 0.0100, 0.0100, 0.0100, 0.0100, 0.0100,
        0.0100, 0.0100, 0.0100, 0.0100, 0.0100], dtype=torch.float64)
- log_lambda_par : tensor([-0.0100], dtype=torch.float64)
- mean_par : tensor([0.], dtype=torch.float64)
Running loss: 51.0839146634781
Time elapsed: 0.13667893409729004

EPOCH: 1000
 parameters:
- sigma_n_log : tensor([-3.3481], dtype=torch.float64)
- log_lengthscales_par : tensor([-1.7324,  2.6332,  4.1960,  0.7650,  5.5131,  3.3672,  5.4985,  5.1967,
         6.4726,  5.0782,  2.6742,  5.0736,  4.9007,  4.5221],
       dtype=torch.float64)
- log_lambda_par : tensor([-0.4543], dtype=torch.float64)
- mean_par : tensor([0.], dtype=torch.float64)
Running loss: -1510.4163258811889
Time elapsed: 131.91786098480225

EPOCH: 2000
 parameters:
- sigma_n_log : tensor([-3.3548], dtype=torch.float64)
- log_lengthscales_par : tensor([-1.7224,  2.7272,  4.1379,  0.7926,  6.8128,  3.4876,  6.6986,  6.5299,
         7.5495,  6.2153,  2.7640,  6.1610,  6.3358,  4.6832],
       dtype=torch.float64)
- log_lambda_par : tensor([-0.2548], dtype=torch.float64)
- mean_par : tensor([0.], dtype=torch.float64)
Running loss: -1522.3626127106788
Time elapsed: 132.23531556129456

Final parameters:
 parameters:
- sigma_n_log : tensor([-3.3548], dtype=torch.float64)
- log_lengthscales_par : tensor([-1.7224,  2.7272,  4.1379,  0.7926,  6.8128,  3.4876,  6.6986,  6.5299,
         7.5495,  6.2153,  2.7640,  6.1610,  6.3358,  4.6832],
       dtype=torch.float64)
- log_lambda_par : tensor([-0.2548], dtype=torch.float64)
- mean_par : tensor([0.], dtype=torch.float64)
MSE gp 3:  tensor(0.0007, dtype=torch.float64)

Initial parameters:
 parameters:
- sigma_n_log : tensor([-4.6052], dtype=torch.float64)
- log_lengthscales_par : tensor([0., 0., 0., 0., 0., 0., 0., 0., 0., 0., 0., 0., 0., 0.],
       dtype=torch.float64)
- log_lambda_par : tensor([0.], dtype=torch.float64)
- mean_par : tensor([0.], dtype=torch.float64)

EPOCH: 0
 parameters:
- sigma_n_log : tensor([-4.5952], dtype=torch.float64)
- log_lengthscales_par : tensor([0.0100, 0.0100, 0.0100, 0.0100, 0.0100, 0.0100, 0.0100, 0.0100, 0.0100,
        0.0100, 0.0100, 0.0100, 0.0100, 0.0100], dtype=torch.float64)
- log_lambda_par : tensor([0.0100], dtype=torch.float64)
- mean_par : tensor([0.], dtype=torch.float64)
Running loss: 636.9689602033983
Time elapsed: 0.1355600357055664

EPOCH: 1000
 parameters:
- sigma_n_log : tensor([-3.3901], dtype=torch.float64)
- log_lengthscales_par : tensor([3.1295, 0.3499, 5.2142, 3.5223, 1.4328, 2.2805, 2.8933, 2.1528, 6.0418,
        2.8987, 4.0567, 3.2380, 3.8409, 3.0815], dtype=torch.float64)
- log_lambda_par : tensor([1.6756], dtype=torch.float64)
- mean_par : tensor([0.], dtype=torch.float64)
Running loss: -1615.6542795380083
Time elapsed: 132.15803909301758

EPOCH: 2000
 parameters:
- sigma_n_log : tensor([-3.4008], dtype=torch.float64)
- log_lengthscales_par : tensor([5.4771, 0.1904, 6.2811, 3.9151, 1.4728, 2.2971, 2.8903, 2.1783, 7.6966,
        2.9786, 5.3047, 3.3315, 4.7278, 3.2012], dtype=torch.float64)
- log_lambda_par : tensor([1.8729], dtype=torch.float64)
- mean_par : tensor([0.], dtype=torch.float64)
Running loss: -1634.979913640972
Time elapsed: 131.15738534927368

Final parameters:
 parameters:
- sigma_n_log : tensor([-3.4008], dtype=torch.float64)
- log_lengthscales_par : tensor([5.4771, 0.1904, 6.2811, 3.9151, 1.4728, 2.2971, 2.8903, 2.1783, 7.6966,
        2.9786, 5.3047, 3.3315, 4.7278, 3.2012], dtype=torch.float64)
- log_lambda_par : tensor([1.8729], dtype=torch.float64)
- mean_par : tensor([0.], dtype=torch.float64)
MSE gp 4:  tensor(0.0007, dtype=torch.float64)

Initial parameters:
 parameters:
- sigma_n_log : tensor([-4.6052], dtype=torch.float64)
- log_lengthscales_par : tensor([0., 0., 0., 0., 0., 0., 0., 0., 0., 0., 0., 0., 0., 0.],
       dtype=torch.float64)
- log_lambda_par : tensor([0.], dtype=torch.float64)
- mean_par : tensor([0.], dtype=torch.float64)

EPOCH: 0
 parameters:
- sigma_n_log : tensor([-4.5952], dtype=torch.float64)
- log_lengthscales_par : tensor([ 0.0100,  0.0100, -0.0100,  0.0100,  0.0100,  0.0100,  0.0100,  0.0100,
         0.0100,  0.0100,  0.0100,  0.0100,  0.0100,  0.0100],
       dtype=torch.float64)
- log_lambda_par : tensor([0.0100], dtype=torch.float64)
- mean_par : tensor([0.], dtype=torch.float64)
Running loss: 3546.008478565392
Time elapsed: 0.13653874397277832

EPOCH: 1000
 parameters:
- sigma_n_log : tensor([-1.3922], dtype=torch.float64)
- log_lengthscales_par : tensor([ 3.0534,  0.2759, -0.9302,  2.6219,  0.9211,  1.8585,  3.8367,  3.9403,
         5.5064,  0.9540,  0.4233,  3.6281,  3.7537,  3.9860],
       dtype=torch.float64)
- log_lambda_par : tensor([2.7114], dtype=torch.float64)
- mean_par : tensor([0.], dtype=torch.float64)
Running loss: 1.4909738705768518
Time elapsed: 217.2310276031494

EPOCH: 2000
 parameters:
- sigma_n_log : tensor([-1.4789], dtype=torch.float64)
- log_lengthscales_par : tensor([4.4217, 0.0963, 5.9396, 4.3869, 0.5612, 1.7869, 5.2592, 5.5112, 7.3351,
        1.1536, 0.9608, 5.0959, 5.3207, 5.7336], dtype=torch.float64)
- log_lambda_par : tensor([3.5223], dtype=torch.float64)
- mean_par : tensor([0.], dtype=torch.float64)
Running loss: -149.96520917886568
Time elapsed: 136.64652943611145

Final parameters:
 parameters:
- sigma_n_log : tensor([-1.4789], dtype=torch.float64)
- log_lengthscales_par : tensor([4.4217, 0.0963, 5.9396, 4.3869, 0.5612, 1.7869, 5.2592, 5.5112, 7.3351,
        1.1536, 0.9608, 5.0959, 5.3207, 5.7336], dtype=torch.float64)
- log_lambda_par : tensor([3.5223], dtype=torch.float64)
- mean_par : tensor([0.], dtype=torch.float64)
MSE gp 5:  tensor(0.0337, dtype=torch.float64)

Initial parameters:
 parameters:
- sigma_n_log : tensor([-4.6052], dtype=torch.float64)
- log_lengthscales_par : tensor([0., 0., 0., 0., 0., 0., 0., 0., 0., 0., 0., 0., 0., 0.],
       dtype=torch.float64)
- log_lambda_par : tensor([0.], dtype=torch.float64)
- mean_par : tensor([0.], dtype=torch.float64)

EPOCH: 0
 parameters:
- sigma_n_log : tensor([-4.6152], dtype=torch.float64)
- log_lengthscales_par : tensor([0.0100, 0.0100, 0.0100, 0.0100, 0.0100, 0.0100, 0.0100, 0.0100, 0.0100,
        0.0100, 0.0100, 0.0100, 0.0100, 0.0100], dtype=torch.float64)
- log_lambda_par : tensor([-0.0100], dtype=torch.float64)
- mean_par : tensor([0.], dtype=torch.float64)
Running loss: -31.63910140324854
Time elapsed: 0.13648366928100586

EPOCH: 1000
 parameters:
- sigma_n_log : tensor([-9.5064], dtype=torch.float64)
- log_lengthscales_par : tensor([ 4.5686,  5.5446,  3.7078,  3.5105,  5.7893,  3.2551, -2.0029,  5.0060,
         0.2768,  3.4896,  1.9300,  3.6048,  2.6753,  1.7212],
       dtype=torch.float64)
- log_lambda_par : tensor([-3.4445], dtype=torch.float64)
- mean_par : tensor([0.], dtype=torch.float64)
Running loss: -4098.332702960108
Time elapsed: 132.41090989112854

EPOCH: 2000
 parameters:
- sigma_n_log : tensor([-9.4677], dtype=torch.float64)
- log_lengthscales_par : tensor([ 4.5872,  6.1526,  3.6130,  3.3298,  6.9657,  3.1274, -2.0347,  6.8336,
         0.0687,  3.3643,  1.7804,  3.7648,  2.5713,  1.6656],
       dtype=torch.float64)
- log_lambda_par : tensor([-3.8432], dtype=torch.float64)
- mean_par : tensor([0.], dtype=torch.float64)
Running loss: -4119.552502751703
Time elapsed: 131.9894666671753

Final parameters:
 parameters:
- sigma_n_log : tensor([-9.4677], dtype=torch.float64)
- log_lengthscales_par : tensor([ 4.5872,  6.1526,  3.6130,  3.3298,  6.9657,  3.1274, -2.0347,  6.8336,
         0.0687,  3.3643,  1.7804,  3.7648,  2.5713,  1.6656],
       dtype=torch.float64)
- log_lambda_par : tensor([-3.8432], dtype=torch.float64)
- mean_par : tensor([0.], dtype=torch.float64)
MSE gp 6:  tensor(1.8566e-09, dtype=torch.float64)

Initial parameters:
 parameters:
- sigma_n_log : tensor([-4.6052], dtype=torch.float64)
- log_lengthscales_par : tensor([0., 0., 0., 0., 0., 0., 0., 0., 0., 0., 0., 0., 0., 0.],
       dtype=torch.float64)
- log_lambda_par : tensor([0.], dtype=torch.float64)
- mean_par : tensor([0.], dtype=torch.float64)

EPOCH: 0
 parameters:
- sigma_n_log : tensor([-4.6152], dtype=torch.float64)
- log_lengthscales_par : tensor([0.0100, 0.0100, 0.0100, 0.0100, 0.0100, 0.0100, 0.0100, 0.0100, 0.0100,
        0.0100, 0.0100, 0.0100, 0.0100, 0.0100], dtype=torch.float64)
- log_lambda_par : tensor([-0.0100], dtype=torch.float64)
- mean_par : tensor([0.], dtype=torch.float64)
Running loss: 46.30386594104439
Time elapsed: 0.13579916954040527

EPOCH: 1000
 parameters:
- sigma_n_log : tensor([-3.6146], dtype=torch.float64)
- log_lengthscales_par : tensor([ 0.7688,  2.4503,  1.5737,  1.4813,  1.8957, -0.0577, -0.1569,  0.2169,
         5.6788,  3.0996,  2.0602,  2.8459,  3.3753,  4.2800],
       dtype=torch.float64)
- log_lambda_par : tensor([-0.5404], dtype=torch.float64)
- mean_par : tensor([0.], dtype=torch.float64)
Running loss: -1001.7855654568398
Time elapsed: 130.11782240867615

EPOCH: 2000
 parameters:
- sigma_n_log : tensor([-3.7312], dtype=torch.float64)
- log_lengthscales_par : tensor([ 0.7977,  2.5564,  1.6418,  1.4429,  1.7363,  0.0459, -0.4350,  0.2027,
         6.5620,  3.5092,  1.9558,  3.8727,  4.3241,  5.3624],
       dtype=torch.float64)
- log_lambda_par : tensor([-0.4970], dtype=torch.float64)
- mean_par : tensor([0.], dtype=torch.float64)
Running loss: -1006.8777278390637
Time elapsed: 123.89390850067139

Final parameters:
 parameters:
- sigma_n_log : tensor([-3.7312], dtype=torch.float64)
- log_lengthscales_par : tensor([ 0.7977,  2.5564,  1.6418,  1.4429,  1.7363,  0.0459, -0.4350,  0.2027,
         6.5620,  3.5092,  1.9558,  3.8727,  4.3241,  5.3624],
       dtype=torch.float64)
- log_lambda_par : tensor([-0.4970], dtype=torch.float64)
- mean_par : tensor([0.], dtype=torch.float64)
MSE gp 7:  tensor(7.6771e-05, dtype=torch.float64)

Trained hyperparameters:
GP 1:
 parameters:
- sigma_n_log : tensor([-2.4107], dtype=torch.float64)
- log_lengthscales_par : tensor([0.9468, 4.6174, 1.7308, 0.9425, 3.7281, 0.3842, 2.1100, 0.2952, 3.0325,
        3.0681, 2.4826, 3.9977, 3.4602, 3.8537], dtype=torch.float64)
- log_lambda_par : tensor([-0.0691], dtype=torch.float64)
- mean_par : tensor([0.], dtype=torch.float64)
GP 2:
 parameters:
- sigma_n_log : tensor([-1.8721], dtype=torch.float64)
- log_lengthscales_par : tensor([4.0435, 0.4132, 2.9965, 1.7049, 1.2381, 2.0570, 5.3149, 0.8237, 7.3445,
        1.6219, 0.8330, 5.0090, 4.9180, 5.3536], dtype=torch.float64)
- log_lambda_par : tensor([3.2688], dtype=torch.float64)
- mean_par : tensor([0.], dtype=torch.float64)
GP 3:
 parameters:
- sigma_n_log : tensor([-11.6225], dtype=torch.float64)
- log_lengthscales_par : tensor([-2.6387, 10.9742, -5.7024, 10.8976, 11.5113, 10.6511, 11.0216,  9.6994,
         2.9166,  2.9611,  3.0369,  4.1658,  5.2608,  5.3878],
       dtype=torch.float64)
- log_lambda_par : tensor([3.8034], dtype=torch.float64)
- mean_par : tensor([0.], dtype=torch.float64)
GP 4:
 parameters:
- sigma_n_log : tensor([-3.3548], dtype=torch.float64)
- log_lengthscales_par : tensor([-1.7224,  2.7272,  4.1379,  0.7926,  6.8128,  3.4876,  6.6986,  6.5299,
         7.5495,  6.2153,  2.7640,  6.1610,  6.3358,  4.6832],
       dtype=torch.float64)
- log_lambda_par : tensor([-0.2548], dtype=torch.float64)
- mean_par : tensor([0.], dtype=torch.float64)
GP 5:
 parameters:
- sigma_n_log : tensor([-3.4008], dtype=torch.float64)
- log_lengthscales_par : tensor([5.4771, 0.1904, 6.2811, 3.9151, 1.4728, 2.2971, 2.8903, 2.1783, 7.6966,
        2.9786, 5.3047, 3.3315, 4.7278, 3.2012], dtype=torch.float64)
- log_lambda_par : tensor([1.8729], dtype=torch.float64)
- mean_par : tensor([0.], dtype=torch.float64)
GP 6:
 parameters:
- sigma_n_log : tensor([-1.4789], dtype=torch.float64)
- log_lengthscales_par : tensor([4.4217, 0.0963, 5.9396, 4.3869, 0.5612, 1.7869, 5.2592, 5.5112, 7.3351,
        1.1536, 0.9608, 5.0959, 5.3207, 5.7336], dtype=torch.float64)
- log_lambda_par : tensor([3.5223], dtype=torch.float64)
- mean_par : tensor([0.], dtype=torch.float64)
GP 7:
 parameters:
- sigma_n_log : tensor([-9.4677], dtype=torch.float64)
- log_lengthscales_par : tensor([ 4.5872,  6.1526,  3.6130,  3.3298,  6.9657,  3.1274, -2.0347,  6.8336,
         0.0687,  3.3643,  1.7804,  3.7648,  2.5713,  1.6656],
       dtype=torch.float64)
- log_lambda_par : tensor([-3.8432], dtype=torch.float64)
- mean_par : tensor([0.], dtype=torch.float64)
GP 8:
 parameters:
- sigma_n_log : tensor([-3.7312], dtype=torch.float64)
- log_lengthscales_par : tensor([ 0.7977,  2.5564,  1.6418,  1.4429,  1.7363,  0.0459, -0.4350,  0.2027,
         6.5620,  3.5092,  1.9558,  3.8727,  4.3241,  5.3624],
       dtype=torch.float64)
- log_lambda_par : tensor([-0.4970], dtype=torch.float64)
- mean_par : tensor([0.], dtype=torch.float64)

held-out NEXT-STATE MSE (model units) -- phase 2 (reps_it2_p2):
  0 pH     model=8.498100e-02  persistence=1.556582e-01  OK
  1 T      model=2.178843e-01  persistence=5.366775e-01  OK
  2 Fa     model=4.245127e-02  persistence=4.035571e-01  OK
  3 Fb     model=2.502430e-02  persistence=9.279895e-02  OK
  4 Fc     model=4.419738e-03  persistence=9.396379e-02  OK
  5 Fh     model=1.767139e-01  persistence=1.257991e+00  OK
  6 Wt     model=9.620622e-05  persistence=1.971412e-04  OK
  7 DO2    model=3.054197e-02  persistence=3.801191e-02  OK

mean MSE 7.276410e-02   persistence 3.223570e-01
model beats persistence: True
[pensim] statistics saved -> /home/s2892016/Thesis/MCPILCO/results_reps/pensim_stats_reps_it2_p2.json

saved -> /home/s2892016/Thesis/MCPILCO/results_reps/rbf_model_reps_it2_p2.pt
saved -> /home/s2892016/Thesis/MCPILCO/results_reps/rbf_metrics_reps_it2_p2.json
