EXACT GP INFERENCE SELECTED
EXACT GP INFERENCE SELECTED
EXACT GP INFERENCE SELECTED
world models:
  phase 0: [0,47.5) h  train pts=800
  phase 1: [47.5,72.5) h  train pts=800
  phase 2: [72.5,inf) h  train pts=800
  -> one shared z-space (verified)
combined state range: [-7.02, 40.38] z
[PFQuery] loaded checkpoint flgfn_corrected.pt
pre-caching 150 expert distributions ...
  eigenvalues @75h: [0.00018914 0.00684495 0.04047211]
windows per model: phase 0: 47  phase 1: 25  phase 2: 78

policy rbf: in=8 out=6 u_max=3.0 params=2808
L2: lambda=0.0 on ALL SIX channels (additive)
action spread across 5 replicas of one state: 5.137e-04   (ok)

chance constraints: eps=0.95 -> Phi^-1=1.6449
  action box  alpha=1000.0
  vessel floor alpha=1.0  Wt >= 50000 phys (-1.534 z)
  training data below the floor: 6.1%
EXACT GP INFERENCE SELECTED

reward GP: reward_model_base.pt  train pts=800  held-out R^2=0.8571450949279534
  yield/step mu=3.2279 sd=1.4090; the objective maximises the LOWER
  confidence bound mu_r - 1.0*sigma_r, not the mean

REPS constraint: max reward  s.t.  W2_h <= eta
  eta      = 0.23   (measured: imitation-only policies converge to 0.219-0.253 per hour in training units)
  alpha_W2 = 14.0   penalty = alpha * relu(W2_h - eta), ONE-SIDED
iter   0  loss=5.77143   reward(LCB)=-0.96816   W2 mean=0.53114 min=0.00000 max=0.81794
          eta=0.23  hours violating=125/150  mean excess=0.33948  penalty=4.75267  (penalty/|reward|=4.91x)
          cc_act=2.255e-02 cc_state=2.805e-02   |grad| med=9.286e-01 DEAD=0/150  |s|max=41.0 (data 40.4)
iter   1  loss=4.81696   reward(LCB)=-0.86368   W2 mean=0.47008 min=0.00000 max=0.74180
          eta=0.23  hours violating=125/150  mean excess=0.27841  penalty=3.89776  (penalty/|reward|=4.51x)
          cc_act=2.664e-02 cc_state=2.888e-02   |grad| med=2.232e+00 DEAD=0/150  |s|max=39.9 (data 40.4)
iter   2  loss=4.60475   reward(LCB)=-0.85473   W2 mean=0.45604 min=0.00000 max=0.71863
          eta=0.23  hours violating=125/150  mean excess=0.26438  penalty=3.70126  (penalty/|reward|=4.33x)
          cc_act=2.054e-02 cc_state=2.822e-02   |grad| med=2.321e+00 DEAD=0/150  |s|max=40.3 (data 40.4)
iter   3  loss=4.54429   reward(LCB)=-0.88706   W2 mean=0.44942 min=0.00000 max=0.71391
          eta=0.23  hours violating=125/150  mean excess=0.25775  penalty=3.60857  (penalty/|reward|=4.07x)
          cc_act=1.907e-02 cc_state=2.959e-02   |grad| med=2.392e+00 DEAD=0/150  |s|max=40.3 (data 40.4)
iter   4  loss=4.39391   reward(LCB)=-0.86808   W2 mean=0.43993 min=0.00000 max=0.72273
          eta=0.23  hours violating=125/150  mean excess=0.24826  penalty=3.47570  (penalty/|reward|=4.00x)
          cc_act=2.193e-02 cc_state=2.820e-02   |grad| med=2.262e+00 DEAD=0/150  |s|max=38.3 (data 40.4)
iter   5  loss=4.32959   reward(LCB)=-0.86527   W2 mean=0.43537 min=0.00000 max=0.70349
          eta=0.23  hours violating=125/150  mean excess=0.24370  penalty=3.41187  (penalty/|reward|=3.94x)
          cc_act=2.358e-02 cc_state=2.887e-02   |grad| med=2.558e+00 DEAD=0/150  |s|max=41.0 (data 40.4)
iter   6  loss=4.34503   reward(LCB)=-0.85942   W2 mean=0.43655 min=0.00000 max=0.66999
          eta=0.23  hours violating=125/150  mean excess=0.24489  penalty=3.42843  (penalty/|reward|=3.99x)
          cc_act=2.719e-02 cc_state=3.000e-02   |grad| med=2.672e+00 DEAD=0/150  |s|max=40.4 (data 40.4)
iter   7  loss=4.34613   reward(LCB)=-0.85833   W2 mean=0.43619 min=0.00000 max=0.65858
          eta=0.23  hours violating=125/150  mean excess=0.24453  penalty=3.42336  (penalty/|reward|=3.99x)
          cc_act=3.560e-02 cc_state=2.885e-02   |grad| med=2.600e+00 DEAD=0/150  |s|max=40.9 (data 40.4)
iter   8  loss=4.27827   reward(LCB)=-0.85467   W2 mean=0.43225 min=0.00000 max=0.65534
          eta=0.23  hours violating=125/150  mean excess=0.24058  penalty=3.36817  (penalty/|reward|=3.94x)
          cc_act=2.670e-02 cc_state=2.873e-02   |grad| med=2.618e+00 DEAD=0/150  |s|max=40.1 (data 40.4)
iter   9  loss=4.20348   reward(LCB)=-0.84998   W2 mean=0.42647 min=0.00000 max=0.67259
          eta=0.23  hours violating=125/150  mean excess=0.23480  penalty=3.28723  (penalty/|reward|=3.87x)
          cc_act=3.647e-02 cc_state=2.980e-02   |grad| med=3.012e+00 DEAD=0/150  |s|max=39.5 (data 40.4)
iter  10  loss=4.14450   reward(LCB)=-0.86269   W2 mean=0.42172 min=0.00000 max=0.64146
          eta=0.23  hours violating=125/150  mean excess=0.23005  penalty=3.22074  (penalty/|reward|=3.73x)
          cc_act=3.300e-02 cc_state=2.807e-02   |grad| med=3.654e+00 DEAD=0/150  |s|max=39.3 (data 40.4)
iter  11  loss=4.17517   reward(LCB)=-0.85452   W2 mean=0.42369 min=0.00000 max=0.65364
          eta=0.23  hours violating=125/150  mean excess=0.23202  penalty=3.24835  (penalty/|reward|=3.80x)
          cc_act=4.298e-02 cc_state=2.933e-02   |grad| med=3.479e+00 DEAD=0/150  |s|max=39.5 (data 40.4)
iter  12  loss=4.11278   reward(LCB)=-0.84811   W2 mean=0.41970 min=0.00000 max=0.61825
          eta=0.23  hours violating=125/150  mean excess=0.22803  penalty=3.19241  (penalty/|reward|=3.76x)
          cc_act=4.258e-02 cc_state=2.968e-02   |grad| med=3.003e+00 DEAD=0/150  |s|max=40.0 (data 40.4)
iter  13  loss=4.08755   reward(LCB)=-0.83421   W2 mean=0.42032 min=0.00000 max=0.61563
          eta=0.23  hours violating=125/150  mean excess=0.22865  penalty=3.20109  (penalty/|reward|=3.84x)
          cc_act=2.202e-02 cc_state=3.022e-02   |grad| med=2.829e+00 DEAD=0/150  |s|max=39.7 (data 40.4)
iter  14  loss=4.00449   reward(LCB)=-0.84411   W2 mean=0.41245 min=0.00000 max=0.61446
          eta=0.23  hours violating=125/150  mean excess=0.22079  penalty=3.09101  (penalty/|reward|=3.66x)
          cc_act=4.169e-02 cc_state=2.768e-02   |grad| med=3.112e+00 DEAD=0/150  |s|max=38.5 (data 40.4)
iter  15  loss=4.08304   reward(LCB)=-0.84451   W2 mean=0.41766 min=0.00000 max=0.64574
          eta=0.23  hours violating=125/150  mean excess=0.22599  penalty=3.16385  (penalty/|reward|=3.75x)
          cc_act=4.569e-02 cc_state=2.898e-02   |grad| med=3.288e+00 DEAD=0/150  |s|max=39.4 (data 40.4)
iter  16  loss=3.97938   reward(LCB)=-0.84960   W2 mean=0.41056 min=0.00000 max=0.63892
          eta=0.23  hours violating=125/150  mean excess=0.21889  penalty=3.06443  (penalty/|reward|=3.61x)
          cc_act=3.565e-02 cc_state=2.970e-02   |grad| med=3.663e+00 DEAD=0/150  |s|max=40.5 (data 40.4)
iter  17  loss=3.93777   reward(LCB)=-0.84582   W2 mean=0.40818 min=0.00000 max=0.59628
          eta=0.23  hours violating=125/150  mean excess=0.21652  penalty=3.03124  (penalty/|reward|=3.58x)
          cc_act=3.219e-02 cc_state=2.852e-02   |grad| med=3.578e+00 DEAD=0/150  |s|max=39.8 (data 40.4)
iter  18  loss=4.07222   reward(LCB)=-0.83248   W2 mean=0.41883 min=0.00000 max=0.62692
          eta=0.23  hours violating=125/150  mean excess=0.22716  penalty=3.18024  (penalty/|reward|=3.82x)
          cc_act=3.066e-02 cc_state=2.884e-02   |grad| med=3.608e+00 DEAD=0/150  |s|max=39.9 (data 40.4)
iter  19  loss=3.98435   reward(LCB)=-0.84321   W2 mean=0.41172 min=0.00000 max=0.62615
          eta=0.23  hours violating=125/150  mean excess=0.22005  penalty=3.08076  (penalty/|reward|=3.65x)
          cc_act=3.182e-02 cc_state=2.856e-02   |grad| med=3.410e+00 DEAD=0/150  |s|max=40.5 (data 40.4)

||a||^2  first iter 0.38244  ->  last 6.08628  (+1491.4%)
  (with lambda>0 this should DECREASE; if it rises, the L2 term is not binding)

saved -> /home/s2892016/Thesis/MCPILCO/results_reps/reps_policy_iter2.pt
