=== training world model: phase=1 (rl_it1_p1)  n_keep=800  n_epoch=2001  select=pivchol ===
[loop] reusing frozen standardizer stats from /home/s2892016/Thesis/MCPILCO/results_pensim/rbf_model_bnd_rbf_iter0_phase0.pt
[pensim] dataset folder (PENSIM_DATA_DIR): /home/s2892016/Thesis/deps/smpl/smpl/configdata/pensim_rlloop_s1  (13 CSVs)
max observations: [2.76000000e+02 8.05261517e+00 3.62841400e+02 6.85863686e+00
 2.70000000e+02 1.80000012e+03 9.46039368e+02 1.26920055e+05
 2.39494171e+01]
min observations: [1.6000001e-01 4.5955915e+00 2.3797954e+02 0.0000000e+00 0.0000000e+00
 0.0000000e+00 0.0000000e+00 5.0006516e+04 2.3598127e+00]
dataset max observations: [2.30000000e+02 6.63759613e+00 2.99986786e+02 4.67915392e+00
 2.25000000e+02 8.51886963e+02 6.81343933e+02 1.03417805e+05
 1.93880215e+01]
dataset min observations: [0.0000000e+00 6.0929465e+00 2.9777319e+02 0.0000000e+00 0.0000000e+00
 9.9999997e-05 9.9999997e-05 6.1848688e+04 9.0607529e+00]
max actions: [4.10e+03 1.51e+02 3.60e+01 7.60e+01 1.20e+00 5.10e+02]
min actions: [ 0.   7.  21.  29.   0.5  0. ]
dataset max actions: [4.094559e+03 1.470660e+02 3.580100e+01 7.514100e+01 1.132000e+00
 5.038400e+02]
dataset min actions: [ 0.     7.361 21.249 29.636  0.545  0.   ]
normalize: True
using max/min observations and actions.
[pensim] using SAVED standardizer statistics
[pensim] loader time bounds: [0.16, 276.00] h
[pensim] 14949 transitions | obs 8d act 6d
[pensim] obs per-dim std: [0.4529 0.8786 1.1886 0.9668 0.8377 0.776  0.9152 1.3893]
[pensim] time range: -0.00 .. 230.00 h
[pensim]   phase 0 [0, 47.5) h: 3081 transitions
[pensim]   phase 1 [47.5, 72.5) h: 1625 transitions
[pensim]   phase 2 [72.5, inf) h: 10242 transitions
[std] fitted on 14949 transitions (13.00 CSVs)  [PINNED via -std_from]
[std] obs_sd = [0.0329  0.00339 0.03372 0.30286 0.17267 0.11814 0.34974 0.11855]
[std] act_sd = [0.30882 0.24979 0.48691 0.34592 0.29527 0.43871]
[pensim] phase 1: t in [47.5, 72.5) h  ->  1625 of 14949 transitions (10.9%)
[pivchol] selected 800/1425 points  (residual trace 2.688e-01)
train N=800   test N=200   gp input dim=14   num_gp=8
training-set time span: 47.60 .. 72.40 h
EXACT GP INFERENCE SELECTED

Initial parameters:
 parameters:
- sigma_n_log : tensor([-4.6052], dtype=torch.float64)
- log_lengthscales_par : tensor([0., 0., 0., 0., 0., 0., 0., 0., 0., 0., 0., 0., 0., 0.],
       dtype=torch.float64)
- log_lambda_par : tensor([0.], dtype=torch.float64)
- mean_par : tensor([0.], dtype=torch.float64)

EPOCH: 0
 parameters:
- sigma_n_log : tensor([-4.6152], dtype=torch.float64)
- log_lengthscales_par : tensor([ 1.0000e-02,  1.0000e-02, -1.1112e-08,  1.0000e-02,  1.0000e-02,
         1.0000e-02,  1.0000e-02,  1.0000e-02,  1.0000e-02,  1.0000e-02,
         1.0000e-02,  1.0000e-02,  1.0000e-02,  1.0000e-02],
       dtype=torch.float64)
- log_lambda_par : tensor([-0.0100], dtype=torch.float64)
- mean_par : tensor([0.], dtype=torch.float64)
Running loss: -653.3615368259213
Time elapsed: 0.8477489948272705

EPOCH: 1000
 parameters:
- sigma_n_log : tensor([-4.0479], dtype=torch.float64)
- log_lengthscales_par : tensor([ 1.0543e+00,  2.6091e+00, -7.7787e-06,  1.4170e+00,  2.8143e+00,
         3.6714e+00,  2.6284e+00,  1.6159e+00,  3.7578e+00,  1.8540e+00,
         1.8681e+00,  2.8137e+00,  2.2820e+00,  2.2760e+00],
       dtype=torch.float64)
- log_lambda_par : tensor([-2.3803], dtype=torch.float64)
- mean_par : tensor([0.], dtype=torch.float64)
Running loss: -2706.907255693243
Time elapsed: 480.2559583187103

EPOCH: 2000
 parameters:
- sigma_n_log : tensor([-4.0507], dtype=torch.float64)
- log_lengthscales_par : tensor([ 5.6341e-01,  3.1336e+00, -1.2737e-05,  1.1731e+00,  2.9656e+00,
         3.7533e+00,  3.1553e+00,  1.3840e+00,  4.1126e+00,  1.6041e+00,
         1.6188e+00,  3.7736e+00,  2.3987e+00,  1.8757e+00],
       dtype=torch.float64)
- log_lambda_par : tensor([-2.9623], dtype=torch.float64)
- mean_par : tensor([0.], dtype=torch.float64)
Running loss: -2714.7119160655
Time elapsed: 479.3632230758667

Final parameters:
 parameters:
- sigma_n_log : tensor([-4.0507], dtype=torch.float64)
- log_lengthscales_par : tensor([ 5.6341e-01,  3.1336e+00, -1.2737e-05,  1.1731e+00,  2.9656e+00,
         3.7533e+00,  3.1553e+00,  1.3840e+00,  4.1126e+00,  1.6041e+00,
         1.6188e+00,  3.7736e+00,  2.3987e+00,  1.8757e+00],
       dtype=torch.float64)
- log_lambda_par : tensor([-2.9623], dtype=torch.float64)
- mean_par : tensor([0.], dtype=torch.float64)
MSE gp 0:  tensor(0.0003, dtype=torch.float64)

Initial parameters:
 parameters:
- sigma_n_log : tensor([-4.6052], dtype=torch.float64)
- log_lengthscales_par : tensor([0., 0., 0., 0., 0., 0., 0., 0., 0., 0., 0., 0., 0., 0.],
       dtype=torch.float64)
- log_lambda_par : tensor([0.], dtype=torch.float64)
- mean_par : tensor([0.], dtype=torch.float64)

EPOCH: 0
 parameters:
- sigma_n_log : tensor([-4.5952], dtype=torch.float64)
- log_lengthscales_par : tensor([-1.0000e-02, -1.0000e-02, -1.4114e-06, -1.0000e-02, -1.0000e-02,
         1.0000e-02, -1.0000e-02, -1.0000e-02, -1.0000e-02, -1.0000e-02,
        -1.0000e-02, -1.0000e-02, -1.0000e-02, -1.0000e-02],
       dtype=torch.float64)
- log_lambda_par : tensor([0.0100], dtype=torch.float64)
- mean_par : tensor([0.], dtype=torch.float64)
Running loss: 3300.2687391611344
Time elapsed: 0.5115103721618652

EPOCH: 1000
 parameters:
- sigma_n_log : tensor([-2.1495], dtype=torch.float64)
- log_lengthscales_par : tensor([ 1.7617e+00, -2.0425e+00, -1.0636e-05,  2.3676e+00,  1.9710e-01,
         2.8577e+00,  2.1795e+00,  2.5078e+00, -1.9844e-01,  2.6971e+00,
         2.9919e+00,  1.3656e+00,  2.7844e+00,  3.1650e+00],
       dtype=torch.float64)
- log_lambda_par : tensor([0.5955], dtype=torch.float64)
- mean_par : tensor([0.], dtype=torch.float64)
Running loss: -495.55158623919414
Time elapsed: 489.083922624588

EPOCH: 2000
 parameters:
- sigma_n_log : tensor([-2.7404], dtype=torch.float64)
- log_lengthscales_par : tensor([ 3.0789e+00, -2.7123e+00, -4.9414e-06,  3.6801e+00,  9.2765e-01,
         4.0157e+00,  2.4158e+00,  3.3889e+00,  2.7625e-01,  3.4163e+00,
         1.8984e+00,  2.5849e+00,  4.0424e+00,  1.9131e+00],
       dtype=torch.float64)
- log_lambda_par : tensor([0.6762], dtype=torch.float64)
- mean_par : tensor([0.], dtype=torch.float64)
Running loss: -607.3248756812764
Time elapsed: 558.7373349666595

Final parameters:
 parameters:
- sigma_n_log : tensor([-2.7404], dtype=torch.float64)
- log_lengthscales_par : tensor([ 3.0789e+00, -2.7123e+00, -4.9414e-06,  3.6801e+00,  9.2765e-01,
         4.0157e+00,  2.4158e+00,  3.3889e+00,  2.7625e-01,  3.4163e+00,
         1.8984e+00,  2.5849e+00,  4.0424e+00,  1.9131e+00],
       dtype=torch.float64)
- log_lambda_par : tensor([0.6762], dtype=torch.float64)
- mean_par : tensor([0.], dtype=torch.float64)
MSE gp 1:  tensor(0.0013, dtype=torch.float64)

Initial parameters:
 parameters:
- sigma_n_log : tensor([-4.6052], dtype=torch.float64)
- log_lengthscales_par : tensor([0., 0., 0., 0., 0., 0., 0., 0., 0., 0., 0., 0., 0., 0.],
       dtype=torch.float64)
- log_lambda_par : tensor([0.], dtype=torch.float64)
- mean_par : tensor([0.], dtype=torch.float64)

EPOCH: 0
 parameters:
- sigma_n_log : tensor([-4.6152], dtype=torch.float64)
- log_lengthscales_par : tensor([1.0000e-02, 1.0000e-02, 6.6209e-09, 1.0000e-02, 1.0000e-02, 1.0000e-02,
        1.0000e-02, 1.0000e-02, 1.0000e-02, 1.0000e-02, 1.0000e-02, 1.0000e-02,
        1.0000e-02, 1.0000e-02], dtype=torch.float64)
- log_lambda_par : tensor([-0.0100], dtype=torch.float64)
- mean_par : tensor([0.], dtype=torch.float64)
Running loss: -657.4210142538102
Time elapsed: 0.5143144130706787

EPOCH: 1000
 parameters:
- sigma_n_log : tensor([-11.2447], dtype=torch.float64)
- log_lengthscales_par : tensor([4.4655e+00, 3.9997e+00, 4.6388e-04, 4.2584e+00, 4.2449e+00, 5.0987e+00,
        4.8825e+00, 4.3214e+00, 7.5730e+00, 4.5446e+00, 4.2109e+00, 4.1570e+00,
        4.3707e+00, 5.7519e+00], dtype=torch.float64)
- log_lambda_par : tensor([-4.3512], dtype=torch.float64)
- mean_par : tensor([0.], dtype=torch.float64)
Running loss: -7225.082247997705
Time elapsed: 477.72125792503357

EPOCH: 2000
 parameters:
- sigma_n_log : tensor([-11.9493], dtype=torch.float64)
- log_lengthscales_par : tensor([5.2811e+00, 4.9295e+00, 1.6478e-04, 5.2149e+00, 5.2624e+00, 6.1249e+00,
        6.0000e+00, 5.3246e+00, 8.6343e+00, 5.5251e+00, 5.1091e+00, 4.9904e+00,
        5.2995e+00, 6.8130e+00], dtype=torch.float64)
- log_lambda_par : tensor([-5.9221], dtype=torch.float64)
- mean_par : tensor([0.], dtype=torch.float64)
Running loss: -7307.759072684829
Time elapsed: 482.55458641052246

Final parameters:
 parameters:
- sigma_n_log : tensor([-11.9493], dtype=torch.float64)
- log_lengthscales_par : tensor([5.2811e+00, 4.9295e+00, 1.6478e-04, 5.2149e+00, 5.2624e+00, 6.1249e+00,
        6.0000e+00, 5.3246e+00, 8.6343e+00, 5.5251e+00, 5.1091e+00, 4.9904e+00,
        5.2995e+00, 6.8130e+00], dtype=torch.float64)
- log_lambda_par : tensor([-5.9221], dtype=torch.float64)
- mean_par : tensor([0.], dtype=torch.float64)
MSE gp 2:  tensor(0., dtype=torch.float64)

Initial parameters:
 parameters:
- sigma_n_log : tensor([-4.6052], dtype=torch.float64)
- log_lengthscales_par : tensor([0., 0., 0., 0., 0., 0., 0., 0., 0., 0., 0., 0., 0., 0.],
       dtype=torch.float64)
- log_lambda_par : tensor([0.], dtype=torch.float64)
- mean_par : tensor([0.], dtype=torch.float64)

EPOCH: 0
 parameters:
- sigma_n_log : tensor([-4.6152], dtype=torch.float64)
- log_lengthscales_par : tensor([1.0000e-02, 1.0000e-02, 9.4434e-11, 1.0000e-02, 1.0000e-02, 1.0000e-02,
        1.0000e-02, 1.0000e-02, 1.0000e-02, 1.0000e-02, 1.0000e-02, 1.0000e-02,
        1.0000e-02, 1.0000e-02], dtype=torch.float64)
- log_lambda_par : tensor([-0.0100], dtype=torch.float64)
- mean_par : tensor([0.], dtype=torch.float64)
Running loss: -655.7978309597189
Time elapsed: 0.5451681613922119

EPOCH: 1000
 parameters:
- sigma_n_log : tensor([-11.1575], dtype=torch.float64)
- log_lengthscales_par : tensor([ 0.1383,  4.1834,  0.0660,  3.2640,  4.2319,  4.5445,  4.1887,  4.3016,
        -4.0213,  3.7495,  4.3797,  4.4689,  4.4725,  5.7628],
       dtype=torch.float64)
- log_lambda_par : tensor([-3.3635], dtype=torch.float64)
- mean_par : tensor([0.], dtype=torch.float64)
Running loss: -6708.776301671707
Time elapsed: 481.05580377578735

EPOCH: 2000
 parameters:
- sigma_n_log : tensor([-11.8050], dtype=torch.float64)
- log_lengthscales_par : tensor([-0.4786,  5.1694,  0.1294,  2.8550,  5.1246,  4.9090,  5.3890,  5.6241,
        -3.8679,  3.7440,  5.2619,  5.8438,  5.7937,  6.6874],
       dtype=torch.float64)
- log_lambda_par : tensor([-3.7184], dtype=torch.float64)
- mean_par : tensor([0.], dtype=torch.float64)
Running loss: -6761.738560762831
Time elapsed: 477.1737458705902

Final parameters:
 parameters:
- sigma_n_log : tensor([-11.8050], dtype=torch.float64)
- log_lengthscales_par : tensor([-0.4786,  5.1694,  0.1294,  2.8550,  5.1246,  4.9090,  5.3890,  5.6241,
        -3.8679,  3.7440,  5.2619,  5.8438,  5.7937,  6.6874],
       dtype=torch.float64)
- log_lambda_par : tensor([-3.7184], dtype=torch.float64)
- mean_par : tensor([0.], dtype=torch.float64)
MSE gp 3:  tensor(3.6007e-09, dtype=torch.float64)

Initial parameters:
 parameters:
- sigma_n_log : tensor([-4.6052], dtype=torch.float64)
- log_lengthscales_par : tensor([0., 0., 0., 0., 0., 0., 0., 0., 0., 0., 0., 0., 0., 0.],
       dtype=torch.float64)
- log_lambda_par : tensor([0.], dtype=torch.float64)
- mean_par : tensor([0.], dtype=torch.float64)

EPOCH: 0
 parameters:
- sigma_n_log : tensor([-4.5952], dtype=torch.float64)
- log_lengthscales_par : tensor([ 1.0000e-02, -1.0000e-02,  6.1457e-08,  1.0000e-02, -1.0000e-02,
         1.0000e-02,  1.0000e-02,  1.0000e-02, -1.0000e-02,  1.0000e-02,
         1.0000e-02,  1.0000e-02,  1.0000e-02,  1.0000e-02],
       dtype=torch.float64)
- log_lambda_par : tensor([-0.0100], dtype=torch.float64)
- mean_par : tensor([0.], dtype=torch.float64)
Running loss: -355.38289251542716
Time elapsed: 0.5337574481964111

EPOCH: 1000
 parameters:
- sigma_n_log : tensor([-3.1202], dtype=torch.float64)
- log_lengthscales_par : tensor([ 3.7835e+00, -1.5604e+00,  1.6452e-06,  3.9684e+00,  3.4157e-01,
         2.2136e+00,  3.7625e+00,  3.6880e+00,  7.0252e-01,  3.7542e+00,
         4.0209e+00,  2.6809e+00,  4.2869e+00,  3.7050e+00],
       dtype=torch.float64)
- log_lambda_par : tensor([-0.1285], dtype=torch.float64)
- mean_par : tensor([0.], dtype=torch.float64)
Running loss: -1405.4458820488426
Time elapsed: 485.0106613636017

EPOCH: 2000
 parameters:
- sigma_n_log : tensor([-3.0909], dtype=torch.float64)
- log_lengthscales_par : tensor([ 4.2909e+00, -1.5339e+00, -5.4031e-05,  4.9324e+00,  3.4220e-01,
         2.3091e+00,  4.1804e+00,  4.1048e+00,  6.9219e-01,  4.0705e+00,
         4.1750e+00,  2.7671e+00,  5.1106e+00,  3.7947e+00],
       dtype=torch.float64)
- log_lambda_par : tensor([-0.0363], dtype=torch.float64)
- mean_par : tensor([0.], dtype=torch.float64)
Running loss: -1409.1234167106873
Time elapsed: 447.6852037906647

Final parameters:
 parameters:
- sigma_n_log : tensor([-3.0909], dtype=torch.float64)
- log_lengthscales_par : tensor([ 4.2909e+00, -1.5339e+00, -5.4031e-05,  4.9324e+00,  3.4220e-01,
         2.3091e+00,  4.1804e+00,  4.1048e+00,  6.9219e-01,  4.0705e+00,
         4.1750e+00,  2.7671e+00,  5.1106e+00,  3.7947e+00],
       dtype=torch.float64)
- log_lambda_par : tensor([-0.0363], dtype=torch.float64)
- mean_par : tensor([0.], dtype=torch.float64)
MSE gp 4:  tensor(0.0012, dtype=torch.float64)

Initial parameters:
 parameters:
- sigma_n_log : tensor([-4.6052], dtype=torch.float64)
- log_lengthscales_par : tensor([0., 0., 0., 0., 0., 0., 0., 0., 0., 0., 0., 0., 0., 0.],
       dtype=torch.float64)
- log_lambda_par : tensor([0.], dtype=torch.float64)
- mean_par : tensor([0.], dtype=torch.float64)

EPOCH: 0
 parameters:
- sigma_n_log : tensor([-4.5952], dtype=torch.float64)
- log_lengthscales_par : tensor([-1.0000e-02, -1.0000e-02, -9.2572e-07, -1.0000e-02, -1.0000e-02,
         1.0000e-02, -1.0000e-02, -1.0000e-02, -1.0000e-02, -1.0000e-02,
        -1.0000e-02, -1.0000e-02, -1.0000e-02, -1.0000e-02],
       dtype=torch.float64)
- log_lambda_par : tensor([0.0100], dtype=torch.float64)
- mean_par : tensor([0.], dtype=torch.float64)
Running loss: 4815.913901690757
Time elapsed: 0.4717252254486084

EPOCH: 1000
 parameters:
- sigma_n_log : tensor([-1.5456], dtype=torch.float64)
- log_lengthscales_par : tensor([ 1.3877e+00, -1.5355e+00,  1.2108e-06,  2.1862e+00,  1.8426e-01,
         1.8604e+00,  2.2477e+00,  2.6239e+00,  2.6574e+00,  2.7373e+00,
         2.6653e+00,  1.9600e+00,  2.6765e+00,  3.9279e+00],
       dtype=torch.float64)
- log_lambda_par : tensor([1.4353], dtype=torch.float64)
- mean_par : tensor([0.], dtype=torch.float64)
Running loss: -226.41393128975858
Time elapsed: 440.8065495491028

EPOCH: 2000
 parameters:
- sigma_n_log : tensor([-2.6127], dtype=torch.float64)
- log_lengthscales_par : tensor([ 3.3537e+00, -2.6698e+00,  2.2746e-05,  4.2052e+00,  8.5824e-01,
         1.7952e+00,  4.3441e+00,  3.8341e+00,  1.4263e+00,  4.3554e+00,
         4.6977e+00,  3.2016e+00,  4.3806e+00,  3.4350e+00],
       dtype=torch.float64)
- log_lambda_par : tensor([1.7916], dtype=torch.float64)
- mean_par : tensor([0.], dtype=torch.float64)
Running loss: -493.7484991527426
Time elapsed: 467.01652669906616

Final parameters:
 parameters:
- sigma_n_log : tensor([-2.6127], dtype=torch.float64)
- log_lengthscales_par : tensor([ 3.3537e+00, -2.6698e+00,  2.2746e-05,  4.2052e+00,  8.5824e-01,
         1.7952e+00,  4.3441e+00,  3.8341e+00,  1.4263e+00,  4.3554e+00,
         4.6977e+00,  3.2016e+00,  4.3806e+00,  3.4350e+00],
       dtype=torch.float64)
- log_lambda_par : tensor([1.7916], dtype=torch.float64)
- mean_par : tensor([0.], dtype=torch.float64)
MSE gp 5:  tensor(0.0020, dtype=torch.float64)

Initial parameters:
 parameters:
- sigma_n_log : tensor([-4.6052], dtype=torch.float64)
- log_lengthscales_par : tensor([0., 0., 0., 0., 0., 0., 0., 0., 0., 0., 0., 0., 0., 0.],
       dtype=torch.float64)
- log_lambda_par : tensor([0.], dtype=torch.float64)
- mean_par : tensor([0.], dtype=torch.float64)

EPOCH: 0
 parameters:
- sigma_n_log : tensor([-4.6152], dtype=torch.float64)
- log_lengthscales_par : tensor([ 1.0000e-02,  1.0000e-02, -8.5237e-09,  1.0000e-02,  1.0000e-02,
         1.0000e-02,  1.0000e-02,  1.0000e-02,  1.0000e-02,  1.0000e-02,
         1.0000e-02,  1.0000e-02,  1.0000e-02,  1.0000e-02],
       dtype=torch.float64)
- log_lambda_par : tensor([-0.0100], dtype=torch.float64)
- mean_par : tensor([0.], dtype=torch.float64)
Running loss: -657.4146612674973
Time elapsed: 0.4586009979248047

EPOCH: 1000
 parameters:
- sigma_n_log : tensor([-7.7837], dtype=torch.float64)
- log_lengthscales_par : tensor([-0.0095,  2.1325,  0.0368,  3.3248,  3.3483,  4.5982,  4.0820,  3.5573,
         1.3237,  3.7075,  3.9321,  3.6326,  3.5438,  2.1772],
       dtype=torch.float64)
- log_lambda_par : tensor([-3.6603], dtype=torch.float64)
- mean_par : tensor([0.], dtype=torch.float64)
Running loss: -5479.641371188074
Time elapsed: 441.7741234302521

EPOCH: 2000
 parameters:
- sigma_n_log : tensor([-7.7589], dtype=torch.float64)
- log_lengthscales_par : tensor([-0.7727,  2.3280,  0.0221,  3.9647,  4.5087,  5.3009,  5.5021,  4.6928,
         1.4378,  4.4949,  4.1985,  4.6120,  4.2637,  1.7894],
       dtype=torch.float64)
- log_lambda_par : tensor([-5.6497], dtype=torch.float64)
- mean_par : tensor([0.], dtype=torch.float64)
Running loss: -5564.3604876095205
Time elapsed: 440.7272889614105

Final parameters:
 parameters:
- sigma_n_log : tensor([-7.7589], dtype=torch.float64)
- log_lengthscales_par : tensor([-0.7727,  2.3280,  0.0221,  3.9647,  4.5087,  5.3009,  5.5021,  4.6928,
         1.4378,  4.4949,  4.1985,  4.6120,  4.2637,  1.7894],
       dtype=torch.float64)
- log_lambda_par : tensor([-5.6497], dtype=torch.float64)
- mean_par : tensor([0.], dtype=torch.float64)
MSE gp 6:  tensor(1.6811e-07, dtype=torch.float64)

Initial parameters:
 parameters:
- sigma_n_log : tensor([-4.6052], dtype=torch.float64)
- log_lengthscales_par : tensor([0., 0., 0., 0., 0., 0., 0., 0., 0., 0., 0., 0., 0., 0.],
       dtype=torch.float64)
- log_lambda_par : tensor([0.], dtype=torch.float64)
- mean_par : tensor([0.], dtype=torch.float64)

EPOCH: 0
 parameters:
- sigma_n_log : tensor([-4.6152], dtype=torch.float64)
- log_lengthscales_par : tensor([1.0000e-02, 1.0000e-02, 2.0584e-08, 1.0000e-02, 1.0000e-02, 1.0000e-02,
        1.0000e-02, 1.0000e-02, 1.0000e-02, 1.0000e-02, 1.0000e-02, 1.0000e-02,
        1.0000e-02, 1.0000e-02], dtype=torch.float64)
- log_lambda_par : tensor([-0.0100], dtype=torch.float64)
- mean_par : tensor([0.], dtype=torch.float64)
Running loss: -586.2561261631644
Time elapsed: 0.5204005241394043

EPOCH: 1000
 parameters:
- sigma_n_log : tensor([-2.7476], dtype=torch.float64)
- log_lengthscales_par : tensor([-2.6409e+00,  3.2146e+00, -1.0784e-05,  2.2495e+00,  2.8005e+00,
         2.3878e+00,  2.2335e+00, -1.3910e-01,  2.6334e+00,  3.9418e-01,
         3.0208e-01,  2.4129e+00,  2.4389e+00,  1.1944e+00],
       dtype=torch.float64)
- log_lambda_par : tensor([-2.9921], dtype=torch.float64)
- mean_par : tensor([0.], dtype=torch.float64)
Running loss: -1486.7296460333414
Time elapsed: 442.67254972457886

EPOCH: 2000
 parameters:
- sigma_n_log : tensor([-2.7881], dtype=torch.float64)
- log_lengthscales_par : tensor([-3.0510e+00,  4.1928e+00, -1.0757e-05,  2.9146e+00,  3.6783e+00,
         2.0847e+00,  2.6789e+00,  1.8575e-01,  2.9954e+00,  1.8253e-02,
         7.1164e-02,  2.1643e+00,  2.6275e+00,  9.7329e-01],
       dtype=torch.float64)
- log_lambda_par : tensor([-3.4312], dtype=torch.float64)
- mean_par : tensor([0.], dtype=torch.float64)
Running loss: -1494.6866585459677
Time elapsed: 443.2417516708374

Final parameters:
 parameters:
- sigma_n_log : tensor([-2.7881], dtype=torch.float64)
- log_lengthscales_par : tensor([-3.0510e+00,  4.1928e+00, -1.0757e-05,  2.9146e+00,  3.6783e+00,
         2.0847e+00,  2.6789e+00,  1.8575e-01,  2.9954e+00,  1.8253e-02,
         7.1164e-02,  2.1643e+00,  2.6275e+00,  9.7329e-01],
       dtype=torch.float64)
- log_lambda_par : tensor([-3.4312], dtype=torch.float64)
- mean_par : tensor([0.], dtype=torch.float64)
MSE gp 7:  tensor(0.0025, dtype=torch.float64)

Trained hyperparameters:
GP 1:
 parameters:
- sigma_n_log : tensor([-4.0507], dtype=torch.float64)
- log_lengthscales_par : tensor([ 5.6341e-01,  3.1336e+00, -1.2737e-05,  1.1731e+00,  2.9656e+00,
         3.7533e+00,  3.1553e+00,  1.3840e+00,  4.1126e+00,  1.6041e+00,
         1.6188e+00,  3.7736e+00,  2.3987e+00,  1.8757e+00],
       dtype=torch.float64)
- log_lambda_par : tensor([-2.9623], dtype=torch.float64)
- mean_par : tensor([0.], dtype=torch.float64)
GP 2:
 parameters:
- sigma_n_log : tensor([-2.7404], dtype=torch.float64)
- log_lengthscales_par : tensor([ 3.0789e+00, -2.7123e+00, -4.9414e-06,  3.6801e+00,  9.2765e-01,
         4.0157e+00,  2.4158e+00,  3.3889e+00,  2.7625e-01,  3.4163e+00,
         1.8984e+00,  2.5849e+00,  4.0424e+00,  1.9131e+00],
       dtype=torch.float64)
- log_lambda_par : tensor([0.6762], dtype=torch.float64)
- mean_par : tensor([0.], dtype=torch.float64)
GP 3:
 parameters:
- sigma_n_log : tensor([-11.9493], dtype=torch.float64)
- log_lengthscales_par : tensor([5.2811e+00, 4.9295e+00, 1.6478e-04, 5.2149e+00, 5.2624e+00, 6.1249e+00,
        6.0000e+00, 5.3246e+00, 8.6343e+00, 5.5251e+00, 5.1091e+00, 4.9904e+00,
        5.2995e+00, 6.8130e+00], dtype=torch.float64)
- log_lambda_par : tensor([-5.9221], dtype=torch.float64)
- mean_par : tensor([0.], dtype=torch.float64)
GP 4:
 parameters:
- sigma_n_log : tensor([-11.8050], dtype=torch.float64)
- log_lengthscales_par : tensor([-0.4786,  5.1694,  0.1294,  2.8550,  5.1246,  4.9090,  5.3890,  5.6241,
        -3.8679,  3.7440,  5.2619,  5.8438,  5.7937,  6.6874],
       dtype=torch.float64)
- log_lambda_par : tensor([-3.7184], dtype=torch.float64)
- mean_par : tensor([0.], dtype=torch.float64)
GP 5:
 parameters:
- sigma_n_log : tensor([-3.0909], dtype=torch.float64)
- log_lengthscales_par : tensor([ 4.2909e+00, -1.5339e+00, -5.4031e-05,  4.9324e+00,  3.4220e-01,
         2.3091e+00,  4.1804e+00,  4.1048e+00,  6.9219e-01,  4.0705e+00,
         4.1750e+00,  2.7671e+00,  5.1106e+00,  3.7947e+00],
       dtype=torch.float64)
- log_lambda_par : tensor([-0.0363], dtype=torch.float64)
- mean_par : tensor([0.], dtype=torch.float64)
GP 6:
 parameters:
- sigma_n_log : tensor([-2.6127], dtype=torch.float64)
- log_lengthscales_par : tensor([ 3.3537e+00, -2.6698e+00,  2.2746e-05,  4.2052e+00,  8.5824e-01,
         1.7952e+00,  4.3441e+00,  3.8341e+00,  1.4263e+00,  4.3554e+00,
         4.6977e+00,  3.2016e+00,  4.3806e+00,  3.4350e+00],
       dtype=torch.float64)
- log_lambda_par : tensor([1.7916], dtype=torch.float64)
- mean_par : tensor([0.], dtype=torch.float64)
GP 7:
 parameters:
- sigma_n_log : tensor([-7.7589], dtype=torch.float64)
- log_lengthscales_par : tensor([-0.7727,  2.3280,  0.0221,  3.9647,  4.5087,  5.3009,  5.5021,  4.6928,
         1.4378,  4.4949,  4.1985,  4.6120,  4.2637,  1.7894],
       dtype=torch.float64)
- log_lambda_par : tensor([-5.6497], dtype=torch.float64)
- mean_par : tensor([0.], dtype=torch.float64)
GP 8:
 parameters:
- sigma_n_log : tensor([-2.7881], dtype=torch.float64)
- log_lengthscales_par : tensor([-3.0510e+00,  4.1928e+00, -1.0757e-05,  2.9146e+00,  3.6783e+00,
         2.0847e+00,  2.6789e+00,  1.8575e-01,  2.9954e+00,  1.8253e-02,
         7.1164e-02,  2.1643e+00,  2.6275e+00,  9.7329e-01],
       dtype=torch.float64)
- log_lambda_par : tensor([-3.4312], dtype=torch.float64)
- mean_par : tensor([0.], dtype=torch.float64)

held-out NEXT-STATE MSE (model units) -- phase 1 (rl_it1_p1):
  0 pH     model=4.084004e-04  persistence=9.707955e-04  OK
  1 T      model=1.568327e-01  persistence=7.056690e-01  OK
  2 Fa     model=0.000000e+00  persistence=0.000000e+00  WORSE
  3 Fb     model=1.850756e-06  persistence=4.664815e-03  OK
  4 Fc     model=9.358701e-03  persistence=2.546319e-01  OK
  5 Fh     model=4.072220e-01  persistence=2.152572e+00  OK
  6 Wt     model=1.350673e-07  persistence=1.049906e-04  OK
  7 DO2    model=1.009867e-02  persistence=1.294008e-02  OK

mean MSE 7.299031e-02   persistence 3.914442e-01
model beats persistence: True
[pensim] statistics saved -> /home/s2892016/Thesis/MCPILCO/results_rlloop_s1/pensim_stats_rl_it1_p1.json

saved -> /home/s2892016/Thesis/MCPILCO/results_rlloop_s1/rbf_model_rl_it1_p1.pt
saved -> /home/s2892016/Thesis/MCPILCO/results_rlloop_s1/rbf_metrics_rl_it1_p1.json
