=== training world model: phase=1 (rl_it2_p1)  n_keep=800  n_epoch=2001  select=pivchol ===
[loop] reusing frozen standardizer stats from /home/s2892016/Thesis/MCPILCO/results_pensim/rbf_model_bnd_rbf_iter0_phase0.pt
[pensim] dataset folder (PENSIM_DATA_DIR): /home/s2892016/Thesis/deps/smpl/smpl/configdata/pensim_rlloop_s1  (14 CSVs)
max observations: [2.76000000e+02 8.05261517e+00 3.62841400e+02 6.85863686e+00
 2.70000000e+02 1.80000012e+03 9.46039368e+02 1.26920055e+05
 2.39494171e+01]
min observations: [1.6000001e-01 4.5955915e+00 2.3797954e+02 0.0000000e+00 0.0000000e+00
 0.0000000e+00 0.0000000e+00 5.0006516e+04 2.3598127e+00]
dataset max observations: [2.3000000e+02 6.6375961e+00 2.9998679e+02 4.6791539e+00 2.2500000e+02
 8.5188696e+02 6.8134393e+02 1.1434737e+05 1.9388021e+01]
dataset min observations: [0.0000000e+00 6.0929465e+00 2.9777319e+02 0.0000000e+00 0.0000000e+00
 9.9999997e-05 9.9999997e-05 6.1848688e+04 9.0607529e+00]
max actions: [4.10e+03 1.51e+02 3.60e+01 7.60e+01 1.20e+00 5.10e+02]
min actions: [ 0.   7.  21.  29.   0.5  0. ]
dataset max actions: [4.094559e+03 1.470660e+02 3.580100e+01 7.514100e+01 1.132000e+00
 5.038400e+02]
dataset min actions: [ 0.     7.361 21.249 29.636  0.545  0.   ]
normalize: True
using max/min observations and actions.
[pensim] using SAVED standardizer statistics
[pensim] loader time bounds: [0.16, 276.00] h
[pensim] 16098 transitions | obs 8d act 6d
[pensim] obs per-dim std: [0.4553 0.9115 1.1485 1.0165 0.8726 0.7905 0.9384 1.4729]
[pensim] time range: -0.00 .. 230.00 h
[pensim]   phase 0 [0, 47.5) h: 3318 transitions
[pensim]   phase 1 [47.5, 72.5) h: 1750 transitions
[pensim]   phase 2 [72.5, inf) h: 11028 transitions
[std] fitted on 16098 transitions (14.00 CSVs)  [PINNED via -std_from]
[std] obs_sd = [0.0329  0.00339 0.03372 0.30286 0.17267 0.11814 0.34974 0.11855]
[std] act_sd = [0.30882 0.24979 0.48691 0.34592 0.29527 0.43871]
[pensim] phase 1: t in [47.5, 72.5) h  ->  1750 of 16098 transitions (10.9%)
[pivchol] selected 800/1550 points  (residual trace 7.121e-01)
train N=800   test N=200   gp input dim=14   num_gp=8
training-set time span: 47.60 .. 72.40 h
EXACT GP INFERENCE SELECTED

Initial parameters:
 parameters:
- sigma_n_log : tensor([-4.6052], dtype=torch.float64)
- log_lengthscales_par : tensor([0., 0., 0., 0., 0., 0., 0., 0., 0., 0., 0., 0., 0., 0.],
       dtype=torch.float64)
- log_lambda_par : tensor([0.], dtype=torch.float64)
- mean_par : tensor([0.], dtype=torch.float64)

EPOCH: 0
 parameters:
- sigma_n_log : tensor([-4.6152], dtype=torch.float64)
- log_lengthscales_par : tensor([1.0000e-02, 1.0000e-02, 6.4837e-09, 1.0000e-02, 1.0000e-02, 1.0000e-02,
        1.0000e-02, 1.0000e-02, 1.0000e-02, 1.0000e-02, 1.0000e-02, 1.0000e-02,
        1.0000e-02, 1.0000e-02], dtype=torch.float64)
- log_lambda_par : tensor([-0.0100], dtype=torch.float64)
- mean_par : tensor([0.], dtype=torch.float64)
Running loss: -549.2709898957746
Time elapsed: 0.6073315143585205

EPOCH: 1000
 parameters:
- sigma_n_log : tensor([-3.9809], dtype=torch.float64)
- log_lengthscales_par : tensor([ 1.0658e+00,  2.7854e+00, -4.3796e-05,  1.3160e+00,  2.6233e+00,
         3.5307e+00,  2.2018e+00,  1.7708e+00,  7.1327e-01,  1.9854e+00,
         2.4724e+00,  2.7599e+00,  2.1957e+00,  2.2617e+00],
       dtype=torch.float64)
- log_lambda_par : tensor([-2.3918], dtype=torch.float64)
- mean_par : tensor([0.], dtype=torch.float64)
Running loss: -2650.2192991417487
Time elapsed: 482.7047824859619

EPOCH: 2000
 parameters:
- sigma_n_log : tensor([-3.9830], dtype=torch.float64)
- log_lengthscales_par : tensor([ 4.7048e-01,  3.3321e+00, -4.7461e-05,  1.0124e+00,  2.6956e+00,
         3.5532e+00,  2.7498e+00,  1.4106e+00,  1.0050e+00,  1.6334e+00,
         2.6473e+00,  3.7643e+00,  1.9972e+00,  2.1094e+00],
       dtype=torch.float64)
- log_lambda_par : tensor([-3.0669], dtype=torch.float64)
- mean_par : tensor([0.], dtype=torch.float64)
Running loss: -2658.96200011277
Time elapsed: 485.2080855369568

Final parameters:
 parameters:
- sigma_n_log : tensor([-3.9830], dtype=torch.float64)
- log_lengthscales_par : tensor([ 4.7048e-01,  3.3321e+00, -4.7461e-05,  1.0124e+00,  2.6956e+00,
         3.5532e+00,  2.7498e+00,  1.4106e+00,  1.0050e+00,  1.6334e+00,
         2.6473e+00,  3.7643e+00,  1.9972e+00,  2.1094e+00],
       dtype=torch.float64)
- log_lambda_par : tensor([-3.0669], dtype=torch.float64)
- mean_par : tensor([0.], dtype=torch.float64)
MSE gp 0:  tensor(0.0003, dtype=torch.float64)

Initial parameters:
 parameters:
- sigma_n_log : tensor([-4.6052], dtype=torch.float64)
- log_lengthscales_par : tensor([0., 0., 0., 0., 0., 0., 0., 0., 0., 0., 0., 0., 0., 0.],
       dtype=torch.float64)
- log_lambda_par : tensor([0.], dtype=torch.float64)
- mean_par : tensor([0.], dtype=torch.float64)

EPOCH: 0
 parameters:
- sigma_n_log : tensor([-4.5952], dtype=torch.float64)
- log_lengthscales_par : tensor([-1.0000e-02, -1.0000e-02, -1.9081e-07, -1.0000e-02, -1.0000e-02,
         1.0000e-02, -1.0000e-02, -1.0000e-02,  1.0000e-02, -1.0000e-02,
         1.0000e-02, -1.0000e-02, -1.0000e-02, -1.0000e-02],
       dtype=torch.float64)
- log_lambda_par : tensor([0.0100], dtype=torch.float64)
- mean_par : tensor([0.], dtype=torch.float64)
Running loss: 2541.8968762230575
Time elapsed: 0.5198841094970703

EPOCH: 1000
 parameters:
- sigma_n_log : tensor([-1.7996], dtype=torch.float64)
- log_lengthscales_par : tensor([ 2.1375e+00, -1.4628e+00,  7.5129e-06,  2.2007e+00,  4.4145e-01,
         3.1778e+00,  1.3936e+00,  2.9483e+00,  1.8866e-01,  3.1941e+00,
         3.0091e+00,  8.1666e-01,  3.4419e+00,  2.4102e+00],
       dtype=torch.float64)
- log_lambda_par : tensor([0.5823], dtype=torch.float64)
- mean_par : tensor([0.], dtype=torch.float64)
Running loss: -444.3942614395578
Time elapsed: 486.9934597015381

EPOCH: 2000
 parameters:
- sigma_n_log : tensor([-1.8149], dtype=torch.float64)
- log_lengthscales_par : tensor([ 2.9543e+00, -1.4909e+00,  3.6108e-06,  2.4526e+00,  4.2430e-01,
         3.8926e+00,  1.3289e+00,  3.1177e+00,  3.7283e-02,  3.7130e+00,
         3.0120e+00,  8.3673e-01,  4.2182e+00,  2.3692e+00],
       dtype=torch.float64)
- log_lambda_par : tensor([0.6237], dtype=torch.float64)
- mean_par : tensor([0.], dtype=torch.float64)
Running loss: -447.55960536585724
Time elapsed: 488.6043040752411

Final parameters:
 parameters:
- sigma_n_log : tensor([-1.8149], dtype=torch.float64)
- log_lengthscales_par : tensor([ 2.9543e+00, -1.4909e+00,  3.6108e-06,  2.4526e+00,  4.2430e-01,
         3.8926e+00,  1.3289e+00,  3.1177e+00,  3.7283e-02,  3.7130e+00,
         3.0120e+00,  8.3673e-01,  4.2182e+00,  2.3692e+00],
       dtype=torch.float64)
- log_lambda_par : tensor([0.6237], dtype=torch.float64)
- mean_par : tensor([0.], dtype=torch.float64)
MSE gp 1:  tensor(0.0142, dtype=torch.float64)

Initial parameters:
 parameters:
- sigma_n_log : tensor([-4.6052], dtype=torch.float64)
- log_lengthscales_par : tensor([0., 0., 0., 0., 0., 0., 0., 0., 0., 0., 0., 0., 0., 0.],
       dtype=torch.float64)
- log_lambda_par : tensor([0.], dtype=torch.float64)
- mean_par : tensor([0.], dtype=torch.float64)

EPOCH: 0
 parameters:
- sigma_n_log : tensor([-4.6152], dtype=torch.float64)
- log_lengthscales_par : tensor([ 1.0000e-02,  1.0000e-02, -5.3024e-10,  1.0000e-02,  1.0000e-02,
         1.0000e-02,  1.0000e-02,  1.0000e-02,  1.0000e-02,  1.0000e-02,
         1.0000e-02,  1.0000e-02,  1.0000e-02,  1.0000e-02],
       dtype=torch.float64)
- log_lambda_par : tensor([-0.0100], dtype=torch.float64)
- mean_par : tensor([0.], dtype=torch.float64)
Running loss: -552.6753764370328
Time elapsed: 0.5096821784973145

EPOCH: 1000
 parameters:
- sigma_n_log : tensor([-11.3052], dtype=torch.float64)
- log_lengthscales_par : tensor([4.6167e+00, 4.0531e+00, 1.2536e-04, 4.4018e+00, 4.2908e+00, 5.1653e+00,
        5.0139e+00, 4.4369e+00, 7.4305e+00, 4.6958e+00, 4.3443e+00, 4.2240e+00,
        4.4462e+00, 5.7188e+00], dtype=torch.float64)
- log_lambda_par : tensor([-4.3558], dtype=torch.float64)
- mean_par : tensor([0.], dtype=torch.float64)
Running loss: -7224.614539414028
Time elapsed: 482.89809679985046

EPOCH: 2000
 parameters:
- sigma_n_log : tensor([-12.0069], dtype=torch.float64)
- log_lengthscales_par : tensor([ 5.4901e+00,  4.9693e+00, -4.8965e-03,  5.3712e+00,  5.3043e+00,
         6.1840e+00,  6.1248e+00,  5.4382e+00,  8.3965e+00,  5.6813e+00,
         5.2756e+00,  5.0567e+00,  5.3797e+00,  6.7547e+00],
       dtype=torch.float64)
- log_lambda_par : tensor([-5.9060], dtype=torch.float64)
- mean_par : tensor([0.], dtype=torch.float64)
Running loss: -7307.790904933573
Time elapsed: 484.00702476501465

Final parameters:
 parameters:
- sigma_n_log : tensor([-12.0069], dtype=torch.float64)
- log_lengthscales_par : tensor([ 5.4901e+00,  4.9693e+00, -4.8965e-03,  5.3712e+00,  5.3043e+00,
         6.1840e+00,  6.1248e+00,  5.4382e+00,  8.3965e+00,  5.6813e+00,
         5.2756e+00,  5.0567e+00,  5.3797e+00,  6.7547e+00],
       dtype=torch.float64)
- log_lambda_par : tensor([-5.9060], dtype=torch.float64)
- mean_par : tensor([0.], dtype=torch.float64)
MSE gp 2:  tensor(0., dtype=torch.float64)

Initial parameters:
 parameters:
- sigma_n_log : tensor([-4.6052], dtype=torch.float64)
- log_lengthscales_par : tensor([0., 0., 0., 0., 0., 0., 0., 0., 0., 0., 0., 0., 0., 0.],
       dtype=torch.float64)
- log_lambda_par : tensor([0.], dtype=torch.float64)
- mean_par : tensor([0.], dtype=torch.float64)

EPOCH: 0
 parameters:
- sigma_n_log : tensor([-4.6152], dtype=torch.float64)
- log_lengthscales_par : tensor([1.0000e-02, 1.0000e-02, 6.7413e-09, 1.0000e-02, 1.0000e-02, 1.0000e-02,
        1.0000e-02, 1.0000e-02, 1.0000e-02, 1.0000e-02, 1.0000e-02, 1.0000e-02,
        1.0000e-02, 1.0000e-02], dtype=torch.float64)
- log_lambda_par : tensor([-0.0100], dtype=torch.float64)
- mean_par : tensor([0.], dtype=torch.float64)
Running loss: -551.0734651826047
Time elapsed: 0.5160174369812012

EPOCH: 1000
 parameters:
- sigma_n_log : tensor([-11.3053], dtype=torch.float64)
- log_lengthscales_par : tensor([ 0.6506,  4.5067,  0.0924,  0.9471,  4.6024,  5.3870,  4.8420,  3.8793,
        -4.2709,  4.0468,  4.5477,  4.7297,  4.7673,  5.7917],
       dtype=torch.float64)
- log_lambda_par : tensor([-2.7496], dtype=torch.float64)
- mean_par : tensor([0.], dtype=torch.float64)
Running loss: -6240.178360226552
Time elapsed: 493.78302478790283

EPOCH: 2000
 parameters:
- sigma_n_log : tensor([-11.9498], dtype=torch.float64)
- log_lengthscales_par : tensor([ 0.9271,  6.1606,  0.4456,  0.9918,  5.8099,  5.6718,  5.9993,  3.9448,
        -4.2116,  4.6104,  5.9214,  6.4265,  6.1615,  7.0042],
       dtype=torch.float64)
- log_lambda_par : tensor([-2.0359], dtype=torch.float64)
- mean_par : tensor([0.], dtype=torch.float64)
Running loss: -6320.100913751866
Time elapsed: 541.6677701473236

Final parameters:
 parameters:
- sigma_n_log : tensor([-11.9498], dtype=torch.float64)
- log_lengthscales_par : tensor([ 0.9271,  6.1606,  0.4456,  0.9918,  5.8099,  5.6718,  5.9993,  3.9448,
        -4.2116,  4.6104,  5.9214,  6.4265,  6.1615,  7.0042],
       dtype=torch.float64)
- log_lambda_par : tensor([-2.0359], dtype=torch.float64)
- mean_par : tensor([0.], dtype=torch.float64)
MSE gp 3:  tensor(3.6158e-09, dtype=torch.float64)

Initial parameters:
 parameters:
- sigma_n_log : tensor([-4.6052], dtype=torch.float64)
- log_lengthscales_par : tensor([0., 0., 0., 0., 0., 0., 0., 0., 0., 0., 0., 0., 0., 0.],
       dtype=torch.float64)
- log_lambda_par : tensor([0.], dtype=torch.float64)
- mean_par : tensor([0.], dtype=torch.float64)

EPOCH: 0
 parameters:
- sigma_n_log : tensor([-4.5952], dtype=torch.float64)
- log_lengthscales_par : tensor([ 1.0000e-02, -1.0000e-02, -1.0389e-08,  1.0000e-02, -1.0000e-02,
         1.0000e-02,  1.0000e-02,  1.0000e-02,  1.0000e-02,  1.0000e-02,
         1.0000e-02,  1.0000e-02,  1.0000e-02,  1.0000e-02],
       dtype=torch.float64)
- log_lambda_par : tensor([-0.0100], dtype=torch.float64)
- mean_par : tensor([0.], dtype=torch.float64)
Running loss: -263.7478833231005
Time elapsed: 0.5131514072418213

EPOCH: 1000
 parameters:
- sigma_n_log : tensor([-3.0574], dtype=torch.float64)
- log_lengthscales_par : tensor([ 1.6057e+00, -1.1189e+00, -3.0585e-05,  3.6562e+00,  4.7517e-01,
         2.2643e+00,  2.0065e+00,  3.6198e+00,  2.5160e-01,  3.5909e+00,
         3.6097e+00,  1.6165e+00,  4.1350e+00,  3.4733e+00],
       dtype=torch.float64)
- log_lambda_par : tensor([-0.0997], dtype=torch.float64)
- mean_par : tensor([0.], dtype=torch.float64)
Running loss: -1351.036891039318
Time elapsed: 482.8881928920746

EPOCH: 2000
 parameters:
- sigma_n_log : tensor([-3.0656], dtype=torch.float64)
- log_lengthscales_par : tensor([ 1.5765e+00, -1.1163e+00, -7.4482e-05,  4.5956e+00,  4.6411e-01,
         2.3083e+00,  1.9791e+00,  4.4475e+00,  2.4183e-01,  3.6102e+00,
         3.7203e+00,  1.5849e+00,  5.0668e+00,  3.5435e+00],
       dtype=torch.float64)
- log_lambda_par : tensor([-0.0301], dtype=torch.float64)
- mean_par : tensor([0.], dtype=torch.float64)
Running loss: -1355.9570436190816
Time elapsed: 482.997193813324

Final parameters:
 parameters:
- sigma_n_log : tensor([-3.0656], dtype=torch.float64)
- log_lengthscales_par : tensor([ 1.5765e+00, -1.1163e+00, -7.4482e-05,  4.5956e+00,  4.6411e-01,
         2.3083e+00,  1.9791e+00,  4.4475e+00,  2.4183e-01,  3.6102e+00,
         3.7203e+00,  1.5849e+00,  5.0668e+00,  3.5435e+00],
       dtype=torch.float64)
- log_lambda_par : tensor([-0.0301], dtype=torch.float64)
- mean_par : tensor([0.], dtype=torch.float64)
MSE gp 4:  tensor(0.0012, dtype=torch.float64)

Initial parameters:
 parameters:
- sigma_n_log : tensor([-4.6052], dtype=torch.float64)
- log_lengthscales_par : tensor([0., 0., 0., 0., 0., 0., 0., 0., 0., 0., 0., 0., 0., 0.],
       dtype=torch.float64)
- log_lambda_par : tensor([0.], dtype=torch.float64)
- mean_par : tensor([0.], dtype=torch.float64)

EPOCH: 0
 parameters:
- sigma_n_log : tensor([-4.5952], dtype=torch.float64)
- log_lengthscales_par : tensor([-1.0000e-02, -1.0000e-02, -5.8528e-07, -1.0000e-02, -1.0000e-02,
         1.0000e-02, -1.0000e-02, -1.0000e-02,  1.0000e-02, -1.0000e-02,
         1.0000e-02, -1.0000e-02, -1.0000e-02, -1.0000e-02],
       dtype=torch.float64)
- log_lambda_par : tensor([0.0100], dtype=torch.float64)
- mean_par : tensor([0.], dtype=torch.float64)
Running loss: 4230.485278660033
Time elapsed: 0.5166356563568115

EPOCH: 1000
 parameters:
- sigma_n_log : tensor([-1.6418], dtype=torch.float64)
- log_lengthscales_par : tensor([ 2.7687e+00, -1.3110e+00,  2.4620e-06,  2.2362e+00,  5.1649e-01,
         1.8347e+00,  3.1470e+00,  3.5481e+00,  2.9982e+00,  3.7026e+00,
         3.7689e+00,  1.0193e+00,  3.7778e+00,  4.5692e+00],
       dtype=torch.float64)
- log_lambda_par : tensor([1.6075], dtype=torch.float64)
- mean_par : tensor([0.], dtype=torch.float64)
Running loss: -309.667338037348
Time elapsed: 472.4663519859314

EPOCH: 2000
 parameters:
- sigma_n_log : tensor([-1.6275], dtype=torch.float64)
- log_lengthscales_par : tensor([ 3.7489e+00, -1.3045e+00,  4.4617e-05,  2.3592e+00,  6.1566e-01,
         1.9905e+00,  4.2604e+00,  3.8926e+00,  4.0197e+00,  4.7655e+00,
         4.9143e+00,  1.1497e+00,  4.6129e+00,  5.6597e+00],
       dtype=torch.float64)
- log_lambda_par : tensor([1.9751], dtype=torch.float64)
- mean_par : tensor([0.], dtype=torch.float64)
Running loss: -324.467644051822
Time elapsed: 476.6134788990021

Final parameters:
 parameters:
- sigma_n_log : tensor([-1.6275], dtype=torch.float64)
- log_lengthscales_par : tensor([ 3.7489e+00, -1.3045e+00,  4.4617e-05,  2.3592e+00,  6.1566e-01,
         1.9905e+00,  4.2604e+00,  3.8926e+00,  4.0197e+00,  4.7655e+00,
         4.9143e+00,  1.1497e+00,  4.6129e+00,  5.6597e+00],
       dtype=torch.float64)
- log_lambda_par : tensor([1.9751], dtype=torch.float64)
- mean_par : tensor([0.], dtype=torch.float64)
MSE gp 5:  tensor(0.0237, dtype=torch.float64)

Initial parameters:
 parameters:
- sigma_n_log : tensor([-4.6052], dtype=torch.float64)
- log_lengthscales_par : tensor([0., 0., 0., 0., 0., 0., 0., 0., 0., 0., 0., 0., 0., 0.],
       dtype=torch.float64)
- log_lambda_par : tensor([0.], dtype=torch.float64)
- mean_par : tensor([0.], dtype=torch.float64)

EPOCH: 0
 parameters:
- sigma_n_log : tensor([-4.6152], dtype=torch.float64)
- log_lengthscales_par : tensor([ 1.0000e-02,  1.0000e-02, -1.7503e-09,  1.0000e-02,  1.0000e-02,
         1.0000e-02,  1.0000e-02,  1.0000e-02,  1.0000e-02,  1.0000e-02,
         1.0000e-02,  1.0000e-02,  1.0000e-02,  1.0000e-02],
       dtype=torch.float64)
- log_lambda_par : tensor([-0.0100], dtype=torch.float64)
- mean_par : tensor([0.], dtype=torch.float64)
Running loss: -552.6694741194468
Time elapsed: 0.5238652229309082

EPOCH: 1000
 parameters:
- sigma_n_log : tensor([-7.7311], dtype=torch.float64)
- log_lengthscales_par : tensor([-0.4862,  2.9601,  0.0548,  3.4841,  3.6872,  4.6151,  4.0336,  3.4115,
         3.3358,  3.4112,  3.5430,  3.8438,  3.5427,  2.3793],
       dtype=torch.float64)
- log_lambda_par : tensor([-3.6464], dtype=torch.float64)
- mean_par : tensor([0.], dtype=torch.float64)
Running loss: -5430.611147224449
Time elapsed: 475.78930854797363

EPOCH: 2000
 parameters:
- sigma_n_log : tensor([-7.7711], dtype=torch.float64)
- log_lengthscales_par : tensor([-0.9354,  3.9506,  0.0443,  4.7656,  4.4895,  5.4233,  5.3126,  4.4731,
         4.7986,  1.5796,  2.6280,  5.0628,  4.1413,  1.8166],
       dtype=torch.float64)
- log_lambda_par : tensor([-5.9302], dtype=torch.float64)
- mean_par : tensor([0.], dtype=torch.float64)
Running loss: -5538.163950111456
Time elapsed: 475.9961202144623

Final parameters:
 parameters:
- sigma_n_log : tensor([-7.7711], dtype=torch.float64)
- log_lengthscales_par : tensor([-0.9354,  3.9506,  0.0443,  4.7656,  4.4895,  5.4233,  5.3126,  4.4731,
         4.7986,  1.5796,  2.6280,  5.0628,  4.1413,  1.8166],
       dtype=torch.float64)
- log_lambda_par : tensor([-5.9302], dtype=torch.float64)
- mean_par : tensor([0.], dtype=torch.float64)
MSE gp 6:  tensor(1.5893e-07, dtype=torch.float64)

Initial parameters:
 parameters:
- sigma_n_log : tensor([-4.6052], dtype=torch.float64)
- log_lengthscales_par : tensor([0., 0., 0., 0., 0., 0., 0., 0., 0., 0., 0., 0., 0., 0.],
       dtype=torch.float64)
- log_lambda_par : tensor([0.], dtype=torch.float64)
- mean_par : tensor([0.], dtype=torch.float64)

EPOCH: 0
 parameters:
- sigma_n_log : tensor([-4.6152], dtype=torch.float64)
- log_lengthscales_par : tensor([1.0000e-02, 1.0000e-02, 1.5461e-08, 1.0000e-02, 1.0000e-02, 1.0000e-02,
        1.0000e-02, 1.0000e-02, 1.0000e-02, 1.0000e-02, 1.0000e-02, 1.0000e-02,
        1.0000e-02, 1.0000e-02], dtype=torch.float64)
- log_lambda_par : tensor([-0.0100], dtype=torch.float64)
- mean_par : tensor([0.], dtype=torch.float64)
Running loss: -492.4965189240416
Time elapsed: 0.49573230743408203

EPOCH: 1000
 parameters:
- sigma_n_log : tensor([-2.6642], dtype=torch.float64)
- log_lengthscales_par : tensor([-2.5087e+00,  3.4009e+00,  7.2137e-07,  2.4967e+00,  2.9489e+00,
         2.5149e+00,  1.9560e+00,  1.8817e-01,  2.7168e+00,  8.1530e-02,
         4.7295e-01,  1.6746e+00,  2.2506e+00,  1.2317e+00],
       dtype=torch.float64)
- log_lambda_par : tensor([-3.0195], dtype=torch.float64)
- mean_par : tensor([0.], dtype=torch.float64)
Running loss: -1444.757806431397
Time elapsed: 476.907751083374

EPOCH: 2000
 parameters:
- sigma_n_log : tensor([-2.7125], dtype=torch.float64)
- log_lengthscales_par : tensor([-3.1119e+00,  4.1407e+00,  7.8895e-07,  3.1809e+00,  3.5910e+00,
         2.1479e+00,  6.9588e-01,  1.4623e+00,  3.0988e+00, -2.5560e-01,
         6.2909e-03,  1.4835e+00,  2.7530e+00,  1.0151e+00],
       dtype=torch.float64)
- log_lambda_par : tensor([-3.5126], dtype=torch.float64)
- mean_par : tensor([0.], dtype=torch.float64)
Running loss: -1453.612393334111
Time elapsed: 471.04052233695984

Final parameters:
 parameters:
- sigma_n_log : tensor([-2.7125], dtype=torch.float64)
- log_lengthscales_par : tensor([-3.1119e+00,  4.1407e+00,  7.8895e-07,  3.1809e+00,  3.5910e+00,
         2.1479e+00,  6.9588e-01,  1.4623e+00,  3.0988e+00, -2.5560e-01,
         6.2909e-03,  1.4835e+00,  2.7530e+00,  1.0151e+00],
       dtype=torch.float64)
- log_lambda_par : tensor([-3.5126], dtype=torch.float64)
- mean_par : tensor([0.], dtype=torch.float64)
MSE gp 7:  tensor(0.0029, dtype=torch.float64)

Trained hyperparameters:
GP 1:
 parameters:
- sigma_n_log : tensor([-3.9830], dtype=torch.float64)
- log_lengthscales_par : tensor([ 4.7048e-01,  3.3321e+00, -4.7461e-05,  1.0124e+00,  2.6956e+00,
         3.5532e+00,  2.7498e+00,  1.4106e+00,  1.0050e+00,  1.6334e+00,
         2.6473e+00,  3.7643e+00,  1.9972e+00,  2.1094e+00],
       dtype=torch.float64)
- log_lambda_par : tensor([-3.0669], dtype=torch.float64)
- mean_par : tensor([0.], dtype=torch.float64)
GP 2:
 parameters:
- sigma_n_log : tensor([-1.8149], dtype=torch.float64)
- log_lengthscales_par : tensor([ 2.9543e+00, -1.4909e+00,  3.6108e-06,  2.4526e+00,  4.2430e-01,
         3.8926e+00,  1.3289e+00,  3.1177e+00,  3.7283e-02,  3.7130e+00,
         3.0120e+00,  8.3673e-01,  4.2182e+00,  2.3692e+00],
       dtype=torch.float64)
- log_lambda_par : tensor([0.6237], dtype=torch.float64)
- mean_par : tensor([0.], dtype=torch.float64)
GP 3:
 parameters:
- sigma_n_log : tensor([-12.0069], dtype=torch.float64)
- log_lengthscales_par : tensor([ 5.4901e+00,  4.9693e+00, -4.8965e-03,  5.3712e+00,  5.3043e+00,
         6.1840e+00,  6.1248e+00,  5.4382e+00,  8.3965e+00,  5.6813e+00,
         5.2756e+00,  5.0567e+00,  5.3797e+00,  6.7547e+00],
       dtype=torch.float64)
- log_lambda_par : tensor([-5.9060], dtype=torch.float64)
- mean_par : tensor([0.], dtype=torch.float64)
GP 4:
 parameters:
- sigma_n_log : tensor([-11.9498], dtype=torch.float64)
- log_lengthscales_par : tensor([ 0.9271,  6.1606,  0.4456,  0.9918,  5.8099,  5.6718,  5.9993,  3.9448,
        -4.2116,  4.6104,  5.9214,  6.4265,  6.1615,  7.0042],
       dtype=torch.float64)
- log_lambda_par : tensor([-2.0359], dtype=torch.float64)
- mean_par : tensor([0.], dtype=torch.float64)
GP 5:
 parameters:
- sigma_n_log : tensor([-3.0656], dtype=torch.float64)
- log_lengthscales_par : tensor([ 1.5765e+00, -1.1163e+00, -7.4482e-05,  4.5956e+00,  4.6411e-01,
         2.3083e+00,  1.9791e+00,  4.4475e+00,  2.4183e-01,  3.6102e+00,
         3.7203e+00,  1.5849e+00,  5.0668e+00,  3.5435e+00],
       dtype=torch.float64)
- log_lambda_par : tensor([-0.0301], dtype=torch.float64)
- mean_par : tensor([0.], dtype=torch.float64)
GP 6:
 parameters:
- sigma_n_log : tensor([-1.6275], dtype=torch.float64)
- log_lengthscales_par : tensor([ 3.7489e+00, -1.3045e+00,  4.4617e-05,  2.3592e+00,  6.1566e-01,
         1.9905e+00,  4.2604e+00,  3.8926e+00,  4.0197e+00,  4.7655e+00,
         4.9143e+00,  1.1497e+00,  4.6129e+00,  5.6597e+00],
       dtype=torch.float64)
- log_lambda_par : tensor([1.9751], dtype=torch.float64)
- mean_par : tensor([0.], dtype=torch.float64)
GP 7:
 parameters:
- sigma_n_log : tensor([-7.7711], dtype=torch.float64)
- log_lengthscales_par : tensor([-0.9354,  3.9506,  0.0443,  4.7656,  4.4895,  5.4233,  5.3126,  4.4731,
         4.7986,  1.5796,  2.6280,  5.0628,  4.1413,  1.8166],
       dtype=torch.float64)
- log_lambda_par : tensor([-5.9302], dtype=torch.float64)
- mean_par : tensor([0.], dtype=torch.float64)
GP 8:
 parameters:
- sigma_n_log : tensor([-2.7125], dtype=torch.float64)
- log_lengthscales_par : tensor([-3.1119e+00,  4.1407e+00,  7.8895e-07,  3.1809e+00,  3.5910e+00,
         2.1479e+00,  6.9588e-01,  1.4623e+00,  3.0988e+00, -2.5560e-01,
         6.2909e-03,  1.4835e+00,  2.7530e+00,  1.0151e+00],
       dtype=torch.float64)
- log_lambda_par : tensor([-3.5126], dtype=torch.float64)
- mean_par : tensor([0.], dtype=torch.float64)

held-out NEXT-STATE MSE (model units) -- phase 1 (rl_it2_p1):
  0 pH     model=2.172912e-04  persistence=9.393104e-04  OK
  1 T      model=7.561189e-02  persistence=6.613215e-01  OK
  2 Fa     model=0.000000e+00  persistence=0.000000e+00  WORSE
  3 Fb     model=8.355395e-06  persistence=4.005688e-03  OK
  4 Fc     model=7.478871e-03  persistence=1.535452e-01  OK
  5 Fh     model=8.320980e-02  persistence=1.394652e+00  OK
  6 Wt     model=8.726950e-08  persistence=9.904498e-05  OK
  7 DO2    model=6.963958e-03  persistence=5.375996e-03  WORSE

mean MSE 2.168628e-02   persistence 2.774923e-01
model beats persistence: True
[pensim] statistics saved -> /home/s2892016/Thesis/MCPILCO/results_rlloop_s1/pensim_stats_rl_it2_p1.json

saved -> /home/s2892016/Thesis/MCPILCO/results_rlloop_s1/rbf_model_rl_it2_p1.pt
saved -> /home/s2892016/Thesis/MCPILCO/results_rlloop_s1/rbf_metrics_rl_it2_p1.json
