=== training world model: phase=2 (rl_it2_p2)  n_keep=800  n_epoch=2001  select=pivchol ===
[loop] reusing frozen standardizer stats from /home/s2892016/Thesis/MCPILCO/results_pensim/rbf_model_bnd_rbf_iter0_phase0.pt
[pensim] dataset folder (PENSIM_DATA_DIR): /home/s2892016/Thesis/deps/smpl/smpl/configdata/pensim_rlloop_s1  (14 CSVs)
max observations: [2.76000000e+02 8.05261517e+00 3.62841400e+02 6.85863686e+00
 2.70000000e+02 1.80000012e+03 9.46039368e+02 1.26920055e+05
 2.39494171e+01]
min observations: [1.6000001e-01 4.5955915e+00 2.3797954e+02 0.0000000e+00 0.0000000e+00
 0.0000000e+00 0.0000000e+00 5.0006516e+04 2.3598127e+00]
dataset max observations: [2.3000000e+02 6.6375961e+00 2.9998679e+02 4.6791539e+00 2.2500000e+02
 8.5188696e+02 6.8134393e+02 1.1434737e+05 1.9388021e+01]
dataset min observations: [0.0000000e+00 6.0929465e+00 2.9777319e+02 0.0000000e+00 0.0000000e+00
 9.9999997e-05 9.9999997e-05 6.1848688e+04 9.0607529e+00]
max actions: [4.10e+03 1.51e+02 3.60e+01 7.60e+01 1.20e+00 5.10e+02]
min actions: [ 0.   7.  21.  29.   0.5  0. ]
dataset max actions: [4.094559e+03 1.470660e+02 3.580100e+01 7.514100e+01 1.132000e+00
 5.038400e+02]
dataset min actions: [ 0.     7.361 21.249 29.636  0.545  0.   ]
normalize: True
using max/min observations and actions.
[pensim] using SAVED standardizer statistics
[pensim] loader time bounds: [0.16, 276.00] h
[pensim] 16098 transitions | obs 8d act 6d
[pensim] obs per-dim std: [0.4553 0.9115 1.1485 1.0165 0.8726 0.7905 0.9384 1.4729]
[pensim] time range: -0.00 .. 230.00 h
[pensim]   phase 0 [0, 47.5) h: 3318 transitions
[pensim]   phase 1 [47.5, 72.5) h: 1750 transitions
[pensim]   phase 2 [72.5, inf) h: 11028 transitions
[std] fitted on 16098 transitions (14.00 CSVs)  [PINNED via -std_from]
[std] obs_sd = [0.0329  0.00339 0.03372 0.30286 0.17267 0.11814 0.34974 0.11855]
[std] act_sd = [0.30882 0.24979 0.48691 0.34592 0.29527 0.43871]
[pensim] phase 2: t in [72.5, inf) h  ->  11028 of 16098 transitions (68.5%)
[pivchol] selected 800/10828 points  (residual trace 1.621e+03)
train N=800   test N=200   gp input dim=14   num_gp=8
training-set time span: 72.60 .. 230.00 h
EXACT GP INFERENCE SELECTED

Initial parameters:
 parameters:
- sigma_n_log : tensor([-4.6052], dtype=torch.float64)
- log_lengthscales_par : tensor([0., 0., 0., 0., 0., 0., 0., 0., 0., 0., 0., 0., 0., 0.],
       dtype=torch.float64)
- log_lambda_par : tensor([0.], dtype=torch.float64)
- mean_par : tensor([0.], dtype=torch.float64)

EPOCH: 0
 parameters:
- sigma_n_log : tensor([-4.6152], dtype=torch.float64)
- log_lengthscales_par : tensor([0.0100, 0.0100, 0.0100, 0.0100, 0.0100, 0.0100, 0.0100, 0.0100, 0.0100,
        0.0100, 0.0100, 0.0100, 0.0100, 0.0100], dtype=torch.float64)
- log_lambda_par : tensor([-0.0100], dtype=torch.float64)
- mean_par : tensor([0.], dtype=torch.float64)
Running loss: 46.73822005545895
Time elapsed: 0.6198630332946777

EPOCH: 1000
 parameters:
- sigma_n_log : tensor([-2.5163], dtype=torch.float64)
- log_lengthscales_par : tensor([0.8275, 0.2193, 1.9838, 0.6471, 1.8020, 1.3911, 1.5752, 0.6435, 2.8377,
        3.2694, 2.7858, 3.7454, 3.4793, 3.7546], dtype=torch.float64)
- log_lambda_par : tensor([-0.0227], dtype=torch.float64)
- mean_par : tensor([0.], dtype=torch.float64)
Running loss: -815.3193118125816
Time elapsed: 487.445734500885

EPOCH: 2000
 parameters:
- sigma_n_log : tensor([-2.4979], dtype=torch.float64)
- log_lengthscales_par : tensor([0.8643, 0.2095, 2.0015, 0.6371, 1.7983, 1.5281, 1.6497, 0.6718, 2.7966,
        3.3638, 2.9105, 4.7228, 4.1793, 4.1525], dtype=torch.float64)
- log_lambda_par : tensor([0.0937], dtype=torch.float64)
- mean_par : tensor([0.], dtype=torch.float64)
Running loss: -817.5926679230622
Time elapsed: 489.03397130966187

Final parameters:
 parameters:
- sigma_n_log : tensor([-2.4979], dtype=torch.float64)
- log_lengthscales_par : tensor([0.8643, 0.2095, 2.0015, 0.6371, 1.7983, 1.5281, 1.6497, 0.6718, 2.7966,
        3.3638, 2.9105, 4.7228, 4.1793, 4.1525], dtype=torch.float64)
- log_lambda_par : tensor([0.0937], dtype=torch.float64)
- mean_par : tensor([0.], dtype=torch.float64)
MSE gp 0:  tensor(0.0028, dtype=torch.float64)

Initial parameters:
 parameters:
- sigma_n_log : tensor([-4.6052], dtype=torch.float64)
- log_lengthscales_par : tensor([0., 0., 0., 0., 0., 0., 0., 0., 0., 0., 0., 0., 0., 0.],
       dtype=torch.float64)
- log_lambda_par : tensor([0.], dtype=torch.float64)
- mean_par : tensor([0.], dtype=torch.float64)

EPOCH: 0
 parameters:
- sigma_n_log : tensor([-4.6152], dtype=torch.float64)
- log_lengthscales_par : tensor([ 0.0100,  0.0100, -0.0100,  0.0100,  0.0100,  0.0100,  0.0100,  0.0100,
         0.0100,  0.0100,  0.0100,  0.0100,  0.0100,  0.0100],
       dtype=torch.float64)
- log_lambda_par : tensor([-0.0100], dtype=torch.float64)
- mean_par : tensor([0.], dtype=torch.float64)
Running loss: 131.14987689144397
Time elapsed: 0.538992166519165

EPOCH: 1000
 parameters:
- sigma_n_log : tensor([-2.8255], dtype=torch.float64)
- log_lengthscales_par : tensor([ 3.6384, -1.3357,  2.3469,  0.9714, -0.1668, -0.1365,  2.2130,  2.3268,
         6.1573,  3.7496,  3.8465,  3.6580,  1.6028,  4.1693],
       dtype=torch.float64)
- log_lambda_par : tensor([-0.0180], dtype=torch.float64)
- mean_par : tensor([0.], dtype=torch.float64)
Running loss: -756.8907735969706
Time elapsed: 520.4805054664612

EPOCH: 2000
 parameters:
- sigma_n_log : tensor([-2.8335], dtype=torch.float64)
- log_lengthscales_par : tensor([ 3.6648, -1.3286,  2.3504,  0.9689, -0.2326, -0.1215,  2.2148,  2.2613,
         7.0310,  4.2536,  4.3824,  3.9620,  1.6229,  4.9658],
       dtype=torch.float64)
- log_lambda_par : tensor([0.0043], dtype=torch.float64)
- mean_par : tensor([0.], dtype=torch.float64)
Running loss: -758.7625897792286
Time elapsed: 491.6583285331726

Final parameters:
 parameters:
- sigma_n_log : tensor([-2.8335], dtype=torch.float64)
- log_lengthscales_par : tensor([ 3.6648, -1.3286,  2.3504,  0.9689, -0.2326, -0.1215,  2.2148,  2.2613,
         7.0310,  4.2536,  4.3824,  3.9620,  1.6229,  4.9658],
       dtype=torch.float64)
- log_lambda_par : tensor([0.0043], dtype=torch.float64)
- mean_par : tensor([0.], dtype=torch.float64)
MSE gp 1:  tensor(0.0010, dtype=torch.float64)

Initial parameters:
 parameters:
- sigma_n_log : tensor([-4.6052], dtype=torch.float64)
- log_lengthscales_par : tensor([0., 0., 0., 0., 0., 0., 0., 0., 0., 0., 0., 0., 0., 0.],
       dtype=torch.float64)
- log_lambda_par : tensor([0.], dtype=torch.float64)
- mean_par : tensor([0.], dtype=torch.float64)

EPOCH: 0
 parameters:
- sigma_n_log : tensor([-4.5952], dtype=torch.float64)
- log_lengthscales_par : tensor([-0.0100, -0.0100, -0.0100, -0.0100,  0.0100,  0.0100, -0.0100,  0.0100,
        -0.0100,  0.0100,  0.0100,  0.0100,  0.0100,  0.0100],
       dtype=torch.float64)
- log_lambda_par : tensor([0.0100], dtype=torch.float64)
- mean_par : tensor([0.], dtype=torch.float64)
Running loss: 3842.3867867675704
Time elapsed: 0.5570721626281738

EPOCH: 1000
 parameters:
- sigma_n_log : tensor([-8.7298], dtype=torch.float64)
- log_lengthscales_par : tensor([-2.1865,  5.5877, -5.8638,  6.9257,  1.4676,  4.9513,  8.0253,  6.1120,
         2.9097,  7.1848,  6.0375,  0.6867,  5.7725,  4.8467],
       dtype=torch.float64)
- log_lambda_par : tensor([2.9023], dtype=torch.float64)
- mean_par : tensor([0.], dtype=torch.float64)
Running loss: -620.8741488632047
Time elapsed: 571.9716520309448

EPOCH: 2000
 parameters:
- sigma_n_log : tensor([-10.7363], dtype=torch.float64)
- log_lengthscales_par : tensor([-2.7371,  9.1802, -6.2493,  9.8211,  1.7403,  7.8302, 10.5905,  9.1338,
         4.8785, 10.1215,  9.6635,  1.8784,  9.1298,  5.0246],
       dtype=torch.float64)
- log_lambda_par : tensor([3.4106], dtype=torch.float64)
- mean_par : tensor([0.], dtype=torch.float64)
Running loss: -969.5933652179897
Time elapsed: 586.4019827842712

Final parameters:
 parameters:
- sigma_n_log : tensor([-10.7363], dtype=torch.float64)
- log_lengthscales_par : tensor([-2.7371,  9.1802, -6.2493,  9.8211,  1.7403,  7.8302, 10.5905,  9.1338,
         4.8785, 10.1215,  9.6635,  1.8784,  9.1298,  5.0246],
       dtype=torch.float64)
- log_lambda_par : tensor([3.4106], dtype=torch.float64)
- mean_par : tensor([0.], dtype=torch.float64)
MSE gp 2:  tensor(4.2381e-13, dtype=torch.float64)

Initial parameters:
 parameters:
- sigma_n_log : tensor([-4.6052], dtype=torch.float64)
- log_lengthscales_par : tensor([0., 0., 0., 0., 0., 0., 0., 0., 0., 0., 0., 0., 0., 0.],
       dtype=torch.float64)
- log_lambda_par : tensor([0.], dtype=torch.float64)
- mean_par : tensor([0.], dtype=torch.float64)

EPOCH: 0
 parameters:
- sigma_n_log : tensor([-4.6152], dtype=torch.float64)
- log_lengthscales_par : tensor([0.0100, 0.0100, 0.0100, 0.0100, 0.0100, 0.0100, 0.0100, 0.0100, 0.0100,
        0.0100, 0.0100, 0.0100, 0.0100, 0.0100], dtype=torch.float64)
- log_lambda_par : tensor([-0.0100], dtype=torch.float64)
- mean_par : tensor([0.], dtype=torch.float64)
Running loss: 48.151554929478706
Time elapsed: 0.5305988788604736

EPOCH: 1000
 parameters:
- sigma_n_log : tensor([-5.2954], dtype=torch.float64)
- log_lengthscales_par : tensor([-3.0624,  5.0255,  3.0217,  1.3004,  2.7419,  4.7868,  4.8209,  5.5906,
         6.5869,  5.5536,  4.8014,  5.0755,  5.5211,  5.0569],
       dtype=torch.float64)
- log_lambda_par : tensor([-0.9465], dtype=torch.float64)
- mean_par : tensor([0.], dtype=torch.float64)
Running loss: -1811.2849896755129
Time elapsed: 538.9096856117249

EPOCH: 2000
 parameters:
- sigma_n_log : tensor([-5.0521], dtype=torch.float64)
- log_lengthscales_par : tensor([-3.0665,  6.5621,  3.1017,  1.3000,  2.8482,  5.2999,  5.2460,  6.2944,
         7.2752,  5.8635,  6.7632,  6.5945,  6.5151,  5.8647],
       dtype=torch.float64)
- log_lambda_par : tensor([-0.7854], dtype=torch.float64)
- mean_par : tensor([0.], dtype=torch.float64)
Running loss: -1833.1615461335941
Time elapsed: 574.5849294662476

Final parameters:
 parameters:
- sigma_n_log : tensor([-5.0521], dtype=torch.float64)
- log_lengthscales_par : tensor([-3.0665,  6.5621,  3.1017,  1.3000,  2.8482,  5.2999,  5.2460,  6.2944,
         7.2752,  5.8635,  6.7632,  6.5945,  6.5151,  5.8647],
       dtype=torch.float64)
- log_lambda_par : tensor([-0.7854], dtype=torch.float64)
- mean_par : tensor([0.], dtype=torch.float64)
MSE gp 3:  tensor(9.8685e-06, dtype=torch.float64)

Initial parameters:
 parameters:
- sigma_n_log : tensor([-4.6052], dtype=torch.float64)
- log_lengthscales_par : tensor([0., 0., 0., 0., 0., 0., 0., 0., 0., 0., 0., 0., 0., 0.],
       dtype=torch.float64)
- log_lambda_par : tensor([0.], dtype=torch.float64)
- mean_par : tensor([0.], dtype=torch.float64)

EPOCH: 0
 parameters:
- sigma_n_log : tensor([-4.6152], dtype=torch.float64)
- log_lengthscales_par : tensor([0.0100, 0.0100, 0.0100, 0.0100, 0.0100, 0.0100, 0.0100, 0.0100, 0.0100,
        0.0100, 0.0100, 0.0100, 0.0100, 0.0100], dtype=torch.float64)
- log_lambda_par : tensor([-0.0100], dtype=torch.float64)
- mean_par : tensor([0.], dtype=torch.float64)
Running loss: 1.234179267371914
Time elapsed: 0.5646653175354004

EPOCH: 1000
 parameters:
- sigma_n_log : tensor([-4.0253], dtype=torch.float64)
- log_lengthscales_par : tensor([ 4.1260, -1.4061,  6.3391,  4.0922, -0.7029,  0.9546,  3.5947,  4.0985,
         6.2005,  3.2899,  4.2411,  4.1336,  4.2955,  4.8228],
       dtype=torch.float64)
- log_lambda_par : tensor([-1.2100], dtype=torch.float64)
- mean_par : tensor([0.], dtype=torch.float64)
Running loss: -2129.503311035714
Time elapsed: 495.133460521698

EPOCH: 2000
 parameters:
- sigma_n_log : tensor([-3.9961], dtype=torch.float64)
- log_lengthscales_par : tensor([ 5.2113, -1.4687,  7.8257,  5.7393, -0.6574,  0.9530,  3.9760,  4.9544,
         7.5087,  3.1342,  5.8045,  4.7568,  5.7614,  5.5481],
       dtype=torch.float64)
- log_lambda_par : tensor([-0.9614], dtype=torch.float64)
- mean_par : tensor([0.], dtype=torch.float64)
Running loss: -2158.1278275505474
Time elapsed: 486.2538297176361

Final parameters:
 parameters:
- sigma_n_log : tensor([-3.9961], dtype=torch.float64)
- log_lengthscales_par : tensor([ 5.2113, -1.4687,  7.8257,  5.7393, -0.6574,  0.9530,  3.9760,  4.9544,
         7.5087,  3.1342,  5.8045,  4.7568,  5.7614,  5.5481],
       dtype=torch.float64)
- log_lambda_par : tensor([-0.9614], dtype=torch.float64)
- mean_par : tensor([0.], dtype=torch.float64)
MSE gp 4:  tensor(0.0002, dtype=torch.float64)

Initial parameters:
 parameters:
- sigma_n_log : tensor([-4.6052], dtype=torch.float64)
- log_lengthscales_par : tensor([0., 0., 0., 0., 0., 0., 0., 0., 0., 0., 0., 0., 0., 0.],
       dtype=torch.float64)
- log_lambda_par : tensor([0.], dtype=torch.float64)
- mean_par : tensor([0.], dtype=torch.float64)

EPOCH: 0
 parameters:
- sigma_n_log : tensor([-4.6152], dtype=torch.float64)
- log_lengthscales_par : tensor([ 0.0100, -0.0100, -0.0100,  0.0100,  0.0100, -0.0100,  0.0100,  0.0100,
         0.0100,  0.0100,  0.0100,  0.0100,  0.0100,  0.0100],
       dtype=torch.float64)
- log_lambda_par : tensor([0.0100], dtype=torch.float64)
- mean_par : tensor([0.], dtype=torch.float64)
Running loss: 412.6560492030415
Time elapsed: 0.5277867317199707

EPOCH: 1000
 parameters:
- sigma_n_log : tensor([-2.1153], dtype=torch.float64)
- log_lengthscales_par : tensor([ 4.0467, -1.5392,  3.4696,  3.8704, -0.2346, -0.3001,  3.1480,  4.0011,
         5.6718,  3.9173,  4.1412,  3.9566,  4.2164,  4.1356],
       dtype=torch.float64)
- log_lambda_par : tensor([0.5261], dtype=torch.float64)
- mean_par : tensor([0.], dtype=torch.float64)
Running loss: -776.3290902133592
Time elapsed: 491.79574632644653

EPOCH: 2000
 parameters:
- sigma_n_log : tensor([-2.0101], dtype=torch.float64)
- log_lengthscales_par : tensor([ 5.1480, -1.5857,  6.0091,  4.7508,  0.0389, -0.2482,  3.8291,  4.9086,
         6.2558,  4.8666,  5.3326,  4.8970,  5.3638,  5.2344],
       dtype=torch.float64)
- log_lambda_par : tensor([0.7390], dtype=torch.float64)
- mean_par : tensor([0.], dtype=torch.float64)
Running loss: -799.9080623994707
Time elapsed: 486.0170006752014

Final parameters:
 parameters:
- sigma_n_log : tensor([-2.0101], dtype=torch.float64)
- log_lengthscales_par : tensor([ 5.1480, -1.5857,  6.0091,  4.7508,  0.0389, -0.2482,  3.8291,  4.9086,
         6.2558,  4.8666,  5.3326,  4.8970,  5.3638,  5.2344],
       dtype=torch.float64)
- log_lambda_par : tensor([0.7390], dtype=torch.float64)
- mean_par : tensor([0.], dtype=torch.float64)
MSE gp 5:  tensor(0.0131, dtype=torch.float64)

Initial parameters:
 parameters:
- sigma_n_log : tensor([-4.6052], dtype=torch.float64)
- log_lengthscales_par : tensor([0., 0., 0., 0., 0., 0., 0., 0., 0., 0., 0., 0., 0., 0.],
       dtype=torch.float64)
- log_lambda_par : tensor([0.], dtype=torch.float64)
- mean_par : tensor([0.], dtype=torch.float64)

EPOCH: 0
 parameters:
- sigma_n_log : tensor([-4.6152], dtype=torch.float64)
- log_lengthscales_par : tensor([0.0100, 0.0100, 0.0100, 0.0100, 0.0100, 0.0100, 0.0100, 0.0100, 0.0100,
        0.0100, 0.0100, 0.0100, 0.0100, 0.0100], dtype=torch.float64)
- log_lambda_par : tensor([-0.0100], dtype=torch.float64)
- mean_par : tensor([0.], dtype=torch.float64)
Running loss: -40.30414963670883
Time elapsed: 0.5671632289886475

EPOCH: 1000
 parameters:
- sigma_n_log : tensor([-5.2951], dtype=torch.float64)
- log_lengthscales_par : tensor([1.9452, 3.8858, 4.8284, 2.5549, 4.1033, 3.9222, 0.1168, 4.0511, 1.5855,
        4.0419, 3.1788, 3.9042, 3.9946, 3.0991], dtype=torch.float64)
- log_lambda_par : tensor([-3.1489], dtype=torch.float64)
- mean_par : tensor([0.], dtype=torch.float64)
Running loss: -3607.6325658685423
Time elapsed: 487.5639889240265

EPOCH: 2000
 parameters:
- sigma_n_log : tensor([-5.2959], dtype=torch.float64)
- log_lengthscales_par : tensor([1.4109, 4.5717, 4.4983, 1.8176, 2.9126, 4.5835, 0.1210, 4.8903, 1.5162,
        4.9323, 3.1003, 5.2924, 4.9446, 4.8688], dtype=torch.float64)
- log_lambda_par : tensor([-4.5228], dtype=torch.float64)
- mean_par : tensor([0.], dtype=torch.float64)
Running loss: -3654.625224207224
Time elapsed: 488.15553617477417

Final parameters:
 parameters:
- sigma_n_log : tensor([-5.2959], dtype=torch.float64)
- log_lengthscales_par : tensor([1.4109, 4.5717, 4.4983, 1.8176, 2.9126, 4.5835, 0.1210, 4.8903, 1.5162,
        4.9323, 3.1003, 5.2924, 4.9446, 4.8688], dtype=torch.float64)
- log_lambda_par : tensor([-4.5228], dtype=torch.float64)
- mean_par : tensor([0.], dtype=torch.float64)
MSE gp 6:  tensor(2.1679e-05, dtype=torch.float64)

Initial parameters:
 parameters:
- sigma_n_log : tensor([-4.6052], dtype=torch.float64)
- log_lengthscales_par : tensor([0., 0., 0., 0., 0., 0., 0., 0., 0., 0., 0., 0., 0., 0.],
       dtype=torch.float64)
- log_lambda_par : tensor([0.], dtype=torch.float64)
- mean_par : tensor([0.], dtype=torch.float64)

EPOCH: 0
 parameters:
- sigma_n_log : tensor([-4.6152], dtype=torch.float64)
- log_lengthscales_par : tensor([0.0100, 0.0100, 0.0100, 0.0100, 0.0100, 0.0100, 0.0100, 0.0100, 0.0100,
        0.0100, 0.0100, 0.0100, 0.0100, 0.0100], dtype=torch.float64)
- log_lambda_par : tensor([-0.0100], dtype=torch.float64)
- mean_par : tensor([0.], dtype=torch.float64)
Running loss: 22.531124499510234
Time elapsed: 0.5272319316864014

EPOCH: 1000
 parameters:
- sigma_n_log : tensor([-3.5524], dtype=torch.float64)
- log_lengthscales_par : tensor([ 1.5715,  0.0280,  1.7135,  0.7988,  3.8234,  2.4332, -0.1760,  0.5557,
         5.9706,  3.2652,  3.5474,  4.1710,  4.2957,  4.6392],
       dtype=torch.float64)
- log_lambda_par : tensor([-0.1875], dtype=torch.float64)
- mean_par : tensor([0.], dtype=torch.float64)
Running loss: -1212.3256731388399
Time elapsed: 486.0848162174225

EPOCH: 2000
 parameters:
- sigma_n_log : tensor([-3.5011], dtype=torch.float64)
- log_lengthscales_par : tensor([ 1.6680,  0.0317,  1.7938,  0.8000,  4.3295,  2.7506, -0.1786,  0.5993,
         6.7234,  3.4909,  4.5587,  5.2226,  5.3822,  5.7193],
       dtype=torch.float64)
- log_lambda_par : tensor([0.0333], dtype=torch.float64)
- mean_par : tensor([0.], dtype=torch.float64)
Running loss: -1220.963691330172
Time elapsed: 456.48940992355347

Final parameters:
 parameters:
- sigma_n_log : tensor([-3.5011], dtype=torch.float64)
- log_lengthscales_par : tensor([ 1.6680,  0.0317,  1.7938,  0.8000,  4.3295,  2.7506, -0.1786,  0.5993,
         6.7234,  3.4909,  4.5587,  5.2226,  5.3822,  5.7193],
       dtype=torch.float64)
- log_lambda_par : tensor([0.0333], dtype=torch.float64)
- mean_par : tensor([0.], dtype=torch.float64)
MSE gp 7:  tensor(0.0003, dtype=torch.float64)

Trained hyperparameters:
GP 1:
 parameters:
- sigma_n_log : tensor([-2.4979], dtype=torch.float64)
- log_lengthscales_par : tensor([0.8643, 0.2095, 2.0015, 0.6371, 1.7983, 1.5281, 1.6497, 0.6718, 2.7966,
        3.3638, 2.9105, 4.7228, 4.1793, 4.1525], dtype=torch.float64)
- log_lambda_par : tensor([0.0937], dtype=torch.float64)
- mean_par : tensor([0.], dtype=torch.float64)
GP 2:
 parameters:
- sigma_n_log : tensor([-2.8335], dtype=torch.float64)
- log_lengthscales_par : tensor([ 3.6648, -1.3286,  2.3504,  0.9689, -0.2326, -0.1215,  2.2148,  2.2613,
         7.0310,  4.2536,  4.3824,  3.9620,  1.6229,  4.9658],
       dtype=torch.float64)
- log_lambda_par : tensor([0.0043], dtype=torch.float64)
- mean_par : tensor([0.], dtype=torch.float64)
GP 3:
 parameters:
- sigma_n_log : tensor([-10.7363], dtype=torch.float64)
- log_lengthscales_par : tensor([-2.7371,  9.1802, -6.2493,  9.8211,  1.7403,  7.8302, 10.5905,  9.1338,
         4.8785, 10.1215,  9.6635,  1.8784,  9.1298,  5.0246],
       dtype=torch.float64)
- log_lambda_par : tensor([3.4106], dtype=torch.float64)
- mean_par : tensor([0.], dtype=torch.float64)
GP 4:
 parameters:
- sigma_n_log : tensor([-5.0521], dtype=torch.float64)
- log_lengthscales_par : tensor([-3.0665,  6.5621,  3.1017,  1.3000,  2.8482,  5.2999,  5.2460,  6.2944,
         7.2752,  5.8635,  6.7632,  6.5945,  6.5151,  5.8647],
       dtype=torch.float64)
- log_lambda_par : tensor([-0.7854], dtype=torch.float64)
- mean_par : tensor([0.], dtype=torch.float64)
GP 5:
 parameters:
- sigma_n_log : tensor([-3.9961], dtype=torch.float64)
- log_lengthscales_par : tensor([ 5.2113, -1.4687,  7.8257,  5.7393, -0.6574,  0.9530,  3.9760,  4.9544,
         7.5087,  3.1342,  5.8045,  4.7568,  5.7614,  5.5481],
       dtype=torch.float64)
- log_lambda_par : tensor([-0.9614], dtype=torch.float64)
- mean_par : tensor([0.], dtype=torch.float64)
GP 6:
 parameters:
- sigma_n_log : tensor([-2.0101], dtype=torch.float64)
- log_lengthscales_par : tensor([ 5.1480, -1.5857,  6.0091,  4.7508,  0.0389, -0.2482,  3.8291,  4.9086,
         6.2558,  4.8666,  5.3326,  4.8970,  5.3638,  5.2344],
       dtype=torch.float64)
- log_lambda_par : tensor([0.7390], dtype=torch.float64)
- mean_par : tensor([0.], dtype=torch.float64)
GP 7:
 parameters:
- sigma_n_log : tensor([-5.2959], dtype=torch.float64)
- log_lengthscales_par : tensor([1.4109, 4.5717, 4.4983, 1.8176, 2.9126, 4.5835, 0.1210, 4.8903, 1.5162,
        4.9323, 3.1003, 5.2924, 4.9446, 4.8688], dtype=torch.float64)
- log_lambda_par : tensor([-4.5228], dtype=torch.float64)
- mean_par : tensor([0.], dtype=torch.float64)
GP 8:
 parameters:
- sigma_n_log : tensor([-3.5011], dtype=torch.float64)
- log_lengthscales_par : tensor([ 1.6680,  0.0317,  1.7938,  0.8000,  4.3295,  2.7506, -0.1786,  0.5993,
         6.7234,  3.4909,  4.5587,  5.2226,  5.3822,  5.7193],
       dtype=torch.float64)
- log_lambda_par : tensor([0.0333], dtype=torch.float64)
- mean_par : tensor([0.], dtype=torch.float64)

held-out NEXT-STATE MSE (model units) -- phase 2 (rl_it2_p2):
  0 pH     model=2.567757e-02  persistence=3.945754e-02  OK
  1 T      model=5.128831e-02  persistence=1.253033e-01  OK
  2 Fa     model=2.796822e-01  persistence=6.063304e-01  OK
  3 Fb     model=2.020073e-03  persistence=7.551800e-02  OK
  4 Fc     model=1.210881e-03  persistence=2.091663e-02  OK
  5 Fh     model=4.686655e-02  persistence=9.289314e-01  OK
  6 Wt     model=4.619124e-05  persistence=2.295967e-04  OK
  7 DO2    model=7.803035e-03  persistence=2.527881e-02  OK

mean MSE 5.182436e-02   persistence 2.277457e-01
model beats persistence: True
[pensim] statistics saved -> /home/s2892016/Thesis/MCPILCO/results_rlloop_s1/pensim_stats_rl_it2_p2.json

saved -> /home/s2892016/Thesis/MCPILCO/results_rlloop_s1/rbf_model_rl_it2_p2.pt
saved -> /home/s2892016/Thesis/MCPILCO/results_rlloop_s1/rbf_metrics_rl_it2_p2.json
