=== training world model: phase=0 (rl_it2_p0)  n_keep=800  n_epoch=2001  select=pivchol ===
[loop] reusing frozen standardizer stats from /home/s2892016/Thesis/MCPILCO/results_pensim/rbf_model_bnd_rbf_iter0_phase0.pt
[pensim] dataset folder (PENSIM_DATA_DIR): /home/s2892016/Thesis/deps/smpl/smpl/configdata/pensim_rlloop_s1  (14 CSVs)
max observations: [2.76000000e+02 8.05261517e+00 3.62841400e+02 6.85863686e+00
 2.70000000e+02 1.80000012e+03 9.46039368e+02 1.26920055e+05
 2.39494171e+01]
min observations: [1.6000001e-01 4.5955915e+00 2.3797954e+02 0.0000000e+00 0.0000000e+00
 0.0000000e+00 0.0000000e+00 5.0006516e+04 2.3598127e+00]
dataset max observations: [2.3000000e+02 6.6375961e+00 2.9998679e+02 4.6791539e+00 2.2500000e+02
 8.5188696e+02 6.8134393e+02 1.1434737e+05 1.9388021e+01]
dataset min observations: [0.0000000e+00 6.0929465e+00 2.9777319e+02 0.0000000e+00 0.0000000e+00
 9.9999997e-05 9.9999997e-05 6.1848688e+04 9.0607529e+00]
max actions: [4.10e+03 1.51e+02 3.60e+01 7.60e+01 1.20e+00 5.10e+02]
min actions: [ 0.   7.  21.  29.   0.5  0. ]
dataset max actions: [4.094559e+03 1.470660e+02 3.580100e+01 7.514100e+01 1.132000e+00
 5.038400e+02]
dataset min actions: [ 0.     7.361 21.249 29.636  0.545  0.   ]
normalize: True
using max/min observations and actions.
[pensim] using SAVED standardizer statistics
[pensim] loader time bounds: [0.16, 276.00] h
[pensim] 16098 transitions | obs 8d act 6d
[pensim] obs per-dim std: [0.4553 0.9115 1.1485 1.0165 0.8726 0.7905 0.9384 1.4729]
[pensim] time range: -0.00 .. 230.00 h
[pensim]   phase 0 [0, 47.5) h: 3318 transitions
[pensim]   phase 1 [47.5, 72.5) h: 1750 transitions
[pensim]   phase 2 [72.5, inf) h: 11028 transitions
[std] fitted on 16098 transitions (14.00 CSVs)  [PINNED via -std_from]
[std] obs_sd = [0.0329  0.00339 0.03372 0.30286 0.17267 0.11814 0.34974 0.11855]
[std] act_sd = [0.30882 0.24979 0.48691 0.34592 0.29527 0.43871]
[pensim] phase 0: t in [0, 47.5) h  ->  3318 of 16098 transitions (20.6%)
[pivchol] selected 800/3118 points  (residual trace 5.499e+01)
train N=800   test N=200   gp input dim=14   num_gp=8
training-set time span: 0.20 .. 47.40 h
EXACT GP INFERENCE SELECTED

Initial parameters:
 parameters:
- sigma_n_log : tensor([-4.6052], dtype=torch.float64)
- log_lengthscales_par : tensor([0., 0., 0., 0., 0., 0., 0., 0., 0., 0., 0., 0., 0., 0.],
       dtype=torch.float64)
- log_lambda_par : tensor([0.], dtype=torch.float64)
- mean_par : tensor([0.], dtype=torch.float64)

EPOCH: 0
 parameters:
- sigma_n_log : tensor([-4.6152], dtype=torch.float64)
- log_lengthscales_par : tensor([ 1.0000e-02,  1.0000e-02,  9.9999e-03,  1.0000e-02,  1.0000e-02,
         1.0000e-02,  1.0000e-02,  1.0000e-02, -4.2345e-09,  1.0000e-02,
         1.0000e-02,  1.0000e-02,  1.0000e-02,  1.0000e-02],
       dtype=torch.float64)
- log_lambda_par : tensor([-0.0100], dtype=torch.float64)
- mean_par : tensor([0.], dtype=torch.float64)
Running loss: -204.3649816342638
Time elapsed: 0.5957028865814209

EPOCH: 1000
 parameters:
- sigma_n_log : tensor([-4.3007], dtype=torch.float64)
- log_lengthscales_par : tensor([-1.7326e-01,  2.8582e+00,  1.5100e+00,  3.2762e-01,  2.3022e+00,
         1.4618e+00, -1.6933e+00,  1.4922e+00,  1.5757e-04,  4.3138e-01,
         2.2788e+00,  3.0205e+00,  2.5009e+00,  3.2965e+00],
       dtype=torch.float64)
- log_lambda_par : tensor([-1.8630], dtype=torch.float64)
- mean_par : tensor([0.], dtype=torch.float64)
Running loss: -1806.260986234842
Time elapsed: 469.882550239563

EPOCH: 2000
 parameters:
- sigma_n_log : tensor([-4.2655], dtype=torch.float64)
- log_lengthscales_par : tensor([-1.5887e-01,  3.0681e+00,  1.4984e+00,  3.4845e-01,  2.6667e+00,
         1.5059e+00, -1.6993e+00,  1.5165e+00, -5.1234e-04,  4.4841e-01,
         2.3192e+00,  3.2184e+00,  2.5473e+00,  4.0471e+00],
       dtype=torch.float64)
- log_lambda_par : tensor([-1.7630], dtype=torch.float64)
- mean_par : tensor([0.], dtype=torch.float64)
Running loss: -1807.1615378273173
Time elapsed: 470.4960536956787

Final parameters:
 parameters:
- sigma_n_log : tensor([-4.2655], dtype=torch.float64)
- log_lengthscales_par : tensor([-1.5887e-01,  3.0681e+00,  1.4984e+00,  3.4845e-01,  2.6667e+00,
         1.5059e+00, -1.6993e+00,  1.5165e+00, -5.1234e-04,  4.4841e-01,
         2.3192e+00,  3.2184e+00,  2.5473e+00,  4.0471e+00],
       dtype=torch.float64)
- log_lambda_par : tensor([-1.7630], dtype=torch.float64)
- mean_par : tensor([0.], dtype=torch.float64)
MSE gp 0:  tensor(5.2951e-05, dtype=torch.float64)

Initial parameters:
 parameters:
- sigma_n_log : tensor([-4.6052], dtype=torch.float64)
- log_lengthscales_par : tensor([0., 0., 0., 0., 0., 0., 0., 0., 0., 0., 0., 0., 0., 0.],
       dtype=torch.float64)
- log_lambda_par : tensor([0.], dtype=torch.float64)
- mean_par : tensor([0.], dtype=torch.float64)

EPOCH: 0
 parameters:
- sigma_n_log : tensor([-4.5952], dtype=torch.float64)
- log_lengthscales_par : tensor([-1.0000e-02, -1.0000e-02, -1.0000e-02, -1.0000e-02, -1.0000e-02,
         1.0000e-02,  1.0000e-02,  1.0000e-02, -2.3316e-08, -1.0000e-02,
         1.0000e-02,  1.0000e-02,  1.0000e-02, -1.0000e-02],
       dtype=torch.float64)
- log_lambda_par : tensor([0.0100], dtype=torch.float64)
- mean_par : tensor([0.], dtype=torch.float64)
Running loss: 656.0712786975507
Time elapsed: 0.5134902000427246

EPOCH: 1000
 parameters:
- sigma_n_log : tensor([-4.4974], dtype=torch.float64)
- log_lengthscales_par : tensor([ 6.9254e-01, -1.5496e+00, -3.0827e+00,  1.3602e+00,  3.7338e-01,
         2.9220e+00,  1.0639e+00,  2.4771e+00, -6.7583e-04,  3.2218e+00,
         8.2325e-01,  2.2126e+00,  2.4520e+00,  3.5121e+00],
       dtype=torch.float64)
- log_lambda_par : tensor([0.9092], dtype=torch.float64)
- mean_par : tensor([0.], dtype=torch.float64)
Running loss: -198.1650009244047
Time elapsed: 487.768607378006

EPOCH: 2000
 parameters:
- sigma_n_log : tensor([-4.5023], dtype=torch.float64)
- log_lengthscales_par : tensor([ 6.9171e-01, -1.5500e+00, -3.0823e+00,  1.3608e+00,  3.7405e-01,
         3.5957e+00,  1.0660e+00,  2.4782e+00, -1.2033e-03,  3.2221e+00,
         8.2400e-01,  2.2140e+00,  2.4520e+00,  4.1778e+00],
       dtype=torch.float64)
- log_lambda_par : tensor([0.9101], dtype=torch.float64)
- mean_par : tensor([0.], dtype=torch.float64)
Running loss: -198.30628644545305
Time elapsed: 478.17801547050476

Final parameters:
 parameters:
- sigma_n_log : tensor([-4.5023], dtype=torch.float64)
- log_lengthscales_par : tensor([ 6.9171e-01, -1.5500e+00, -3.0823e+00,  1.3608e+00,  3.7405e-01,
         3.5957e+00,  1.0660e+00,  2.4782e+00, -1.2033e-03,  3.2221e+00,
         8.2400e-01,  2.2140e+00,  2.4520e+00,  4.1778e+00],
       dtype=torch.float64)
- log_lambda_par : tensor([0.9101], dtype=torch.float64)
- mean_par : tensor([0.], dtype=torch.float64)
MSE gp 1:  tensor(9.0494e-07, dtype=torch.float64)

Initial parameters:
 parameters:
- sigma_n_log : tensor([-4.6052], dtype=torch.float64)
- log_lengthscales_par : tensor([0., 0., 0., 0., 0., 0., 0., 0., 0., 0., 0., 0., 0., 0.],
       dtype=torch.float64)
- log_lambda_par : tensor([0.], dtype=torch.float64)
- mean_par : tensor([0.], dtype=torch.float64)

EPOCH: 0
 parameters:
- sigma_n_log : tensor([-4.5952], dtype=torch.float64)
- log_lengthscales_par : tensor([-1.0000e-02,  1.0000e-02,  1.0000e-02,  1.0000e-02,  1.0000e-02,
         1.0000e-02,  1.0000e-02, -1.0000e-02,  6.5412e-08,  1.0000e-02,
         1.0000e-02,  1.0000e-02, -1.0000e-02,  1.0000e-02],
       dtype=torch.float64)
- log_lambda_par : tensor([0.0100], dtype=torch.float64)
- mean_par : tensor([0.], dtype=torch.float64)
Running loss: 871.2966549549087
Time elapsed: 0.5244505405426025

EPOCH: 1000
 parameters:
- sigma_n_log : tensor([-12.2504], dtype=torch.float64)
- log_lengthscales_par : tensor([-1.9823,  6.4703, -5.6057,  2.4904,  5.0790,  8.5163,  8.5516,  7.8731,
        -0.6061,  8.2162,  3.3227,  2.8916,  7.5408,  8.5263],
       dtype=torch.float64)
- log_lambda_par : tensor([3.1908], dtype=torch.float64)
- mean_par : tensor([0.], dtype=torch.float64)
Running loss: -2657.181626884473
Time elapsed: 476.0051987171173

EPOCH: 2000
 parameters:
- sigma_n_log : tensor([-13.2336], dtype=torch.float64)
- log_lengthscales_par : tensor([-1.9188,  7.3916, -5.2689,  2.8606,  5.7992, 11.4438, 11.4657, 10.9121,
        -2.3582, 11.2808,  3.6879,  3.2203, 10.6600, 11.4341],
       dtype=torch.float64)
- log_lambda_par : tensor([4.7472], dtype=torch.float64)
- mean_par : tensor([0.], dtype=torch.float64)
Running loss: -2809.0442136455486
Time elapsed: 471.4067234992981

Final parameters:
 parameters:
- sigma_n_log : tensor([-13.2336], dtype=torch.float64)
- log_lengthscales_par : tensor([-1.9188,  7.3916, -5.2689,  2.8606,  5.7992, 11.4438, 11.4657, 10.9121,
        -2.3582, 11.2808,  3.6879,  3.2203, 10.6600, 11.4341],
       dtype=torch.float64)
- log_lambda_par : tensor([4.7472], dtype=torch.float64)
- mean_par : tensor([0.], dtype=torch.float64)
MSE gp 2:  tensor(1.2122e-11, dtype=torch.float64)

Initial parameters:
 parameters:
- sigma_n_log : tensor([-4.6052], dtype=torch.float64)
- log_lengthscales_par : tensor([0., 0., 0., 0., 0., 0., 0., 0., 0., 0., 0., 0., 0., 0.],
       dtype=torch.float64)
- log_lambda_par : tensor([0.], dtype=torch.float64)
- mean_par : tensor([0.], dtype=torch.float64)

EPOCH: 0
 parameters:
- sigma_n_log : tensor([-4.6152], dtype=torch.float64)
- log_lengthscales_par : tensor([1.0000e-02, 1.0000e-02, 9.9999e-03, 1.0000e-02, 1.0000e-02, 1.0000e-02,
        1.0000e-02, 1.0000e-02, 1.3511e-09, 1.0000e-02, 1.0000e-02, 1.0000e-02,
        1.0000e-02, 1.0000e-02], dtype=torch.float64)
- log_lambda_par : tensor([-0.0100], dtype=torch.float64)
- mean_par : tensor([0.], dtype=torch.float64)
Running loss: -177.22627674180853
Time elapsed: 0.522723913192749

EPOCH: 1000
 parameters:
- sigma_n_log : tensor([-11.9399], dtype=torch.float64)
- log_lengthscales_par : tensor([-1.9587,  6.6721,  1.9062,  0.3219,  7.1045,  7.8481,  7.3392,  6.5985,
        -0.6735,  7.0215,  4.0835,  6.0857,  4.4611,  7.8036],
       dtype=torch.float64)
- log_lambda_par : tensor([-1.7367], dtype=torch.float64)
- mean_par : tensor([0.], dtype=torch.float64)
Running loss: -3681.2161152630842
Time elapsed: 467.8722162246704

EPOCH: 2000
 parameters:
- sigma_n_log : tensor([-12.9144], dtype=torch.float64)
- log_lengthscales_par : tensor([-2.0293,  9.7763,  1.7881,  0.2816,  9.6442, 10.5012,  8.8516,  9.1898,
         0.2153,  7.3460,  4.7275,  8.5904,  9.2323,  9.3741],
       dtype=torch.float64)
- log_lambda_par : tensor([-1.3515], dtype=torch.float64)
- mean_par : tensor([0.], dtype=torch.float64)
Running loss: -3968.353991158058
Time elapsed: 467.9406054019928

Final parameters:
 parameters:
- sigma_n_log : tensor([-12.9144], dtype=torch.float64)
- log_lengthscales_par : tensor([-2.0293,  9.7763,  1.7881,  0.2816,  9.6442, 10.5012,  8.8516,  9.1898,
         0.2153,  7.3460,  4.7275,  8.5904,  9.2323,  9.3741],
       dtype=torch.float64)
- log_lambda_par : tensor([-1.3515], dtype=torch.float64)
- mean_par : tensor([0.], dtype=torch.float64)
MSE gp 3:  tensor(1.2875e-09, dtype=torch.float64)

Initial parameters:
 parameters:
- sigma_n_log : tensor([-4.6052], dtype=torch.float64)
- log_lengthscales_par : tensor([0., 0., 0., 0., 0., 0., 0., 0., 0., 0., 0., 0., 0., 0.],
       dtype=torch.float64)
- log_lambda_par : tensor([0.], dtype=torch.float64)
- mean_par : tensor([0.], dtype=torch.float64)

EPOCH: 0
 parameters:
- sigma_n_log : tensor([-4.6152], dtype=torch.float64)
- log_lengthscales_par : tensor([ 1.0000e-02,  1.0000e-02,  9.9994e-03,  1.0000e-02,  1.0000e-02,
         1.0000e-02,  1.0000e-02,  1.0000e-02, -6.2699e-10,  1.0000e-02,
         1.0000e-02,  1.0000e-02,  1.0000e-02,  1.0000e-02],
       dtype=torch.float64)
- log_lambda_par : tensor([-0.0100], dtype=torch.float64)
- mean_par : tensor([0.], dtype=torch.float64)
Running loss: -69.50033399014359
Time elapsed: 0.4826827049255371

EPOCH: 1000
 parameters:
- sigma_n_log : tensor([-2.7115], dtype=torch.float64)
- log_lengthscales_par : tensor([ 2.0916e+00, -7.7682e-01, -1.7546e+00,  2.3630e+00,  8.6652e-01,
         2.3225e+00,  2.4331e+00,  3.3240e+00, -7.2122e-04,  3.2625e+00,
         4.0555e+00,  3.5698e+00,  3.3621e+00,  2.5926e+00],
       dtype=torch.float64)
- log_lambda_par : tensor([0.2202], dtype=torch.float64)
- mean_par : tensor([0.], dtype=torch.float64)
Running loss: -1200.5064700889657
Time elapsed: 571.322514295578

EPOCH: 2000
 parameters:
- sigma_n_log : tensor([-2.6998], dtype=torch.float64)
- log_lengthscales_par : tensor([ 2.0970e+00, -7.6483e-01, -2.0048e+00,  2.2793e+00,  8.9584e-01,
         2.4148e+00,  2.6644e+00,  3.4817e+00,  1.2803e-03,  3.2619e+00,
         4.8642e+00,  4.3836e+00,  3.5297e+00,  2.7390e+00],
       dtype=torch.float64)
- log_lambda_par : tensor([0.3217], dtype=torch.float64)
- mean_par : tensor([0.], dtype=torch.float64)
Running loss: -1204.191916234344
Time elapsed: 615.6736347675323

Final parameters:
 parameters:
- sigma_n_log : tensor([-2.6998], dtype=torch.float64)
- log_lengthscales_par : tensor([ 2.0970e+00, -7.6483e-01, -2.0048e+00,  2.2793e+00,  8.9584e-01,
         2.4148e+00,  2.6644e+00,  3.4817e+00,  1.2803e-03,  3.2619e+00,
         4.8642e+00,  4.3836e+00,  3.5297e+00,  2.7390e+00],
       dtype=torch.float64)
- log_lambda_par : tensor([0.3217], dtype=torch.float64)
- mean_par : tensor([0.], dtype=torch.float64)
MSE gp 4:  tensor(0.0029, dtype=torch.float64)

Initial parameters:
 parameters:
- sigma_n_log : tensor([-4.6052], dtype=torch.float64)
- log_lengthscales_par : tensor([0., 0., 0., 0., 0., 0., 0., 0., 0., 0., 0., 0., 0., 0.],
       dtype=torch.float64)
- log_lambda_par : tensor([0.], dtype=torch.float64)
- mean_par : tensor([0.], dtype=torch.float64)

EPOCH: 0
 parameters:
- sigma_n_log : tensor([-4.5952], dtype=torch.float64)
- log_lengthscales_par : tensor([-1.0000e-02, -1.0000e-02, -1.0000e-02, -1.0000e-02, -1.0000e-02,
         1.0000e-02,  1.0000e-02,  1.0000e-02,  3.8194e-08, -1.0000e-02,
         1.0000e-02,  1.0000e-02,  1.0000e-02, -1.0000e-02],
       dtype=torch.float64)
- log_lambda_par : tensor([0.0100], dtype=torch.float64)
- mean_par : tensor([0.], dtype=torch.float64)
Running loss: 1043.164930226955
Time elapsed: 0.5014503002166748

EPOCH: 1000
 parameters:
- sigma_n_log : tensor([-1.7247], dtype=torch.float64)
- log_lengthscales_par : tensor([ 1.8155e+00, -1.8008e+00, -2.3623e+00,  3.0775e+00,  8.0674e-01,
         1.8158e+00,  4.6059e+00,  4.1959e+00, -5.1564e-04,  5.3420e+00,
         4.5713e+00,  3.8406e+00,  3.8621e+00,  4.8576e+00],
       dtype=torch.float64)
- log_lambda_par : tensor([1.8054], dtype=torch.float64)
- mean_par : tensor([0.], dtype=torch.float64)
Running loss: -257.598977803098
Time elapsed: 470.62058091163635

EPOCH: 2000
 parameters:
- sigma_n_log : tensor([-1.6828], dtype=torch.float64)
- log_lengthscales_par : tensor([ 1.8910e+00, -1.8431e+00, -2.2660e+00,  3.2767e+00,  1.0047e+00,
         1.8595e+00,  5.6390e+00,  4.7847e+00, -1.1510e-03,  6.4504e+00,
         5.7043e+00,  5.2018e+00,  5.1159e+00,  5.9139e+00],
       dtype=torch.float64)
- log_lambda_par : tensor([1.9455], dtype=torch.float64)
- mean_par : tensor([0.], dtype=torch.float64)
Running loss: -269.28884719179325
Time elapsed: 474.2650697231293

Final parameters:
 parameters:
- sigma_n_log : tensor([-1.6828], dtype=torch.float64)
- log_lengthscales_par : tensor([ 1.8910e+00, -1.8431e+00, -2.2660e+00,  3.2767e+00,  1.0047e+00,
         1.8595e+00,  5.6390e+00,  4.7847e+00, -1.1510e-03,  6.4504e+00,
         5.7043e+00,  5.2018e+00,  5.1159e+00,  5.9139e+00],
       dtype=torch.float64)
- log_lambda_par : tensor([1.9455], dtype=torch.float64)
- mean_par : tensor([0.], dtype=torch.float64)
MSE gp 5:  tensor(0.0199, dtype=torch.float64)

Initial parameters:
 parameters:
- sigma_n_log : tensor([-4.6052], dtype=torch.float64)
- log_lengthscales_par : tensor([0., 0., 0., 0., 0., 0., 0., 0., 0., 0., 0., 0., 0., 0.],
       dtype=torch.float64)
- log_lambda_par : tensor([0.], dtype=torch.float64)
- mean_par : tensor([0.], dtype=torch.float64)

EPOCH: 0
 parameters:
- sigma_n_log : tensor([-4.6152], dtype=torch.float64)
- log_lengthscales_par : tensor([1.0000e-02, 1.0000e-02, 9.9999e-03, 1.0000e-02, 1.0000e-02, 1.0000e-02,
        1.0000e-02, 1.0000e-02, 1.7473e-08, 1.0000e-02, 1.0000e-02, 1.0000e-02,
        1.0000e-02, 1.0000e-02], dtype=torch.float64)
- log_lambda_par : tensor([-0.0100], dtype=torch.float64)
- mean_par : tensor([0.], dtype=torch.float64)
Running loss: -221.4854966783773
Time elapsed: 0.5129821300506592

EPOCH: 1000
 parameters:
- sigma_n_log : tensor([-8.9918], dtype=torch.float64)
- log_lengthscales_par : tensor([ 2.2069,  3.6755,  6.8484,  2.6332,  3.9754,  3.6344,  5.5657,  3.7845,
        -0.1178,  3.9773,  4.4752,  4.1923,  4.3831,  5.2431],
       dtype=torch.float64)
- log_lambda_par : tensor([-3.6494], dtype=torch.float64)
- mean_par : tensor([0.], dtype=torch.float64)
Running loss: -6254.618659202035
Time elapsed: 456.41651797294617

EPOCH: 2000
 parameters:
- sigma_n_log : tensor([-8.9664], dtype=torch.float64)
- log_lengthscales_par : tensor([ 1.6116,  4.4583,  6.6785,  2.5606,  3.6650,  3.0875,  6.3662,  4.0551,
        -0.0606,  3.4038,  5.6373,  5.4347,  5.4342,  4.5513],
       dtype=torch.float64)
- log_lambda_par : tensor([-5.2784], dtype=torch.float64)
- mean_par : tensor([0.], dtype=torch.float64)
Running loss: -6316.113910769701
Time elapsed: 458.1865236759186

Final parameters:
 parameters:
- sigma_n_log : tensor([-8.9664], dtype=torch.float64)
- log_lengthscales_par : tensor([ 1.6116,  4.4583,  6.6785,  2.5606,  3.6650,  3.0875,  6.3662,  4.0551,
        -0.0606,  3.4038,  5.6373,  5.4347,  5.4342,  4.5513],
       dtype=torch.float64)
- log_lambda_par : tensor([-5.2784], dtype=torch.float64)
- mean_par : tensor([0.], dtype=torch.float64)
MSE gp 6:  tensor(2.2600e-08, dtype=torch.float64)

Initial parameters:
 parameters:
- sigma_n_log : tensor([-4.6052], dtype=torch.float64)
- log_lengthscales_par : tensor([0., 0., 0., 0., 0., 0., 0., 0., 0., 0., 0., 0., 0., 0.],
       dtype=torch.float64)
- log_lambda_par : tensor([0.], dtype=torch.float64)
- mean_par : tensor([0.], dtype=torch.float64)

EPOCH: 0
 parameters:
- sigma_n_log : tensor([-4.6152], dtype=torch.float64)
- log_lengthscales_par : tensor([ 1.0000e-02,  1.0000e-02,  9.9999e-03,  1.0000e-02,  1.0000e-02,
         1.0000e-02,  1.0000e-02,  1.0000e-02, -8.8799e-09,  1.0000e-02,
         1.0000e-02,  1.0000e-02,  1.0000e-02,  1.0000e-02],
       dtype=torch.float64)
- log_lambda_par : tensor([-0.0100], dtype=torch.float64)
- mean_par : tensor([0.], dtype=torch.float64)
Running loss: -189.2840926622707
Time elapsed: 0.5148303508758545

EPOCH: 1000
 parameters:
- sigma_n_log : tensor([-2.6204], dtype=torch.float64)
- log_lengthscales_par : tensor([-4.6132e-01,  2.2882e+00,  1.0956e+00,  1.2710e-02,  1.6113e-02,
        -1.7633e-01, -1.9848e+00,  8.1768e-01,  9.3851e-06, -4.6910e-02,
         1.1095e+00,  1.2425e+00,  1.1863e+00,  2.5419e+00],
       dtype=torch.float64)
- log_lambda_par : tensor([-2.3199], dtype=torch.float64)
- mean_par : tensor([0.], dtype=torch.float64)
Running loss: -996.848814510185
Time elapsed: 457.7565884590149

EPOCH: 2000
 parameters:
- sigma_n_log : tensor([-6.5473], dtype=torch.float64)
- log_lengthscales_par : tensor([-3.7034e-01,  3.1308e+00,  1.8096e+00,  1.0568e+00,  1.0674e+00,
        -8.8111e-02, -3.6489e+00,  6.8820e-01, -5.0692e-05, -1.8100e-01,
         4.3777e-01,  8.9556e-01,  7.1418e-01,  2.8620e+00],
       dtype=torch.float64)
- log_lambda_par : tensor([-2.2497], dtype=torch.float64)
- mean_par : tensor([0.], dtype=torch.float64)
Running loss: -1050.119179273351
Time elapsed: 464.24065256118774

Final parameters:
 parameters:
- sigma_n_log : tensor([-6.5473], dtype=torch.float64)
- log_lengthscales_par : tensor([-3.7034e-01,  3.1308e+00,  1.8096e+00,  1.0568e+00,  1.0674e+00,
        -8.8111e-02, -3.6489e+00,  6.8820e-01, -5.0692e-05, -1.8100e-01,
         4.3777e-01,  8.9556e-01,  7.1418e-01,  2.8620e+00],
       dtype=torch.float64)
- log_lambda_par : tensor([-2.2497], dtype=torch.float64)
- mean_par : tensor([0.], dtype=torch.float64)
MSE gp 7:  tensor(1.0480e-09, dtype=torch.float64)

Trained hyperparameters:
GP 1:
 parameters:
- sigma_n_log : tensor([-4.2655], dtype=torch.float64)
- log_lengthscales_par : tensor([-1.5887e-01,  3.0681e+00,  1.4984e+00,  3.4845e-01,  2.6667e+00,
         1.5059e+00, -1.6993e+00,  1.5165e+00, -5.1234e-04,  4.4841e-01,
         2.3192e+00,  3.2184e+00,  2.5473e+00,  4.0471e+00],
       dtype=torch.float64)
- log_lambda_par : tensor([-1.7630], dtype=torch.float64)
- mean_par : tensor([0.], dtype=torch.float64)
GP 2:
 parameters:
- sigma_n_log : tensor([-4.5023], dtype=torch.float64)
- log_lengthscales_par : tensor([ 6.9171e-01, -1.5500e+00, -3.0823e+00,  1.3608e+00,  3.7405e-01,
         3.5957e+00,  1.0660e+00,  2.4782e+00, -1.2033e-03,  3.2221e+00,
         8.2400e-01,  2.2140e+00,  2.4520e+00,  4.1778e+00],
       dtype=torch.float64)
- log_lambda_par : tensor([0.9101], dtype=torch.float64)
- mean_par : tensor([0.], dtype=torch.float64)
GP 3:
 parameters:
- sigma_n_log : tensor([-13.2336], dtype=torch.float64)
- log_lengthscales_par : tensor([-1.9188,  7.3916, -5.2689,  2.8606,  5.7992, 11.4438, 11.4657, 10.9121,
        -2.3582, 11.2808,  3.6879,  3.2203, 10.6600, 11.4341],
       dtype=torch.float64)
- log_lambda_par : tensor([4.7472], dtype=torch.float64)
- mean_par : tensor([0.], dtype=torch.float64)
GP 4:
 parameters:
- sigma_n_log : tensor([-12.9144], dtype=torch.float64)
- log_lengthscales_par : tensor([-2.0293,  9.7763,  1.7881,  0.2816,  9.6442, 10.5012,  8.8516,  9.1898,
         0.2153,  7.3460,  4.7275,  8.5904,  9.2323,  9.3741],
       dtype=torch.float64)
- log_lambda_par : tensor([-1.3515], dtype=torch.float64)
- mean_par : tensor([0.], dtype=torch.float64)
GP 5:
 parameters:
- sigma_n_log : tensor([-2.6998], dtype=torch.float64)
- log_lengthscales_par : tensor([ 2.0970e+00, -7.6483e-01, -2.0048e+00,  2.2793e+00,  8.9584e-01,
         2.4148e+00,  2.6644e+00,  3.4817e+00,  1.2803e-03,  3.2619e+00,
         4.8642e+00,  4.3836e+00,  3.5297e+00,  2.7390e+00],
       dtype=torch.float64)
- log_lambda_par : tensor([0.3217], dtype=torch.float64)
- mean_par : tensor([0.], dtype=torch.float64)
GP 6:
 parameters:
- sigma_n_log : tensor([-1.6828], dtype=torch.float64)
- log_lengthscales_par : tensor([ 1.8910e+00, -1.8431e+00, -2.2660e+00,  3.2767e+00,  1.0047e+00,
         1.8595e+00,  5.6390e+00,  4.7847e+00, -1.1510e-03,  6.4504e+00,
         5.7043e+00,  5.2018e+00,  5.1159e+00,  5.9139e+00],
       dtype=torch.float64)
- log_lambda_par : tensor([1.9455], dtype=torch.float64)
- mean_par : tensor([0.], dtype=torch.float64)
GP 7:
 parameters:
- sigma_n_log : tensor([-8.9664], dtype=torch.float64)
- log_lengthscales_par : tensor([ 1.6116,  4.4583,  6.6785,  2.5606,  3.6650,  3.0875,  6.3662,  4.0551,
        -0.0606,  3.4038,  5.6373,  5.4347,  5.4342,  4.5513],
       dtype=torch.float64)
- log_lambda_par : tensor([-5.2784], dtype=torch.float64)
- mean_par : tensor([0.], dtype=torch.float64)
GP 8:
 parameters:
- sigma_n_log : tensor([-6.5473], dtype=torch.float64)
- log_lengthscales_par : tensor([-3.7034e-01,  3.1308e+00,  1.8096e+00,  1.0568e+00,  1.0674e+00,
        -8.8111e-02, -3.6489e+00,  6.8820e-01, -5.0692e-05, -1.8100e-01,
         4.3777e-01,  8.9556e-01,  7.1418e-01,  2.8620e+00],
       dtype=torch.float64)
- log_lambda_par : tensor([-2.2497], dtype=torch.float64)
- mean_par : tensor([0.], dtype=torch.float64)

held-out NEXT-STATE MSE (model units) -- phase 0 (rl_it2_p0):
  0 pH     model=4.460324e-03  persistence=3.772377e-02  OK
  1 T      model=3.817518e-02  persistence=6.984893e-01  OK
  2 Fa     model=6.433837e-03  persistence=1.012393e-01  OK
  3 Fb     model=1.259147e-02  persistence=4.506894e-02  OK
  4 Fc     model=5.131745e-03  persistence=2.992743e-01  OK
  5 Fh     model=1.274638e-02  persistence=1.615458e+00  OK
  6 Wt     model=1.339289e-08  persistence=1.050800e-05  OK
  7 DO2    model=3.768343e-02  persistence=6.922566e-02  OK

mean MSE 1.465280e-02   persistence 3.583112e-01
model beats persistence: True
[pensim] statistics saved -> /home/s2892016/Thesis/MCPILCO/results_rlloop_s1/pensim_stats_rl_it2_p0.json

saved -> /home/s2892016/Thesis/MCPILCO/results_rlloop_s1/rbf_model_rl_it2_p0.pt
saved -> /home/s2892016/Thesis/MCPILCO/results_rlloop_s1/rbf_metrics_rl_it2_p0.json
