=== training world model: phase=2 (rl_it3_p2)  n_keep=800  n_epoch=2001  select=pivchol ===
[loop] reusing frozen standardizer stats from /home/s2892016/Thesis/MCPILCO/results_pensim/rbf_model_bnd_rbf_iter0_phase0.pt
[pensim] dataset folder (PENSIM_DATA_DIR): /home/s2892016/Thesis/deps/smpl/smpl/configdata/pensim_rlloop_s1  (15 CSVs)
max observations: [2.76000000e+02 8.05261517e+00 3.62841400e+02 6.85863686e+00
 2.70000000e+02 1.80000012e+03 9.46039368e+02 1.26920055e+05
 2.39494171e+01]
min observations: [1.6000001e-01 4.5955915e+00 2.3797954e+02 0.0000000e+00 0.0000000e+00
 0.0000000e+00 0.0000000e+00 5.0006516e+04 2.3598127e+00]
dataset max observations: [2.3000000e+02 6.6375961e+00 3.0001480e+02 4.6791539e+00 2.2500000e+02
 9.7046545e+02 7.8029871e+02 1.1434737e+05 1.9388021e+01]
dataset min observations: [0.0000000e+00 6.0929465e+00 2.9777319e+02 0.0000000e+00 0.0000000e+00
 9.9999997e-05 9.9999997e-05 6.1848688e+04 9.0607529e+00]
max actions: [4.10e+03 1.51e+02 3.60e+01 7.60e+01 1.20e+00 5.10e+02]
min actions: [ 0.   7.  21.  29.   0.5  0. ]
dataset max actions: [4.094559e+03 1.470660e+02 3.580100e+01 7.514100e+01 1.132000e+00
 5.038400e+02]
dataset min actions: [ 0.     7.361 21.249 29.636  0.545  0.   ]
normalize: True
using max/min observations and actions.
[pensim] using SAVED standardizer statistics
[pensim] loader time bounds: [0.16, 276.00] h
[pensim] 17247 transitions | obs 8d act 6d
[pensim] obs per-dim std: [0.4584 0.9476 1.1125 1.0385 0.9159 0.808  0.9441 1.5584]
[pensim] time range: -0.00 .. 230.00 h
[pensim]   phase 0 [0, 47.5) h: 3555 transitions
[pensim]   phase 1 [47.5, 72.5) h: 1875 transitions
[pensim]   phase 2 [72.5, inf) h: 11814 transitions
[std] fitted on 17247 transitions (15.00 CSVs)  [PINNED via -std_from]
[std] obs_sd = [0.0329  0.00339 0.03372 0.30286 0.17267 0.11814 0.34974 0.11855]
[std] act_sd = [0.30882 0.24979 0.48691 0.34592 0.29527 0.43871]
[pensim] phase 2: t in [72.5, inf) h  ->  11814 of 17247 transitions (68.5%)
[pivchol] selected 800/11614 points  (residual trace 1.780e+03)
train N=800   test N=200   gp input dim=14   num_gp=8
training-set time span: 72.60 .. 230.00 h
EXACT GP INFERENCE SELECTED

Initial parameters:
 parameters:
- sigma_n_log : tensor([-4.6052], dtype=torch.float64)
- log_lengthscales_par : tensor([0., 0., 0., 0., 0., 0., 0., 0., 0., 0., 0., 0., 0., 0.],
       dtype=torch.float64)
- log_lambda_par : tensor([0.], dtype=torch.float64)
- mean_par : tensor([0.], dtype=torch.float64)

EPOCH: 0
 parameters:
- sigma_n_log : tensor([-4.6152], dtype=torch.float64)
- log_lengthscales_par : tensor([0.0100, 0.0100, 0.0100, 0.0100, 0.0100, 0.0100, 0.0100, 0.0100, 0.0100,
        0.0100, 0.0100, 0.0100, 0.0100, 0.0100], dtype=torch.float64)
- log_lambda_par : tensor([-0.0100], dtype=torch.float64)
- mean_par : tensor([0.], dtype=torch.float64)
Running loss: 43.45284033711234
Time elapsed: 0.5519013404846191

EPOCH: 1000
 parameters:
- sigma_n_log : tensor([-2.5051], dtype=torch.float64)
- log_lengthscales_par : tensor([0.4813, 2.6811, 2.1003, 0.7347, 2.3676, 0.2716, 1.6455, 0.4120, 2.8272,
        2.6749, 2.8158, 3.0144, 3.5457, 3.5301], dtype=torch.float64)
- log_lambda_par : tensor([-0.1323], dtype=torch.float64)
- mean_par : tensor([0.], dtype=torch.float64)
Running loss: -782.8665977718366
Time elapsed: 419.1205418109894

EPOCH: 2000
 parameters:
- sigma_n_log : tensor([-2.4697], dtype=torch.float64)
- log_lengthscales_par : tensor([0.5041, 2.8463, 2.1003, 0.7570, 2.7184, 0.2963, 1.7132, 0.4368, 2.8630,
        2.7384, 2.9692, 3.0899, 4.2542, 3.8898], dtype=torch.float64)
- log_lambda_par : tensor([-0.0086], dtype=torch.float64)
- mean_par : tensor([0.], dtype=torch.float64)
Running loss: -784.0343791344292
Time elapsed: 419.21708273887634

Final parameters:
 parameters:
- sigma_n_log : tensor([-2.4697], dtype=torch.float64)
- log_lengthscales_par : tensor([0.5041, 2.8463, 2.1003, 0.7570, 2.7184, 0.2963, 1.7132, 0.4368, 2.8630,
        2.7384, 2.9692, 3.0899, 4.2542, 3.8898], dtype=torch.float64)
- log_lambda_par : tensor([-0.0086], dtype=torch.float64)
- mean_par : tensor([0.], dtype=torch.float64)
MSE gp 0:  tensor(0.0029, dtype=torch.float64)

Initial parameters:
 parameters:
- sigma_n_log : tensor([-4.6052], dtype=torch.float64)
- log_lengthscales_par : tensor([0., 0., 0., 0., 0., 0., 0., 0., 0., 0., 0., 0., 0., 0.],
       dtype=torch.float64)
- log_lambda_par : tensor([0.], dtype=torch.float64)
- mean_par : tensor([0.], dtype=torch.float64)

EPOCH: 0
 parameters:
- sigma_n_log : tensor([-4.6152], dtype=torch.float64)
- log_lengthscales_par : tensor([ 0.0100,  0.0100, -0.0100,  0.0100,  0.0100,  0.0100,  0.0100,  0.0100,
         0.0100,  0.0100,  0.0100,  0.0100,  0.0100,  0.0100],
       dtype=torch.float64)
- log_lambda_par : tensor([-0.0100], dtype=torch.float64)
- mean_par : tensor([0.], dtype=torch.float64)
Running loss: 120.51636283386196
Time elapsed: 0.4408895969390869

EPOCH: 1000
 parameters:
- sigma_n_log : tensor([-2.2118], dtype=torch.float64)
- log_lengthscales_par : tensor([ 3.6810, -1.2701, -3.6376,  0.6730, -0.0912,  1.4063,  3.1405,  3.0620,
         5.3309,  3.7210,  3.8788,  3.4737,  1.3892,  4.0294],
       dtype=torch.float64)
- log_lambda_par : tensor([-0.0246], dtype=torch.float64)
- mean_par : tensor([0.], dtype=torch.float64)
Running loss: -636.6724729056577
Time elapsed: 447.7182774543762

EPOCH: 2000
 parameters:
- sigma_n_log : tensor([-2.1928], dtype=torch.float64)
- log_lengthscales_par : tensor([ 4.0090, -1.2639, -3.6394,  0.6908, -0.0905,  1.3481,  3.5547,  3.2290,
         5.9652,  4.4117,  4.7689,  4.3525,  1.4016,  4.8874],
       dtype=torch.float64)
- log_lambda_par : tensor([0.0278], dtype=torch.float64)
- mean_par : tensor([0.], dtype=torch.float64)
Running loss: -639.933219175321
Time elapsed: 427.2586591243744

Final parameters:
 parameters:
- sigma_n_log : tensor([-2.1928], dtype=torch.float64)
- log_lengthscales_par : tensor([ 4.0090, -1.2639, -3.6394,  0.6908, -0.0905,  1.3481,  3.5547,  3.2290,
         5.9652,  4.4117,  4.7689,  4.3525,  1.4016,  4.8874],
       dtype=torch.float64)
- log_lambda_par : tensor([0.0278], dtype=torch.float64)
- mean_par : tensor([0.], dtype=torch.float64)
MSE gp 1:  tensor(0.0059, dtype=torch.float64)

Initial parameters:
 parameters:
- sigma_n_log : tensor([-4.6052], dtype=torch.float64)
- log_lengthscales_par : tensor([0., 0., 0., 0., 0., 0., 0., 0., 0., 0., 0., 0., 0., 0.],
       dtype=torch.float64)
- log_lambda_par : tensor([0.], dtype=torch.float64)
- mean_par : tensor([0.], dtype=torch.float64)

EPOCH: 0
 parameters:
- sigma_n_log : tensor([-4.5952], dtype=torch.float64)
- log_lengthscales_par : tensor([-0.0100, -0.0100, -0.0100, -0.0100,  0.0100,  0.0100,  0.0100,  0.0100,
        -0.0100,  0.0100,  0.0100,  0.0100,  0.0100,  0.0100],
       dtype=torch.float64)
- log_lambda_par : tensor([0.0100], dtype=torch.float64)
- mean_par : tensor([0.], dtype=torch.float64)
Running loss: 3008.012522079298
Time elapsed: 0.44785642623901367

EPOCH: 1000
 parameters:
- sigma_n_log : tensor([-9.1473], dtype=torch.float64)
- log_lengthscales_par : tensor([-2.7794,  6.1631, -6.5167,  7.0144,  4.9826,  5.5264,  7.9849,  5.3275,
         3.9579,  4.0153,  6.3762,  1.8720,  5.7536,  3.9423],
       dtype=torch.float64)
- log_lambda_par : tensor([2.8888], dtype=torch.float64)
- mean_par : tensor([0.], dtype=torch.float64)
Running loss: -903.2804702412146
Time elapsed: 467.68792152404785

EPOCH: 2000
 parameters:
- sigma_n_log : tensor([-11.9953], dtype=torch.float64)
- log_lengthscales_par : tensor([-2.8518, 10.4717, -7.3076, 11.0185, 10.8963, 10.3530, 11.2540,  5.6483,
         3.6364,  5.1848, 10.4955,  1.8287,  9.6199,  9.4037],
       dtype=torch.float64)
- log_lambda_par : tensor([3.1659], dtype=torch.float64)
- mean_par : tensor([0.], dtype=torch.float64)
Running loss: -1323.830185384668
Time elapsed: 563.8050270080566

Final parameters:
 parameters:
- sigma_n_log : tensor([-11.9953], dtype=torch.float64)
- log_lengthscales_par : tensor([-2.8518, 10.4717, -7.3076, 11.0185, 10.8963, 10.3530, 11.2540,  5.6483,
         3.6364,  5.1848, 10.4955,  1.8287,  9.6199,  9.4037],
       dtype=torch.float64)
- log_lambda_par : tensor([3.1659], dtype=torch.float64)
- mean_par : tensor([0.], dtype=torch.float64)
MSE gp 2:  tensor(3.0398e-13, dtype=torch.float64)

Initial parameters:
 parameters:
- sigma_n_log : tensor([-4.6052], dtype=torch.float64)
- log_lengthscales_par : tensor([0., 0., 0., 0., 0., 0., 0., 0., 0., 0., 0., 0., 0., 0.],
       dtype=torch.float64)
- log_lambda_par : tensor([0.], dtype=torch.float64)
- mean_par : tensor([0.], dtype=torch.float64)

EPOCH: 0
 parameters:
- sigma_n_log : tensor([-4.6152], dtype=torch.float64)
- log_lengthscales_par : tensor([0.0100, 0.0100, 0.0100, 0.0100, 0.0100, 0.0100, 0.0100, 0.0100, 0.0100,
        0.0100, 0.0100, 0.0100, 0.0100, 0.0100], dtype=torch.float64)
- log_lambda_par : tensor([-0.0100], dtype=torch.float64)
- mean_par : tensor([0.], dtype=torch.float64)
Running loss: 50.72479016455416
Time elapsed: 0.44759178161621094

EPOCH: 1000
 parameters:
- sigma_n_log : tensor([-4.4444], dtype=torch.float64)
- log_lengthscales_par : tensor([-2.9315,  4.4754,  3.1771,  1.4881,  2.8133,  4.4298,  4.7965,  4.9500,
         5.7704,  5.1202,  4.8406,  4.7146,  5.2311,  5.4253],
       dtype=torch.float64)
- log_lambda_par : tensor([-0.7774], dtype=torch.float64)
- mean_par : tensor([0.], dtype=torch.float64)
Running loss: -1741.1722655156507
Time elapsed: 450.0712866783142

EPOCH: 2000
 parameters:
- sigma_n_log : tensor([-4.4535], dtype=torch.float64)
- log_lengthscales_par : tensor([-2.9510,  6.2855,  2.7679,  1.4903,  2.9342,  6.4582,  5.3072,  6.8340,
         6.3577,  6.4756,  6.2208,  4.3950,  6.9536,  7.0941],
       dtype=torch.float64)
- log_lambda_par : tensor([-0.6570], dtype=torch.float64)
- mean_par : tensor([0.], dtype=torch.float64)
Running loss: -1780.1060195260138
Time elapsed: 495.3243901729584

Final parameters:
 parameters:
- sigma_n_log : tensor([-4.4535], dtype=torch.float64)
- log_lengthscales_par : tensor([-2.9510,  6.2855,  2.7679,  1.4903,  2.9342,  6.4582,  5.3072,  6.8340,
         6.3577,  6.4756,  6.2208,  4.3950,  6.9536,  7.0941],
       dtype=torch.float64)
- log_lambda_par : tensor([-0.6570], dtype=torch.float64)
- mean_par : tensor([0.], dtype=torch.float64)
MSE gp 3:  tensor(4.8723e-05, dtype=torch.float64)

Initial parameters:
 parameters:
- sigma_n_log : tensor([-4.6052], dtype=torch.float64)
- log_lengthscales_par : tensor([0., 0., 0., 0., 0., 0., 0., 0., 0., 0., 0., 0., 0., 0.],
       dtype=torch.float64)
- log_lambda_par : tensor([0.], dtype=torch.float64)
- mean_par : tensor([0.], dtype=torch.float64)

EPOCH: 0
 parameters:
- sigma_n_log : tensor([-4.6152], dtype=torch.float64)
- log_lengthscales_par : tensor([0.0100, 0.0100, 0.0100, 0.0100, 0.0100, 0.0100, 0.0100, 0.0100, 0.0100,
        0.0100, 0.0100, 0.0100, 0.0100, 0.0100], dtype=torch.float64)
- log_lambda_par : tensor([-0.0100], dtype=torch.float64)
- mean_par : tensor([0.], dtype=torch.float64)
Running loss: 3.876380267633131
Time elapsed: 0.47362470626831055

EPOCH: 1000
 parameters:
- sigma_n_log : tensor([-4.0932], dtype=torch.float64)
- log_lengthscales_par : tensor([ 4.1039, -1.3218,  6.3090,  4.6147, -0.5949,  1.2163,  3.4670,  3.4744,
         6.0349,  2.0347,  1.6107,  2.7135,  3.7253,  4.7104],
       dtype=torch.float64)
- log_lambda_par : tensor([-1.1605], dtype=torch.float64)
- mean_par : tensor([0.], dtype=torch.float64)
Running loss: -1994.118196964876
Time elapsed: 425.5487730503082

EPOCH: 2000
 parameters:
- sigma_n_log : tensor([-4.0552], dtype=torch.float64)
- log_lengthscales_par : tensor([ 4.6480, -1.2749,  7.0179,  5.6262, -0.6865,  1.3435,  3.7091,  3.6926,
         6.9031,  1.5100,  2.5721,  3.0935,  5.4842,  5.8611],
       dtype=torch.float64)
- log_lambda_par : tensor([-0.7826], dtype=torch.float64)
- mean_par : tensor([0.], dtype=torch.float64)
Running loss: -2016.80438763819
Time elapsed: 425.22243642807007

Final parameters:
 parameters:
- sigma_n_log : tensor([-4.0552], dtype=torch.float64)
- log_lengthscales_par : tensor([ 4.6480, -1.2749,  7.0179,  5.6262, -0.6865,  1.3435,  3.7091,  3.6926,
         6.9031,  1.5100,  2.5721,  3.0935,  5.4842,  5.8611],
       dtype=torch.float64)
- log_lambda_par : tensor([-0.7826], dtype=torch.float64)
- mean_par : tensor([0.], dtype=torch.float64)
MSE gp 4:  tensor(0.0002, dtype=torch.float64)

Initial parameters:
 parameters:
- sigma_n_log : tensor([-4.6052], dtype=torch.float64)
- log_lengthscales_par : tensor([0., 0., 0., 0., 0., 0., 0., 0., 0., 0., 0., 0., 0., 0.],
       dtype=torch.float64)
- log_lambda_par : tensor([0.], dtype=torch.float64)
- mean_par : tensor([0.], dtype=torch.float64)

EPOCH: 0
 parameters:
- sigma_n_log : tensor([-4.6152], dtype=torch.float64)
- log_lengthscales_par : tensor([ 0.0100, -0.0100, -0.0100,  0.0100,  0.0100, -0.0100,  0.0100,  0.0100,
         0.0100,  0.0100,  0.0100,  0.0100,  0.0100,  0.0100],
       dtype=torch.float64)
- log_lambda_par : tensor([0.0100], dtype=torch.float64)
- mean_par : tensor([0.], dtype=torch.float64)
Running loss: 419.87895381873244
Time elapsed: 0.4964334964752197

EPOCH: 1000
 parameters:
- sigma_n_log : tensor([-2.1187], dtype=torch.float64)
- log_lengthscales_par : tensor([ 4.0947, -1.3142, -1.9499,  3.2506, -1.1076,  0.1092,  3.0531,  4.5528,
         5.9412,  2.1139,  3.9848,  4.0833,  4.4955,  4.5401],
       dtype=torch.float64)
- log_lambda_par : tensor([0.6803], dtype=torch.float64)
- mean_par : tensor([0.], dtype=torch.float64)
Running loss: -628.3609582283866
Time elapsed: 490.1657648086548

EPOCH: 2000
 parameters:
- sigma_n_log : tensor([-2.1265], dtype=torch.float64)
- log_lengthscales_par : tensor([ 5.1161, -1.3236, -1.8881,  3.0947, -1.0811,  0.1348,  3.2981,  5.6711,
         6.8645,  2.3601,  5.1693,  5.1669,  5.6945,  5.7101],
       dtype=torch.float64)
- log_lambda_par : tensor([0.8024], dtype=torch.float64)
- mean_par : tensor([0.], dtype=torch.float64)
Running loss: -641.7672127544449
Time elapsed: 435.68411564826965

Final parameters:
 parameters:
- sigma_n_log : tensor([-2.1265], dtype=torch.float64)
- log_lengthscales_par : tensor([ 5.1161, -1.3236, -1.8881,  3.0947, -1.0811,  0.1348,  3.2981,  5.6711,
         6.8645,  2.3601,  5.1693,  5.1669,  5.6945,  5.7101],
       dtype=torch.float64)
- log_lambda_par : tensor([0.8024], dtype=torch.float64)
- mean_par : tensor([0.], dtype=torch.float64)
MSE gp 5:  tensor(0.0082, dtype=torch.float64)

Initial parameters:
 parameters:
- sigma_n_log : tensor([-4.6052], dtype=torch.float64)
- log_lengthscales_par : tensor([0., 0., 0., 0., 0., 0., 0., 0., 0., 0., 0., 0., 0., 0.],
       dtype=torch.float64)
- log_lambda_par : tensor([0.], dtype=torch.float64)
- mean_par : tensor([0.], dtype=torch.float64)

EPOCH: 0
 parameters:
- sigma_n_log : tensor([-4.6152], dtype=torch.float64)
- log_lengthscales_par : tensor([0.0100, 0.0100, 0.0100, 0.0100, 0.0100, 0.0100, 0.0100, 0.0100, 0.0100,
        0.0100, 0.0100, 0.0100, 0.0100, 0.0100], dtype=torch.float64)
- log_lambda_par : tensor([-0.0100], dtype=torch.float64)
- mean_par : tensor([0.], dtype=torch.float64)
Running loss: -37.41853370725694
Time elapsed: 0.45358920097351074

EPOCH: 1000
 parameters:
- sigma_n_log : tensor([-5.4052], dtype=torch.float64)
- log_lengthscales_par : tensor([ 2.2279,  3.1489,  4.4956,  2.6886,  4.5826,  4.1256, -0.5327,  4.2177,
         1.5369,  3.6348,  3.8441,  3.6793,  4.1808,  2.8948],
       dtype=torch.float64)
- log_lambda_par : tensor([-3.1553], dtype=torch.float64)
- mean_par : tensor([0.], dtype=torch.float64)
Running loss: -3619.020133676577
Time elapsed: 425.306693315506

EPOCH: 2000
 parameters:
- sigma_n_log : tensor([-5.4735], dtype=torch.float64)
- log_lengthscales_par : tensor([ 1.9488,  2.6287,  3.6460,  2.3329,  5.5255,  5.2315, -0.7155,  4.9557,
         1.4490,  3.3311,  3.6992,  3.6305,  5.1899,  2.0319],
       dtype=torch.float64)
- log_lambda_par : tensor([-4.1885], dtype=torch.float64)
- mean_par : tensor([0.], dtype=torch.float64)
Running loss: -3645.970828834689
Time elapsed: 424.9530396461487

Final parameters:
 parameters:
- sigma_n_log : tensor([-5.4735], dtype=torch.float64)
- log_lengthscales_par : tensor([ 1.9488,  2.6287,  3.6460,  2.3329,  5.5255,  5.2315, -0.7155,  4.9557,
         1.4490,  3.3311,  3.6992,  3.6305,  5.1899,  2.0319],
       dtype=torch.float64)
- log_lambda_par : tensor([-4.1885], dtype=torch.float64)
- mean_par : tensor([0.], dtype=torch.float64)
MSE gp 6:  tensor(1.3394e-05, dtype=torch.float64)

Initial parameters:
 parameters:
- sigma_n_log : tensor([-4.6052], dtype=torch.float64)
- log_lengthscales_par : tensor([0., 0., 0., 0., 0., 0., 0., 0., 0., 0., 0., 0., 0., 0.],
       dtype=torch.float64)
- log_lambda_par : tensor([0.], dtype=torch.float64)
- mean_par : tensor([0.], dtype=torch.float64)

EPOCH: 0
 parameters:
- sigma_n_log : tensor([-4.6152], dtype=torch.float64)
- log_lengthscales_par : tensor([0.0100, 0.0100, 0.0100, 0.0100, 0.0100, 0.0100, 0.0100, 0.0100, 0.0100,
        0.0100, 0.0100, 0.0100, 0.0100, 0.0100], dtype=torch.float64)
- log_lambda_par : tensor([-0.0100], dtype=torch.float64)
- mean_par : tensor([0.], dtype=torch.float64)
Running loss: 25.195448688401093
Time elapsed: 0.46933412551879883

EPOCH: 1000
 parameters:
- sigma_n_log : tensor([-4.4425], dtype=torch.float64)
- log_lengthscales_par : tensor([ 2.1785, -0.0475,  0.6078,  0.8320,  0.9043,  1.2249,  0.1489,  0.0502,
         5.9584,  2.0286,  4.0439,  4.6334,  3.4146,  2.3739],
       dtype=torch.float64)
- log_lambda_par : tensor([-0.5975], dtype=torch.float64)
- mean_par : tensor([0.], dtype=torch.float64)
Running loss: -1051.7831103631484
Time elapsed: 439.1383955478668

EPOCH: 2000
 parameters:
- sigma_n_log : tensor([-4.4084], dtype=torch.float64)
- log_lengthscales_par : tensor([ 2.1947, -0.0422,  0.6211,  0.8389,  0.8807,  1.2176,  0.1681,  0.0598,
         6.4803,  2.0308,  4.6235,  5.6357,  4.0203,  2.3319],
       dtype=torch.float64)
- log_lambda_par : tensor([-0.5554], dtype=torch.float64)
- mean_par : tensor([0.], dtype=torch.float64)
Running loss: -1054.6258393868604
Time elapsed: 402.45156621932983

Final parameters:
 parameters:
- sigma_n_log : tensor([-4.4084], dtype=torch.float64)
- log_lengthscales_par : tensor([ 2.1947, -0.0422,  0.6211,  0.8389,  0.8807,  1.2176,  0.1681,  0.0598,
         6.4803,  2.0308,  4.6235,  5.6357,  4.0203,  2.3319],
       dtype=torch.float64)
- log_lambda_par : tensor([-0.5554], dtype=torch.float64)
- mean_par : tensor([0.], dtype=torch.float64)
MSE gp 7:  tensor(8.2122e-06, dtype=torch.float64)

Trained hyperparameters:
GP 1:
 parameters:
- sigma_n_log : tensor([-2.4697], dtype=torch.float64)
- log_lengthscales_par : tensor([0.5041, 2.8463, 2.1003, 0.7570, 2.7184, 0.2963, 1.7132, 0.4368, 2.8630,
        2.7384, 2.9692, 3.0899, 4.2542, 3.8898], dtype=torch.float64)
- log_lambda_par : tensor([-0.0086], dtype=torch.float64)
- mean_par : tensor([0.], dtype=torch.float64)
GP 2:
 parameters:
- sigma_n_log : tensor([-2.1928], dtype=torch.float64)
- log_lengthscales_par : tensor([ 4.0090, -1.2639, -3.6394,  0.6908, -0.0905,  1.3481,  3.5547,  3.2290,
         5.9652,  4.4117,  4.7689,  4.3525,  1.4016,  4.8874],
       dtype=torch.float64)
- log_lambda_par : tensor([0.0278], dtype=torch.float64)
- mean_par : tensor([0.], dtype=torch.float64)
GP 3:
 parameters:
- sigma_n_log : tensor([-11.9953], dtype=torch.float64)
- log_lengthscales_par : tensor([-2.8518, 10.4717, -7.3076, 11.0185, 10.8963, 10.3530, 11.2540,  5.6483,
         3.6364,  5.1848, 10.4955,  1.8287,  9.6199,  9.4037],
       dtype=torch.float64)
- log_lambda_par : tensor([3.1659], dtype=torch.float64)
- mean_par : tensor([0.], dtype=torch.float64)
GP 4:
 parameters:
- sigma_n_log : tensor([-4.4535], dtype=torch.float64)
- log_lengthscales_par : tensor([-2.9510,  6.2855,  2.7679,  1.4903,  2.9342,  6.4582,  5.3072,  6.8340,
         6.3577,  6.4756,  6.2208,  4.3950,  6.9536,  7.0941],
       dtype=torch.float64)
- log_lambda_par : tensor([-0.6570], dtype=torch.float64)
- mean_par : tensor([0.], dtype=torch.float64)
GP 5:
 parameters:
- sigma_n_log : tensor([-4.0552], dtype=torch.float64)
- log_lengthscales_par : tensor([ 4.6480, -1.2749,  7.0179,  5.6262, -0.6865,  1.3435,  3.7091,  3.6926,
         6.9031,  1.5100,  2.5721,  3.0935,  5.4842,  5.8611],
       dtype=torch.float64)
- log_lambda_par : tensor([-0.7826], dtype=torch.float64)
- mean_par : tensor([0.], dtype=torch.float64)
GP 6:
 parameters:
- sigma_n_log : tensor([-2.1265], dtype=torch.float64)
- log_lengthscales_par : tensor([ 5.1161, -1.3236, -1.8881,  3.0947, -1.0811,  0.1348,  3.2981,  5.6711,
         6.8645,  2.3601,  5.1693,  5.1669,  5.6945,  5.7101],
       dtype=torch.float64)
- log_lambda_par : tensor([0.8024], dtype=torch.float64)
- mean_par : tensor([0.], dtype=torch.float64)
GP 7:
 parameters:
- sigma_n_log : tensor([-5.4735], dtype=torch.float64)
- log_lengthscales_par : tensor([ 1.9488,  2.6287,  3.6460,  2.3329,  5.5255,  5.2315, -0.7155,  4.9557,
         1.4490,  3.3311,  3.6992,  3.6305,  5.1899,  2.0319],
       dtype=torch.float64)
- log_lambda_par : tensor([-4.1885], dtype=torch.float64)
- mean_par : tensor([0.], dtype=torch.float64)
GP 8:
 parameters:
- sigma_n_log : tensor([-4.4084], dtype=torch.float64)
- log_lengthscales_par : tensor([ 2.1947, -0.0422,  0.6211,  0.8389,  0.8807,  1.2176,  0.1681,  0.0598,
         6.4803,  2.0308,  4.6235,  5.6357,  4.0203,  2.3319],
       dtype=torch.float64)
- log_lambda_par : tensor([-0.5554], dtype=torch.float64)
- mean_par : tensor([0.], dtype=torch.float64)

held-out NEXT-STATE MSE (model units) -- phase 2 (rl_it3_p2):
  0 pH     model=1.232112e-01  persistence=1.444833e-01  OK
  1 T      model=2.084570e-01  persistence=3.112900e-01  OK
  2 Fa     model=8.558765e+00  persistence=8.690831e+00  OK
  3 Fb     model=3.046170e-03  persistence=5.339762e-02  OK
  4 Fc     model=3.840968e-03  persistence=2.542617e-02  OK
  5 Fh     model=4.123261e-02  persistence=9.886107e-01  OK
  6 Wt     model=5.937931e-05  persistence=1.757844e-04  OK
  7 DO2    model=5.226065e-02  persistence=6.024237e-02  OK

mean MSE 1.123859e+00   persistence 1.284307e+00
model beats persistence: True
[pensim] statistics saved -> /home/s2892016/Thesis/MCPILCO/results_rlloop_s1/pensim_stats_rl_it3_p2.json

saved -> /home/s2892016/Thesis/MCPILCO/results_rlloop_s1/rbf_model_rl_it3_p2.pt
saved -> /home/s2892016/Thesis/MCPILCO/results_rlloop_s1/rbf_metrics_rl_it3_p2.json
