EXACT GP INFERENCE SELECTED
EXACT GP INFERENCE SELECTED
EXACT GP INFERENCE SELECTED
world models:
  phase 0: [0,47.5) h  train pts=800
  phase 1: [47.5,72.5) h  train pts=800
  phase 2: [72.5,inf) h  train pts=800
  -> one shared z-space (verified)
combined state range: [-10.41, 40.38] z
[PFQuery] loaded checkpoint flgfn_corrected.pt
pre-caching 150 expert distributions ...
  eigenvalues @75h: [0.00018914 0.00684495 0.04047212]
windows per model: phase 0: 47  phase 1: 25  phase 2: 78

policy rbf: in=8 out=6 u_max=3.0 params=2808
L2: lambda=0.3 on ALL SIX channels (additive)
action spread across 5 replicas of one state: 3.323e-06   <-- WARNING: E_a|s degenerate

chance constraints: eps=0.95 -> Phi^-1=1.6449
  action box  alpha=1000.0
  vessel floor alpha=1.0  Wt >= 50000 phys (-1.534 z)
  training data below the floor: 0.0%
iter   0  W2=0.25674  ||a||^2=0.00512  lam*||a||^2=1.537e-03  loss=0.25827
          cc_act=0.000e+00 cc_state=0.000e+00   |grad| med=1.429e-02 DEAD=0/150  |s|max=36.4 (data 40.4)
iter   1  W2=0.24861  ||a||^2=0.00805  lam*||a||^2=2.415e-03  loss=0.25159
          cc_act=5.587e-04 cc_state=0.000e+00   |grad| med=2.297e-02 DEAD=0/150  |s|max=33.8 (data 40.4)
iter   2  W2=0.24402  ||a||^2=0.01307  lam*||a||^2=3.922e-03  loss=0.24825
          cc_act=3.086e-04 cc_state=0.000e+00   |grad| med=2.608e-02 DEAD=0/150  |s|max=33.5 (data 40.4)
iter   3  W2=0.25099  ||a||^2=0.01254  lam*||a||^2=3.761e-03  loss=0.25485
          cc_act=9.607e-05 cc_state=0.000e+00   |grad| med=2.243e-02 DEAD=0/150  |s|max=38.0 (data 40.4)
iter   4  W2=0.24989  ||a||^2=0.01542  lam*||a||^2=4.626e-03  loss=0.25460
          cc_act=8.271e-05 cc_state=0.000e+00   |grad| med=2.706e-02 DEAD=0/150  |s|max=35.2 (data 40.4)
iter   5  W2=0.25097  ||a||^2=0.01057  lam*||a||^2=3.171e-03  loss=0.25469
          cc_act=5.441e-04 cc_state=0.000e+00   |grad| med=1.849e-02 DEAD=0/150  |s|max=36.6 (data 40.4)
iter   6  W2=0.25259  ||a||^2=0.01194  lam*||a||^2=3.582e-03  loss=0.25623
          cc_act=5.645e-05 cc_state=0.000e+00   |grad| med=2.400e-02 DEAD=0/150  |s|max=37.4 (data 40.4)
iter   7  W2=0.25669  ||a||^2=0.00350  lam*||a||^2=1.049e-03  loss=0.25774
          cc_act=0.000e+00 cc_state=0.000e+00   |grad| med=1.531e-02 DEAD=0/150  |s|max=36.1 (data 40.4)
iter   8  W2=0.24863  ||a||^2=0.01030  lam*||a||^2=3.090e-03  loss=0.25181
          cc_act=8.742e-05 cc_state=0.000e+00   |grad| med=2.059e-02 DEAD=0/150  |s|max=36.9 (data 40.4)
iter   9  W2=0.24549  ||a||^2=0.01589  lam*||a||^2=4.768e-03  loss=0.25071
          cc_act=4.518e-04 cc_state=0.000e+00   |grad| med=2.433e-02 DEAD=0/150  |s|max=34.6 (data 40.4)
iter  10  W2=0.24731  ||a||^2=0.01398  lam*||a||^2=4.194e-03  loss=0.25175
          cc_act=2.430e-04 cc_state=0.000e+00   |grad| med=2.197e-02 DEAD=0/150  |s|max=34.9 (data 40.4)
iter  11  W2=0.24530  ||a||^2=0.01232  lam*||a||^2=3.696e-03  loss=0.24933
          cc_act=3.300e-04 cc_state=0.000e+00   |grad| med=2.463e-02 DEAD=0/150  |s|max=35.5 (data 40.4)
iter  12  W2=0.24380  ||a||^2=0.01572  lam*||a||^2=4.716e-03  loss=0.24851
          cc_act=0.000e+00 cc_state=0.000e+00   |grad| med=2.503e-02 DEAD=0/150  |s|max=35.0 (data 40.4)
iter  13  W2=0.24601  ||a||^2=0.01821  lam*||a||^2=5.463e-03  loss=0.25155
          cc_act=7.746e-05 cc_state=0.000e+00   |grad| med=3.134e-02 DEAD=0/150  |s|max=34.8 (data 40.4)
iter  14  W2=0.24930  ||a||^2=0.01532  lam*||a||^2=4.596e-03  loss=0.25389
          cc_act=0.000e+00 cc_state=0.000e+00   |grad| med=2.106e-02 DEAD=0/150  |s|max=35.2 (data 40.4)
iter  15  W2=0.24646  ||a||^2=0.01641  lam*||a||^2=4.922e-03  loss=0.25168
          cc_act=2.949e-04 cc_state=0.000e+00   |grad| med=2.738e-02 DEAD=0/150  |s|max=34.5 (data 40.4)
iter  16  W2=0.24283  ||a||^2=0.01509  lam*||a||^2=4.528e-03  loss=0.24741
          cc_act=4.337e-05 cc_state=0.000e+00   |grad| med=2.090e-02 DEAD=0/150  |s|max=35.3 (data 40.4)
iter  17  W2=0.24706  ||a||^2=0.01212  lam*||a||^2=3.635e-03  loss=0.25070
          cc_act=7.395e-06 cc_state=0.000e+00   |grad| med=2.074e-02 DEAD=0/150  |s|max=35.7 (data 40.4)
iter  18  W2=0.24460  ||a||^2=0.01285  lam*||a||^2=3.855e-03  loss=0.24846
          cc_act=0.000e+00 cc_state=0.000e+00   |grad| med=2.106e-02 DEAD=0/150  |s|max=35.0 (data 40.4)
iter  19  W2=0.24135  ||a||^2=0.01295  lam*||a||^2=3.884e-03  loss=0.24530
          cc_act=5.840e-05 cc_state=0.000e+00   |grad| med=2.128e-02 DEAD=0/150  |s|max=34.2 (data 40.4)

||a||^2  first iter 0.00512  ->  last 0.01295  (+152.7%)
  (with lambda>0 this should DECREASE; if it rises, the L2 term is not binding)

saved -> /home/s2892016/Thesis/MCPILCO/results_clean/clean_lam0p3.pt
