EXACT GP INFERENCE SELECTED
EXACT GP INFERENCE SELECTED
EXACT GP INFERENCE SELECTED
world models:
  phase 0: [0,47.5) h  train pts=800
  phase 1: [47.5,72.5) h  train pts=800
  phase 2: [72.5,inf) h  train pts=800
  -> one shared z-space (verified)
combined state range: [-10.41, 40.38] z
[PFQuery] loaded checkpoint flgfn_corrected.pt
pre-caching 150 expert distributions ...
  eigenvalues @75h: [0.00018914 0.00684495 0.04047212]
windows per model: phase 0: 47  phase 1: 25  phase 2: 78

policy rbf: in=8 out=6 u_max=3.0 params=2808
L2: lambda=0.0 on ALL SIX channels (additive)
action spread across 5 replicas of one state: 3.323e-06   <-- WARNING: E_a|s degenerate

chance constraints: eps=0.95 -> Phi^-1=1.6449
  action box  alpha=1000.0
  vessel floor alpha=1.0  Wt >= 50000 phys (-1.534 z)
  training data below the floor: 0.0%
iter   0  W2=0.25235  ||a||^2=0.10520  lam*||a||^2=0.000e+00  loss=0.25250
          cc_act=1.437e-04 cc_state=0.000e+00   |grad| med=2.365e-02 DEAD=23/150  |s|max=36.4 (data 40.4)
iter   1  W2=0.24114  ||a||^2=0.27528  lam*||a||^2=0.000e+00  loss=0.24175
          cc_act=6.035e-04 cc_state=0.000e+00   |grad| med=3.794e-02 DEAD=16/150  |s|max=34.2 (data 40.4)
iter   2  W2=0.23058  ||a||^2=0.74406  lam*||a||^2=0.000e+00  loss=0.23179
          cc_act=1.208e-03 cc_state=0.000e+00   |grad| med=5.446e-02 DEAD=4/150  |s|max=33.5 (data 40.4)
iter   3  W2=0.23595  ||a||^2=0.83155  lam*||a||^2=0.000e+00  loss=0.23662
          cc_act=6.670e-04 cc_state=0.000e+00   |grad| med=4.682e-02 DEAD=12/150  |s|max=37.8 (data 40.4)
iter   4  W2=0.23074  ||a||^2=0.93003  lam*||a||^2=0.000e+00  loss=0.23114
          cc_act=3.934e-04 cc_state=0.000e+00   |grad| med=4.690e-02 DEAD=7/150  |s|max=35.2 (data 40.4)
iter   5  W2=0.22800  ||a||^2=1.23839  lam*||a||^2=0.000e+00  loss=0.22895
          cc_act=9.533e-04 cc_state=0.000e+00   |grad| med=5.224e-02 DEAD=16/150  |s|max=36.5 (data 40.4)
iter   6  W2=0.23014  ||a||^2=1.48539  lam*||a||^2=0.000e+00  loss=0.23068
          cc_act=5.387e-04 cc_state=0.000e+00   |grad| med=5.312e-02 DEAD=22/150  |s|max=36.3 (data 40.4)
iter   7  W2=0.22827  ||a||^2=1.24260  lam*||a||^2=0.000e+00  loss=0.22872
          cc_act=4.486e-04 cc_state=0.000e+00   |grad| med=5.217e-02 DEAD=17/150  |s|max=36.2 (data 40.4)
iter   8  W2=0.22553  ||a||^2=1.29618  lam*||a||^2=0.000e+00  loss=0.22603
          cc_act=4.955e-04 cc_state=0.000e+00   |grad| med=5.395e-02 DEAD=15/150  |s|max=36.2 (data 40.4)
iter   9  W2=0.22363  ||a||^2=1.12258  lam*||a||^2=0.000e+00  loss=0.22472
          cc_act=1.092e-03 cc_state=0.000e+00   |grad| med=4.837e-02 DEAD=5/150  |s|max=35.6 (data 40.4)
iter  10  W2=0.23953  ||a||^2=0.47925  lam*||a||^2=0.000e+00  loss=0.23969
          cc_act=1.542e-04 cc_state=0.000e+00   |grad| med=4.324e-02 DEAD=15/150  |s|max=34.8 (data 40.4)
iter  11  W2=0.22865  ||a||^2=1.25831  lam*||a||^2=0.000e+00  loss=0.22970
          cc_act=1.057e-03 cc_state=0.000e+00   |grad| med=5.585e-02 DEAD=10/150  |s|max=35.7 (data 40.4)
iter  12  W2=0.22652  ||a||^2=1.31080  lam*||a||^2=0.000e+00  loss=0.22704
          cc_act=5.260e-04 cc_state=0.000e+00   |grad| med=5.145e-02 DEAD=14/150  |s|max=35.4 (data 40.4)
iter  13  W2=0.22776  ||a||^2=1.11604  lam*||a||^2=0.000e+00  loss=0.22810
          cc_act=3.397e-04 cc_state=0.000e+00   |grad| med=5.356e-02 DEAD=9/150  |s|max=34.2 (data 40.4)
iter  14  W2=0.22921  ||a||^2=1.32319  lam*||a||^2=0.000e+00  loss=0.22998
          cc_act=7.728e-04 cc_state=0.000e+00   |grad| med=4.155e-02 DEAD=14/150  |s|max=35.3 (data 40.4)
iter  15  W2=0.22540  ||a||^2=1.67628  lam*||a||^2=0.000e+00  loss=0.22615
          cc_act=7.536e-04 cc_state=0.000e+00   |grad| med=5.259e-02 DEAD=20/150  |s|max=34.5 (data 40.4)
iter  16  W2=0.22200  ||a||^2=1.42426  lam*||a||^2=0.000e+00  loss=0.22215
          cc_act=1.469e-04 cc_state=0.000e+00   |grad| med=4.854e-02 DEAD=14/150  |s|max=34.8 (data 40.4)
iter  17  W2=0.22439  ||a||^2=1.31885  lam*||a||^2=0.000e+00  loss=0.22507
          cc_act=6.804e-04 cc_state=0.000e+00   |grad| med=5.429e-02 DEAD=11/150  |s|max=35.5 (data 40.4)
iter  18  W2=0.22360  ||a||^2=1.52707  lam*||a||^2=0.000e+00  loss=0.22445
          cc_act=8.470e-04 cc_state=0.000e+00   |grad| med=5.284e-02 DEAD=12/150  |s|max=34.8 (data 40.4)
iter  19  W2=0.21893  ||a||^2=1.83169  lam*||a||^2=0.000e+00  loss=0.21961
          cc_act=6.813e-04 cc_state=0.000e+00   |grad| med=6.172e-02 DEAD=15/150  |s|max=34.0 (data 40.4)

||a||^2  first iter 0.10520  ->  last 1.83169  (+1641.2%)
  (with lambda>0 this should DECREASE; if it rises, the L2 term is not binding)

saved -> /home/s2892016/Thesis/MCPILCO/results_clean/clean_lam0.pt
