EXACT GP INFERENCE SELECTED
EXACT GP INFERENCE SELECTED
EXACT GP INFERENCE SELECTED
world models:
  phase 0: [0,47.5) h  train pts=800
  phase 1: [47.5,72.5) h  train pts=800
  phase 2: [72.5,inf) h  train pts=800
  -> one shared z-space (verified)
combined state range: [-10.41, 40.38] z
[PFQuery] loaded checkpoint flgfn_corrected.pt
pre-caching 150 expert distributions ...
  eigenvalues @75h: [0.00018914 0.00684495 0.04047212]
windows per model: phase 0: 47  phase 1: 25  phase 2: 78

policy rbf: in=8 out=6 u_max=3.0 params=2808
L2: lambda=10.0 on ALL SIX channels (additive)
action spread across 5 replicas of one state: 3.323e-06   <-- WARNING: E_a|s degenerate

chance constraints: eps=0.95 -> Phi^-1=1.6449
  action box  alpha=1000.0
  vessel floor alpha=1.0  Wt >= 50000 phys (-1.534 z)
  training data below the floor: 0.0%
iter   0  W2=0.26207  ||a||^2=0.00002  lam*||a||^2=2.423e-04  loss=0.26231
          cc_act=0.000e+00 cc_state=0.000e+00   |grad| med=1.362e-03 DEAD=0/150  |s|max=36.4 (data 40.4)
iter   1  W2=0.25728  ||a||^2=0.00004  lam*||a||^2=3.796e-04  loss=0.25766
          cc_act=0.000e+00 cc_state=0.000e+00   |grad| med=1.611e-03 DEAD=0/150  |s|max=34.0 (data 40.4)
iter   2  W2=0.25593  ||a||^2=0.00002  lam*||a||^2=2.197e-04  loss=0.25615
          cc_act=0.000e+00 cc_state=0.000e+00   |grad| med=1.322e-03 DEAD=0/150  |s|max=33.7 (data 40.4)
iter   3  W2=0.26296  ||a||^2=0.00003  lam*||a||^2=3.007e-04  loss=0.26326
          cc_act=0.000e+00 cc_state=0.000e+00   |grad| med=1.528e-03 DEAD=0/150  |s|max=38.0 (data 40.4)
iter   4  W2=0.26029  ||a||^2=0.00007  lam*||a||^2=7.259e-04  loss=0.26102
          cc_act=0.000e+00 cc_state=0.000e+00   |grad| med=2.781e-03 DEAD=0/150  |s|max=35.4 (data 40.4)
iter   5  W2=0.25889  ||a||^2=0.00005  lam*||a||^2=4.866e-04  loss=0.25937
          cc_act=0.000e+00 cc_state=0.000e+00   |grad| med=2.003e-03 DEAD=0/150  |s|max=36.6 (data 40.4)
iter   6  W2=0.26346  ||a||^2=0.00004  lam*||a||^2=4.218e-04  loss=0.26388
          cc_act=0.000e+00 cc_state=0.000e+00   |grad| med=2.214e-03 DEAD=0/150  |s|max=37.3 (data 40.4)
iter   7  W2=0.26173  ||a||^2=0.00004  lam*||a||^2=3.794e-04  loss=0.26211
          cc_act=0.000e+00 cc_state=0.000e+00   |grad| med=2.209e-03 DEAD=0/150  |s|max=36.1 (data 40.4)
iter   8  W2=0.25936  ||a||^2=0.00003  lam*||a||^2=2.922e-04  loss=0.25965
          cc_act=0.000e+00 cc_state=0.000e+00   |grad| med=1.643e-03 DEAD=0/150  |s|max=36.9 (data 40.4)
iter   9  W2=0.25792  ||a||^2=0.00003  lam*||a||^2=2.839e-04  loss=0.25820
          cc_act=0.000e+00 cc_state=0.000e+00   |grad| med=1.284e-03 DEAD=0/150  |s|max=34.9 (data 40.4)
iter  10  W2=0.25978  ||a||^2=0.00006  lam*||a||^2=5.520e-04  loss=0.26033
          cc_act=0.000e+00 cc_state=0.000e+00   |grad| med=2.285e-03 DEAD=0/150  |s|max=35.0 (data 40.4)
iter  11  W2=0.25654  ||a||^2=0.00007  lam*||a||^2=7.414e-04  loss=0.25728
          cc_act=0.000e+00 cc_state=0.000e+00   |grad| med=3.098e-03 DEAD=0/150  |s|max=35.5 (data 40.4)
iter  12  W2=0.25695  ||a||^2=0.00002  lam*||a||^2=1.676e-04  loss=0.25711
          cc_act=0.000e+00 cc_state=0.000e+00   |grad| med=1.110e-03 DEAD=0/150  |s|max=35.1 (data 40.4)
iter  13  W2=0.25919  ||a||^2=0.00002  lam*||a||^2=2.376e-04  loss=0.25942
          cc_act=0.000e+00 cc_state=0.000e+00   |grad| med=1.198e-03 DEAD=0/150  |s|max=35.0 (data 40.4)
iter  14  W2=0.26217  ||a||^2=0.00007  lam*||a||^2=7.417e-04  loss=0.26291
          cc_act=0.000e+00 cc_state=0.000e+00   |grad| med=3.528e-03 DEAD=0/150  |s|max=35.3 (data 40.4)
iter  15  W2=0.25990  ||a||^2=0.00004  lam*||a||^2=3.868e-04  loss=0.26029
          cc_act=0.000e+00 cc_state=0.000e+00   |grad| med=1.922e-03 DEAD=0/150  |s|max=34.5 (data 40.4)
iter  16  W2=0.25593  ||a||^2=0.00003  lam*||a||^2=2.936e-04  loss=0.25622
          cc_act=0.000e+00 cc_state=0.000e+00   |grad| med=1.427e-03 DEAD=0/150  |s|max=34.8 (data 40.4)
iter  17  W2=0.25949  ||a||^2=0.00006  lam*||a||^2=5.725e-04  loss=0.26006
          cc_act=0.000e+00 cc_state=0.000e+00   |grad| med=2.377e-03 DEAD=0/150  |s|max=35.5 (data 40.4)
iter  18  W2=0.25762  ||a||^2=0.00005  lam*||a||^2=4.791e-04  loss=0.25810
          cc_act=0.000e+00 cc_state=0.000e+00   |grad| med=2.343e-03 DEAD=0/150  |s|max=35.1 (data 40.4)
iter  19  W2=0.25511  ||a||^2=0.00002  lam*||a||^2=2.063e-04  loss=0.25532
          cc_act=0.000e+00 cc_state=0.000e+00   |grad| med=1.053e-03 DEAD=0/150  |s|max=34.5 (data 40.4)

||a||^2  first iter 0.00002  ->  last 0.00002  (-14.9%)
  (with lambda>0 this should DECREASE; if it rises, the L2 term is not binding)

saved -> /home/s2892016/Thesis/MCPILCO/results_clean/clean_lam10.pt
