EXACT GP INFERENCE SELECTED
EXACT GP INFERENCE SELECTED
EXACT GP INFERENCE SELECTED
world models:
  phase 0: [0,47.5) h  train pts=800
  phase 1: [47.5,72.5) h  train pts=800
  phase 2: [72.5,inf) h  train pts=800
  -> one shared z-space (verified)
combined state range: [-10.41, 40.38] z
[PFQuery] loaded checkpoint flgfn_corrected.pt
pre-caching 150 expert distributions (1..150 h) ...
  eigenvalues @75h: [0.00018914 0.00684495 0.04047212]
PHASE 2: t in [72.5, inf) h -> 158 windows
windows per model: phase 2: 158
windows: 158 total over 1..230 h  ->  78 with the W2 constraint (t<=150), 80 reward-only

policy rbf: in=8 out=6 u_max=3.0 params=2808
L2: lambda=0.0 on ALL SIX channels (additive)
action spread across 5 replicas of one state: 3.323e-06   <-- WARNING: E_a|s degenerate

chance constraints: eps=0.95 -> Phi^-1=1.6449
  action box  alpha=1000.0
  vessel floor alpha=1.0  Wt >= 50000 phys (-1.534 z)
  training data below the floor: 0.0%
EXACT GP INFERENCE SELECTED

objective: -LCB_reward + 15.0*relu(W2_h - 0.35) + 0.0*||a||^2 + chance
  reward GP : reward_model_base.pt  held-out R^2=0.8571  yield/step mu=3.2279 sd=1.4090
  LCB       : mu_r - 1.0*sigma_r  (not the mean)
  eta       : 0.35  -- measured, the converged W2 of imitation-only policies
  alpha_W2  : 15.0  -- measured, puts the penalty on the reward's scale

penalty targets (physical -> z):
    discharge      lo=     0.0 phys ->  -0.401 z   (z=0 is    254.2 phys, the dataset mean)
    sugar          lo=     7.0 phys ->  -3.865 z   (z=0 is     76.5 phys, the dataset mean)
    soilbean       lo=    21.0 phys ->  -1.360 z   (z=0 is     26.0 phys, the dataset mean)
    aeration       lo=    29.0 phys ->  -3.932 z   (z=0 is     61.0 phys, the dataset mean)
    backpressure   lo=     0.5 phys ->  -3.915 z   (z=0 is      0.9 phys, the dataset mean)
    waterinj       lo=     0.0 phys ->  -1.374 z   (z=0 is    153.7 phys, the dataset mean)
iter   0  loss=0.91483  reward(LCB)=-0.90833 (phys 1.948)  W2 mean=0.22389 max=0.24777
          eta=0.35 violating=0/75 excess=0.00000 penalty=0.00000 (pen/|rew|=0.00x)   ||a||^2=0.76564 lam*=0.000e+00
          windows: 75 imitation+reward, 75 reward-only (t>150 h)   reward early=-0.8907 late=-0.9259
          cc_act=6.505e-03 cc_state=0.000e+00   |grad| med=2.104e-01 DEAD=0/150  |s|max=40.9 (data 40.4)
iter   1  loss=0.72207  reward(LCB)=-0.71357 (phys 2.223)  W2 mean=0.21736 max=0.24239
          eta=0.35 violating=0/73 excess=0.00000 penalty=0.00000 (pen/|rew|=0.00x)   ||a||^2=3.28622 lam*=0.000e+00
          windows: 73 imitation+reward, 77 reward-only (t>150 h)   reward early=-0.7085 late=-0.7184
          cc_act=8.501e-03 cc_state=0.000e+00   |grad| med=2.209e-01 DEAD=0/150  |s|max=40.4 (data 40.4)
iter   2  loss=0.64901  reward(LCB)=-0.64172 (phys 2.324)  W2 mean=0.21514 max=0.23401
          eta=0.35 violating=0/73 excess=0.00000 penalty=0.00000 (pen/|rew|=0.00x)   ||a||^2=4.56095 lam*=0.000e+00
          windows: 73 imitation+reward, 77 reward-only (t>150 h)   reward early=-0.6461 late=-0.6375
          cc_act=7.288e-03 cc_state=0.000e+00   |grad| med=1.851e-01 DEAD=0/150  |s|max=39.2 (data 40.4)
