seed = 3  (policy init, window draw, particle sampling)
EXACT GP INFERENCE SELECTED
EXACT GP INFERENCE SELECTED
EXACT GP INFERENCE SELECTED
world models:
  phase 0: [0,47.5) h  train pts=800
  phase 1: [47.5,72.5) h  train pts=800
  phase 2: [72.5,inf) h  train pts=800
  -> one shared z-space (verified)
combined state range: [-10.41, 40.38] z
[PFQuery] loaded checkpoint flgfn_corrected.pt
pre-caching 150 expert distributions (1..150 h) ...
  eigenvalues @75h: [0.00018914 0.00684495 0.04047211]
PHASE 1: t in [47.5, 72.5) h -> 25 windows
windows per model: phase 1: 25
windows: 25 total over 1..230 h  ->  25 with the W2 constraint (t<=150), 0 reward-only

policy rbf: in=8 out=6 u_max=3.0 params=2808
L2: lambda=0.0 on ALL SIX channels (additive)
action spread across 5 replicas of one state: 8.290e-06   <-- WARNING: E_a|s degenerate

chance constraints: eps=0.95 -> Phi^-1=1.6449
  action box  alpha=1000.0
  vessel floor alpha=1.0  Wt >= 50000 phys (-1.534 z)
  training data below the floor: 0.0%
EXACT GP INFERENCE SELECTED

objective: -LCB_reward + 15.0*relu(W2_h - 0.35) + 0.0*||a||^2 + chance
  reward GP : reward_model_base.pt  held-out R^2=0.8571  yield/step mu=3.2279 sd=1.4090
  LCB       : mu_r - 1.0*sigma_r  (not the mean)
  eta       : 0.35  -- measured, the converged W2 of imitation-only policies
  alpha_W2  : 15.0  -- measured, puts the penalty on the reward's scale

penalty targets (physical -> z):
    discharge      lo=     0.0 phys ->  -0.401 z   (z=0 is    254.2 phys, the dataset mean)
    sugar          lo=     7.0 phys ->  -3.865 z   (z=0 is     76.5 phys, the dataset mean)
    soilbean       lo=    21.0 phys ->  -1.360 z   (z=0 is     26.0 phys, the dataset mean)
    aeration       lo=    29.0 phys ->  -3.932 z   (z=0 is     61.0 phys, the dataset mean)
    backpressure   lo=     0.5 phys ->  -3.915 z   (z=0 is      0.9 phys, the dataset mean)
    waterinj       lo=     0.0 phys ->  -1.374 z   (z=0 is    153.7 phys, the dataset mean)
iter   0  loss=0.77374  reward(LCB)=-0.77374 (phys 2.138)  W2 mean=0.17517 max=0.19201
          eta=0.35 violating=0/25 excess=0.00000 penalty=0.00000 (pen/|rew|=0.00x)   ||a||^2=0.00064 lam*=0.000e+00
          windows: 25 imitation+reward, 0 reward-only (t>150 h)   reward early=-0.7737 late=nan
          cc_act=0.000e+00 cc_state=0.000e+00   |grad| med=5.118e-03 DEAD=0/25  |s|max=25.1 (data 40.4)
iter   1  loss=0.73800  reward(LCB)=-0.73752 (phys 2.189)  W2 mean=0.18130 max=0.19784
          eta=0.35 violating=0/25 excess=0.00000 penalty=0.00000 (pen/|rew|=0.00x)   ||a||^2=0.03970 lam*=0.000e+00
          windows: 25 imitation+reward, 0 reward-only (t>150 h)   reward early=-0.7375 late=nan
          cc_act=4.798e-04 cc_state=0.000e+00   |grad| med=9.823e-02 DEAD=0/25  |s|max=24.9 (data 40.4)
iter   2  loss=0.72074  reward(LCB)=-0.71829 (phys 2.216)  W2 mean=0.18262 max=0.20130
          eta=0.35 violating=0/25 excess=0.00000 penalty=0.00000 (pen/|rew|=0.00x)   ||a||^2=0.23073 lam*=0.000e+00
          windows: 25 imitation+reward, 0 reward-only (t>150 h)   reward early=-0.7183 late=nan
          cc_act=2.449e-03 cc_state=0.000e+00   |grad| med=1.522e-01 DEAD=0/25  |s|max=24.4 (data 40.4)
iter   3  loss=0.54375  reward(LCB)=-0.52187 (phys 2.493)  W2 mean=0.18255 max=0.20434
          eta=0.35 violating=0/25 excess=0.00000 penalty=0.00000 (pen/|rew|=0.00x)   ||a||^2=2.15652 lam*=0.000e+00
          windows: 25 imitation+reward, 0 reward-only (t>150 h)   reward early=-0.5219 late=nan
          cc_act=2.188e-02 cc_state=0.000e+00   |grad| med=4.030e-01 DEAD=0/25  |s|max=23.7 (data 40.4)
iter   4  loss=0.40286  reward(LCB)=-0.38920 (phys 2.680)  W2 mean=0.18302 max=0.20878
          eta=0.35 violating=0/25 excess=0.00000 penalty=0.00000 (pen/|rew|=0.00x)   ||a||^2=2.88586 lam*=0.000e+00
          windows: 25 imitation+reward, 0 reward-only (t>150 h)   reward early=-0.3892 late=nan
          cc_act=1.366e-02 cc_state=0.000e+00   |grad| med=7.044e-01 DEAD=0/25  |s|max=23.7 (data 40.4)
iter   5  loss=0.27233  reward(LCB)=-0.20049 (phys 2.945)  W2 mean=0.18145 max=0.19891
          eta=0.35 violating=0/25 excess=0.00000 penalty=0.00000 (pen/|rew|=0.00x)   ||a||^2=5.34342 lam*=0.000e+00
          windows: 25 imitation+reward, 0 reward-only (t>150 h)   reward early=-0.2005 late=nan
          cc_act=7.184e-02 cc_state=0.000e+00   |grad| med=9.291e-01 DEAD=0/25  |s|max=23.1 (data 40.4)
iter   6  loss=0.12724  reward(LCB)=-0.09184 (phys 3.099)  W2 mean=0.18477 max=0.20659
          eta=0.35 violating=0/25 excess=0.00000 penalty=0.00000 (pen/|rew|=0.00x)   ||a||^2=6.79430 lam*=0.000e+00
          windows: 25 imitation+reward, 0 reward-only (t>150 h)   reward early=-0.0918 late=nan
          cc_act=3.540e-02 cc_state=0.000e+00   |grad| med=6.218e-01 DEAD=0/25  |s|max=22.4 (data 40.4)
iter   7  loss=0.05001  reward(LCB)=-0.04165 (phys 3.169)  W2 mean=0.18550 max=0.21092
          eta=0.35 violating=0/25 excess=0.00000 penalty=0.00000 (pen/|rew|=0.00x)   ||a||^2=7.38257 lam*=0.000e+00
          windows: 25 imitation+reward, 0 reward-only (t>150 h)   reward early=-0.0417 late=nan
          cc_act=8.355e-03 cc_state=0.000e+00   |grad| med=3.429e-01 DEAD=0/25  |s|max=24.3 (data 40.4)
iter   8  loss=0.04477  reward(LCB)=-0.03673 (phys 3.176)  W2 mean=0.18389 max=0.19814
          eta=0.35 violating=0/25 excess=0.00000 penalty=0.00000 (pen/|rew|=0.00x)   ||a||^2=6.96094 lam*=0.000e+00
          windows: 25 imitation+reward, 0 reward-only (t>150 h)   reward early=-0.0367 late=nan
          cc_act=8.042e-03 cc_state=0.000e+00   |grad| med=6.514e-01 DEAD=0/25  |s|max=23.7 (data 40.4)
iter   9  loss=0.03646  reward(LCB)=-0.01153 (phys 3.212)  W2 mean=0.18482 max=0.20584
          eta=0.35 violating=0/25 excess=0.00000 penalty=0.00000 (pen/|rew|=0.00x)   ||a||^2=8.07117 lam*=0.000e+00
          windows: 25 imitation+reward, 0 reward-only (t>150 h)   reward early=-0.0115 late=nan
          cc_act=2.493e-02 cc_state=0.000e+00   |grad| med=6.157e-01 DEAD=0/25  |s|max=24.6 (data 40.4)
iter  10  loss=0.02609  reward(LCB)=-0.02102 (phys 3.198)  W2 mean=0.18315 max=0.20436
          eta=0.35 violating=0/25 excess=0.00000 penalty=0.00000 (pen/|rew|=0.00x)   ||a||^2=6.89201 lam*=0.000e+00
          windows: 25 imitation+reward, 0 reward-only (t>150 h)   reward early=-0.0210 late=nan
          cc_act=5.069e-03 cc_state=0.000e+00   |grad| med=6.154e-01 DEAD=0/25  |s|max=24.6 (data 40.4)
iter  11  loss=-0.00293  reward(LCB)=0.01127 (phys 3.244)  W2 mean=0.18549 max=0.20984
          eta=0.35 violating=0/25 excess=0.00000 penalty=0.00000 (pen/|rew|=0.00x)   ||a||^2=8.06658 lam*=0.000e+00
          windows: 25 imitation+reward, 0 reward-only (t>150 h)   reward early=0.0113 late=nan
          cc_act=8.337e-03 cc_state=0.000e+00   |grad| med=4.221e-01 DEAD=0/25  |s|max=24.7 (data 40.4)
iter  12  loss=0.01338  reward(LCB)=-0.00779 (phys 3.217)  W2 mean=0.18895 max=0.21000
          eta=0.35 violating=0/25 excess=0.00000 penalty=0.00000 (pen/|rew|=0.00x)   ||a||^2=7.95720 lam*=0.000e+00
          windows: 25 imitation+reward, 0 reward-only (t>150 h)   reward early=-0.0078 late=nan
          cc_act=5.591e-03 cc_state=0.000e+00   |grad| med=4.308e-01 DEAD=0/25  |s|max=22.4 (data 40.4)
iter  13  loss=-0.03229  reward(LCB)=0.03346 (phys 3.275)  W2 mean=0.18791 max=0.20941
          eta=0.35 violating=0/25 excess=0.00000 penalty=0.00000 (pen/|rew|=0.00x)   ||a||^2=8.27030 lam*=0.000e+00
          windows: 25 imitation+reward, 0 reward-only (t>150 h)   reward early=0.0335 late=nan
          cc_act=1.169e-03 cc_state=0.000e+00   |grad| med=3.002e-01 DEAD=0/25  |s|max=22.3 (data 40.4)
iter  14  loss=-0.02713  reward(LCB)=0.02996 (phys 3.270)  W2 mean=0.18831 max=0.22219
          eta=0.35 violating=0/25 excess=0.00000 penalty=0.00000 (pen/|rew|=0.00x)   ||a||^2=8.82774 lam*=0.000e+00
          windows: 25 imitation+reward, 0 reward-only (t>150 h)   reward early=0.0300 late=nan
          cc_act=2.828e-03 cc_state=0.000e+00   |grad| med=2.441e-01 DEAD=0/25  |s|max=23.5 (data 40.4)
iter  15  loss=-0.01446  reward(LCB)=0.01920 (phys 3.255)  W2 mean=0.18812 max=0.21086
          eta=0.35 violating=0/25 excess=0.00000 penalty=0.00000 (pen/|rew|=0.00x)   ||a||^2=8.89832 lam*=0.000e+00
          windows: 25 imitation+reward, 0 reward-only (t>150 h)   reward early=0.0192 late=nan
          cc_act=4.735e-03 cc_state=0.000e+00   |grad| med=2.948e-01 DEAD=0/25  |s|max=23.0 (data 40.4)
iter  16  loss=-0.04937  reward(LCB)=0.05209 (phys 3.301)  W2 mean=0.18877 max=0.21414
          eta=0.35 violating=0/25 excess=0.00000 penalty=0.00000 (pen/|rew|=0.00x)   ||a||^2=9.44515 lam*=0.000e+00
          windows: 25 imitation+reward, 0 reward-only (t>150 h)   reward early=0.0521 late=nan
          cc_act=2.720e-03 cc_state=0.000e+00   |grad| med=2.260e-01 DEAD=0/25  |s|max=22.6 (data 40.4)
iter  17  loss=-0.05014  reward(LCB)=0.05129 (phys 3.300)  W2 mean=0.18814 max=0.20999
          eta=0.35 violating=0/25 excess=0.00000 penalty=0.00000 (pen/|rew|=0.00x)   ||a||^2=9.13088 lam*=0.000e+00
          windows: 25 imitation+reward, 0 reward-only (t>150 h)   reward early=0.0513 late=nan
          cc_act=1.147e-03 cc_state=0.000e+00   |grad| med=2.535e-01 DEAD=0/25  |s|max=22.4 (data 40.4)
iter  18  loss=-0.07157  reward(LCB)=0.07285 (phys 3.331)  W2 mean=0.18867 max=0.22631
          eta=0.35 violating=0/25 excess=0.00000 penalty=0.00000 (pen/|rew|=0.00x)   ||a||^2=9.35814 lam*=0.000e+00
          windows: 25 imitation+reward, 0 reward-only (t>150 h)   reward early=0.0729 late=nan
          cc_act=1.279e-03 cc_state=0.000e+00   |grad| med=2.435e-01 DEAD=0/25  |s|max=25.0 (data 40.4)
iter  19  loss=-0.04537  reward(LCB)=0.04718 (phys 3.294)  W2 mean=0.18988 max=0.21879
          eta=0.35 violating=0/25 excess=0.00000 penalty=0.00000 (pen/|rew|=0.00x)   ||a||^2=9.12905 lam*=0.000e+00
          windows: 25 imitation+reward, 0 reward-only (t>150 h)   reward early=0.0472 late=nan
          cc_act=1.813e-03 cc_state=0.000e+00   |grad| med=3.254e-01 DEAD=0/25  |s|max=22.1 (data 40.4)

final W2=0.18988 vs eta=0.35 -> FEASIBLE
      reward(LCB)=0.04718 (physical yield/step ~ 3.294)
      ||a||^2 0.00064 -> 9.12905 (+1424652.2%)

saved -> /home/s2892016/Thesis/MCPILCO/results_rlloop_s3/p_iter0_ph1.pt
