=== training world model: phase=2 (rl_it3_p2)  n_keep=800  n_epoch=2001  select=pivchol ===
[loop] reusing frozen standardizer stats from /home/s2892016/Thesis/MCPILCO/results_pensim/rbf_model_bnd_rbf_iter0_phase0.pt
[pensim] dataset folder (PENSIM_DATA_DIR): /home/s2892016/Thesis/deps/smpl/smpl/configdata/pensim_rlloop_s3  (15 CSVs)
max observations: [2.76000000e+02 8.05261517e+00 3.62841400e+02 6.85863686e+00
 2.70000000e+02 1.80000012e+03 9.46039368e+02 1.26920055e+05
 2.39494171e+01]
min observations: [1.6000001e-01 4.5955915e+00 2.3797954e+02 0.0000000e+00 0.0000000e+00
 0.0000000e+00 0.0000000e+00 5.0006516e+04 2.3598127e+00]
dataset max observations: [2.30000000e+02 6.63759613e+00 3.00184235e+02 4.67915392e+00
 2.25000000e+02 1.03773779e+03 8.10624756e+02 1.06297445e+05
 1.93880215e+01]
dataset min observations: [0.0000000e+00 6.0929465e+00 2.9772141e+02 0.0000000e+00 0.0000000e+00
 9.9999997e-05 9.9999997e-05 6.2297512e+04 8.8746004e+00]
max actions: [4.10e+03 1.51e+02 3.60e+01 7.60e+01 1.20e+00 5.10e+02]
min actions: [ 0.   7.  21.  29.   0.5  0. ]
dataset max actions: [4.094559e+03 1.470660e+02 3.580100e+01 7.514100e+01 1.132000e+00
 5.038400e+02]
dataset min actions: [ 0.     7.361 21.249 29.636  0.545  0.   ]
normalize: True
using max/min observations and actions.
[pensim] using SAVED standardizer statistics
[pensim] loader time bounds: [0.16, 276.00] h
[pensim] 17247 transitions | obs 8d act 6d
[pensim] obs per-dim std: [0.4962 0.8432 1.1145 0.9891 0.8101 0.7618 0.9201 1.6249]
[pensim] time range: -0.00 .. 230.00 h
[pensim]   phase 0 [0, 47.5) h: 3555 transitions
[pensim]   phase 1 [47.5, 72.5) h: 1875 transitions
[pensim]   phase 2 [72.5, inf) h: 11814 transitions
[std] fitted on 17247 transitions (15.00 CSVs)  [PINNED via -std_from]
[std] obs_sd = [0.0329  0.00339 0.03372 0.30286 0.17267 0.11814 0.34974 0.11855]
[std] act_sd = [0.30882 0.24979 0.48691 0.34592 0.29527 0.43871]
[pensim] phase 2: t in [72.5, inf) h  ->  11814 of 17247 transitions (68.5%)
[pivchol] selected 800/11614 points  (residual trace 1.708e+03)
train N=800   test N=200   gp input dim=14   num_gp=8
training-set time span: 72.60 .. 230.00 h
EXACT GP INFERENCE SELECTED

Initial parameters:
 parameters:
- sigma_n_log : tensor([-4.6052], dtype=torch.float64)
- log_lengthscales_par : tensor([0., 0., 0., 0., 0., 0., 0., 0., 0., 0., 0., 0., 0., 0.],
       dtype=torch.float64)
- log_lambda_par : tensor([0.], dtype=torch.float64)
- mean_par : tensor([0.], dtype=torch.float64)

EPOCH: 0
 parameters:
- sigma_n_log : tensor([-4.6152], dtype=torch.float64)
- log_lengthscales_par : tensor([0.0100, 0.0100, 0.0100, 0.0100, 0.0100, 0.0100, 0.0100, 0.0100, 0.0100,
        0.0100, 0.0100, 0.0100, 0.0100, 0.0100], dtype=torch.float64)
- log_lambda_par : tensor([-0.0100], dtype=torch.float64)
- mean_par : tensor([0.], dtype=torch.float64)
Running loss: 49.78384438183472
Time elapsed: 1.5287530422210693

EPOCH: 1000
 parameters:
- sigma_n_log : tensor([-2.4802], dtype=torch.float64)
- log_lengthscales_par : tensor([0.7140, 2.7774, 1.8982, 0.8520, 1.3099, 0.3487, 2.0055, 0.5048, 3.0151,
        2.9329, 2.8919, 3.9612, 3.4823, 3.5409], dtype=torch.float64)
- log_lambda_par : tensor([0.2472], dtype=torch.float64)
- mean_par : tensor([0.], dtype=torch.float64)
Running loss: -815.7978175284633
Time elapsed: 396.59811210632324

EPOCH: 2000
 parameters:
- sigma_n_log : tensor([-2.4468], dtype=torch.float64)
- log_lengthscales_par : tensor([0.7444, 2.8915, 1.9112, 0.8644, 1.3941, 0.3732, 2.0988, 0.5348, 3.0425,
        3.0216, 3.0659, 4.8622, 4.0414, 3.8248], dtype=torch.float64)
- log_lambda_par : tensor([0.3853], dtype=torch.float64)
- mean_par : tensor([0.], dtype=torch.float64)
Running loss: -817.7504264388224
Time elapsed: 443.0360507965088

Final parameters:
 parameters:
- sigma_n_log : tensor([-2.4468], dtype=torch.float64)
- log_lengthscales_par : tensor([0.7444, 2.8915, 1.9112, 0.8644, 1.3941, 0.3732, 2.0988, 0.5348, 3.0425,
        3.0216, 3.0659, 4.8622, 4.0414, 3.8248], dtype=torch.float64)
- log_lambda_par : tensor([0.3853], dtype=torch.float64)
- mean_par : tensor([0.], dtype=torch.float64)
MSE gp 0:  tensor(0.0034, dtype=torch.float64)

Initial parameters:
 parameters:
- sigma_n_log : tensor([-4.6052], dtype=torch.float64)
- log_lengthscales_par : tensor([0., 0., 0., 0., 0., 0., 0., 0., 0., 0., 0., 0., 0., 0.],
       dtype=torch.float64)
- log_lambda_par : tensor([0.], dtype=torch.float64)
- mean_par : tensor([0.], dtype=torch.float64)

EPOCH: 0
 parameters:
- sigma_n_log : tensor([-4.6152], dtype=torch.float64)
- log_lengthscales_par : tensor([ 0.0100,  0.0100, -0.0100,  0.0100,  0.0100,  0.0100,  0.0100,  0.0100,
         0.0100,  0.0100,  0.0100,  0.0100,  0.0100,  0.0100],
       dtype=torch.float64)
- log_lambda_par : tensor([-0.0100], dtype=torch.float64)
- mean_par : tensor([0.], dtype=torch.float64)
Running loss: 132.78095646613778
Time elapsed: 0.5376808643341064

EPOCH: 1000
 parameters:
- sigma_n_log : tensor([-2.4400], dtype=torch.float64)
- log_lengthscales_par : tensor([ 2.4468, -0.9698, -3.5727,  0.6232, -0.4002,  1.8033,  3.5338,  1.7465,
         5.6862,  2.9470,  3.7947,  3.4288,  1.7027,  3.3521],
       dtype=torch.float64)
- log_lambda_par : tensor([0.1981], dtype=torch.float64)
- mean_par : tensor([0.], dtype=torch.float64)
Running loss: -654.2498478036583
Time elapsed: 488.09629583358765

EPOCH: 2000
 parameters:
- sigma_n_log : tensor([-2.4130], dtype=torch.float64)
- log_lengthscales_par : tensor([ 2.4873, -0.9689, -3.5521,  0.6257, -0.3965,  1.7978,  3.6775,  1.7692,
         6.2253,  3.0145,  4.3520,  3.7948,  1.7313,  3.6844],
       dtype=torch.float64)
- log_lambda_par : tensor([0.2397], dtype=torch.float64)
- mean_par : tensor([0.], dtype=torch.float64)
Running loss: -655.2219191064848
Time elapsed: 486.3362774848938

Final parameters:
 parameters:
- sigma_n_log : tensor([-2.4130], dtype=torch.float64)
- log_lengthscales_par : tensor([ 2.4873, -0.9689, -3.5521,  0.6257, -0.3965,  1.7978,  3.6775,  1.7692,
         6.2253,  3.0145,  4.3520,  3.7948,  1.7313,  3.6844],
       dtype=torch.float64)
- log_lambda_par : tensor([0.2397], dtype=torch.float64)
- mean_par : tensor([0.], dtype=torch.float64)
MSE gp 1:  tensor(0.0031, dtype=torch.float64)

Initial parameters:
 parameters:
- sigma_n_log : tensor([-4.6052], dtype=torch.float64)
- log_lengthscales_par : tensor([0., 0., 0., 0., 0., 0., 0., 0., 0., 0., 0., 0., 0., 0.],
       dtype=torch.float64)
- log_lambda_par : tensor([0.], dtype=torch.float64)
- mean_par : tensor([0.], dtype=torch.float64)

EPOCH: 0
 parameters:
- sigma_n_log : tensor([-4.5952], dtype=torch.float64)
- log_lengthscales_par : tensor([-0.0100, -0.0100, -0.0100, -0.0100,  0.0100,  0.0100, -0.0100,  0.0100,
        -0.0100,  0.0100,  0.0100,  0.0100,  0.0100,  0.0100],
       dtype=torch.float64)
- log_lambda_par : tensor([0.0100], dtype=torch.float64)
- mean_par : tensor([0.], dtype=torch.float64)
Running loss: 3957.6120976233997
Time elapsed: 0.5679802894592285

EPOCH: 1000
 parameters:
- sigma_n_log : tensor([-7.6333], dtype=torch.float64)
- log_lengthscales_par : tensor([-2.9581,  6.9312, -7.5510,  5.1627,  7.8968,  5.1196,  7.0465,  6.7976,
         4.3366,  8.2619,  6.9721,  2.5310,  7.4135,  5.1105],
       dtype=torch.float64)
- log_lambda_par : tensor([2.8916], dtype=torch.float64)
- mean_par : tensor([0.], dtype=torch.float64)
Running loss: -1040.2613514173659
Time elapsed: 1201.8283023834229

EPOCH: 2000
 parameters:
- sigma_n_log : tensor([-9.9580], dtype=torch.float64)
- log_lengthscales_par : tensor([-2.9424, 10.6664, -7.4202,  5.6416, 10.9542,  5.5048, 10.3910, 10.6510,
         4.8034, 11.4754, 10.7680,  2.7038, 10.8803,  5.6466],
       dtype=torch.float64)
- log_lambda_par : tensor([3.5889], dtype=torch.float64)
- mean_par : tensor([0.], dtype=torch.float64)
Running loss: -1239.9571732157472
Time elapsed: 546.8444740772247

Final parameters:
 parameters:
- sigma_n_log : tensor([-9.9580], dtype=torch.float64)
- log_lengthscales_par : tensor([-2.9424, 10.6664, -7.4202,  5.6416, 10.9542,  5.5048, 10.3910, 10.6510,
         4.8034, 11.4754, 10.7680,  2.7038, 10.8803,  5.6466],
       dtype=torch.float64)
- log_lambda_par : tensor([3.5889], dtype=torch.float64)
- mean_par : tensor([0.], dtype=torch.float64)
MSE gp 2:  tensor(2.7650e-13, dtype=torch.float64)

Initial parameters:
 parameters:
- sigma_n_log : tensor([-4.6052], dtype=torch.float64)
- log_lengthscales_par : tensor([0., 0., 0., 0., 0., 0., 0., 0., 0., 0., 0., 0., 0., 0.],
       dtype=torch.float64)
- log_lambda_par : tensor([0.], dtype=torch.float64)
- mean_par : tensor([0.], dtype=torch.float64)

EPOCH: 0
 parameters:
- sigma_n_log : tensor([-4.6152], dtype=torch.float64)
- log_lengthscales_par : tensor([0.0100, 0.0100, 0.0100, 0.0100, 0.0100, 0.0100, 0.0100, 0.0100, 0.0100,
        0.0100, 0.0100, 0.0100, 0.0100, 0.0100], dtype=torch.float64)
- log_lambda_par : tensor([-0.0100], dtype=torch.float64)
- mean_par : tensor([0.], dtype=torch.float64)
Running loss: 49.99150031116722
Time elapsed: 0.5515527725219727

EPOCH: 1000
 parameters:
- sigma_n_log : tensor([-5.5500], dtype=torch.float64)
- log_lengthscales_par : tensor([-3.0946,  5.2364,  2.8162,  1.6311,  2.8326,  4.6922,  5.7315,  5.1309,
         7.2930,  4.3293,  5.5859,  4.7453,  5.8355,  6.2183],
       dtype=torch.float64)
- log_lambda_par : tensor([-0.8294], dtype=torch.float64)
- mean_par : tensor([0.], dtype=torch.float64)
Running loss: -1942.218153349723
Time elapsed: 535.2646069526672

EPOCH: 2000
 parameters:
- sigma_n_log : tensor([-5.3369], dtype=torch.float64)
- log_lengthscales_par : tensor([-3.1243,  6.5673,  2.6638,  1.8000,  2.9273,  5.0583,  6.7649,  5.2938,
         7.2711,  4.0285,  7.0616,  5.8623,  7.0011,  7.5434],
       dtype=torch.float64)
- log_lambda_par : tensor([-0.6751], dtype=torch.float64)
- mean_par : tensor([0.], dtype=torch.float64)
Running loss: -1957.9225293783068
Time elapsed: 586.3145394325256

Final parameters:
 parameters:
- sigma_n_log : tensor([-5.3369], dtype=torch.float64)
- log_lengthscales_par : tensor([-3.1243,  6.5673,  2.6638,  1.8000,  2.9273,  5.0583,  6.7649,  5.2938,
         7.2711,  4.0285,  7.0616,  5.8623,  7.0011,  7.5434],
       dtype=torch.float64)
- log_lambda_par : tensor([-0.6751], dtype=torch.float64)
- mean_par : tensor([0.], dtype=torch.float64)
MSE gp 3:  tensor(4.6179e-06, dtype=torch.float64)

Initial parameters:
 parameters:
- sigma_n_log : tensor([-4.6052], dtype=torch.float64)
- log_lengthscales_par : tensor([0., 0., 0., 0., 0., 0., 0., 0., 0., 0., 0., 0., 0., 0.],
       dtype=torch.float64)
- log_lambda_par : tensor([0.], dtype=torch.float64)
- mean_par : tensor([0.], dtype=torch.float64)

EPOCH: 0
 parameters:
- sigma_n_log : tensor([-4.6152], dtype=torch.float64)
- log_lengthscales_par : tensor([0.0100, 0.0100, 0.0100, 0.0100, 0.0100, 0.0100, 0.0100, 0.0100, 0.0100,
        0.0100, 0.0100, 0.0100, 0.0100, 0.0100], dtype=torch.float64)
- log_lambda_par : tensor([-0.0100], dtype=torch.float64)
- mean_par : tensor([0.], dtype=torch.float64)
Running loss: -1.3586195436597919
Time elapsed: 0.5308434963226318

EPOCH: 1000
 parameters:
- sigma_n_log : tensor([-4.2205], dtype=torch.float64)
- log_lengthscales_par : tensor([ 3.8345, -1.1804,  6.1543,  3.4835, -1.1603,  1.1888,  3.4021,  2.7230,
         6.2158,  2.8041,  3.3138,  4.2858,  3.0830,  4.3730],
       dtype=torch.float64)
- log_lambda_par : tensor([-1.0834], dtype=torch.float64)
- mean_par : tensor([0.], dtype=torch.float64)
Running loss: -2064.087685322957
Time elapsed: 492.78585481643677

EPOCH: 2000
 parameters:
- sigma_n_log : tensor([-4.2275], dtype=torch.float64)
- log_lengthscales_par : tensor([ 5.2090, -1.2286,  7.4128,  4.7914, -1.1917,  1.1257,  3.6959,  2.7137,
         7.6274,  2.9416,  3.3245,  5.1043,  3.1029,  5.3231],
       dtype=torch.float64)
- log_lambda_par : tensor([-0.8843], dtype=torch.float64)
- mean_par : tensor([0.], dtype=torch.float64)
Running loss: -2083.2964912962734
Time elapsed: 494.4110312461853

Final parameters:
 parameters:
- sigma_n_log : tensor([-4.2275], dtype=torch.float64)
- log_lengthscales_par : tensor([ 5.2090, -1.2286,  7.4128,  4.7914, -1.1917,  1.1257,  3.6959,  2.7137,
         7.6274,  2.9416,  3.3245,  5.1043,  3.1029,  5.3231],
       dtype=torch.float64)
- log_lambda_par : tensor([-0.8843], dtype=torch.float64)
- mean_par : tensor([0.], dtype=torch.float64)
MSE gp 4:  tensor(0.0001, dtype=torch.float64)

Initial parameters:
 parameters:
- sigma_n_log : tensor([-4.6052], dtype=torch.float64)
- log_lengthscales_par : tensor([0., 0., 0., 0., 0., 0., 0., 0., 0., 0., 0., 0., 0., 0.],
       dtype=torch.float64)
- log_lambda_par : tensor([0.], dtype=torch.float64)
- mean_par : tensor([0.], dtype=torch.float64)

EPOCH: 0
 parameters:
- sigma_n_log : tensor([-4.6152], dtype=torch.float64)
- log_lengthscales_par : tensor([ 0.0100, -0.0100, -0.0100,  0.0100,  0.0100, -0.0100,  0.0100,  0.0100,
         0.0100,  0.0100,  0.0100,  0.0100,  0.0100,  0.0100],
       dtype=torch.float64)
- log_lambda_par : tensor([0.0100], dtype=torch.float64)
- mean_par : tensor([0.], dtype=torch.float64)
Running loss: 393.24944724390843
Time elapsed: 0.5380029678344727

EPOCH: 1000
 parameters:
- sigma_n_log : tensor([-2.2371], dtype=torch.float64)
- log_lengthscales_par : tensor([ 3.3020, -1.0576, -1.9656,  3.9414, -1.8177,  0.2622,  2.7260,  2.4412,
         5.9165,  2.8061,  3.5129,  3.6430,  3.9001,  4.3214],
       dtype=torch.float64)
- log_lambda_par : tensor([0.6789], dtype=torch.float64)
- mean_par : tensor([0.], dtype=torch.float64)
Running loss: -600.0951311150761
Time elapsed: 533.4592134952545

EPOCH: 2000
 parameters:
- sigma_n_log : tensor([-2.1618], dtype=torch.float64)
- log_lengthscales_par : tensor([ 3.6709, -1.0660, -1.9681,  5.1183, -1.7447,  0.3357,  3.2205,  2.5981,
         6.5669,  2.7457,  3.9727,  4.3455,  4.6736,  5.3300],
       dtype=torch.float64)
- log_lambda_par : tensor([0.7695], dtype=torch.float64)
- mean_par : tensor([0.], dtype=torch.float64)
Running loss: -607.6139578400407
Time elapsed: 509.21904706954956

Final parameters:
 parameters:
- sigma_n_log : tensor([-2.1618], dtype=torch.float64)
- log_lengthscales_par : tensor([ 3.6709, -1.0660, -1.9681,  5.1183, -1.7447,  0.3357,  3.2205,  2.5981,
         6.5669,  2.7457,  3.9727,  4.3455,  4.6736,  5.3300],
       dtype=torch.float64)
- log_lambda_par : tensor([0.7695], dtype=torch.float64)
- mean_par : tensor([0.], dtype=torch.float64)
MSE gp 5:  tensor(0.0070, dtype=torch.float64)

Initial parameters:
 parameters:
- sigma_n_log : tensor([-4.6052], dtype=torch.float64)
- log_lengthscales_par : tensor([0., 0., 0., 0., 0., 0., 0., 0., 0., 0., 0., 0., 0., 0.],
       dtype=torch.float64)
- log_lambda_par : tensor([0.], dtype=torch.float64)
- mean_par : tensor([0.], dtype=torch.float64)

EPOCH: 0
 parameters:
- sigma_n_log : tensor([-4.6152], dtype=torch.float64)
- log_lengthscales_par : tensor([0.0100, 0.0100, 0.0100, 0.0100, 0.0100, 0.0100, 0.0100, 0.0100, 0.0100,
        0.0100, 0.0100, 0.0100, 0.0100, 0.0100], dtype=torch.float64)
- log_lambda_par : tensor([-0.0100], dtype=torch.float64)
- mean_par : tensor([0.], dtype=torch.float64)
Running loss: -41.966436841950475
Time elapsed: 0.5289638042449951

EPOCH: 1000
 parameters:
- sigma_n_log : tensor([-5.5444], dtype=torch.float64)
- log_lengthscales_par : tensor([ 3.3587,  4.2110,  4.9915,  2.8866,  4.1706,  2.8083, -1.1630,  3.7361,
         1.2857,  3.8613,  3.8036,  3.4628,  3.3694,  1.4747],
       dtype=torch.float64)
- log_lambda_par : tensor([-3.2144], dtype=torch.float64)
- mean_par : tensor([0.], dtype=torch.float64)
Running loss: -3551.3178348567376
Time elapsed: 495.4790868759155

EPOCH: 2000
 parameters:
- sigma_n_log : tensor([-5.4780], dtype=torch.float64)
- log_lengthscales_par : tensor([ 4.1037,  5.2545,  4.5334,  2.4666,  5.1784,  2.6004, -1.2677,  3.6549,
         1.4507,  3.6726,  3.7739,  2.8357,  3.3202,  1.2686],
       dtype=torch.float64)
- log_lambda_par : tensor([-4.3160], dtype=torch.float64)
- mean_par : tensor([0.], dtype=torch.float64)
Running loss: -3570.4325496571805
Time elapsed: 494.88218545913696

Final parameters:
 parameters:
- sigma_n_log : tensor([-5.4780], dtype=torch.float64)
- log_lengthscales_par : tensor([ 4.1037,  5.2545,  4.5334,  2.4666,  5.1784,  2.6004, -1.2677,  3.6549,
         1.4507,  3.6726,  3.7739,  2.8357,  3.3202,  1.2686],
       dtype=torch.float64)
- log_lambda_par : tensor([-4.3160], dtype=torch.float64)
- mean_par : tensor([0.], dtype=torch.float64)
MSE gp 6:  tensor(1.2197e-05, dtype=torch.float64)

Initial parameters:
 parameters:
- sigma_n_log : tensor([-4.6052], dtype=torch.float64)
- log_lengthscales_par : tensor([0., 0., 0., 0., 0., 0., 0., 0., 0., 0., 0., 0., 0., 0.],
       dtype=torch.float64)
- log_lambda_par : tensor([0.], dtype=torch.float64)
- mean_par : tensor([0.], dtype=torch.float64)

EPOCH: 0
 parameters:
- sigma_n_log : tensor([-4.6152], dtype=torch.float64)
- log_lengthscales_par : tensor([0.0100, 0.0100, 0.0100, 0.0100, 0.0100, 0.0100, 0.0100, 0.0100, 0.0100,
        0.0100, 0.0100, 0.0100, 0.0100, 0.0100], dtype=torch.float64)
- log_lambda_par : tensor([-0.0100], dtype=torch.float64)
- mean_par : tensor([0.], dtype=torch.float64)
Running loss: 14.153720136286012
Time elapsed: 0.5536789894104004

EPOCH: 1000
 parameters:
- sigma_n_log : tensor([-3.8326], dtype=torch.float64)
- log_lengthscales_par : tensor([ 3.6734, -0.1633,  0.4332,  0.7383,  1.4760,  2.6563,  0.3209,  0.0996,
         5.4201,  2.6951,  2.4966,  2.9490,  3.0639,  2.6861],
       dtype=torch.float64)
- log_lambda_par : tensor([-0.5398], dtype=torch.float64)
- mean_par : tensor([0.], dtype=torch.float64)
Running loss: -1198.7773323320075
Time elapsed: 492.2040514945984

EPOCH: 2000
 parameters:
- sigma_n_log : tensor([-3.8937], dtype=torch.float64)
- log_lengthscales_par : tensor([ 3.7318, -0.1607,  0.2843,  0.7282,  1.6132,  3.4250,  0.1364,  0.1072,
         6.6981,  2.6674,  2.2580,  2.8143,  4.2149,  2.6636],
       dtype=torch.float64)
- log_lambda_par : tensor([-0.5281], dtype=torch.float64)
- mean_par : tensor([0.], dtype=torch.float64)
Running loss: -1203.4051008847057
Time elapsed: 493.5151946544647

Final parameters:
 parameters:
- sigma_n_log : tensor([-3.8937], dtype=torch.float64)
- log_lengthscales_par : tensor([ 3.7318, -0.1607,  0.2843,  0.7282,  1.6132,  3.4250,  0.1364,  0.1072,
         6.6981,  2.6674,  2.2580,  2.8143,  4.2149,  2.6636],
       dtype=torch.float64)
- log_lambda_par : tensor([-0.5281], dtype=torch.float64)
- mean_par : tensor([0.], dtype=torch.float64)
MSE gp 7:  tensor(6.6865e-05, dtype=torch.float64)

Trained hyperparameters:
GP 1:
 parameters:
- sigma_n_log : tensor([-2.4468], dtype=torch.float64)
- log_lengthscales_par : tensor([0.7444, 2.8915, 1.9112, 0.8644, 1.3941, 0.3732, 2.0988, 0.5348, 3.0425,
        3.0216, 3.0659, 4.8622, 4.0414, 3.8248], dtype=torch.float64)
- log_lambda_par : tensor([0.3853], dtype=torch.float64)
- mean_par : tensor([0.], dtype=torch.float64)
GP 2:
 parameters:
- sigma_n_log : tensor([-2.4130], dtype=torch.float64)
- log_lengthscales_par : tensor([ 2.4873, -0.9689, -3.5521,  0.6257, -0.3965,  1.7978,  3.6775,  1.7692,
         6.2253,  3.0145,  4.3520,  3.7948,  1.7313,  3.6844],
       dtype=torch.float64)
- log_lambda_par : tensor([0.2397], dtype=torch.float64)
- mean_par : tensor([0.], dtype=torch.float64)
GP 3:
 parameters:
- sigma_n_log : tensor([-9.9580], dtype=torch.float64)
- log_lengthscales_par : tensor([-2.9424, 10.6664, -7.4202,  5.6416, 10.9542,  5.5048, 10.3910, 10.6510,
         4.8034, 11.4754, 10.7680,  2.7038, 10.8803,  5.6466],
       dtype=torch.float64)
- log_lambda_par : tensor([3.5889], dtype=torch.float64)
- mean_par : tensor([0.], dtype=torch.float64)
GP 4:
 parameters:
- sigma_n_log : tensor([-5.3369], dtype=torch.float64)
- log_lengthscales_par : tensor([-3.1243,  6.5673,  2.6638,  1.8000,  2.9273,  5.0583,  6.7649,  5.2938,
         7.2711,  4.0285,  7.0616,  5.8623,  7.0011,  7.5434],
       dtype=torch.float64)
- log_lambda_par : tensor([-0.6751], dtype=torch.float64)
- mean_par : tensor([0.], dtype=torch.float64)
GP 5:
 parameters:
- sigma_n_log : tensor([-4.2275], dtype=torch.float64)
- log_lengthscales_par : tensor([ 5.2090, -1.2286,  7.4128,  4.7914, -1.1917,  1.1257,  3.6959,  2.7137,
         7.6274,  2.9416,  3.3245,  5.1043,  3.1029,  5.3231],
       dtype=torch.float64)
- log_lambda_par : tensor([-0.8843], dtype=torch.float64)
- mean_par : tensor([0.], dtype=torch.float64)
GP 6:
 parameters:
- sigma_n_log : tensor([-2.1618], dtype=torch.float64)
- log_lengthscales_par : tensor([ 3.6709, -1.0660, -1.9681,  5.1183, -1.7447,  0.3357,  3.2205,  2.5981,
         6.5669,  2.7457,  3.9727,  4.3455,  4.6736,  5.3300],
       dtype=torch.float64)
- log_lambda_par : tensor([0.7695], dtype=torch.float64)
- mean_par : tensor([0.], dtype=torch.float64)
GP 7:
 parameters:
- sigma_n_log : tensor([-5.4780], dtype=torch.float64)
- log_lengthscales_par : tensor([ 4.1037,  5.2545,  4.5334,  2.4666,  5.1784,  2.6004, -1.2677,  3.6549,
         1.4507,  3.6726,  3.7739,  2.8357,  3.3202,  1.2686],
       dtype=torch.float64)
- log_lambda_par : tensor([-4.3160], dtype=torch.float64)
- mean_par : tensor([0.], dtype=torch.float64)
GP 8:
 parameters:
- sigma_n_log : tensor([-3.8937], dtype=torch.float64)
- log_lengthscales_par : tensor([ 3.7318, -0.1607,  0.2843,  0.7282,  1.6132,  3.4250,  0.1364,  0.1072,
         6.6981,  2.6674,  2.2580,  2.8143,  4.2149,  2.6636],
       dtype=torch.float64)
- log_lambda_par : tensor([-0.5281], dtype=torch.float64)
- mean_par : tensor([0.], dtype=torch.float64)

held-out NEXT-STATE MSE (model units) -- phase 2 (rl_it3_p2):
  0 pH     model=1.302991e-02  persistence=1.695538e-02  OK
  1 T      model=4.168538e-02  persistence=1.393247e-01  OK
  2 Fa     model=2.140147e-01  persistence=5.060557e-01  OK
  3 Fb     model=4.809017e-04  persistence=5.613223e-02  OK
  4 Fc     model=7.249941e-04  persistence=1.993192e-02  OK
  5 Fh     model=7.115189e-02  persistence=9.893783e-01  OK
  6 Wt     model=5.930734e-05  persistence=1.572418e-04  OK
  7 DO2    model=4.518636e-03  persistence=5.747775e-04  WORSE

mean MSE 4.320821e-02   persistence 2.160638e-01
model beats persistence: True
[pensim] statistics saved -> /home/s2892016/Thesis/MCPILCO/results_rlloop_s3/pensim_stats_rl_it3_p2.json

saved -> /home/s2892016/Thesis/MCPILCO/results_rlloop_s3/rbf_model_rl_it3_p2.pt
saved -> /home/s2892016/Thesis/MCPILCO/results_rlloop_s3/rbf_metrics_rl_it3_p2.json
