seed = 3  (policy init, window draw, particle sampling)
EXACT GP INFERENCE SELECTED
EXACT GP INFERENCE SELECTED
EXACT GP INFERENCE SELECTED
world models:
  phase 0: [0,47.5) h  train pts=800
  phase 1: [47.5,72.5) h  train pts=800
  phase 2: [72.5,inf) h  train pts=800
  -> one shared z-space (verified)
combined state range: [-7.02, 40.38] z
[PFQuery] loaded checkpoint flgfn_corrected.pt
pre-caching 150 expert distributions (1..150 h) ...
  eigenvalues @75h: [0.00018914 0.00684495 0.04047212]
PHASE 1: t in [47.5, 72.5) h -> 25 windows
windows per model: phase 1: 25
windows: 25 total over 1..230 h  ->  25 with the W2 constraint (t<=150), 0 reward-only

policy rbf: in=8 out=6 u_max=3.0 params=2808
L2: lambda=0.0 on ALL SIX channels (additive)
action spread across 5 replicas of one state: 2.636e-05   <-- WARNING: E_a|s degenerate

chance constraints: eps=0.95 -> Phi^-1=1.6449
  action box  alpha=1000.0
  vessel floor alpha=1.0  Wt >= 50000 phys (-1.534 z)
  training data below the floor: 0.0%
EXACT GP INFERENCE SELECTED

objective: -LCB_reward + 15.0*relu(W2_h - 0.35) + 0.0*||a||^2 + chance
  reward GP : reward_model_base.pt  held-out R^2=0.8571  yield/step mu=3.2279 sd=1.4090
  LCB       : mu_r - 1.0*sigma_r  (not the mean)
  eta       : 0.35  -- measured, the converged W2 of imitation-only policies
  alpha_W2  : 15.0  -- measured, puts the penalty on the reward's scale

penalty targets (physical -> z):
    discharge      lo=     0.0 phys ->  -0.401 z   (z=0 is    254.2 phys, the dataset mean)
    sugar          lo=     7.0 phys ->  -3.865 z   (z=0 is     76.5 phys, the dataset mean)
    soilbean       lo=    21.0 phys ->  -1.360 z   (z=0 is     26.0 phys, the dataset mean)
    aeration       lo=    29.0 phys ->  -3.932 z   (z=0 is     61.0 phys, the dataset mean)
    backpressure   lo=     0.5 phys ->  -3.915 z   (z=0 is      0.9 phys, the dataset mean)
    waterinj       lo=     0.0 phys ->  -1.374 z   (z=0 is    153.7 phys, the dataset mean)
iter   0  loss=0.49438  reward(LCB)=-0.49438 (phys 2.531)  W2 mean=0.25917 max=0.28257
          eta=0.35 violating=0/25 excess=0.00000 penalty=0.00000 (pen/|rew|=0.00x)   ||a||^2=0.00199 lam*=0.000e+00
          windows: 25 imitation+reward, 0 reward-only (t>150 h)   reward early=-0.4944 late=nan
          cc_act=0.000e+00 cc_state=0.000e+00   |grad| med=2.530e-02 DEAD=0/25  |s|max=11.9 (data 40.4)
iter   1  loss=0.33130  reward(LCB)=-0.32735 (phys 2.767)  W2 mean=0.24965 max=0.27570
          eta=0.35 violating=0/25 excess=0.00000 penalty=0.00000 (pen/|rew|=0.00x)   ||a||^2=0.21230 lam*=0.000e+00
          windows: 25 imitation+reward, 0 reward-only (t>150 h)   reward early=-0.3274 late=nan
          cc_act=3.952e-03 cc_state=0.000e+00   |grad| med=2.349e-01 DEAD=0/25  |s|max=10.4 (data 40.4)
iter   2  loss=0.26690  reward(LCB)=-0.26682 (phys 2.852)  W2 mean=0.24163 max=0.26508
          eta=0.35 violating=0/25 excess=0.00000 penalty=0.00000 (pen/|rew|=0.00x)   ||a||^2=0.97408 lam*=0.000e+00
          windows: 25 imitation+reward, 0 reward-only (t>150 h)   reward early=-0.2668 late=nan
          cc_act=8.457e-05 cc_state=0.000e+00   |grad| med=1.051e-01 DEAD=0/25  |s|max=10.5 (data 40.4)
iter   3  loss=0.16356  reward(LCB)=-0.16130 (phys 3.001)  W2 mean=0.23045 max=0.25614
          eta=0.35 violating=0/25 excess=0.00000 penalty=0.00000 (pen/|rew|=0.00x)   ||a||^2=2.45939 lam*=0.000e+00
          windows: 25 imitation+reward, 0 reward-only (t>150 h)   reward early=-0.1613 late=nan
          cc_act=2.266e-03 cc_state=0.000e+00   |grad| med=1.968e-01 DEAD=0/25  |s|max=11.0 (data 40.4)
iter   4  loss=0.07111  reward(LCB)=-0.06516 (phys 3.136)  W2 mean=0.22945 max=0.25477
          eta=0.35 violating=0/25 excess=0.00000 penalty=0.00000 (pen/|rew|=0.00x)   ||a||^2=3.50400 lam*=0.000e+00
          windows: 25 imitation+reward, 0 reward-only (t>150 h)   reward early=-0.0652 late=nan
          cc_act=5.945e-03 cc_state=0.000e+00   |grad| med=4.091e-01 DEAD=0/25  |s|max=10.9 (data 40.4)
iter   5  loss=-0.04337  reward(LCB)=0.07812 (phys 3.338)  W2 mean=0.23478 max=0.25891
          eta=0.35 violating=0/25 excess=0.00000 penalty=0.00000 (pen/|rew|=0.00x)   ||a||^2=5.92879 lam*=0.000e+00
          windows: 25 imitation+reward, 0 reward-only (t>150 h)   reward early=0.0781 late=nan
          cc_act=3.475e-02 cc_state=0.000e+00   |grad| med=4.383e-01 DEAD=0/25  |s|max=11.2 (data 40.4)
iter   6  loss=-0.14725  reward(LCB)=0.15104 (phys 3.441)  W2 mean=0.23884 max=0.25609
          eta=0.35 violating=0/25 excess=0.00000 penalty=0.00000 (pen/|rew|=0.00x)   ||a||^2=6.55349 lam*=0.000e+00
          windows: 25 imitation+reward, 0 reward-only (t>150 h)   reward early=0.1510 late=nan
          cc_act=3.786e-03 cc_state=0.000e+00   |grad| med=2.336e-01 DEAD=0/25  |s|max=9.8 (data 40.4)
iter   7  loss=-0.17323  reward(LCB)=0.17712 (phys 3.478)  W2 mean=0.23689 max=0.25946
          eta=0.35 violating=0/25 excess=0.00000 penalty=0.00000 (pen/|rew|=0.00x)   ||a||^2=6.89418 lam*=0.000e+00
          windows: 25 imitation+reward, 0 reward-only (t>150 h)   reward early=0.1771 late=nan
          cc_act=3.885e-03 cc_state=0.000e+00   |grad| med=2.723e-01 DEAD=0/25  |s|max=9.7 (data 40.4)
iter   8  loss=-0.21946  reward(LCB)=0.22035 (phys 3.538)  W2 mean=0.23617 max=0.25875
          eta=0.35 violating=0/25 excess=0.00000 penalty=0.00000 (pen/|rew|=0.00x)   ||a||^2=7.29626 lam*=0.000e+00
          windows: 25 imitation+reward, 0 reward-only (t>150 h)   reward early=0.2204 late=nan
          cc_act=8.893e-04 cc_state=0.000e+00   |grad| med=1.277e-01 DEAD=0/25  |s|max=10.3 (data 40.4)
iter   9  loss=-0.25616  reward(LCB)=0.25655 (phys 3.589)  W2 mean=0.23771 max=0.26422
          eta=0.35 violating=0/25 excess=0.00000 penalty=0.00000 (pen/|rew|=0.00x)   ||a||^2=7.47644 lam*=0.000e+00
          windows: 25 imitation+reward, 0 reward-only (t>150 h)   reward early=0.2566 late=nan
          cc_act=3.906e-04 cc_state=0.000e+00   |grad| med=1.814e-01 DEAD=0/25  |s|max=11.4 (data 40.4)
iter  10  loss=-0.26838  reward(LCB)=0.27672 (phys 3.618)  W2 mean=0.24014 max=0.26181
          eta=0.35 violating=0/25 excess=0.00000 penalty=0.00000 (pen/|rew|=0.00x)   ||a||^2=7.95705 lam*=0.000e+00
          windows: 25 imitation+reward, 0 reward-only (t>150 h)   reward early=0.2767 late=nan
          cc_act=8.346e-03 cc_state=0.000e+00   |grad| med=2.070e-01 DEAD=0/25  |s|max=10.8 (data 40.4)
iter  11  loss=-0.26167  reward(LCB)=0.26217 (phys 3.597)  W2 mean=0.24130 max=0.26959
          eta=0.35 violating=0/25 excess=0.00000 penalty=0.00000 (pen/|rew|=0.00x)   ||a||^2=8.02612 lam*=0.000e+00
          windows: 25 imitation+reward, 0 reward-only (t>150 h)   reward early=0.2622 late=nan
          cc_act=4.966e-04 cc_state=0.000e+00   |grad| med=1.698e-01 DEAD=0/25  |s|max=10.4 (data 40.4)
iter  12  loss=-0.32343  reward(LCB)=0.32460 (phys 3.685)  W2 mean=0.24006 max=0.26327
          eta=0.35 violating=0/25 excess=0.00000 penalty=0.00000 (pen/|rew|=0.00x)   ||a||^2=8.30214 lam*=0.000e+00
          windows: 25 imitation+reward, 0 reward-only (t>150 h)   reward early=0.3246 late=nan
          cc_act=1.170e-03 cc_state=0.000e+00   |grad| med=1.881e-01 DEAD=0/25  |s|max=10.4 (data 40.4)
iter  13  loss=-0.31814  reward(LCB)=0.31965 (phys 3.678)  W2 mean=0.24369 max=0.26641
          eta=0.35 violating=0/25 excess=0.00000 penalty=0.00000 (pen/|rew|=0.00x)   ||a||^2=8.36113 lam*=0.000e+00
          windows: 25 imitation+reward, 0 reward-only (t>150 h)   reward early=0.3197 late=nan
          cc_act=1.516e-03 cc_state=0.000e+00   |grad| med=1.881e-01 DEAD=0/25  |s|max=11.4 (data 40.4)
iter  14  loss=-0.31082  reward(LCB)=0.31105 (phys 3.666)  W2 mean=0.24663 max=0.27142
          eta=0.35 violating=0/25 excess=0.00000 penalty=0.00000 (pen/|rew|=0.00x)   ||a||^2=8.26464 lam*=0.000e+00
          windows: 25 imitation+reward, 0 reward-only (t>150 h)   reward early=0.3111 late=nan
          cc_act=2.314e-04 cc_state=0.000e+00   |grad| med=1.606e-01 DEAD=0/25  |s|max=9.2 (data 40.4)
iter  15  loss=-0.33267  reward(LCB)=0.33405 (phys 3.699)  W2 mean=0.24663 max=0.26489
          eta=0.35 violating=0/25 excess=0.00000 penalty=0.00000 (pen/|rew|=0.00x)   ||a||^2=8.34876 lam*=0.000e+00
          windows: 25 imitation+reward, 0 reward-only (t>150 h)   reward early=0.3341 late=nan
          cc_act=1.384e-03 cc_state=0.000e+00   |grad| med=2.249e-01 DEAD=0/25  |s|max=10.7 (data 40.4)
iter  16  loss=-0.35665  reward(LCB)=0.35720 (phys 3.731)  W2 mean=0.24682 max=0.26802
          eta=0.35 violating=0/25 excess=0.00000 penalty=0.00000 (pen/|rew|=0.00x)   ||a||^2=8.33262 lam*=0.000e+00
          windows: 25 imitation+reward, 0 reward-only (t>150 h)   reward early=0.3572 late=nan
          cc_act=5.505e-04 cc_state=0.000e+00   |grad| med=2.103e-01 DEAD=0/25  |s|max=10.3 (data 40.4)
iter  17  loss=-0.36190  reward(LCB)=0.36375 (phys 3.740)  W2 mean=0.24738 max=0.26412
          eta=0.35 violating=0/25 excess=0.00000 penalty=0.00000 (pen/|rew|=0.00x)   ||a||^2=8.57567 lam*=0.000e+00
          windows: 25 imitation+reward, 0 reward-only (t>150 h)   reward early=0.3638 late=nan
          cc_act=1.850e-03 cc_state=0.000e+00   |grad| med=1.884e-01 DEAD=0/25  |s|max=10.3 (data 40.4)
iter  18  loss=-0.34445  reward(LCB)=0.34658 (phys 3.716)  W2 mean=0.24591 max=0.26730
          eta=0.35 violating=0/25 excess=0.00000 penalty=0.00000 (pen/|rew|=0.00x)   ||a||^2=8.18437 lam*=0.000e+00
          windows: 25 imitation+reward, 0 reward-only (t>150 h)   reward early=0.3466 late=nan
          cc_act=2.129e-03 cc_state=0.000e+00   |grad| med=2.655e-01 DEAD=0/25  |s|max=9.7 (data 40.4)
iter  19  loss=-0.38395  reward(LCB)=0.38487 (phys 3.770)  W2 mean=0.24583 max=0.26725
          eta=0.35 violating=0/25 excess=0.00000 penalty=0.00000 (pen/|rew|=0.00x)   ||a||^2=8.60884 lam*=0.000e+00
          windows: 25 imitation+reward, 0 reward-only (t>150 h)   reward early=0.3849 late=nan
          cc_act=9.227e-04 cc_state=0.000e+00   |grad| med=1.581e-01 DEAD=0/25  |s|max=10.2 (data 40.4)

final W2=0.24583 vs eta=0.35 -> FEASIBLE
      reward(LCB)=0.38487 (physical yield/step ~ 3.770)
      ||a||^2 0.00199 -> 8.60884 (+432357.0%)

saved -> /home/s2892016/Thesis/MCPILCO/results_rlloop_s3/p_iter5_ph1.pt
