=== training world model: phase=2 (rl_it7_p2)  n_keep=800  n_epoch=2001  select=pivchol ===
[loop] reusing frozen standardizer stats from /home/s2892016/Thesis/MCPILCO/results_pensim/rbf_model_bnd_rbf_iter0_phase0.pt
[pensim] dataset folder (PENSIM_DATA_DIR): /home/s2892016/Thesis/deps/smpl/smpl/configdata/pensim_rlloop_s3  (19 CSVs)
max observations: [2.76000000e+02 8.05261517e+00 3.62841400e+02 6.85863686e+00
 2.70000000e+02 1.80000012e+03 9.46039368e+02 1.26920055e+05
 2.39494171e+01]
min observations: [1.6000001e-01 4.5955915e+00 2.3797954e+02 0.0000000e+00 0.0000000e+00
 0.0000000e+00 0.0000000e+00 5.0006516e+04 2.3598127e+00]
dataset max observations: [2.3000000e+02 6.6375961e+00 3.0024673e+02 4.6791539e+00 2.2500000e+02
 1.0578680e+03 8.2835974e+02 1.0665253e+05 1.9388021e+01]
dataset min observations: [0.0000000e+00 6.0929465e+00 2.9771576e+02 0.0000000e+00 0.0000000e+00
 9.9999997e-05 9.9999997e-05 6.2296266e+04 8.8746004e+00]
max actions: [4.10e+03 1.51e+02 3.60e+01 7.60e+01 1.20e+00 5.10e+02]
min actions: [ 0.   7.  21.  29.   0.5  0. ]
dataset max actions: [4.094559e+03 1.470660e+02 3.580100e+01 7.514100e+01 1.132000e+00
 5.038400e+02]
dataset min actions: [ 0.     7.361 21.249 29.636  0.545  0.   ]
normalize: True
using max/min observations and actions.
[pensim] using SAVED standardizer statistics
[pensim] loader time bounds: [0.16, 276.00] h
[pensim] 21843 transitions | obs 8d act 6d
[pensim] obs per-dim std: [0.5297 0.8465 1.0026 1.0346 0.8237 0.7804 0.9018 1.8229]
[pensim] time range: -0.00 .. 230.00 h
[pensim]   phase 0 [0, 47.5) h: 4503 transitions
[pensim]   phase 1 [47.5, 72.5) h: 2375 transitions
[pensim]   phase 2 [72.5, inf) h: 14958 transitions
[std] fitted on 21843 transitions (18.99 CSVs)  [PINNED via -std_from]
[std] obs_sd = [0.0329  0.00339 0.03372 0.30286 0.17267 0.11814 0.34974 0.11855]
[std] act_sd = [0.30882 0.24979 0.48691 0.34592 0.29527 0.43871]
[pensim] phase 2: t in [72.5, inf) h  ->  14958 of 21843 transitions (68.5%)
[pivchol] selected 800/14758 points  (residual trace 2.400e+03)
train N=800   test N=200   gp input dim=14   num_gp=8
training-set time span: 72.60 .. 230.00 h
EXACT GP INFERENCE SELECTED

Initial parameters:
 parameters:
- sigma_n_log : tensor([-4.6052], dtype=torch.float64)
- log_lengthscales_par : tensor([0., 0., 0., 0., 0., 0., 0., 0., 0., 0., 0., 0., 0., 0.],
       dtype=torch.float64)
- log_lambda_par : tensor([0.], dtype=torch.float64)
- mean_par : tensor([0.], dtype=torch.float64)

EPOCH: 0
 parameters:
- sigma_n_log : tensor([-4.6152], dtype=torch.float64)
- log_lengthscales_par : tensor([0.0100, 0.0100, 0.0100, 0.0100, 0.0100, 0.0100, 0.0100, 0.0100, 0.0100,
        0.0100, 0.0100, 0.0100, 0.0100, 0.0100], dtype=torch.float64)
- log_lambda_par : tensor([-0.0100], dtype=torch.float64)
- mean_par : tensor([0.], dtype=torch.float64)
Running loss: 52.25625211932747
Time elapsed: 2.2664315700531006

EPOCH: 1000
 parameters:
- sigma_n_log : tensor([-2.4650], dtype=torch.float64)
- log_lengthscales_par : tensor([1.0192, 2.8476, 1.8107, 0.7693, 2.1091, 0.6281, 2.1228, 0.5312, 2.5897,
        3.1853, 3.2844, 4.0541, 3.7816, 4.0120], dtype=torch.float64)
- log_lambda_par : tensor([0.3194], dtype=torch.float64)
- mean_par : tensor([0.], dtype=torch.float64)
Running loss: -874.0628787093892
Time elapsed: 471.80795526504517

EPOCH: 2000
 parameters:
- sigma_n_log : tensor([-2.4442], dtype=torch.float64)
- log_lengthscales_par : tensor([1.0552, 3.0813, 1.8528, 0.7753, 2.1835, 0.6621, 2.2831, 0.5737, 2.5920,
        3.3276, 3.6258, 5.0341, 4.5262, 4.3138], dtype=torch.float64)
- log_lambda_par : tensor([0.5076], dtype=torch.float64)
- mean_par : tensor([0.], dtype=torch.float64)
Running loss: -876.668868251571
Time elapsed: 467.00306034088135

Final parameters:
 parameters:
- sigma_n_log : tensor([-2.4442], dtype=torch.float64)
- log_lengthscales_par : tensor([1.0552, 3.0813, 1.8528, 0.7753, 2.1835, 0.6621, 2.2831, 0.5737, 2.5920,
        3.3276, 3.6258, 5.0341, 4.5262, 4.3138], dtype=torch.float64)
- log_lambda_par : tensor([0.5076], dtype=torch.float64)
- mean_par : tensor([0.], dtype=torch.float64)
MSE gp 0:  tensor(0.0038, dtype=torch.float64)

Initial parameters:
 parameters:
- sigma_n_log : tensor([-4.6052], dtype=torch.float64)
- log_lengthscales_par : tensor([0., 0., 0., 0., 0., 0., 0., 0., 0., 0., 0., 0., 0., 0.],
       dtype=torch.float64)
- log_lambda_par : tensor([0.], dtype=torch.float64)
- mean_par : tensor([0.], dtype=torch.float64)

EPOCH: 0
 parameters:
- sigma_n_log : tensor([-4.6152], dtype=torch.float64)
- log_lengthscales_par : tensor([ 0.0100,  0.0100, -0.0100,  0.0100,  0.0100,  0.0100,  0.0100,  0.0100,
         0.0100,  0.0100,  0.0100,  0.0100,  0.0100,  0.0100],
       dtype=torch.float64)
- log_lambda_par : tensor([-0.0100], dtype=torch.float64)
- mean_par : tensor([0.], dtype=torch.float64)
Running loss: 138.1850462009594
Time elapsed: 0.5279159545898438

EPOCH: 1000
 parameters:
- sigma_n_log : tensor([-2.3117], dtype=torch.float64)
- log_lengthscales_par : tensor([ 2.5745, -1.2150,  2.2760,  0.9549, -0.0340,  1.6999,  2.7367,  1.9534,
         3.3670,  3.7732,  3.7146,  3.9345,  1.6198,  4.1378],
       dtype=torch.float64)
- log_lambda_par : tensor([0.2714], dtype=torch.float64)
- mean_par : tensor([0.], dtype=torch.float64)
Running loss: -661.1194911274999
Time elapsed: 531.7328705787659

EPOCH: 2000
 parameters:
- sigma_n_log : tensor([-2.3230], dtype=torch.float64)
- log_lengthscales_par : tensor([ 2.5274, -1.2061,  2.2737,  0.9544, -0.0926,  1.6601,  2.7078,  1.9500,
         3.3782,  4.4693,  4.3370,  4.9777,  1.6275,  4.8408],
       dtype=torch.float64)
- log_lambda_par : tensor([0.2935], dtype=torch.float64)
- mean_par : tensor([0.], dtype=torch.float64)
Running loss: -663.7774865112099
Time elapsed: 467.4101858139038

Final parameters:
 parameters:
- sigma_n_log : tensor([-2.3230], dtype=torch.float64)
- log_lengthscales_par : tensor([ 2.5274, -1.2061,  2.2737,  0.9544, -0.0926,  1.6601,  2.7078,  1.9500,
         3.3782,  4.4693,  4.3370,  4.9777,  1.6275,  4.8408],
       dtype=torch.float64)
- log_lambda_par : tensor([0.2935], dtype=torch.float64)
- mean_par : tensor([0.], dtype=torch.float64)
MSE gp 1:  tensor(0.0040, dtype=torch.float64)

Initial parameters:
 parameters:
- sigma_n_log : tensor([-4.6052], dtype=torch.float64)
- log_lengthscales_par : tensor([0., 0., 0., 0., 0., 0., 0., 0., 0., 0., 0., 0., 0., 0.],
       dtype=torch.float64)
- log_lambda_par : tensor([0.], dtype=torch.float64)
- mean_par : tensor([0.], dtype=torch.float64)

EPOCH: 0
 parameters:
- sigma_n_log : tensor([-4.5952], dtype=torch.float64)
- log_lengthscales_par : tensor([-0.0100, -0.0100, -0.0100, -0.0100,  0.0100,  0.0100,  0.0100,  0.0100,
        -0.0100,  0.0100,  0.0100,  0.0100,  0.0100,  0.0100],
       dtype=torch.float64)
- log_lambda_par : tensor([0.0100], dtype=torch.float64)
- mean_par : tensor([0.], dtype=torch.float64)
Running loss: 3832.283044600756
Time elapsed: 0.6204149723052979

EPOCH: 1000
 parameters:
- sigma_n_log : tensor([-8.3667], dtype=torch.float64)
- log_lengthscales_par : tensor([-2.8486,  6.2212, -7.6114,  5.3747,  8.0750,  5.3484,  9.3351,  6.4988,
         2.8833,  7.5989,  7.1524,  2.9879,  6.7527,  5.2333],
       dtype=torch.float64)
- log_lambda_par : tensor([2.9695], dtype=torch.float64)
- mean_par : tensor([0.], dtype=torch.float64)
Running loss: -1105.9637432150282
Time elapsed: 522.3726136684418

EPOCH: 2000
 parameters:
- sigma_n_log : tensor([-10.3008], dtype=torch.float64)
- log_lengthscales_par : tensor([-2.8613, 10.8255, -7.4914,  5.6492, 11.1231,  5.7711, 11.6879, 10.0491,
         3.0739, 11.3959, 10.7649,  3.2179, 10.3815,  5.4186],
       dtype=torch.float64)
- log_lambda_par : tensor([3.5569], dtype=torch.float64)
- mean_par : tensor([0.], dtype=torch.float64)
Running loss: -1304.1545956529842
Time elapsed: 558.953122138977

Final parameters:
 parameters:
- sigma_n_log : tensor([-10.3008], dtype=torch.float64)
- log_lengthscales_par : tensor([-2.8613, 10.8255, -7.4914,  5.6492, 11.1231,  5.7711, 11.6879, 10.0491,
         3.0739, 11.3959, 10.7649,  3.2179, 10.3815,  5.4186],
       dtype=torch.float64)
- log_lambda_par : tensor([3.5569], dtype=torch.float64)
- mean_par : tensor([0.], dtype=torch.float64)
MSE gp 2:  tensor(8.0321e-13, dtype=torch.float64)

Initial parameters:
 parameters:
- sigma_n_log : tensor([-4.6052], dtype=torch.float64)
- log_lengthscales_par : tensor([0., 0., 0., 0., 0., 0., 0., 0., 0., 0., 0., 0., 0., 0.],
       dtype=torch.float64)
- log_lambda_par : tensor([0.], dtype=torch.float64)
- mean_par : tensor([0.], dtype=torch.float64)

EPOCH: 0
 parameters:
- sigma_n_log : tensor([-4.6152], dtype=torch.float64)
- log_lengthscales_par : tensor([0.0100, 0.0100, 0.0100, 0.0100, 0.0100, 0.0100, 0.0100, 0.0100, 0.0100,
        0.0100, 0.0100, 0.0100, 0.0100, 0.0100], dtype=torch.float64)
- log_lambda_par : tensor([-0.0100], dtype=torch.float64)
- mean_par : tensor([0.], dtype=torch.float64)
Running loss: 52.02174424582957
Time elapsed: 0.5115740299224854

EPOCH: 1000
 parameters:
- sigma_n_log : tensor([-5.0823], dtype=torch.float64)
- log_lengthscales_par : tensor([-3.0953,  4.9118,  2.8425,  1.6583,  2.7992,  4.7932,  5.2739,  6.0350,
         4.1975,  5.4898,  5.7353,  5.4017,  6.0242,  5.6000],
       dtype=torch.float64)
- log_lambda_par : tensor([-0.8626], dtype=torch.float64)
- mean_par : tensor([0.], dtype=torch.float64)
Running loss: -1886.0818648679667
Time elapsed: 550.8135759830475

EPOCH: 2000
 parameters:
- sigma_n_log : tensor([-5.1096], dtype=torch.float64)
- log_lengthscales_par : tensor([-3.0966,  5.9937,  2.8351,  1.6608,  2.8335,  5.0070,  5.1522,  7.2558,
         4.2531,  6.5689,  7.1944,  4.9770,  7.4701,  6.8408],
       dtype=torch.float64)
- log_lambda_par : tensor([-0.7422], dtype=torch.float64)
- mean_par : tensor([0.], dtype=torch.float64)
Running loss: -1905.726712753773
Time elapsed: 612.9775815010071

Final parameters:
 parameters:
- sigma_n_log : tensor([-5.1096], dtype=torch.float64)
- log_lengthscales_par : tensor([-3.0966,  5.9937,  2.8351,  1.6608,  2.8335,  5.0070,  5.1522,  7.2558,
         4.2531,  6.5689,  7.1944,  4.9770,  7.4701,  6.8408],
       dtype=torch.float64)
- log_lambda_par : tensor([-0.7422], dtype=torch.float64)
- mean_par : tensor([0.], dtype=torch.float64)
MSE gp 3:  tensor(8.5442e-06, dtype=torch.float64)

Initial parameters:
 parameters:
- sigma_n_log : tensor([-4.6052], dtype=torch.float64)
- log_lengthscales_par : tensor([0., 0., 0., 0., 0., 0., 0., 0., 0., 0., 0., 0., 0., 0.],
       dtype=torch.float64)
- log_lambda_par : tensor([0.], dtype=torch.float64)
- mean_par : tensor([0.], dtype=torch.float64)

EPOCH: 0
 parameters:
- sigma_n_log : tensor([-4.6152], dtype=torch.float64)
- log_lengthscales_par : tensor([0.0100, 0.0100, 0.0100, 0.0100, 0.0100, 0.0100, 0.0100, 0.0100, 0.0100,
        0.0100, 0.0100, 0.0100, 0.0100, 0.0100], dtype=torch.float64)
- log_lambda_par : tensor([-0.0100], dtype=torch.float64)
- mean_par : tensor([0.], dtype=torch.float64)
Running loss: 6.326450667524604
Time elapsed: 0.5293004512786865

EPOCH: 1000
 parameters:
- sigma_n_log : tensor([-4.0153], dtype=torch.float64)
- log_lengthscales_par : tensor([ 3.9751, -1.3574,  5.9777,  3.9032, -0.5587,  1.1045,  3.4420,  3.8761,
         5.8840,  2.2756,  3.9949,  4.2749,  4.1870,  4.5647],
       dtype=torch.float64)
- log_lambda_par : tensor([-1.2314], dtype=torch.float64)
- mean_par : tensor([0.], dtype=torch.float64)
Running loss: -2117.922890627205
Time elapsed: 476.6149196624756

EPOCH: 2000
 parameters:
- sigma_n_log : tensor([-3.9824], dtype=torch.float64)
- log_lengthscales_par : tensor([ 4.6430, -1.3676,  7.4812,  5.1542, -0.6588,  1.1498,  3.4808,  5.7925,
         6.8476,  2.2314,  5.4364,  5.2621,  6.1148,  5.7740],
       dtype=torch.float64)
- log_lambda_par : tensor([-0.9689], dtype=torch.float64)
- mean_par : tensor([0.], dtype=torch.float64)
Running loss: -2153.1954952659185
Time elapsed: 478.2353355884552

Final parameters:
 parameters:
- sigma_n_log : tensor([-3.9824], dtype=torch.float64)
- log_lengthscales_par : tensor([ 4.6430, -1.3676,  7.4812,  5.1542, -0.6588,  1.1498,  3.4808,  5.7925,
         6.8476,  2.2314,  5.4364,  5.2621,  6.1148,  5.7740],
       dtype=torch.float64)
- log_lambda_par : tensor([-0.9689], dtype=torch.float64)
- mean_par : tensor([0.], dtype=torch.float64)
MSE gp 4:  tensor(0.0002, dtype=torch.float64)

Initial parameters:
 parameters:
- sigma_n_log : tensor([-4.6052], dtype=torch.float64)
- log_lengthscales_par : tensor([0., 0., 0., 0., 0., 0., 0., 0., 0., 0., 0., 0., 0., 0.],
       dtype=torch.float64)
- log_lambda_par : tensor([0.], dtype=torch.float64)
- mean_par : tensor([0.], dtype=torch.float64)

EPOCH: 0
 parameters:
- sigma_n_log : tensor([-4.6152], dtype=torch.float64)
- log_lengthscales_par : tensor([ 0.0100, -0.0100, -0.0100,  0.0100,  0.0100, -0.0100,  0.0100,  0.0100,
         0.0100,  0.0100,  0.0100,  0.0100,  0.0100,  0.0100],
       dtype=torch.float64)
- log_lambda_par : tensor([0.0100], dtype=torch.float64)
- mean_par : tensor([0.], dtype=torch.float64)
Running loss: 424.63157017952904
Time elapsed: 0.5446376800537109

EPOCH: 1000
 parameters:
- sigma_n_log : tensor([-1.9065], dtype=torch.float64)
- log_lengthscales_par : tensor([ 4.2053, -1.4910,  5.6270,  4.1052,  0.1429, -0.2816,  2.9724,  4.0685,
         5.5982,  3.6477,  4.2918,  3.9895,  4.3933,  4.5599],
       dtype=torch.float64)
- log_lambda_par : tensor([0.5779], dtype=torch.float64)
- mean_par : tensor([0.], dtype=torch.float64)
Running loss: -741.0670425886044
Time elapsed: 493.5016996860504

EPOCH: 2000
 parameters:
- sigma_n_log : tensor([-1.9006], dtype=torch.float64)
- log_lengthscales_par : tensor([ 5.2556, -1.5010,  6.1101,  5.1980,  0.1995, -0.2337,  3.1107,  4.6283,
         5.8853,  4.2764,  5.2866,  4.9526,  5.5205,  5.6740],
       dtype=torch.float64)
- log_lambda_par : tensor([0.7752], dtype=torch.float64)
- mean_par : tensor([0.], dtype=torch.float64)
Running loss: -754.695673003109
Time elapsed: 477.04540848731995

Final parameters:
 parameters:
- sigma_n_log : tensor([-1.9006], dtype=torch.float64)
- log_lengthscales_par : tensor([ 5.2556, -1.5010,  6.1101,  5.1980,  0.1995, -0.2337,  3.1107,  4.6283,
         5.8853,  4.2764,  5.2866,  4.9526,  5.5205,  5.6740],
       dtype=torch.float64)
- log_lambda_par : tensor([0.7752], dtype=torch.float64)
- mean_par : tensor([0.], dtype=torch.float64)
MSE gp 5:  tensor(0.0167, dtype=torch.float64)

Initial parameters:
 parameters:
- sigma_n_log : tensor([-4.6052], dtype=torch.float64)
- log_lengthscales_par : tensor([0., 0., 0., 0., 0., 0., 0., 0., 0., 0., 0., 0., 0., 0.],
       dtype=torch.float64)
- log_lambda_par : tensor([0.], dtype=torch.float64)
- mean_par : tensor([0.], dtype=torch.float64)

EPOCH: 0
 parameters:
- sigma_n_log : tensor([-4.6152], dtype=torch.float64)
- log_lengthscales_par : tensor([0.0100, 0.0100, 0.0100, 0.0100, 0.0100, 0.0100, 0.0100, 0.0100, 0.0100,
        0.0100, 0.0100, 0.0100, 0.0100, 0.0100], dtype=torch.float64)
- log_lambda_par : tensor([-0.0100], dtype=torch.float64)
- mean_par : tensor([0.], dtype=torch.float64)
Running loss: -35.73650487881077
Time elapsed: 0.5271086692810059

EPOCH: 1000
 parameters:
- sigma_n_log : tensor([-8.3790], dtype=torch.float64)
- log_lengthscales_par : tensor([ 4.2797,  5.4169,  2.7891,  3.2228,  5.6709,  3.0895, -1.3101,  2.9322,
        -1.1739,  2.3050,  4.9336,  2.4738,  4.2143,  1.4867],
       dtype=torch.float64)
- log_lambda_par : tensor([-3.8275], dtype=torch.float64)
- mean_par : tensor([0.], dtype=torch.float64)
Running loss: -4045.028791644655
Time elapsed: 474.4197247028351

EPOCH: 2000
 parameters:
- sigma_n_log : tensor([-7.8310], dtype=torch.float64)
- log_lengthscales_par : tensor([ 5.5046,  6.4208,  2.3997,  4.9836,  5.9824,  4.8127, -1.7134,  3.4827,
        -1.9385,  1.3831,  5.8338,  1.7226,  5.4996,  0.6932],
       dtype=torch.float64)
- log_lambda_par : tensor([-6.3251], dtype=torch.float64)
- mean_par : tensor([0.], dtype=torch.float64)
Running loss: -4206.000693038322
Time elapsed: 758.5203635692596

Final parameters:
 parameters:
- sigma_n_log : tensor([-7.8310], dtype=torch.float64)
- log_lengthscales_par : tensor([ 5.5046,  6.4208,  2.3997,  4.9836,  5.9824,  4.8127, -1.7134,  3.4827,
        -1.9385,  1.3831,  5.8338,  1.7226,  5.4996,  0.6932],
       dtype=torch.float64)
- log_lambda_par : tensor([-6.3251], dtype=torch.float64)
- mean_par : tensor([0.], dtype=torch.float64)
MSE gp 6:  tensor(5.2806e-08, dtype=torch.float64)

Initial parameters:
 parameters:
- sigma_n_log : tensor([-4.6052], dtype=torch.float64)
- log_lengthscales_par : tensor([0., 0., 0., 0., 0., 0., 0., 0., 0., 0., 0., 0., 0., 0.],
       dtype=torch.float64)
- log_lambda_par : tensor([0.], dtype=torch.float64)
- mean_par : tensor([0.], dtype=torch.float64)

EPOCH: 0
 parameters:
- sigma_n_log : tensor([-4.6152], dtype=torch.float64)
- log_lengthscales_par : tensor([0.0100, 0.0100, 0.0100, 0.0100, 0.0100, 0.0100, 0.0100, 0.0100, 0.0100,
        0.0100, 0.0100, 0.0100, 0.0100, 0.0100], dtype=torch.float64)
- log_lambda_par : tensor([-0.0100], dtype=torch.float64)
- mean_par : tensor([0.], dtype=torch.float64)
Running loss: 18.82692772222252
Time elapsed: 0.5385274887084961

EPOCH: 1000
 parameters:
- sigma_n_log : tensor([-3.2486], dtype=torch.float64)
- log_lengthscales_par : tensor([ 3.7067, -0.0959,  0.3880,  0.7737,  3.3997,  3.6374,  0.7790,  0.0980,
         5.4866,  3.5505,  2.4084,  3.5772,  3.9397,  4.0569],
       dtype=torch.float64)
- log_lambda_par : tensor([-0.4492], dtype=torch.float64)
- mean_par : tensor([0.], dtype=torch.float64)
Running loss: -1231.930810576102
Time elapsed: 477.9691467285156

EPOCH: 2000
 parameters:
- sigma_n_log : tensor([-3.1954], dtype=torch.float64)
- log_lengthscales_par : tensor([ 3.7717, -0.0934,  0.0297,  0.7777,  3.9495,  3.9948,  0.8213,  0.1142,
         5.8712,  3.7911,  2.4738,  4.9660,  4.8075,  4.5603],
       dtype=torch.float64)
- log_lambda_par : tensor([-0.3506], dtype=torch.float64)
- mean_par : tensor([0.], dtype=torch.float64)
Running loss: -1237.0291396914974
Time elapsed: 478.9714205265045

Final parameters:
 parameters:
- sigma_n_log : tensor([-3.1954], dtype=torch.float64)
- log_lengthscales_par : tensor([ 3.7717, -0.0934,  0.0297,  0.7777,  3.9495,  3.9948,  0.8213,  0.1142,
         5.8712,  3.7911,  2.4738,  4.9660,  4.8075,  4.5603],
       dtype=torch.float64)
- log_lambda_par : tensor([-0.3506], dtype=torch.float64)
- mean_par : tensor([0.], dtype=torch.float64)
MSE gp 7:  tensor(0.0007, dtype=torch.float64)

Trained hyperparameters:
GP 1:
 parameters:
- sigma_n_log : tensor([-2.4442], dtype=torch.float64)
- log_lengthscales_par : tensor([1.0552, 3.0813, 1.8528, 0.7753, 2.1835, 0.6621, 2.2831, 0.5737, 2.5920,
        3.3276, 3.6258, 5.0341, 4.5262, 4.3138], dtype=torch.float64)
- log_lambda_par : tensor([0.5076], dtype=torch.float64)
- mean_par : tensor([0.], dtype=torch.float64)
GP 2:
 parameters:
- sigma_n_log : tensor([-2.3230], dtype=torch.float64)
- log_lengthscales_par : tensor([ 2.5274, -1.2061,  2.2737,  0.9544, -0.0926,  1.6601,  2.7078,  1.9500,
         3.3782,  4.4693,  4.3370,  4.9777,  1.6275,  4.8408],
       dtype=torch.float64)
- log_lambda_par : tensor([0.2935], dtype=torch.float64)
- mean_par : tensor([0.], dtype=torch.float64)
GP 3:
 parameters:
- sigma_n_log : tensor([-10.3008], dtype=torch.float64)
- log_lengthscales_par : tensor([-2.8613, 10.8255, -7.4914,  5.6492, 11.1231,  5.7711, 11.6879, 10.0491,
         3.0739, 11.3959, 10.7649,  3.2179, 10.3815,  5.4186],
       dtype=torch.float64)
- log_lambda_par : tensor([3.5569], dtype=torch.float64)
- mean_par : tensor([0.], dtype=torch.float64)
GP 4:
 parameters:
- sigma_n_log : tensor([-5.1096], dtype=torch.float64)
- log_lengthscales_par : tensor([-3.0966,  5.9937,  2.8351,  1.6608,  2.8335,  5.0070,  5.1522,  7.2558,
         4.2531,  6.5689,  7.1944,  4.9770,  7.4701,  6.8408],
       dtype=torch.float64)
- log_lambda_par : tensor([-0.7422], dtype=torch.float64)
- mean_par : tensor([0.], dtype=torch.float64)
GP 5:
 parameters:
- sigma_n_log : tensor([-3.9824], dtype=torch.float64)
- log_lengthscales_par : tensor([ 4.6430, -1.3676,  7.4812,  5.1542, -0.6588,  1.1498,  3.4808,  5.7925,
         6.8476,  2.2314,  5.4364,  5.2621,  6.1148,  5.7740],
       dtype=torch.float64)
- log_lambda_par : tensor([-0.9689], dtype=torch.float64)
- mean_par : tensor([0.], dtype=torch.float64)
GP 6:
 parameters:
- sigma_n_log : tensor([-1.9006], dtype=torch.float64)
- log_lengthscales_par : tensor([ 5.2556, -1.5010,  6.1101,  5.1980,  0.1995, -0.2337,  3.1107,  4.6283,
         5.8853,  4.2764,  5.2866,  4.9526,  5.5205,  5.6740],
       dtype=torch.float64)
- log_lambda_par : tensor([0.7752], dtype=torch.float64)
- mean_par : tensor([0.], dtype=torch.float64)
GP 7:
 parameters:
- sigma_n_log : tensor([-7.8310], dtype=torch.float64)
- log_lengthscales_par : tensor([ 5.5046,  6.4208,  2.3997,  4.9836,  5.9824,  4.8127, -1.7134,  3.4827,
        -1.9385,  1.3831,  5.8338,  1.7226,  5.4996,  0.6932],
       dtype=torch.float64)
- log_lambda_par : tensor([-6.3251], dtype=torch.float64)
- mean_par : tensor([0.], dtype=torch.float64)
GP 8:
 parameters:
- sigma_n_log : tensor([-3.1954], dtype=torch.float64)
- log_lengthscales_par : tensor([ 3.7717, -0.0934,  0.0297,  0.7777,  3.9495,  3.9948,  0.8213,  0.1142,
         5.8712,  3.7911,  2.4738,  4.9660,  4.8075,  4.5603],
       dtype=torch.float64)
- log_lambda_par : tensor([-0.3506], dtype=torch.float64)
- mean_par : tensor([0.], dtype=torch.float64)

held-out NEXT-STATE MSE (model units) -- phase 2 (rl_it7_p2):
  0 pH     model=5.769742e-03  persistence=1.419824e-02  OK
  1 T      model=2.335141e-02  persistence=1.143054e-01  OK
  2 Fa     model=3.377471e-01  persistence=1.111320e+00  OK
  3 Fb     model=4.932626e-04  persistence=5.879633e-02  OK
  4 Fc     model=5.331911e-04  persistence=1.845584e-02  OK
  5 Fh     model=1.627729e-02  persistence=8.730496e-01  OK
  6 Wt     model=7.459703e-05  persistence=1.231629e-04  OK
  7 DO2    model=8.055191e-03  persistence=5.986478e-03  WORSE

mean MSE 4.903773e-02   persistence 2.745293e-01
model beats persistence: True
[pensim] statistics saved -> /home/s2892016/Thesis/MCPILCO/results_rlloop_s3/pensim_stats_rl_it7_p2.json

saved -> /home/s2892016/Thesis/MCPILCO/results_rlloop_s3/rbf_model_rl_it7_p2.pt
saved -> /home/s2892016/Thesis/MCPILCO/results_rlloop_s3/rbf_metrics_rl_it7_p2.json
