seed = 3  (policy init, window draw, particle sampling)
EXACT GP INFERENCE SELECTED
EXACT GP INFERENCE SELECTED
EXACT GP INFERENCE SELECTED
world models:
  phase 0: [0,47.5) h  train pts=800
  phase 1: [47.5,72.5) h  train pts=800
  phase 2: [72.5,inf) h  train pts=800
  -> one shared z-space (verified)
combined state range: [-7.02, 40.38] z
[PFQuery] loaded checkpoint flgfn_corrected.pt
pre-caching 150 expert distributions (1..150 h) ...
  eigenvalues @75h: [0.00018914 0.00684495 0.04047212]
PHASE 2: t in [72.5, inf) h -> 158 windows
windows per model: phase 2: 158
windows: 158 total over 1..230 h  ->  78 with the W2 constraint (t<=150), 80 reward-only

policy rbf: in=8 out=6 u_max=3.0 params=2808
L2: lambda=0.0 on ALL SIX channels (additive)
action spread across 5 replicas of one state: 4.567e-03   (ok)

chance constraints: eps=0.95 -> Phi^-1=1.6449
  action box  alpha=1000.0
  vessel floor alpha=1.0  Wt >= 50000 phys (-1.534 z)
  training data below the floor: 0.0%
EXACT GP INFERENCE SELECTED

objective: -LCB_reward + 15.0*relu(W2_h - 0.35) + 0.0*||a||^2 + chance
  reward GP : reward_model_base.pt  held-out R^2=0.8571  yield/step mu=3.2279 sd=1.4090
  LCB       : mu_r - 1.0*sigma_r  (not the mean)
  eta       : 0.35  -- measured, the converged W2 of imitation-only policies
  alpha_W2  : 15.0  -- measured, puts the penalty on the reward's scale

penalty targets (physical -> z):
    discharge      lo=     0.0 phys ->  -0.401 z   (z=0 is    254.2 phys, the dataset mean)
    sugar          lo=     7.0 phys ->  -3.865 z   (z=0 is     76.5 phys, the dataset mean)
    soilbean       lo=    21.0 phys ->  -1.360 z   (z=0 is     26.0 phys, the dataset mean)
    aeration       lo=    29.0 phys ->  -3.932 z   (z=0 is     61.0 phys, the dataset mean)
    backpressure   lo=     0.5 phys ->  -3.915 z   (z=0 is      0.9 phys, the dataset mean)
    waterinj       lo=     0.0 phys ->  -1.374 z   (z=0 is    153.7 phys, the dataset mean)
iter   0  loss=0.91400  reward(LCB)=-0.90780 (phys 1.949)  W2 mean=0.27305 max=0.28964
          eta=0.35 violating=0/72 excess=0.00000 penalty=0.00000 (pen/|rew|=0.00x)   ||a||^2=2.77264 lam*=0.000e+00
          windows: 72 imitation+reward, 78 reward-only (t>150 h)   reward early=-0.9055 late=-0.9099
          cc_act=6.200e-03 cc_state=0.000e+00   |grad| med=1.409e-01 DEAD=0/150  |s|max=43.5 (data 40.4)
iter   1  loss=0.76560  reward(LCB)=-0.76414 (phys 2.151)  W2 mean=0.26795 max=0.28348
          eta=0.35 violating=0/72 excess=0.00000 penalty=0.00000 (pen/|rew|=0.00x)   ||a||^2=6.24707 lam*=0.000e+00
          windows: 72 imitation+reward, 78 reward-only (t>150 h)   reward early=-0.7691 late=-0.7595
          cc_act=1.461e-03 cc_state=0.000e+00   |grad| med=1.024e-01 DEAD=0/150  |s|max=43.9 (data 40.4)
iter   2  loss=0.73555  reward(LCB)=-0.73282 (phys 2.195)  W2 mean=0.26778 max=0.28612
          eta=0.35 violating=0/75 excess=0.00000 penalty=0.00000 (pen/|rew|=0.00x)   ||a||^2=7.31483 lam*=0.000e+00
          windows: 75 imitation+reward, 75 reward-only (t>150 h)   reward early=-0.7335 late=-0.7321
          cc_act=2.728e-03 cc_state=0.000e+00   |grad| med=8.566e-02 DEAD=0/150  |s|max=45.8 (data 40.4)
iter   3  loss=0.72209  reward(LCB)=-0.71984 (phys 2.214)  W2 mean=0.26680 max=0.28292
          eta=0.35 violating=0/74 excess=0.00000 penalty=0.00000 (pen/|rew|=0.00x)   ||a||^2=7.89228 lam*=0.000e+00
          windows: 74 imitation+reward, 76 reward-only (t>150 h)   reward early=-0.7222 late=-0.7175
          cc_act=2.246e-03 cc_state=0.000e+00   |grad| med=8.326e-02 DEAD=0/150  |s|max=43.4 (data 40.4)
iter   4  loss=0.71948  reward(LCB)=-0.71716 (phys 2.217)  W2 mean=0.26613 max=0.28232
          eta=0.35 violating=0/74 excess=0.00000 penalty=0.00000 (pen/|rew|=0.00x)   ||a||^2=8.05535 lam*=0.000e+00
          windows: 74 imitation+reward, 76 reward-only (t>150 h)   reward early=-0.7132 late=-0.7210
          cc_act=2.326e-03 cc_state=0.000e+00   |grad| med=7.766e-02 DEAD=0/150  |s|max=43.9 (data 40.4)
iter   5  loss=0.71394  reward(LCB)=-0.71121 (phys 2.226)  W2 mean=0.26803 max=0.28573
          eta=0.35 violating=0/75 excess=0.00000 penalty=0.00000 (pen/|rew|=0.00x)   ||a||^2=7.90513 lam*=0.000e+00
          windows: 75 imitation+reward, 75 reward-only (t>150 h)   reward early=-0.7075 late=-0.7149
          cc_act=2.727e-03 cc_state=0.000e+00   |grad| med=8.683e-02 DEAD=0/150  |s|max=44.8 (data 40.4)
iter   6  loss=0.71281  reward(LCB)=-0.71152 (phys 2.225)  W2 mean=0.26619 max=0.28437
          eta=0.35 violating=0/72 excess=0.00000 penalty=0.00000 (pen/|rew|=0.00x)   ||a||^2=8.67550 lam*=0.000e+00
          windows: 72 imitation+reward, 78 reward-only (t>150 h)   reward early=-0.7111 late=-0.7119
          cc_act=1.285e-03 cc_state=0.000e+00   |grad| med=7.566e-02 DEAD=0/150  |s|max=45.5 (data 40.4)
iter   7  loss=0.70592  reward(LCB)=-0.70356 (phys 2.237)  W2 mean=0.26709 max=0.28334
          eta=0.35 violating=0/73 excess=0.00000 penalty=0.00000 (pen/|rew|=0.00x)   ||a||^2=8.76474 lam*=0.000e+00
          windows: 73 imitation+reward, 77 reward-only (t>150 h)   reward early=-0.6988 late=-0.7080
          cc_act=2.357e-03 cc_state=0.000e+00   |grad| med=7.930e-02 DEAD=0/150  |s|max=44.7 (data 40.4)
iter   8  loss=0.71336  reward(LCB)=-0.71027 (phys 2.227)  W2 mean=0.26692 max=0.28288
          eta=0.35 violating=0/75 excess=0.00000 penalty=0.00000 (pen/|rew|=0.00x)   ||a||^2=8.31420 lam*=0.000e+00
          windows: 75 imitation+reward, 75 reward-only (t>150 h)   reward early=-0.7110 late=-0.7095
          cc_act=3.090e-03 cc_state=0.000e+00   |grad| med=8.784e-02 DEAD=0/150  |s|max=43.9 (data 40.4)
iter   9  loss=0.71030  reward(LCB)=-0.70782 (phys 2.231)  W2 mean=0.26634 max=0.28280
          eta=0.35 violating=0/73 excess=0.00000 penalty=0.00000 (pen/|rew|=0.00x)   ||a||^2=8.36368 lam*=0.000e+00
          windows: 73 imitation+reward, 77 reward-only (t>150 h)   reward early=-0.7058 late=-0.7097
          cc_act=2.479e-03 cc_state=0.000e+00   |grad| med=8.966e-02 DEAD=0/150  |s|max=44.3 (data 40.4)
iter  10  loss=0.70189  reward(LCB)=-0.69956 (phys 2.242)  W2 mean=0.26700 max=0.28413
          eta=0.35 violating=0/74 excess=0.00000 penalty=0.00000 (pen/|rew|=0.00x)   ||a||^2=8.87038 lam*=0.000e+00
          windows: 74 imitation+reward, 76 reward-only (t>150 h)   reward early=-0.6975 late=-0.7016
          cc_act=2.324e-03 cc_state=0.000e+00   |grad| med=7.563e-02 DEAD=0/150  |s|max=44.3 (data 40.4)
iter  11  loss=0.70800  reward(LCB)=-0.70540 (phys 2.234)  W2 mean=0.26636 max=0.28472
          eta=0.35 violating=0/74 excess=0.00000 penalty=0.00000 (pen/|rew|=0.00x)   ||a||^2=8.82927 lam*=0.000e+00
          windows: 74 imitation+reward, 76 reward-only (t>150 h)   reward early=-0.7022 late=-0.7085
          cc_act=2.598e-03 cc_state=0.000e+00   |grad| med=8.417e-02 DEAD=0/150  |s|max=43.9 (data 40.4)
iter  12  loss=0.70616  reward(LCB)=-0.70421 (phys 2.236)  W2 mean=0.26717 max=0.28585
          eta=0.35 violating=0/75 excess=0.00000 penalty=0.00000 (pen/|rew|=0.00x)   ||a||^2=8.59459 lam*=0.000e+00
          windows: 75 imitation+reward, 75 reward-only (t>150 h)   reward early=-0.7050 late=-0.7034
          cc_act=1.954e-03 cc_state=0.000e+00   |grad| med=1.038e-01 DEAD=0/150  |s|max=43.9 (data 40.4)
iter  13  loss=0.69724  reward(LCB)=-0.69597 (phys 2.247)  W2 mean=0.26669 max=0.28394
          eta=0.35 violating=0/74 excess=0.00000 penalty=0.00000 (pen/|rew|=0.00x)   ||a||^2=8.71041 lam*=0.000e+00
          windows: 74 imitation+reward, 76 reward-only (t>150 h)   reward early=-0.6929 late=-0.6989
          cc_act=1.271e-03 cc_state=0.000e+00   |grad| med=7.862e-02 DEAD=0/150  |s|max=44.5 (data 40.4)
iter  14  loss=0.69445  reward(LCB)=-0.69258 (phys 2.252)  W2 mean=0.26673 max=0.28530
          eta=0.35 violating=0/74 excess=0.00000 penalty=0.00000 (pen/|rew|=0.00x)   ||a||^2=8.74495 lam*=0.000e+00
          windows: 74 imitation+reward, 76 reward-only (t>150 h)   reward early=-0.6903 late=-0.6948
          cc_act=1.874e-03 cc_state=0.000e+00   |grad| med=1.160e-01 DEAD=0/150  |s|max=43.5 (data 40.4)
iter  15  loss=0.69409  reward(LCB)=-0.69101 (phys 2.254)  W2 mean=0.26656 max=0.28596
          eta=0.35 violating=0/74 excess=0.00000 penalty=0.00000 (pen/|rew|=0.00x)   ||a||^2=8.80584 lam*=0.000e+00
          windows: 74 imitation+reward, 76 reward-only (t>150 h)   reward early=-0.6939 late=-0.6882
          cc_act=3.082e-03 cc_state=0.000e+00   |grad| med=1.409e-01 DEAD=0/150  |s|max=43.5 (data 40.4)
iter  16  loss=0.70341  reward(LCB)=-0.70052 (phys 2.241)  W2 mean=0.26650 max=0.28505
          eta=0.35 violating=0/74 excess=0.00000 penalty=0.00000 (pen/|rew|=0.00x)   ||a||^2=8.41883 lam*=0.000e+00
          windows: 74 imitation+reward, 76 reward-only (t>150 h)   reward early=-0.6960 late=-0.7050
          cc_act=2.892e-03 cc_state=0.000e+00   |grad| med=1.004e-01 DEAD=0/150  |s|max=45.1 (data 40.4)
iter  17  loss=0.69564  reward(LCB)=-0.69311 (phys 2.251)  W2 mean=0.26566 max=0.28496
          eta=0.35 violating=0/74 excess=0.00000 penalty=0.00000 (pen/|rew|=0.00x)   ||a||^2=8.90034 lam*=0.000e+00
          windows: 74 imitation+reward, 76 reward-only (t>150 h)   reward early=-0.6952 late=-0.6911
          cc_act=2.535e-03 cc_state=0.000e+00   |grad| med=1.193e-01 DEAD=0/150  |s|max=44.1 (data 40.4)
iter  18  loss=0.68903  reward(LCB)=-0.68410 (phys 2.264)  W2 mean=0.26616 max=0.28632
          eta=0.35 violating=0/74 excess=0.00000 penalty=0.00000 (pen/|rew|=0.00x)   ||a||^2=8.79862 lam*=0.000e+00
          windows: 74 imitation+reward, 76 reward-only (t>150 h)   reward early=-0.6819 late=-0.6863
          cc_act=4.932e-03 cc_state=0.000e+00   |grad| med=1.187e-01 DEAD=0/150  |s|max=45.1 (data 40.4)
iter  19  loss=0.67888  reward(LCB)=-0.67536 (phys 2.276)  W2 mean=0.26778 max=0.28251
          eta=0.35 violating=0/72 excess=0.00000 penalty=0.00000 (pen/|rew|=0.00x)   ||a||^2=8.70422 lam*=0.000e+00
          windows: 72 imitation+reward, 78 reward-only (t>150 h)   reward early=-0.6748 late=-0.6759
          cc_act=3.518e-03 cc_state=0.000e+00   |grad| med=1.125e-01 DEAD=0/150  |s|max=45.0 (data 40.4)

final W2=0.26778 vs eta=0.35 -> FEASIBLE
      reward(LCB)=-0.67536 (physical yield/step ~ 2.276)
      ||a||^2 2.77264 -> 8.70422 (+213.9%)

saved -> /home/s2892016/Thesis/MCPILCO/results_rlloop_s3/p_iter7_ph2.pt
