seed = 3  (policy init, window draw, particle sampling)
EXACT GP INFERENCE SELECTED
EXACT GP INFERENCE SELECTED
EXACT GP INFERENCE SELECTED
world models:
  phase 0: [0,47.5) h  train pts=800
  phase 1: [47.5,72.5) h  train pts=800
  phase 2: [72.5,inf) h  train pts=800
  -> one shared z-space (verified)
combined state range: [-7.02, 40.38] z
[PFQuery] loaded checkpoint flgfn_corrected.pt
pre-caching 150 expert distributions (1..150 h) ...
  eigenvalues @75h: [0.00018914 0.00684495 0.04047212]
PHASE 1: t in [47.5, 72.5) h -> 25 windows
windows per model: phase 1: 25
windows: 25 total over 1..230 h  ->  25 with the W2 constraint (t<=150), 0 reward-only

policy rbf: in=8 out=6 u_max=3.0 params=2808
L2: lambda=0.0 on ALL SIX channels (additive)
action spread across 5 replicas of one state: 4.567e-03   (ok)

chance constraints: eps=0.95 -> Phi^-1=1.6449
  action box  alpha=1000.0
  vessel floor alpha=1.0  Wt >= 50000 phys (-1.534 z)
  training data below the floor: 0.0%
EXACT GP INFERENCE SELECTED

objective: -LCB_reward + 15.0*relu(W2_h - 0.35) + 0.0*||a||^2 + chance
  reward GP : reward_model_base.pt  held-out R^2=0.8571  yield/step mu=3.2279 sd=1.4090
  LCB       : mu_r - 1.0*sigma_r  (not the mean)
  eta       : 0.35  -- measured, the converged W2 of imitation-only policies
  alpha_W2  : 15.0  -- measured, puts the penalty on the reward's scale

penalty targets (physical -> z):
    discharge      lo=     0.0 phys ->  -0.401 z   (z=0 is    254.2 phys, the dataset mean)
    sugar          lo=     7.0 phys ->  -3.865 z   (z=0 is     76.5 phys, the dataset mean)
    soilbean       lo=    21.0 phys ->  -1.360 z   (z=0 is     26.0 phys, the dataset mean)
    aeration       lo=    29.0 phys ->  -3.932 z   (z=0 is     61.0 phys, the dataset mean)
    backpressure   lo=     0.5 phys ->  -3.915 z   (z=0 is      0.9 phys, the dataset mean)
    waterinj       lo=     0.0 phys ->  -1.374 z   (z=0 is    153.7 phys, the dataset mean)
iter   0  loss=0.46681  reward(LCB)=-0.46681 (phys 2.570)  W2 mean=0.17876 max=0.19933
          eta=0.35 violating=0/25 excess=0.00000 penalty=0.00000 (pen/|rew|=0.00x)   ||a||^2=0.00217 lam*=0.000e+00
          windows: 25 imitation+reward, 0 reward-only (t>150 h)   reward early=-0.4668 late=nan
          cc_act=0.000e+00 cc_state=0.000e+00   |grad| med=2.085e-02 DEAD=0/25  |s|max=12.2 (data 40.4)
iter   1  loss=0.32920  reward(LCB)=-0.32466 (phys 2.770)  W2 mean=0.18067 max=0.20768
          eta=0.35 violating=0/25 excess=0.00000 penalty=0.00000 (pen/|rew|=0.00x)   ||a||^2=0.16716 lam*=0.000e+00
          windows: 25 imitation+reward, 0 reward-only (t>150 h)   reward early=-0.3247 late=nan
          cc_act=4.540e-03 cc_state=0.000e+00   |grad| med=2.544e-01 DEAD=0/25  |s|max=10.8 (data 40.4)
iter   2  loss=0.24134  reward(LCB)=-0.24080 (phys 2.889)  W2 mean=0.18147 max=0.20464
          eta=0.35 violating=0/25 excess=0.00000 penalty=0.00000 (pen/|rew|=0.00x)   ||a||^2=0.67505 lam*=0.000e+00
          windows: 25 imitation+reward, 0 reward-only (t>150 h)   reward early=-0.2408 late=nan
          cc_act=5.431e-04 cc_state=0.000e+00   |grad| med=1.023e-01 DEAD=0/25  |s|max=11.1 (data 40.4)
iter   3  loss=0.17256  reward(LCB)=-0.16632 (phys 2.994)  W2 mean=0.18276 max=0.20206
          eta=0.35 violating=0/25 excess=0.00000 penalty=0.00000 (pen/|rew|=0.00x)   ||a||^2=1.42258 lam*=0.000e+00
          windows: 25 imitation+reward, 0 reward-only (t>150 h)   reward early=-0.1663 late=nan
          cc_act=6.235e-03 cc_state=0.000e+00   |grad| med=1.479e-01 DEAD=0/25  |s|max=12.8 (data 40.4)
iter   4  loss=0.09084  reward(LCB)=-0.08356 (phys 3.110)  W2 mean=0.18212 max=0.19817
          eta=0.35 violating=0/25 excess=0.00000 penalty=0.00000 (pen/|rew|=0.00x)   ||a||^2=2.33130 lam*=0.000e+00
          windows: 25 imitation+reward, 0 reward-only (t>150 h)   reward early=-0.0836 late=nan
          cc_act=7.284e-03 cc_state=0.000e+00   |grad| med=3.760e-01 DEAD=0/25  |s|max=11.1 (data 40.4)
iter   5  loss=-0.00680  reward(LCB)=0.02808 (phys 3.268)  W2 mean=0.17764 max=0.19774
          eta=0.35 violating=0/25 excess=0.00000 penalty=0.00000 (pen/|rew|=0.00x)   ||a||^2=3.42039 lam*=0.000e+00
          windows: 25 imitation+reward, 0 reward-only (t>150 h)   reward early=0.0281 late=nan
          cc_act=2.128e-02 cc_state=0.000e+00   |grad| med=5.537e-01 DEAD=0/25  |s|max=10.5 (data 40.4)
iter   6  loss=-0.13187  reward(LCB)=0.14028 (phys 3.426)  W2 mean=0.17234 max=0.18974
          eta=0.35 violating=0/25 excess=0.00000 penalty=0.00000 (pen/|rew|=0.00x)   ||a||^2=4.96638 lam*=0.000e+00
          windows: 25 imitation+reward, 0 reward-only (t>150 h)   reward early=0.1403 late=nan
          cc_act=8.405e-03 cc_state=0.000e+00   |grad| med=2.866e-01 DEAD=0/25  |s|max=10.2 (data 40.4)
iter   7  loss=-0.14708  reward(LCB)=0.15175 (phys 3.442)  W2 mean=0.16760 max=0.18276
          eta=0.35 violating=0/25 excess=0.00000 penalty=0.00000 (pen/|rew|=0.00x)   ||a||^2=5.33666 lam*=0.000e+00
          windows: 25 imitation+reward, 0 reward-only (t>150 h)   reward early=0.1518 late=nan
          cc_act=4.670e-03 cc_state=0.000e+00   |grad| med=1.976e-01 DEAD=0/25  |s|max=10.3 (data 40.4)
iter   8  loss=-0.18864  reward(LCB)=0.19171 (phys 3.498)  W2 mean=0.16676 max=0.18602
          eta=0.35 violating=0/25 excess=0.00000 penalty=0.00000 (pen/|rew|=0.00x)   ||a||^2=5.27526 lam*=0.000e+00
          windows: 25 imitation+reward, 0 reward-only (t>150 h)   reward early=0.1917 late=nan
          cc_act=3.067e-03 cc_state=0.000e+00   |grad| med=2.863e-01 DEAD=0/25  |s|max=10.0 (data 40.4)
iter   9  loss=-0.22054  reward(LCB)=0.22370 (phys 3.543)  W2 mean=0.16821 max=0.18445
          eta=0.35 violating=0/25 excess=0.00000 penalty=0.00000 (pen/|rew|=0.00x)   ||a||^2=5.89359 lam*=0.000e+00
          windows: 25 imitation+reward, 0 reward-only (t>150 h)   reward early=0.2237 late=nan
          cc_act=3.157e-03 cc_state=0.000e+00   |grad| med=1.687e-01 DEAD=0/25  |s|max=10.9 (data 40.4)
iter  10  loss=-0.21726  reward(LCB)=0.22358 (phys 3.543)  W2 mean=0.16865 max=0.19182
          eta=0.35 violating=0/25 excess=0.00000 penalty=0.00000 (pen/|rew|=0.00x)   ||a||^2=6.81936 lam*=0.000e+00
          windows: 25 imitation+reward, 0 reward-only (t>150 h)   reward early=0.2236 late=nan
          cc_act=6.316e-03 cc_state=0.000e+00   |grad| med=2.064e-01 DEAD=0/25  |s|max=10.9 (data 40.4)
iter  11  loss=-0.25800  reward(LCB)=0.25843 (phys 3.592)  W2 mean=0.17218 max=0.19492
          eta=0.35 violating=0/25 excess=0.00000 penalty=0.00000 (pen/|rew|=0.00x)   ||a||^2=7.68419 lam*=0.000e+00
          windows: 25 imitation+reward, 0 reward-only (t>150 h)   reward early=0.2584 late=nan
          cc_act=4.309e-04 cc_state=0.000e+00   |grad| med=1.266e-01 DEAD=0/25  |s|max=10.5 (data 40.4)
iter  12  loss=-0.27935  reward(LCB)=0.27950 (phys 3.622)  W2 mean=0.17474 max=0.19573
          eta=0.35 violating=0/25 excess=0.00000 penalty=0.00000 (pen/|rew|=0.00x)   ||a||^2=7.73842 lam*=0.000e+00
          windows: 25 imitation+reward, 0 reward-only (t>150 h)   reward early=0.2795 late=nan
          cc_act=1.481e-04 cc_state=0.000e+00   |grad| med=1.277e-01 DEAD=0/25  |s|max=11.1 (data 40.4)
iter  13  loss=-0.29512  reward(LCB)=0.29557 (phys 3.644)  W2 mean=0.17332 max=0.19191
          eta=0.35 violating=0/25 excess=0.00000 penalty=0.00000 (pen/|rew|=0.00x)   ||a||^2=7.29715 lam*=0.000e+00
          windows: 25 imitation+reward, 0 reward-only (t>150 h)   reward early=0.2956 late=nan
          cc_act=4.471e-04 cc_state=0.000e+00   |grad| med=1.504e-01 DEAD=0/25  |s|max=11.5 (data 40.4)
iter  14  loss=-0.30998  reward(LCB)=0.31099 (phys 3.666)  W2 mean=0.17344 max=0.19478
          eta=0.35 violating=0/25 excess=0.00000 penalty=0.00000 (pen/|rew|=0.00x)   ||a||^2=7.15796 lam*=0.000e+00
          windows: 25 imitation+reward, 0 reward-only (t>150 h)   reward early=0.3110 late=nan
          cc_act=1.015e-03 cc_state=0.000e+00   |grad| med=1.485e-01 DEAD=0/25  |s|max=10.7 (data 40.4)
iter  15  loss=-0.32146  reward(LCB)=0.32162 (phys 3.681)  W2 mean=0.17546 max=0.19252
          eta=0.35 violating=0/25 excess=0.00000 penalty=0.00000 (pen/|rew|=0.00x)   ||a||^2=7.17981 lam*=0.000e+00
          windows: 25 imitation+reward, 0 reward-only (t>150 h)   reward early=0.3216 late=nan
          cc_act=1.658e-04 cc_state=0.000e+00   |grad| med=1.558e-01 DEAD=0/25  |s|max=11.5 (data 40.4)
iter  16  loss=-0.32390  reward(LCB)=0.32548 (phys 3.687)  W2 mean=0.17394 max=0.20184
          eta=0.35 violating=0/25 excess=0.00000 penalty=0.00000 (pen/|rew|=0.00x)   ||a||^2=7.10865 lam*=0.000e+00
          windows: 25 imitation+reward, 0 reward-only (t>150 h)   reward early=0.3255 late=nan
          cc_act=1.573e-03 cc_state=0.000e+00   |grad| med=1.522e-01 DEAD=0/25  |s|max=11.3 (data 40.4)
iter  17  loss=-0.33532  reward(LCB)=0.33902 (phys 3.706)  W2 mean=0.17726 max=0.19953
          eta=0.35 violating=0/25 excess=0.00000 penalty=0.00000 (pen/|rew|=0.00x)   ||a||^2=7.30989 lam*=0.000e+00
          windows: 25 imitation+reward, 0 reward-only (t>150 h)   reward early=0.3390 late=nan
          cc_act=3.701e-03 cc_state=0.000e+00   |grad| med=2.496e-01 DEAD=0/25  |s|max=9.7 (data 40.4)
iter  18  loss=-0.33372  reward(LCB)=0.33638 (phys 3.702)  W2 mean=0.18014 max=0.20159
          eta=0.35 violating=0/25 excess=0.00000 penalty=0.00000 (pen/|rew|=0.00x)   ||a||^2=7.03896 lam*=0.000e+00
          windows: 25 imitation+reward, 0 reward-only (t>150 h)   reward early=0.3364 late=nan
          cc_act=2.666e-03 cc_state=0.000e+00   |grad| med=2.133e-01 DEAD=0/25  |s|max=10.6 (data 40.4)
iter  19  loss=-0.35272  reward(LCB)=0.35637 (phys 3.730)  W2 mean=0.18030 max=0.20209
          eta=0.35 violating=0/25 excess=0.00000 penalty=0.00000 (pen/|rew|=0.00x)   ||a||^2=7.00971 lam*=0.000e+00
          windows: 25 imitation+reward, 0 reward-only (t>150 h)   reward early=0.3564 late=nan
          cc_act=3.645e-03 cc_state=0.000e+00   |grad| med=2.958e-01 DEAD=0/25  |s|max=9.3 (data 40.4)

final W2=0.18030 vs eta=0.35 -> FEASIBLE
      reward(LCB)=0.35637 (physical yield/step ~ 3.730)
      ||a||^2 0.00217 -> 7.00971 (+322296.5%)

saved -> /home/s2892016/Thesis/MCPILCO/results_rlloop_s3/p_iter7_ph1.pt
