seed = 3  (policy init, window draw, particle sampling)
EXACT GP INFERENCE SELECTED
EXACT GP INFERENCE SELECTED
EXACT GP INFERENCE SELECTED
world models:
  phase 0: [0,47.5) h  train pts=800
  phase 1: [47.5,72.5) h  train pts=800
  phase 2: [72.5,inf) h  train pts=800
  -> one shared z-space (verified)
combined state range: [-7.02, 40.38] z
[PFQuery] loaded checkpoint flgfn_corrected.pt
pre-caching 150 expert distributions (1..150 h) ...
  eigenvalues @75h: [0.00018914 0.00684495 0.04047211]
PHASE 2: t in [72.5, inf) h -> 158 windows
windows per model: phase 2: 158
windows: 158 total over 1..230 h  ->  78 with the W2 constraint (t<=150), 80 reward-only

policy rbf: in=8 out=6 u_max=3.0 params=2808
L2: lambda=0.0 on ALL SIX channels (additive)
action spread across 5 replicas of one state: 9.973e-05   <-- WARNING: E_a|s degenerate

chance constraints: eps=0.95 -> Phi^-1=1.6449
  action box  alpha=1000.0
  vessel floor alpha=1.0  Wt >= 50000 phys (-1.534 z)
  training data below the floor: 0.0%
EXACT GP INFERENCE SELECTED

objective: -LCB_reward + 15.0*relu(W2_h - 0.35) + 0.0*||a||^2 + chance
  reward GP : reward_model_base.pt  held-out R^2=0.8571  yield/step mu=3.2279 sd=1.4090
  LCB       : mu_r - 1.0*sigma_r  (not the mean)
  eta       : 0.35  -- measured, the converged W2 of imitation-only policies
  alpha_W2  : 15.0  -- measured, puts the penalty on the reward's scale

penalty targets (physical -> z):
    discharge      lo=     0.0 phys ->  -0.401 z   (z=0 is    254.2 phys, the dataset mean)
    sugar          lo=     7.0 phys ->  -3.865 z   (z=0 is     76.5 phys, the dataset mean)
    soilbean       lo=    21.0 phys ->  -1.360 z   (z=0 is     26.0 phys, the dataset mean)
    aeration       lo=    29.0 phys ->  -3.932 z   (z=0 is     61.0 phys, the dataset mean)
    backpressure   lo=     0.5 phys ->  -3.915 z   (z=0 is      0.9 phys, the dataset mean)
    waterinj       lo=     0.0 phys ->  -1.374 z   (z=0 is    153.7 phys, the dataset mean)
iter   0  loss=0.92334  reward(LCB)=-0.91655 (phys 1.937)  W2 mean=0.27671 max=0.29145
          eta=0.35 violating=0/72 excess=0.00000 penalty=0.00000 (pen/|rew|=0.00x)   ||a||^2=1.83554 lam*=0.000e+00
          windows: 72 imitation+reward, 78 reward-only (t>150 h)   reward early=-0.9150 late=-0.9180
          cc_act=6.788e-03 cc_state=0.000e+00   |grad| med=2.569e-01 DEAD=0/150  |s|max=40.6 (data 40.4)
iter   1  loss=0.77357  reward(LCB)=-0.76972 (phys 2.143)  W2 mean=0.27466 max=0.29048
          eta=0.35 violating=0/72 excess=0.00000 penalty=0.00000 (pen/|rew|=0.00x)   ||a||^2=4.90179 lam*=0.000e+00
          windows: 72 imitation+reward, 78 reward-only (t>150 h)   reward early=-0.7731 late=-0.7667
          cc_act=3.846e-03 cc_state=0.000e+00   |grad| med=1.442e-01 DEAD=0/150  |s|max=40.8 (data 40.4)
iter   2  loss=0.72718  reward(LCB)=-0.72485 (phys 2.207)  W2 mean=0.27466 max=0.28874
          eta=0.35 violating=0/75 excess=0.00000 penalty=0.00000 (pen/|rew|=0.00x)   ||a||^2=5.61223 lam*=0.000e+00
          windows: 75 imitation+reward, 75 reward-only (t>150 h)   reward early=-0.7164 late=-0.7333
          cc_act=2.327e-03 cc_state=0.000e+00   |grad| med=1.188e-01 DEAD=0/150  |s|max=41.6 (data 40.4)
iter   3  loss=0.70719  reward(LCB)=-0.70537 (phys 2.234)  W2 mean=0.27530 max=0.29354
          eta=0.35 violating=0/74 excess=0.00000 penalty=0.00000 (pen/|rew|=0.00x)   ||a||^2=6.75778 lam*=0.000e+00
          windows: 74 imitation+reward, 76 reward-only (t>150 h)   reward early=-0.7024 late=-0.7082
          cc_act=1.812e-03 cc_state=0.000e+00   |grad| med=8.188e-02 DEAD=0/150  |s|max=41.1 (data 40.4)
iter   4  loss=0.69888  reward(LCB)=-0.69773 (phys 2.245)  W2 mean=0.27451 max=0.29357
          eta=0.35 violating=0/74 excess=0.00000 penalty=0.00000 (pen/|rew|=0.00x)   ||a||^2=7.36238 lam*=0.000e+00
          windows: 74 imitation+reward, 76 reward-only (t>150 h)   reward early=-0.7020 late=-0.6936
          cc_act=1.158e-03 cc_state=0.000e+00   |grad| med=1.026e-01 DEAD=0/150  |s|max=41.6 (data 40.4)
iter   5  loss=0.69187  reward(LCB)=-0.69024 (phys 2.255)  W2 mean=0.27640 max=0.29407
          eta=0.35 violating=0/75 excess=0.00000 penalty=0.00000 (pen/|rew|=0.00x)   ||a||^2=7.72757 lam*=0.000e+00
          windows: 75 imitation+reward, 75 reward-only (t>150 h)   reward early=-0.6910 late=-0.6895
          cc_act=1.635e-03 cc_state=0.000e+00   |grad| med=1.083e-01 DEAD=0/150  |s|max=40.7 (data 40.4)
iter   6  loss=0.69281  reward(LCB)=-0.69070 (phys 2.255)  W2 mean=0.27479 max=0.29247
          eta=0.35 violating=0/72 excess=0.00000 penalty=0.00000 (pen/|rew|=0.00x)   ||a||^2=7.56328 lam*=0.000e+00
          windows: 72 imitation+reward, 78 reward-only (t>150 h)   reward early=-0.6852 late=-0.6958
          cc_act=2.116e-03 cc_state=0.000e+00   |grad| med=1.092e-01 DEAD=0/150  |s|max=40.6 (data 40.4)
iter   7  loss=0.68105  reward(LCB)=-0.67951 (phys 2.271)  W2 mean=0.27549 max=0.29401
          eta=0.35 violating=0/73 excess=0.00000 penalty=0.00000 (pen/|rew|=0.00x)   ||a||^2=7.77277 lam*=0.000e+00
          windows: 73 imitation+reward, 77 reward-only (t>150 h)   reward early=-0.6864 late=-0.6729
          cc_act=1.540e-03 cc_state=0.000e+00   |grad| med=1.098e-01 DEAD=0/150  |s|max=40.4 (data 40.4)
iter   8  loss=0.68247  reward(LCB)=-0.67996 (phys 2.270)  W2 mean=0.27437 max=0.29181
          eta=0.35 violating=0/75 excess=0.00000 penalty=0.00000 (pen/|rew|=0.00x)   ||a||^2=8.03136 lam*=0.000e+00
          windows: 75 imitation+reward, 75 reward-only (t>150 h)   reward early=-0.6809 late=-0.6790
          cc_act=2.507e-03 cc_state=0.000e+00   |grad| med=1.240e-01 DEAD=0/150  |s|max=40.9 (data 40.4)
iter   9  loss=0.67354  reward(LCB)=-0.67230 (phys 2.281)  W2 mean=0.27489 max=0.29282
          eta=0.35 violating=0/73 excess=0.00000 penalty=0.00000 (pen/|rew|=0.00x)   ||a||^2=8.29733 lam*=0.000e+00
          windows: 73 imitation+reward, 77 reward-only (t>150 h)   reward early=-0.6758 late=-0.6690
          cc_act=1.241e-03 cc_state=0.000e+00   |grad| med=9.696e-02 DEAD=0/150  |s|max=40.7 (data 40.4)
iter  10  loss=0.67200  reward(LCB)=-0.67018 (phys 2.284)  W2 mean=0.27527 max=0.29551
          eta=0.35 violating=0/74 excess=0.00000 penalty=0.00000 (pen/|rew|=0.00x)   ||a||^2=8.07919 lam*=0.000e+00
          windows: 74 imitation+reward, 76 reward-only (t>150 h)   reward early=-0.6717 late=-0.6687
          cc_act=1.815e-03 cc_state=0.000e+00   |grad| med=1.055e-01 DEAD=0/150  |s|max=40.7 (data 40.4)
iter  11  loss=0.67953  reward(LCB)=-0.67678 (phys 2.274)  W2 mean=0.27507 max=0.29069
          eta=0.35 violating=0/74 excess=0.00000 penalty=0.00000 (pen/|rew|=0.00x)   ||a||^2=7.97104 lam*=0.000e+00
          windows: 74 imitation+reward, 76 reward-only (t>150 h)   reward early=-0.6822 late=-0.6715
          cc_act=2.747e-03 cc_state=0.000e+00   |grad| med=1.474e-01 DEAD=0/150  |s|max=40.4 (data 40.4)
iter  12  loss=0.67985  reward(LCB)=-0.67763 (phys 2.273)  W2 mean=0.27472 max=0.29035
          eta=0.35 violating=0/75 excess=0.00000 penalty=0.00000 (pen/|rew|=0.00x)   ||a||^2=7.76640 lam*=0.000e+00
          windows: 75 imitation+reward, 75 reward-only (t>150 h)   reward early=-0.6705 late=-0.6848
          cc_act=2.216e-03 cc_state=0.000e+00   |grad| med=1.245e-01 DEAD=0/150  |s|max=41.2 (data 40.4)
iter  13  loss=0.67514  reward(LCB)=-0.67297 (phys 2.280)  W2 mean=0.27517 max=0.29044
          eta=0.35 violating=0/74 excess=0.00000 penalty=0.00000 (pen/|rew|=0.00x)   ||a||^2=7.72026 lam*=0.000e+00
          windows: 74 imitation+reward, 76 reward-only (t>150 h)   reward early=-0.6730 late=-0.6729
          cc_act=2.169e-03 cc_state=0.000e+00   |grad| med=1.057e-01 DEAD=0/150  |s|max=40.9 (data 40.4)
iter  14  loss=0.67157  reward(LCB)=-0.66902 (phys 2.285)  W2 mean=0.27491 max=0.29499
          eta=0.35 violating=0/74 excess=0.00000 penalty=0.00000 (pen/|rew|=0.00x)   ||a||^2=8.03317 lam*=0.000e+00
          windows: 74 imitation+reward, 76 reward-only (t>150 h)   reward early=-0.6739 late=-0.6643
          cc_act=2.553e-03 cc_state=0.000e+00   |grad| med=1.244e-01 DEAD=0/150  |s|max=40.4 (data 40.4)
iter  15  loss=0.67831  reward(LCB)=-0.67557 (phys 2.276)  W2 mean=0.27465 max=0.29294
          eta=0.35 violating=0/74 excess=0.00000 penalty=0.00000 (pen/|rew|=0.00x)   ||a||^2=7.92493 lam*=0.000e+00
          windows: 74 imitation+reward, 76 reward-only (t>150 h)   reward early=-0.6763 late=-0.6748
          cc_act=2.741e-03 cc_state=0.000e+00   |grad| med=1.127e-01 DEAD=0/150  |s|max=41.7 (data 40.4)
iter  16  loss=0.67335  reward(LCB)=-0.67150 (phys 2.282)  W2 mean=0.27496 max=0.29315
          eta=0.35 violating=0/74 excess=0.00000 penalty=0.00000 (pen/|rew|=0.00x)   ||a||^2=7.80845 lam*=0.000e+00
          windows: 74 imitation+reward, 76 reward-only (t>150 h)   reward early=-0.6711 late=-0.6719
          cc_act=1.849e-03 cc_state=0.000e+00   |grad| med=1.039e-01 DEAD=0/150  |s|max=41.2 (data 40.4)
iter  17  loss=0.67038  reward(LCB)=-0.66783 (phys 2.287)  W2 mean=0.27506 max=0.29368
          eta=0.35 violating=0/74 excess=0.00000 penalty=0.00000 (pen/|rew|=0.00x)   ||a||^2=7.91528 lam*=0.000e+00
          windows: 74 imitation+reward, 76 reward-only (t>150 h)   reward early=-0.6713 late=-0.6645
          cc_act=2.549e-03 cc_state=0.000e+00   |grad| med=1.338e-01 DEAD=0/150  |s|max=40.4 (data 40.4)
iter  18  loss=0.66777  reward(LCB)=-0.66456 (phys 2.292)  W2 mean=0.27556 max=0.29384
          eta=0.35 violating=0/74 excess=0.00000 penalty=0.00000 (pen/|rew|=0.00x)   ||a||^2=7.95631 lam*=0.000e+00
          windows: 74 imitation+reward, 76 reward-only (t>150 h)   reward early=-0.6620 late=-0.6670
          cc_act=3.206e-03 cc_state=0.000e+00   |grad| med=1.216e-01 DEAD=0/150  |s|max=41.4 (data 40.4)
iter  19  loss=0.67438  reward(LCB)=-0.67060 (phys 2.283)  W2 mean=0.27507 max=0.29522
          eta=0.35 violating=0/72 excess=0.00000 penalty=0.00000 (pen/|rew|=0.00x)   ||a||^2=8.13464 lam*=0.000e+00
          windows: 72 imitation+reward, 78 reward-only (t>150 h)   reward early=-0.6776 late=-0.6642
          cc_act=3.773e-03 cc_state=0.000e+00   |grad| med=1.124e-01 DEAD=0/150  |s|max=40.0 (data 40.4)

final W2=0.27507 vs eta=0.35 -> FEASIBLE
      reward(LCB)=-0.67060 (physical yield/step ~ 2.283)
      ||a||^2 1.83554 -> 8.13464 (+343.2%)

saved -> /home/s2892016/Thesis/MCPILCO/results_rlloop_s3/p_iter9_ph2.pt
