=== training world model: phase=1 (xr_it1_p1)  n_keep=800  n_epoch=2001  select=pivchol ===
[loop] reusing frozen standardizer stats from /home/s2892016/Thesis/MCPILCO/results_pensim/rbf_model_bnd_rbf_iter0_phase0.pt
[pensim] dataset folder (PENSIM_DATA_DIR): /home/s2892016/Thesis/deps/smpl/smpl/configdata/pensim_expreps  (13 CSVs)
max observations: [2.76000000e+02 8.05261517e+00 3.62841400e+02 6.85863686e+00
 2.70000000e+02 1.80000012e+03 9.46039368e+02 1.26920055e+05
 2.39494171e+01]
min observations: [1.6000001e-01 4.5955915e+00 2.3797954e+02 0.0000000e+00 0.0000000e+00
 0.0000000e+00 0.0000000e+00 5.0006516e+04 2.3598127e+00]
dataset max observations: [2.30000000e+02 6.63759613e+00 2.99986786e+02 4.67915392e+00
 2.25000000e+02 7.80477295e+02 4.72615326e+02 1.03417805e+05
 1.93880215e+01]
dataset min observations: [0.0000000e+00 6.0929465e+00 2.9761215e+02 0.0000000e+00 0.0000000e+00
 9.9999997e-05 9.9999997e-05 2.5558035e+04 8.3394642e+00]
max actions: [4.10e+03 1.51e+02 3.60e+01 7.60e+01 1.20e+00 5.10e+02]
min actions: [ 0.   7.  21.  29.   0.5  0. ]
dataset max actions: [4.094559e+03 1.470660e+02 3.580100e+01 7.514100e+01 1.132000e+00
 5.038400e+02]
dataset min actions: [ 0.     7.361 21.249 29.636  0.545  0.   ]
normalize: True
using max/min observations and actions.
[pensim] using SAVED standardizer statistics
[pensim] loader time bounds: [0.16, 276.00] h
[pensim] 14406 transitions | obs 8d act 6d
[pensim] obs per-dim std: [0.4535 0.8311 1.2139 0.9787 0.7825 0.7405 0.9893 1.3964]
[pensim] time range: -0.00 .. 230.00 h
[pensim]   phase 0 [0, 47.5) h: 3081 transitions
[pensim]   phase 1 [47.5, 72.5) h: 1625 transitions
[pensim]   phase 2 [72.5, inf) h: 9699 transitions
[std] fitted on 14406 transitions (12.53 CSVs)  [PINNED via -std_from]
[std] obs_sd = [0.0329  0.00339 0.03372 0.30286 0.17267 0.11814 0.34974 0.11855]
[std] act_sd = [0.30882 0.24979 0.48691 0.34592 0.29527 0.43871]
[pensim] phase 1: t in [47.5, 72.5) h  ->  1625 of 14406 transitions (11.3%)
[pivchol] selected 800/1425 points  (residual trace 2.567e-01)
train N=800   test N=200   gp input dim=14   num_gp=8
training-set time span: 47.60 .. 72.40 h
EXACT GP INFERENCE SELECTED

Initial parameters:
 parameters:
- sigma_n_log : tensor([-4.6052], dtype=torch.float64)
- log_lengthscales_par : tensor([0., 0., 0., 0., 0., 0., 0., 0., 0., 0., 0., 0., 0., 0.],
       dtype=torch.float64)
- log_lambda_par : tensor([0.], dtype=torch.float64)
- mean_par : tensor([0.], dtype=torch.float64)

EPOCH: 0
 parameters:
- sigma_n_log : tensor([-4.6152], dtype=torch.float64)
- log_lengthscales_par : tensor([1.0000e-02, 1.0000e-02, 3.6099e-09, 1.0000e-02, 1.0000e-02, 1.0000e-02,
        1.0000e-02, 1.0000e-02, 9.0166e-03, 1.0000e-02, 1.0000e-02, 1.0000e-02,
        1.0000e-02, 1.0000e-02], dtype=torch.float64)
- log_lambda_par : tensor([-0.0100], dtype=torch.float64)
- mean_par : tensor([0.], dtype=torch.float64)
Running loss: -704.4042929064377
Time elapsed: 0.3907623291015625

EPOCH: 1000
 parameters:
- sigma_n_log : tensor([-3.9717], dtype=torch.float64)
- log_lengthscales_par : tensor([1.0424e+00, 2.4267e+00, 9.9683e-05, 1.3049e+00, 2.5315e+00, 3.3836e+00,
        1.1962e+00, 2.1056e+00, 6.1067e-01, 1.9406e+00, 2.5317e+00, 2.7222e+00,
        2.7009e+00, 3.3690e+00], dtype=torch.float64)
- log_lambda_par : tensor([-2.4403], dtype=torch.float64)
- mean_par : tensor([0.], dtype=torch.float64)
Running loss: -2676.055199114962
Time elapsed: 131.03456735610962

EPOCH: 2000
 parameters:
- sigma_n_log : tensor([-3.9655], dtype=torch.float64)
- log_lengthscales_par : tensor([5.7570e-01, 3.0191e+00, 1.0593e-04, 1.0133e+00, 2.8696e+00, 4.1403e+00,
        8.4186e-01, 2.0574e+00, 4.6144e-01, 1.6121e+00, 2.6409e+00, 3.6871e+00,
        3.2419e+00, 2.9104e+00], dtype=torch.float64)
- log_lambda_par : tensor([-3.1150], dtype=torch.float64)
- mean_par : tensor([0.], dtype=torch.float64)
Running loss: -2686.1184565484527
Time elapsed: 130.98581838607788

Final parameters:
 parameters:
- sigma_n_log : tensor([-3.9655], dtype=torch.float64)
- log_lengthscales_par : tensor([5.7570e-01, 3.0191e+00, 1.0593e-04, 1.0133e+00, 2.8696e+00, 4.1403e+00,
        8.4186e-01, 2.0574e+00, 4.6144e-01, 1.6121e+00, 2.6409e+00, 3.6871e+00,
        3.2419e+00, 2.9104e+00], dtype=torch.float64)
- log_lambda_par : tensor([-3.1150], dtype=torch.float64)
- mean_par : tensor([0.], dtype=torch.float64)
MSE gp 0:  tensor(0.0003, dtype=torch.float64)

Initial parameters:
 parameters:
- sigma_n_log : tensor([-4.6052], dtype=torch.float64)
- log_lengthscales_par : tensor([0., 0., 0., 0., 0., 0., 0., 0., 0., 0., 0., 0., 0., 0.],
       dtype=torch.float64)
- log_lambda_par : tensor([0.], dtype=torch.float64)
- mean_par : tensor([0.], dtype=torch.float64)

EPOCH: 0
 parameters:
- sigma_n_log : tensor([-4.5952], dtype=torch.float64)
- log_lengthscales_par : tensor([-1.0000e-02, -1.0000e-02, -1.0803e-06, -1.0000e-02, -1.0000e-02,
         1.0000e-02, -1.0000e-02, -1.0000e-02, -9.9998e-03, -1.0000e-02,
        -1.0000e-02, -1.0000e-02, -1.0000e-02, -1.0000e-02],
       dtype=torch.float64)
- log_lambda_par : tensor([0.0100], dtype=torch.float64)
- mean_par : tensor([0.], dtype=torch.float64)
Running loss: 2232.4848233288485
Time elapsed: 0.13937139511108398

EPOCH: 1000
 parameters:
- sigma_n_log : tensor([-2.0233], dtype=torch.float64)
- log_lengthscales_par : tensor([ 2.3362e+00, -2.1519e+00, -7.2536e-06,  2.0556e+00,  3.5014e-01,
         2.9255e+00,  2.8133e+00,  2.4427e+00,  4.4452e+00,  2.7201e+00,
         1.5928e+00,  1.2313e+00,  2.4836e+00,  3.0170e+00],
       dtype=torch.float64)
- log_lambda_par : tensor([0.2985], dtype=torch.float64)
- mean_par : tensor([0.], dtype=torch.float64)
Running loss: -520.9710015693186
Time elapsed: 134.03303241729736

EPOCH: 2000
 parameters:
- sigma_n_log : tensor([-2.5361], dtype=torch.float64)
- log_lengthscales_par : tensor([ 3.2426e+00, -2.8824e+00, -2.7251e-05,  3.4101e+00,  4.3240e-01,
         3.8183e+00,  2.5168e+00,  3.7554e+00,  1.7183e-01,  3.6621e+00,
         3.3996e+00,  4.1470e+00,  4.5661e+00,  3.5819e+00],
       dtype=torch.float64)
- log_lambda_par : tensor([0.5310], dtype=torch.float64)
- mean_par : tensor([0.], dtype=torch.float64)
Running loss: -666.6294200341455
Time elapsed: 148.46492743492126

Final parameters:
 parameters:
- sigma_n_log : tensor([-2.5361], dtype=torch.float64)
- log_lengthscales_par : tensor([ 3.2426e+00, -2.8824e+00, -2.7251e-05,  3.4101e+00,  4.3240e-01,
         3.8183e+00,  2.5168e+00,  3.7554e+00,  1.7183e-01,  3.6621e+00,
         3.3996e+00,  4.1470e+00,  4.5661e+00,  3.5819e+00],
       dtype=torch.float64)
- log_lambda_par : tensor([0.5310], dtype=torch.float64)
- mean_par : tensor([0.], dtype=torch.float64)
MSE gp 1:  tensor(0.0027, dtype=torch.float64)

Initial parameters:
 parameters:
- sigma_n_log : tensor([-4.6052], dtype=torch.float64)
- log_lengthscales_par : tensor([0., 0., 0., 0., 0., 0., 0., 0., 0., 0., 0., 0., 0., 0.],
       dtype=torch.float64)
- log_lambda_par : tensor([0.], dtype=torch.float64)
- mean_par : tensor([0.], dtype=torch.float64)

EPOCH: 0
 parameters:
- sigma_n_log : tensor([-4.6152], dtype=torch.float64)
- log_lengthscales_par : tensor([ 1.0000e-02,  1.0000e-02, -3.9041e-09,  1.0000e-02,  1.0000e-02,
         1.0000e-02,  1.0000e-02,  1.0000e-02,  7.8903e-03,  1.0000e-02,
         1.0000e-02,  1.0000e-02,  1.0000e-02,  1.0000e-02],
       dtype=torch.float64)
- log_lambda_par : tensor([-0.0100], dtype=torch.float64)
- mean_par : tensor([0.], dtype=torch.float64)
Running loss: -708.8681108822636
Time elapsed: 0.13279008865356445

EPOCH: 1000
 parameters:
- sigma_n_log : tensor([-11.2386], dtype=torch.float64)
- log_lengthscales_par : tensor([4.3923, 3.9152, 0.0109, 4.1005, 4.2342, 4.9657, 4.8283, 4.3533, 7.9053,
        4.3651, 4.2171, 4.1646, 4.3392, 5.7240], dtype=torch.float64)
- log_lambda_par : tensor([-4.3239], dtype=torch.float64)
- mean_par : tensor([0.], dtype=torch.float64)
Running loss: -7227.065768015528
Time elapsed: 134.69554734230042

EPOCH: 2000
 parameters:
- sigma_n_log : tensor([-11.9429], dtype=torch.float64)
- log_lengthscales_par : tensor([5.1622, 4.8465, 0.0094, 5.0102, 5.2027, 5.9385, 5.9780, 5.4045, 8.8079,
        5.2284, 5.1441, 5.0149, 5.2733, 6.7773], dtype=torch.float64)
- log_lambda_par : tensor([-5.8840], dtype=torch.float64)
- mean_par : tensor([0.], dtype=torch.float64)
Running loss: -7308.124956416834
Time elapsed: 130.38256525993347

Final parameters:
 parameters:
- sigma_n_log : tensor([-11.9429], dtype=torch.float64)
- log_lengthscales_par : tensor([5.1622, 4.8465, 0.0094, 5.0102, 5.2027, 5.9385, 5.9780, 5.4045, 8.8079,
        5.2284, 5.1441, 5.0149, 5.2733, 6.7773], dtype=torch.float64)
- log_lambda_par : tensor([-5.8840], dtype=torch.float64)
- mean_par : tensor([0.], dtype=torch.float64)
MSE gp 2:  tensor(0., dtype=torch.float64)

Initial parameters:
 parameters:
- sigma_n_log : tensor([-4.6052], dtype=torch.float64)
- log_lengthscales_par : tensor([0., 0., 0., 0., 0., 0., 0., 0., 0., 0., 0., 0., 0., 0.],
       dtype=torch.float64)
- log_lambda_par : tensor([0.], dtype=torch.float64)
- mean_par : tensor([0.], dtype=torch.float64)

EPOCH: 0
 parameters:
- sigma_n_log : tensor([-4.6152], dtype=torch.float64)
- log_lengthscales_par : tensor([ 1.0000e-02,  1.0000e-02, -8.2515e-09,  1.0000e-02,  1.0000e-02,
         1.0000e-02,  1.0000e-02,  1.0000e-02, -9.7261e-03,  1.0000e-02,
         1.0000e-02,  1.0000e-02,  1.0000e-02,  1.0000e-02],
       dtype=torch.float64)
- log_lambda_par : tensor([-0.0100], dtype=torch.float64)
- mean_par : tensor([0.], dtype=torch.float64)
Running loss: -707.4580454888762
Time elapsed: 0.16586542129516602

EPOCH: 1000
 parameters:
- sigma_n_log : tensor([-11.0321], dtype=torch.float64)
- log_lengthscales_par : tensor([0.4849, 3.9492, 0.0126, 3.9181, 4.2285, 5.0151, 4.5890, 4.4255, 7.6360,
        3.7929, 4.3478, 4.4004, 4.3763, 5.7479], dtype=torch.float64)
- log_lambda_par : tensor([-3.4477], dtype=torch.float64)
- mean_par : tensor([0.], dtype=torch.float64)
Running loss: -6951.521023788515
Time elapsed: 129.9919855594635

EPOCH: 2000
 parameters:
- sigma_n_log : tensor([-11.6611], dtype=torch.float64)
- log_lengthscales_par : tensor([0.3301, 5.0730, 0.1402, 4.1778, 4.9286, 5.6625, 5.9438, 5.7053, 8.9814,
        3.8399, 5.4623, 5.5854, 5.2214, 6.4330], dtype=torch.float64)
- log_lambda_par : tensor([-3.6938], dtype=torch.float64)
- mean_par : tensor([0.], dtype=torch.float64)
Running loss: -7005.30375151488
Time elapsed: 130.36728978157043

Final parameters:
 parameters:
- sigma_n_log : tensor([-11.6611], dtype=torch.float64)
- log_lengthscales_par : tensor([0.3301, 5.0730, 0.1402, 4.1778, 4.9286, 5.6625, 5.9438, 5.7053, 8.9814,
        3.8399, 5.4623, 5.5854, 5.2214, 6.4330], dtype=torch.float64)
- log_lambda_par : tensor([-3.6938], dtype=torch.float64)
- mean_par : tensor([0.], dtype=torch.float64)
MSE gp 3:  tensor(4.7646e-09, dtype=torch.float64)

Initial parameters:
 parameters:
- sigma_n_log : tensor([-4.6052], dtype=torch.float64)
- log_lengthscales_par : tensor([0., 0., 0., 0., 0., 0., 0., 0., 0., 0., 0., 0., 0., 0.],
       dtype=torch.float64)
- log_lambda_par : tensor([0.], dtype=torch.float64)
- mean_par : tensor([0.], dtype=torch.float64)

EPOCH: 0
 parameters:
- sigma_n_log : tensor([-4.5952], dtype=torch.float64)
- log_lengthscales_par : tensor([ 1.0000e-02, -1.0000e-02,  5.5090e-08,  1.0000e-02,  1.0000e-02,
         1.0000e-02,  1.0000e-02,  1.0000e-02, -9.9962e-03,  1.0000e-02,
         1.0000e-02,  1.0000e-02,  1.0000e-02,  1.0000e-02],
       dtype=torch.float64)
- log_lambda_par : tensor([-0.0100], dtype=torch.float64)
- mean_par : tensor([0.], dtype=torch.float64)
Running loss: -494.7600543601636
Time elapsed: 0.1403942108154297

EPOCH: 1000
 parameters:
- sigma_n_log : tensor([-2.9353], dtype=torch.float64)
- log_lengthscales_par : tensor([ 3.5141e+00, -1.3559e+00,  6.3152e-05,  3.5174e+00,  9.4783e-01,
         1.9545e+00,  2.9900e+00,  3.7705e+00,  1.5629e+00,  3.2718e+00,
         3.1463e+00,  3.3465e+00,  4.0649e+00,  2.9210e+00],
       dtype=torch.float64)
- log_lambda_par : tensor([-0.0876], dtype=torch.float64)
- mean_par : tensor([0.], dtype=torch.float64)
Running loss: -1496.668287050811
Time elapsed: 131.18453669548035

EPOCH: 2000
 parameters:
- sigma_n_log : tensor([-2.9078], dtype=torch.float64)
- log_lengthscales_par : tensor([ 4.3645e+00, -1.3467e+00,  7.8583e-05,  4.3139e+00,  9.9871e-01,
         2.0582e+00,  3.2636e+00,  4.3919e+00,  1.4613e+00,  3.7483e+00,
         3.3939e+00,  4.3491e+00,  4.8538e+00,  3.1365e+00],
       dtype=torch.float64)
- log_lambda_par : tensor([0.1238], dtype=torch.float64)
- mean_par : tensor([0.], dtype=torch.float64)
Running loss: -1502.2468163622364
Time elapsed: 132.60457682609558

Final parameters:
 parameters:
- sigma_n_log : tensor([-2.9078], dtype=torch.float64)
- log_lengthscales_par : tensor([ 4.3645e+00, -1.3467e+00,  7.8583e-05,  4.3139e+00,  9.9871e-01,
         2.0582e+00,  3.2636e+00,  4.3919e+00,  1.4613e+00,  3.7483e+00,
         3.3939e+00,  4.3491e+00,  4.8538e+00,  3.1365e+00],
       dtype=torch.float64)
- log_lambda_par : tensor([0.1238], dtype=torch.float64)
- mean_par : tensor([0.], dtype=torch.float64)
MSE gp 4:  tensor(0.0022, dtype=torch.float64)

Initial parameters:
 parameters:
- sigma_n_log : tensor([-4.6052], dtype=torch.float64)
- log_lengthscales_par : tensor([0., 0., 0., 0., 0., 0., 0., 0., 0., 0., 0., 0., 0., 0.],
       dtype=torch.float64)
- log_lambda_par : tensor([0.], dtype=torch.float64)
- mean_par : tensor([0.], dtype=torch.float64)

EPOCH: 0
 parameters:
- sigma_n_log : tensor([-4.5952], dtype=torch.float64)
- log_lengthscales_par : tensor([-1.0000e-02, -1.0000e-02, -4.8291e-07, -1.0000e-02, -1.0000e-02,
         1.0000e-02, -1.0000e-02, -1.0000e-02, -9.9998e-03, -1.0000e-02,
        -1.0000e-02, -1.0000e-02, -1.0000e-02, -1.0000e-02],
       dtype=torch.float64)
- log_lambda_par : tensor([0.0100], dtype=torch.float64)
- mean_par : tensor([0.], dtype=torch.float64)
Running loss: 3174.619746751555
Time elapsed: 0.1398770809173584

EPOCH: 1000
 parameters:
- sigma_n_log : tensor([-1.4943], dtype=torch.float64)
- log_lengthscales_par : tensor([ 2.2201e+00, -1.5449e+00, -8.8986e-06,  2.0274e+00,  1.9530e-01,
         1.8269e+00,  2.7308e+00,  2.4574e+00,  6.2194e+00,  2.4907e+00,
         2.6763e+00,  1.6880e+00,  2.9587e+00,  3.9862e+00],
       dtype=torch.float64)
- log_lambda_par : tensor([1.1579], dtype=torch.float64)
- mean_par : tensor([0.], dtype=torch.float64)
Running loss: -311.68627799918863
Time elapsed: 132.91242837905884

EPOCH: 2000
 parameters:
- sigma_n_log : tensor([-1.6943], dtype=torch.float64)
- log_lengthscales_par : tensor([ 3.6283e+00, -2.0561e+00, -2.7287e-05,  3.9102e+00,  7.4612e-01,
         1.7913e+00,  4.5727e+00,  3.9746e+00,  7.4395e+00,  4.5088e+00,
         4.3298e+00,  3.6188e+00,  3.3912e+00,  5.0973e+00],
       dtype=torch.float64)
- log_lambda_par : tensor([1.7606], dtype=torch.float64)
- mean_par : tensor([0.], dtype=torch.float64)
Running loss: -423.5662089594715
Time elapsed: 148.56979060173035

Final parameters:
 parameters:
- sigma_n_log : tensor([-1.6943], dtype=torch.float64)
- log_lengthscales_par : tensor([ 3.6283e+00, -2.0561e+00, -2.7287e-05,  3.9102e+00,  7.4612e-01,
         1.7913e+00,  4.5727e+00,  3.9746e+00,  7.4395e+00,  4.5088e+00,
         4.3298e+00,  3.6188e+00,  3.3912e+00,  5.0973e+00],
       dtype=torch.float64)
- log_lambda_par : tensor([1.7606], dtype=torch.float64)
- mean_par : tensor([0.], dtype=torch.float64)
MSE gp 5:  tensor(0.0224, dtype=torch.float64)

Initial parameters:
 parameters:
- sigma_n_log : tensor([-4.6052], dtype=torch.float64)
- log_lengthscales_par : tensor([0., 0., 0., 0., 0., 0., 0., 0., 0., 0., 0., 0., 0., 0.],
       dtype=torch.float64)
- log_lambda_par : tensor([0.], dtype=torch.float64)
- mean_par : tensor([0.], dtype=torch.float64)

EPOCH: 0
 parameters:
- sigma_n_log : tensor([-4.6152], dtype=torch.float64)
- log_lengthscales_par : tensor([ 1.0000e-02,  1.0000e-02, -7.2004e-09,  1.0000e-02,  1.0000e-02,
         1.0000e-02,  1.0000e-02,  1.0000e-02,  7.8814e-03,  1.0000e-02,
         1.0000e-02,  1.0000e-02,  1.0000e-02,  1.0000e-02],
       dtype=torch.float64)
- log_lambda_par : tensor([-0.0100], dtype=torch.float64)
- mean_par : tensor([0.], dtype=torch.float64)
Running loss: -708.8620497029167
Time elapsed: 0.14022493362426758

EPOCH: 1000
 parameters:
- sigma_n_log : tensor([-8.0008], dtype=torch.float64)
- log_lengthscales_par : tensor([-3.4346e-01,  2.7089e+00, -3.0406e-04,  3.6663e+00,  3.4153e+00,
         4.5188e+00,  2.7577e+00,  3.1595e+00, -1.9898e+00,  3.7300e+00,
         3.2713e+00,  3.9676e+00,  3.5658e+00,  1.2659e+00],
       dtype=torch.float64)
- log_lambda_par : tensor([-3.5179], dtype=torch.float64)
- mean_par : tensor([0.], dtype=torch.float64)
Running loss: -5547.390113995347
Time elapsed: 131.75850701332092

EPOCH: 2000
 parameters:
- sigma_n_log : tensor([-7.9544], dtype=torch.float64)
- log_lengthscales_par : tensor([-0.8269,  2.6831,  0.0076,  2.7413,  4.8950,  4.6342,  3.6554,  3.6516,
        -2.0363,  4.3572,  2.3985,  5.2829,  3.9833,  1.3908],
       dtype=torch.float64)
- log_lambda_par : tensor([-5.0491], dtype=torch.float64)
- mean_par : tensor([0.], dtype=torch.float64)
Running loss: -5605.660079693167
Time elapsed: 132.64981865882874

Final parameters:
 parameters:
- sigma_n_log : tensor([-7.9544], dtype=torch.float64)
- log_lengthscales_par : tensor([-0.8269,  2.6831,  0.0076,  2.7413,  4.8950,  4.6342,  3.6554,  3.6516,
        -2.0363,  4.3572,  2.3985,  5.2829,  3.9833,  1.3908],
       dtype=torch.float64)
- log_lambda_par : tensor([-5.0491], dtype=torch.float64)
- mean_par : tensor([0.], dtype=torch.float64)
MSE gp 6:  tensor(1.0844e-07, dtype=torch.float64)

Initial parameters:
 parameters:
- sigma_n_log : tensor([-4.6052], dtype=torch.float64)
- log_lengthscales_par : tensor([0., 0., 0., 0., 0., 0., 0., 0., 0., 0., 0., 0., 0., 0.],
       dtype=torch.float64)
- log_lambda_par : tensor([0.], dtype=torch.float64)
- mean_par : tensor([0.], dtype=torch.float64)

EPOCH: 0
 parameters:
- sigma_n_log : tensor([-4.5952], dtype=torch.float64)
- log_lengthscales_par : tensor([ 1.0000e-02,  1.0000e-02, -3.3733e-08,  1.0000e-02,  1.0000e-02,
         1.0000e-02,  1.0000e-02,  1.0000e-02,  9.9991e-03,  1.0000e-02,
         1.0000e-02,  1.0000e-02,  1.0000e-02,  1.0000e-02],
       dtype=torch.float64)
- log_lambda_par : tensor([-0.0100], dtype=torch.float64)
- mean_par : tensor([0.], dtype=torch.float64)
Running loss: -578.0755059865888
Time elapsed: 0.19510531425476074

EPOCH: 1000
 parameters:
- sigma_n_log : tensor([-2.3818], dtype=torch.float64)
- log_lengthscales_par : tensor([-1.7081e+00,  3.5062e+00, -1.1205e-06,  8.7698e-01,  2.7653e+00,
         3.6253e+00,  2.2246e+00,  5.8239e-01, -2.2230e+00,  2.4178e+00,
         1.3712e+00,  2.3637e+00,  9.5991e-01,  1.3727e+00],
       dtype=torch.float64)
- log_lambda_par : tensor([-1.7356], dtype=torch.float64)
- mean_par : tensor([0.], dtype=torch.float64)
Running loss: -1331.604106892602
Time elapsed: 131.6646022796631

EPOCH: 2000
 parameters:
- sigma_n_log : tensor([-2.3850], dtype=torch.float64)
- log_lengthscales_par : tensor([-1.7091e+00,  4.4938e+00, -5.9241e-07,  8.9513e-01,  3.9952e+00,
         3.3334e+00,  2.9886e+00,  5.8205e-01, -2.2927e+00,  2.7626e+00,
         1.3687e+00,  2.7020e+00,  9.9264e-01,  1.3800e+00],
       dtype=torch.float64)
- log_lambda_par : tensor([-1.6243], dtype=torch.float64)
- mean_par : tensor([0.], dtype=torch.float64)
Running loss: -1334.8538904986165
Time elapsed: 132.0355052947998

Final parameters:
 parameters:
- sigma_n_log : tensor([-2.3850], dtype=torch.float64)
- log_lengthscales_par : tensor([-1.7091e+00,  4.4938e+00, -5.9241e-07,  8.9513e-01,  3.9952e+00,
         3.3334e+00,  2.9886e+00,  5.8205e-01, -2.2927e+00,  2.7626e+00,
         1.3687e+00,  2.7020e+00,  9.9264e-01,  1.3800e+00],
       dtype=torch.float64)
- log_lambda_par : tensor([-1.6243], dtype=torch.float64)
- mean_par : tensor([0.], dtype=torch.float64)
MSE gp 7:  tensor(0.0072, dtype=torch.float64)

Trained hyperparameters:
GP 1:
 parameters:
- sigma_n_log : tensor([-3.9655], dtype=torch.float64)
- log_lengthscales_par : tensor([5.7570e-01, 3.0191e+00, 1.0593e-04, 1.0133e+00, 2.8696e+00, 4.1403e+00,
        8.4186e-01, 2.0574e+00, 4.6144e-01, 1.6121e+00, 2.6409e+00, 3.6871e+00,
        3.2419e+00, 2.9104e+00], dtype=torch.float64)
- log_lambda_par : tensor([-3.1150], dtype=torch.float64)
- mean_par : tensor([0.], dtype=torch.float64)
GP 2:
 parameters:
- sigma_n_log : tensor([-2.5361], dtype=torch.float64)
- log_lengthscales_par : tensor([ 3.2426e+00, -2.8824e+00, -2.7251e-05,  3.4101e+00,  4.3240e-01,
         3.8183e+00,  2.5168e+00,  3.7554e+00,  1.7183e-01,  3.6621e+00,
         3.3996e+00,  4.1470e+00,  4.5661e+00,  3.5819e+00],
       dtype=torch.float64)
- log_lambda_par : tensor([0.5310], dtype=torch.float64)
- mean_par : tensor([0.], dtype=torch.float64)
GP 3:
 parameters:
- sigma_n_log : tensor([-11.9429], dtype=torch.float64)
- log_lengthscales_par : tensor([5.1622, 4.8465, 0.0094, 5.0102, 5.2027, 5.9385, 5.9780, 5.4045, 8.8079,
        5.2284, 5.1441, 5.0149, 5.2733, 6.7773], dtype=torch.float64)
- log_lambda_par : tensor([-5.8840], dtype=torch.float64)
- mean_par : tensor([0.], dtype=torch.float64)
GP 4:
 parameters:
- sigma_n_log : tensor([-11.6611], dtype=torch.float64)
- log_lengthscales_par : tensor([0.3301, 5.0730, 0.1402, 4.1778, 4.9286, 5.6625, 5.9438, 5.7053, 8.9814,
        3.8399, 5.4623, 5.5854, 5.2214, 6.4330], dtype=torch.float64)
- log_lambda_par : tensor([-3.6938], dtype=torch.float64)
- mean_par : tensor([0.], dtype=torch.float64)
GP 5:
 parameters:
- sigma_n_log : tensor([-2.9078], dtype=torch.float64)
- log_lengthscales_par : tensor([ 4.3645e+00, -1.3467e+00,  7.8583e-05,  4.3139e+00,  9.9871e-01,
         2.0582e+00,  3.2636e+00,  4.3919e+00,  1.4613e+00,  3.7483e+00,
         3.3939e+00,  4.3491e+00,  4.8538e+00,  3.1365e+00],
       dtype=torch.float64)
- log_lambda_par : tensor([0.1238], dtype=torch.float64)
- mean_par : tensor([0.], dtype=torch.float64)
GP 6:
 parameters:
- sigma_n_log : tensor([-1.6943], dtype=torch.float64)
- log_lengthscales_par : tensor([ 3.6283e+00, -2.0561e+00, -2.7287e-05,  3.9102e+00,  7.4612e-01,
         1.7913e+00,  4.5727e+00,  3.9746e+00,  7.4395e+00,  4.5088e+00,
         4.3298e+00,  3.6188e+00,  3.3912e+00,  5.0973e+00],
       dtype=torch.float64)
- log_lambda_par : tensor([1.7606], dtype=torch.float64)
- mean_par : tensor([0.], dtype=torch.float64)
GP 7:
 parameters:
- sigma_n_log : tensor([-7.9544], dtype=torch.float64)
- log_lengthscales_par : tensor([-0.8269,  2.6831,  0.0076,  2.7413,  4.8950,  4.6342,  3.6554,  3.6516,
        -2.0363,  4.3572,  2.3985,  5.2829,  3.9833,  1.3908],
       dtype=torch.float64)
- log_lambda_par : tensor([-5.0491], dtype=torch.float64)
- mean_par : tensor([0.], dtype=torch.float64)
GP 8:
 parameters:
- sigma_n_log : tensor([-2.3850], dtype=torch.float64)
- log_lengthscales_par : tensor([-1.7091e+00,  4.4938e+00, -5.9241e-07,  8.9513e-01,  3.9952e+00,
         3.3334e+00,  2.9886e+00,  5.8205e-01, -2.2927e+00,  2.7626e+00,
         1.3687e+00,  2.7020e+00,  9.9264e-01,  1.3800e+00],
       dtype=torch.float64)
- log_lambda_par : tensor([-1.6243], dtype=torch.float64)
- mean_par : tensor([0.], dtype=torch.float64)

held-out NEXT-STATE MSE (model units) -- phase 1 (xr_it1_p1):
  0 pH     model=2.487946e-04  persistence=7.485510e-04  OK
  1 T      model=1.051386e-01  persistence=6.331691e-01  OK
  2 Fa     model=0.000000e+00  persistence=0.000000e+00  WORSE
  3 Fb     model=5.433891e-09  persistence=2.452648e-03  OK
  4 Fc     model=2.948370e-03  persistence=3.188266e-01  OK
  5 Fh     model=3.319297e-01  persistence=2.205397e+00  OK
  6 Wt     model=1.361977e-07  persistence=1.034130e-04  OK
  7 DO2    model=1.672808e-02  persistence=2.263773e-02  OK

mean MSE 5.712421e-02   persistence 3.979169e-01
model beats persistence: True
[pensim] statistics saved -> /home/s2892016/Thesis/MCPILCO/results_expreps/pensim_stats_xr_it1_p1.json

saved -> /home/s2892016/Thesis/MCPILCO/results_expreps/rbf_model_xr_it1_p1.pt
saved -> /home/s2892016/Thesis/MCPILCO/results_expreps/rbf_metrics_xr_it1_p1.json
