=== training world model: phase=2 (xr_it2_p2)  n_keep=800  n_epoch=2001  select=pivchol ===
[loop] reusing frozen standardizer stats from /home/s2892016/Thesis/MCPILCO/results_pensim/rbf_model_bnd_rbf_iter0_phase0.pt
[pensim] dataset folder (PENSIM_DATA_DIR): /home/s2892016/Thesis/deps/smpl/smpl/configdata/pensim_expreps  (15 CSVs)
max observations: [2.76000000e+02 8.05261517e+00 3.62841400e+02 6.85863686e+00
 2.70000000e+02 1.80000012e+03 9.46039368e+02 1.26920055e+05
 2.39494171e+01]
min observations: [1.6000001e-01 4.5955915e+00 2.3797954e+02 0.0000000e+00 0.0000000e+00
 0.0000000e+00 0.0000000e+00 5.0006516e+04 2.3598127e+00]
dataset max observations: [2.30000000e+02 6.63759613e+00 3.00074432e+02 4.67915392e+00
 2.25000000e+02 9.62329956e+02 4.78282074e+02 1.21697516e+05
 1.93880215e+01]
dataset min observations: [0.0000000e+00 5.8744774e+00 2.9761179e+02 0.0000000e+00 0.0000000e+00
 9.9999997e-05 9.9999997e-05 2.5458326e+04 8.1443596e+00]
max actions: [4.10e+03 1.51e+02 3.60e+01 7.60e+01 1.20e+00 5.10e+02]
min actions: [ 0.   7.  21.  29.   0.5  0. ]
dataset max actions: [4.094559e+03 1.470660e+02 3.580100e+01 7.514100e+01 1.132000e+00
 5.038400e+02]
dataset min actions: [ 0.     7.361 21.249 29.636  0.545  0.   ]
normalize: True
using max/min observations and actions.
[pensim] using SAVED standardizer statistics
[pensim] loader time bounds: [0.16, 276.00] h
[pensim] 16163 transitions | obs 8d act 6d
[pensim] obs per-dim std: [0.5898 0.8292 1.2941 1.0498 0.7659 0.7347 1.0953 1.5888]
[pensim] time range: -0.00 .. 230.00 h
[pensim]   phase 0 [0, 47.5) h: 3555 transitions
[pensim]   phase 1 [47.5, 72.5) h: 1875 transitions
[pensim]   phase 2 [72.5, inf) h: 10730 transitions
[std] fitted on 16163 transitions (14.05 CSVs)  [PINNED via -std_from]
[std] obs_sd = [0.0329  0.00339 0.03372 0.30286 0.17267 0.11814 0.34974 0.11855]
[std] act_sd = [0.30882 0.24979 0.48691 0.34592 0.29527 0.43871]
[pensim] phase 2: t in [72.5, inf) h  ->  10730 of 16163 transitions (66.4%)
[pivchol] selected 800/10530 points  (residual trace 2.312e+03)
train N=800   test N=200   gp input dim=14   num_gp=8
training-set time span: 72.60 .. 230.00 h
EXACT GP INFERENCE SELECTED

Initial parameters:
 parameters:
- sigma_n_log : tensor([-4.6052], dtype=torch.float64)
- log_lengthscales_par : tensor([0., 0., 0., 0., 0., 0., 0., 0., 0., 0., 0., 0., 0., 0.],
       dtype=torch.float64)
- log_lambda_par : tensor([0.], dtype=torch.float64)
- mean_par : tensor([0.], dtype=torch.float64)

EPOCH: 0
 parameters:
- sigma_n_log : tensor([-4.6152], dtype=torch.float64)
- log_lengthscales_par : tensor([0.0100, 0.0100, 0.0100, 0.0100, 0.0100, 0.0100, 0.0100, 0.0100, 0.0100,
        0.0100, 0.0100, 0.0100, 0.0100, 0.0100], dtype=torch.float64)
- log_lambda_par : tensor([-0.0100], dtype=torch.float64)
- mean_par : tensor([0.], dtype=torch.float64)
Running loss: 104.5520127371305
Time elapsed: 0.6636595726013184

EPOCH: 1000
 parameters:
- sigma_n_log : tensor([-2.4905], dtype=torch.float64)
- log_lengthscales_par : tensor([ 1.4918,  3.8955,  0.6969,  2.1826,  4.4245,  4.5003, -0.5602,  0.4888,
         2.3389,  2.6909,  3.6883,  1.4209,  0.2847,  3.5906],
       dtype=torch.float64)
- log_lambda_par : tensor([0.4179], dtype=torch.float64)
- mean_par : tensor([0.], dtype=torch.float64)
Running loss: -703.0520917774212
Time elapsed: 521.7681849002838

EPOCH: 2000
 parameters:
- sigma_n_log : tensor([-2.4024], dtype=torch.float64)
- log_lengthscales_par : tensor([ 1.5231,  4.4708, -4.7685,  2.0341,  5.0227,  5.4639, -0.4485,  0.5129,
         3.5266,  2.6589,  4.5070,  1.2910,  0.3492,  3.5997],
       dtype=torch.float64)
- log_lambda_par : tensor([0.1874], dtype=torch.float64)
- mean_par : tensor([0.], dtype=torch.float64)
Running loss: -744.0069609158353
Time elapsed: 551.3463764190674

Final parameters:
 parameters:
- sigma_n_log : tensor([-2.4024], dtype=torch.float64)
- log_lengthscales_par : tensor([ 1.5231,  4.4708, -4.7685,  2.0341,  5.0227,  5.4639, -0.4485,  0.5129,
         3.5266,  2.6589,  4.5070,  1.2910,  0.3492,  3.5997],
       dtype=torch.float64)
- log_lambda_par : tensor([0.1874], dtype=torch.float64)
- mean_par : tensor([0.], dtype=torch.float64)
MSE gp 0:  tensor(0.0038, dtype=torch.float64)

Initial parameters:
 parameters:
- sigma_n_log : tensor([-4.6052], dtype=torch.float64)
- log_lengthscales_par : tensor([0., 0., 0., 0., 0., 0., 0., 0., 0., 0., 0., 0., 0., 0.],
       dtype=torch.float64)
- log_lambda_par : tensor([0.], dtype=torch.float64)
- mean_par : tensor([0.], dtype=torch.float64)

EPOCH: 0
 parameters:
- sigma_n_log : tensor([-4.6152], dtype=torch.float64)
- log_lengthscales_par : tensor([ 0.0100, -0.0100,  0.0100,  0.0100,  0.0100,  0.0100,  0.0100,  0.0100,
         0.0100,  0.0100,  0.0100,  0.0100,  0.0100,  0.0100],
       dtype=torch.float64)
- log_lambda_par : tensor([-0.0100], dtype=torch.float64)
- mean_par : tensor([0.], dtype=torch.float64)
Running loss: 217.7065088099926
Time elapsed: 0.5608646869659424

EPOCH: 1000
 parameters:
- sigma_n_log : tensor([-3.8595], dtype=torch.float64)
- log_lengthscales_par : tensor([ 2.8527, -0.8087, -5.0118,  3.8490, -1.9164, -0.0815,  3.0083,  2.0798,
         6.4781,  4.5677,  4.5663,  3.8408,  0.5397,  4.5577],
       dtype=torch.float64)
- log_lambda_par : tensor([0.2779], dtype=torch.float64)
- mean_par : tensor([0.], dtype=torch.float64)
Running loss: -643.6677598534354
Time elapsed: 589.7756373882294

EPOCH: 2000
 parameters:
- sigma_n_log : tensor([-3.8131], dtype=torch.float64)
- log_lengthscales_par : tensor([ 2.8762, -0.8099, -5.0029,  4.1086, -1.9198, -0.1015,  2.9330,  2.0605,
         7.2729,  5.5940,  5.7829,  4.2552,  0.5421,  5.0121],
       dtype=torch.float64)
- log_lambda_par : tensor([0.2994], dtype=torch.float64)
- mean_par : tensor([0.], dtype=torch.float64)
Running loss: -646.8032790070996
Time elapsed: 567.0692358016968

Final parameters:
 parameters:
- sigma_n_log : tensor([-3.8131], dtype=torch.float64)
- log_lengthscales_par : tensor([ 2.8762, -0.8099, -5.0029,  4.1086, -1.9198, -0.1015,  2.9330,  2.0605,
         7.2729,  5.5940,  5.7829,  4.2552,  0.5421,  5.0121],
       dtype=torch.float64)
- log_lambda_par : tensor([0.2994], dtype=torch.float64)
- mean_par : tensor([0.], dtype=torch.float64)
MSE gp 1:  tensor(6.7588e-05, dtype=torch.float64)

Initial parameters:
 parameters:
- sigma_n_log : tensor([-4.6052], dtype=torch.float64)
- log_lengthscales_par : tensor([0., 0., 0., 0., 0., 0., 0., 0., 0., 0., 0., 0., 0., 0.],
       dtype=torch.float64)
- log_lambda_par : tensor([0.], dtype=torch.float64)
- mean_par : tensor([0.], dtype=torch.float64)

EPOCH: 0
 parameters:
- sigma_n_log : tensor([-4.5952], dtype=torch.float64)
- log_lengthscales_par : tensor([-0.0100, -0.0100, -0.0100, -0.0100,  0.0100,  0.0100, -0.0100,  0.0100,
         0.0100,  0.0100,  0.0100,  0.0100,  0.0100,  0.0100],
       dtype=torch.float64)
- log_lambda_par : tensor([0.0100], dtype=torch.float64)
- mean_par : tensor([0.], dtype=torch.float64)
Running loss: 5265.510613998152
Time elapsed: 0.5462837219238281

EPOCH: 1000
 parameters:
- sigma_n_log : tensor([-8.2004], dtype=torch.float64)
- log_lengthscales_par : tensor([-2.0997,  2.1014, -5.5332,  4.3334,  6.3266,  4.2204,  4.2169,  4.8686,
         1.0225,  6.5834,  6.1512,  4.7125,  5.5634,  4.2513],
       dtype=torch.float64)
- log_lambda_par : tensor([3.0671], dtype=torch.float64)
- mean_par : tensor([0.], dtype=torch.float64)
Running loss: -488.8082272754725
Time elapsed: 638.9171335697174

EPOCH: 2000
 parameters:
- sigma_n_log : tensor([-9.5004], dtype=torch.float64)
- log_lengthscales_par : tensor([-2.0705,  2.2705, -5.3860,  4.6890,  8.7993,  4.4438,  4.5534,  5.1878,
         1.2227,  8.8837,  8.7908,  4.9650,  8.5199,  4.4460],
       dtype=torch.float64)
- log_lambda_par : tensor([3.7281], dtype=torch.float64)
- mean_par : tensor([0.], dtype=torch.float64)
Running loss: -571.25351980042
Time elapsed: 632.4494507312775

Final parameters:
 parameters:
- sigma_n_log : tensor([-9.5004], dtype=torch.float64)
- log_lengthscales_par : tensor([-2.0705,  2.2705, -5.3860,  4.6890,  8.7993,  4.4438,  4.5534,  5.1878,
         1.2227,  8.8837,  8.7908,  4.9650,  8.5199,  4.4460],
       dtype=torch.float64)
- log_lambda_par : tensor([3.7281], dtype=torch.float64)
- mean_par : tensor([0.], dtype=torch.float64)
MSE gp 2:  tensor(2.6570e-13, dtype=torch.float64)

Initial parameters:
 parameters:
- sigma_n_log : tensor([-4.6052], dtype=torch.float64)
- log_lengthscales_par : tensor([0., 0., 0., 0., 0., 0., 0., 0., 0., 0., 0., 0., 0., 0.],
       dtype=torch.float64)
- log_lambda_par : tensor([0.], dtype=torch.float64)
- mean_par : tensor([0.], dtype=torch.float64)

EPOCH: 0
 parameters:
- sigma_n_log : tensor([-4.6152], dtype=torch.float64)
- log_lengthscales_par : tensor([0.0100, 0.0100, 0.0100, 0.0100, 0.0100, 0.0100, 0.0100, 0.0100, 0.0100,
        0.0100, 0.0100, 0.0100, 0.0100, 0.0100], dtype=torch.float64)
- log_lambda_par : tensor([-0.0100], dtype=torch.float64)
- mean_par : tensor([0.], dtype=torch.float64)
Running loss: 101.77960761708141
Time elapsed: 0.5824673175811768

EPOCH: 1000
 parameters:
- sigma_n_log : tensor([-7.2946], dtype=torch.float64)
- log_lengthscales_par : tensor([-1.7673,  2.0972,  1.8695,  1.3348,  3.6753,  4.6643,  5.8388,  5.6436,
         2.6844,  2.2568,  5.8390,  3.5270,  2.0532,  4.4393],
       dtype=torch.float64)
- log_lambda_par : tensor([-0.5759], dtype=torch.float64)
- mean_par : tensor([0.], dtype=torch.float64)
Running loss: -1581.4667834628112
Time elapsed: 587.330766916275

EPOCH: 2000
 parameters:
- sigma_n_log : tensor([-6.6249], dtype=torch.float64)
- log_lengthscales_par : tensor([-1.7599,  2.0942,  1.7943,  1.2996,  4.2416,  4.8373,  6.6948,  6.8242,
         2.5432,  2.4307,  7.0132,  3.5350,  2.0199,  7.2275],
       dtype=torch.float64)
- log_lambda_par : tensor([-0.4919], dtype=torch.float64)
- mean_par : tensor([0.], dtype=torch.float64)
Running loss: -1601.0069258802794
Time elapsed: 606.8116819858551

Final parameters:
 parameters:
- sigma_n_log : tensor([-6.6249], dtype=torch.float64)
- log_lengthscales_par : tensor([-1.7599,  2.0942,  1.7943,  1.2996,  4.2416,  4.8373,  6.6948,  6.8242,
         2.5432,  2.4307,  7.0132,  3.5350,  2.0199,  7.2275],
       dtype=torch.float64)
- log_lambda_par : tensor([-0.4919], dtype=torch.float64)
- mean_par : tensor([0.], dtype=torch.float64)
MSE gp 3:  tensor(3.3746e-08, dtype=torch.float64)

Initial parameters:
 parameters:
- sigma_n_log : tensor([-4.6052], dtype=torch.float64)
- log_lengthscales_par : tensor([0., 0., 0., 0., 0., 0., 0., 0., 0., 0., 0., 0., 0., 0.],
       dtype=torch.float64)
- log_lambda_par : tensor([0.], dtype=torch.float64)
- mean_par : tensor([0.], dtype=torch.float64)

EPOCH: 0
 parameters:
- sigma_n_log : tensor([-4.6152], dtype=torch.float64)
- log_lengthscales_par : tensor([0.0100, 0.0100, 0.0100, 0.0100, 0.0100, 0.0100, 0.0100, 0.0100, 0.0100,
        0.0100, 0.0100, 0.0100, 0.0100, 0.0100], dtype=torch.float64)
- log_lambda_par : tensor([-0.0100], dtype=torch.float64)
- mean_par : tensor([0.], dtype=torch.float64)
Running loss: 42.20389582541286
Time elapsed: 0.560422420501709

EPOCH: 1000
 parameters:
- sigma_n_log : tensor([-4.0448], dtype=torch.float64)
- log_lengthscales_par : tensor([ 3.8563, -0.8820,  5.9744,  4.1557, -0.8060,  1.1356,  2.2193,  4.2886,
         6.0267,  3.1681,  2.2522,  4.6127,  4.0246,  4.1601],
       dtype=torch.float64)
- log_lambda_par : tensor([-0.6910], dtype=torch.float64)
- mean_par : tensor([0.], dtype=torch.float64)
Running loss: -1979.685351556223
Time elapsed: 520.7759613990784

EPOCH: 2000
 parameters:
- sigma_n_log : tensor([-4.2665], dtype=torch.float64)
- log_lengthscales_par : tensor([ 4.0889, -1.3710,  7.9533,  5.5236, -1.0532,  1.1966,  2.2978,  5.6863,
         7.1602,  3.2175,  5.1083,  6.2847,  5.4468,  4.9135],
       dtype=torch.float64)
- log_lambda_par : tensor([-0.5912], dtype=torch.float64)
- mean_par : tensor([0.], dtype=torch.float64)
Running loss: -2025.938368301878
Time elapsed: 524.9859552383423

Final parameters:
 parameters:
- sigma_n_log : tensor([-4.2665], dtype=torch.float64)
- log_lengthscales_par : tensor([ 4.0889, -1.3710,  7.9533,  5.5236, -1.0532,  1.1966,  2.2978,  5.6863,
         7.1602,  3.2175,  5.1083,  6.2847,  5.4468,  4.9135],
       dtype=torch.float64)
- log_lambda_par : tensor([-0.5912], dtype=torch.float64)
- mean_par : tensor([0.], dtype=torch.float64)
MSE gp 4:  tensor(9.9681e-05, dtype=torch.float64)

Initial parameters:
 parameters:
- sigma_n_log : tensor([-4.6052], dtype=torch.float64)
- log_lengthscales_par : tensor([0., 0., 0., 0., 0., 0., 0., 0., 0., 0., 0., 0., 0., 0.],
       dtype=torch.float64)
- log_lambda_par : tensor([0.], dtype=torch.float64)
- mean_par : tensor([0.], dtype=torch.float64)

EPOCH: 0
 parameters:
- sigma_n_log : tensor([-4.5952], dtype=torch.float64)
- log_lengthscales_par : tensor([ 0.0100, -0.0100,  0.0100,  0.0100,  0.0100, -0.0100,  0.0100,  0.0100,
         0.0100,  0.0100,  0.0100,  0.0100,  0.0100,  0.0100],
       dtype=torch.float64)
- log_lambda_par : tensor([0.0100], dtype=torch.float64)
- mean_par : tensor([0.], dtype=torch.float64)
Running loss: 615.8656501420655
Time elapsed: 0.5590953826904297

EPOCH: 1000
 parameters:
- sigma_n_log : tensor([-2.0576], dtype=torch.float64)
- log_lengthscales_par : tensor([ 4.6010, -1.6106,  6.1372,  3.5190,  0.5487, -0.1810,  4.6548,  4.7179,
         5.7908,  3.5801,  4.0868,  4.3990,  4.2480,  4.6472],
       dtype=torch.float64)
- log_lambda_par : tensor([1.0618], dtype=torch.float64)
- mean_par : tensor([0.], dtype=torch.float64)
Running loss: -711.2504460428704
Time elapsed: 528.1967895030975

EPOCH: 2000
 parameters:
- sigma_n_log : tensor([-2.0220], dtype=torch.float64)
- log_lengthscales_par : tensor([ 5.7687, -1.5923,  6.7636,  4.0207,  0.6769, -0.1165,  5.8446,  6.2361,
         5.9843,  4.3561,  4.7234,  5.2978,  5.5741,  5.6683],
       dtype=torch.float64)
- log_lambda_par : tensor([1.2957], dtype=torch.float64)
- mean_par : tensor([0.], dtype=torch.float64)
Running loss: -728.1789299755987
Time elapsed: 528.9453065395355

Final parameters:
 parameters:
- sigma_n_log : tensor([-2.0220], dtype=torch.float64)
- log_lengthscales_par : tensor([ 5.7687, -1.5923,  6.7636,  4.0207,  0.6769, -0.1165,  5.8446,  6.2361,
         5.9843,  4.3561,  4.7234,  5.2978,  5.5741,  5.6683],
       dtype=torch.float64)
- log_lambda_par : tensor([1.2957], dtype=torch.float64)
- mean_par : tensor([0.], dtype=torch.float64)
MSE gp 5:  tensor(0.0122, dtype=torch.float64)

Initial parameters:
 parameters:
- sigma_n_log : tensor([-4.6052], dtype=torch.float64)
- log_lengthscales_par : tensor([0., 0., 0., 0., 0., 0., 0., 0., 0., 0., 0., 0., 0., 0.],
       dtype=torch.float64)
- log_lambda_par : tensor([0.], dtype=torch.float64)
- mean_par : tensor([0.], dtype=torch.float64)

EPOCH: 0
 parameters:
- sigma_n_log : tensor([-4.6152], dtype=torch.float64)
- log_lengthscales_par : tensor([0.0100, 0.0100, 0.0100, 0.0100, 0.0100, 0.0100, 0.0100, 0.0100, 0.0100,
        0.0100, 0.0100, 0.0100, 0.0100, 0.0100], dtype=torch.float64)
- log_lambda_par : tensor([-0.0100], dtype=torch.float64)
- mean_par : tensor([0.], dtype=torch.float64)
Running loss: -19.403864923814538
Time elapsed: 0.5822336673736572

EPOCH: 1000
 parameters:
- sigma_n_log : tensor([-5.0022], dtype=torch.float64)
- log_lengthscales_par : tensor([3.2554, 4.2037, 5.4574, 2.4040, 4.4640, 3.7727, 0.1619, 4.0450, 1.6371,
        3.7950, 3.5493, 3.7066, 3.9812, 3.7922], dtype=torch.float64)
- log_lambda_par : tensor([-3.2586], dtype=torch.float64)
- mean_par : tensor([0.], dtype=torch.float64)
Running loss: -3370.5100469112585
Time elapsed: 521.0700945854187

EPOCH: 2000
 parameters:
- sigma_n_log : tensor([-4.9843], dtype=torch.float64)
- log_lengthscales_par : tensor([ 2.5348,  4.6856,  6.8843,  1.9517,  5.1421,  4.5419, -0.1587,  4.6206,
         1.4135,  4.1081,  4.4254,  3.8477,  4.8405,  4.3753],
       dtype=torch.float64)
- log_lambda_par : tensor([-5.0816], dtype=torch.float64)
- mean_par : tensor([0.], dtype=torch.float64)
Running loss: -3417.3743860968343
Time elapsed: 520.5739686489105

Final parameters:
 parameters:
- sigma_n_log : tensor([-4.9843], dtype=torch.float64)
- log_lengthscales_par : tensor([ 2.5348,  4.6856,  6.8843,  1.9517,  5.1421,  4.5419, -0.1587,  4.6206,
         1.4135,  4.1081,  4.4254,  3.8477,  4.8405,  4.3753],
       dtype=torch.float64)
- log_lambda_par : tensor([-5.0816], dtype=torch.float64)
- mean_par : tensor([0.], dtype=torch.float64)
MSE gp 6:  tensor(4.0763e-05, dtype=torch.float64)

Initial parameters:
 parameters:
- sigma_n_log : tensor([-4.6052], dtype=torch.float64)
- log_lengthscales_par : tensor([0., 0., 0., 0., 0., 0., 0., 0., 0., 0., 0., 0., 0., 0.],
       dtype=torch.float64)
- log_lambda_par : tensor([0.], dtype=torch.float64)
- mean_par : tensor([0.], dtype=torch.float64)

EPOCH: 0
 parameters:
- sigma_n_log : tensor([-4.6152], dtype=torch.float64)
- log_lengthscales_par : tensor([0.0100, 0.0100, 0.0100, 0.0100, 0.0100, 0.0100, 0.0100, 0.0100, 0.0100,
        0.0100, 0.0100, 0.0100, 0.0100, 0.0100], dtype=torch.float64)
- log_lambda_par : tensor([-0.0100], dtype=torch.float64)
- mean_par : tensor([0.], dtype=torch.float64)
Running loss: 46.10197561425543
Time elapsed: 0.6008365154266357

EPOCH: 1000
 parameters:
- sigma_n_log : tensor([-2.9198], dtype=torch.float64)
- log_lengthscales_par : tensor([ 3.7511,  2.0033, -4.5956,  4.4072,  0.4204,  3.6412, -0.2472,  0.6063,
         6.1351,  3.6230,  3.0289,  1.6057,  1.4295,  3.1360],
       dtype=torch.float64)
- log_lambda_par : tensor([-0.2278], dtype=torch.float64)
- mean_par : tensor([0.], dtype=torch.float64)
Running loss: -1178.250051218129
Time elapsed: 561.7333598136902

EPOCH: 2000
 parameters:
- sigma_n_log : tensor([-2.8909], dtype=torch.float64)
- log_lengthscales_par : tensor([ 4.0144,  2.0194, -4.5734,  5.4820,  0.4403,  3.9876, -0.2178,  0.6038,
         7.1458,  4.1986,  3.0762,  1.5941,  1.4596,  4.2674],
       dtype=torch.float64)
- log_lambda_par : tensor([-0.1269], dtype=torch.float64)
- mean_par : tensor([0.], dtype=torch.float64)
Running loss: -1184.377711723332
Time elapsed: 545.3621935844421

Final parameters:
 parameters:
- sigma_n_log : tensor([-2.8909], dtype=torch.float64)
- log_lengthscales_par : tensor([ 4.0144,  2.0194, -4.5734,  5.4820,  0.4403,  3.9876, -0.2178,  0.6038,
         7.1458,  4.1986,  3.0762,  1.5941,  1.4596,  4.2674],
       dtype=torch.float64)
- log_lambda_par : tensor([-0.1269], dtype=torch.float64)
- mean_par : tensor([0.], dtype=torch.float64)
MSE gp 7:  tensor(0.0017, dtype=torch.float64)

Trained hyperparameters:
GP 1:
 parameters:
- sigma_n_log : tensor([-2.4024], dtype=torch.float64)
- log_lengthscales_par : tensor([ 1.5231,  4.4708, -4.7685,  2.0341,  5.0227,  5.4639, -0.4485,  0.5129,
         3.5266,  2.6589,  4.5070,  1.2910,  0.3492,  3.5997],
       dtype=torch.float64)
- log_lambda_par : tensor([0.1874], dtype=torch.float64)
- mean_par : tensor([0.], dtype=torch.float64)
GP 2:
 parameters:
- sigma_n_log : tensor([-3.8131], dtype=torch.float64)
- log_lengthscales_par : tensor([ 2.8762, -0.8099, -5.0029,  4.1086, -1.9198, -0.1015,  2.9330,  2.0605,
         7.2729,  5.5940,  5.7829,  4.2552,  0.5421,  5.0121],
       dtype=torch.float64)
- log_lambda_par : tensor([0.2994], dtype=torch.float64)
- mean_par : tensor([0.], dtype=torch.float64)
GP 3:
 parameters:
- sigma_n_log : tensor([-9.5004], dtype=torch.float64)
- log_lengthscales_par : tensor([-2.0705,  2.2705, -5.3860,  4.6890,  8.7993,  4.4438,  4.5534,  5.1878,
         1.2227,  8.8837,  8.7908,  4.9650,  8.5199,  4.4460],
       dtype=torch.float64)
- log_lambda_par : tensor([3.7281], dtype=torch.float64)
- mean_par : tensor([0.], dtype=torch.float64)
GP 4:
 parameters:
- sigma_n_log : tensor([-6.6249], dtype=torch.float64)
- log_lengthscales_par : tensor([-1.7599,  2.0942,  1.7943,  1.2996,  4.2416,  4.8373,  6.6948,  6.8242,
         2.5432,  2.4307,  7.0132,  3.5350,  2.0199,  7.2275],
       dtype=torch.float64)
- log_lambda_par : tensor([-0.4919], dtype=torch.float64)
- mean_par : tensor([0.], dtype=torch.float64)
GP 5:
 parameters:
- sigma_n_log : tensor([-4.2665], dtype=torch.float64)
- log_lengthscales_par : tensor([ 4.0889, -1.3710,  7.9533,  5.5236, -1.0532,  1.1966,  2.2978,  5.6863,
         7.1602,  3.2175,  5.1083,  6.2847,  5.4468,  4.9135],
       dtype=torch.float64)
- log_lambda_par : tensor([-0.5912], dtype=torch.float64)
- mean_par : tensor([0.], dtype=torch.float64)
GP 6:
 parameters:
- sigma_n_log : tensor([-2.0220], dtype=torch.float64)
- log_lengthscales_par : tensor([ 5.7687, -1.5923,  6.7636,  4.0207,  0.6769, -0.1165,  5.8446,  6.2361,
         5.9843,  4.3561,  4.7234,  5.2978,  5.5741,  5.6683],
       dtype=torch.float64)
- log_lambda_par : tensor([1.2957], dtype=torch.float64)
- mean_par : tensor([0.], dtype=torch.float64)
GP 7:
 parameters:
- sigma_n_log : tensor([-4.9843], dtype=torch.float64)
- log_lengthscales_par : tensor([ 2.5348,  4.6856,  6.8843,  1.9517,  5.1421,  4.5419, -0.1587,  4.6206,
         1.4135,  4.1081,  4.4254,  3.8477,  4.8405,  4.3753],
       dtype=torch.float64)
- log_lambda_par : tensor([-5.0816], dtype=torch.float64)
- mean_par : tensor([0.], dtype=torch.float64)
GP 8:
 parameters:
- sigma_n_log : tensor([-2.8909], dtype=torch.float64)
- log_lengthscales_par : tensor([ 4.0144,  2.0194, -4.5734,  5.4820,  0.4403,  3.9876, -0.2178,  0.6038,
         7.1458,  4.1986,  3.0762,  1.5941,  1.4596,  4.2674],
       dtype=torch.float64)
- log_lambda_par : tensor([-0.1269], dtype=torch.float64)
- mean_par : tensor([0.], dtype=torch.float64)

held-out NEXT-STATE MSE (model units) -- phase 2 (xr_it2_p2):
  0 pH     model=2.117471e-02  persistence=2.070704e-02  WORSE
  1 T      model=4.349296e-02  persistence=1.147205e-01  OK
  2 Fa     model=2.988502e-02  persistence=7.076001e-01  OK
  3 Fb     model=2.096899e-03  persistence=5.414913e-02  OK
  4 Fc     model=8.931214e-04  persistence=2.343927e-02  OK
  5 Fh     model=2.662729e-02  persistence=9.649050e-01  OK
  6 Wt     model=5.458001e-05  persistence=3.096230e-04  OK
  7 DO2    model=9.903272e-03  persistence=5.987628e-03  WORSE

mean MSE 1.676598e-02   persistence 2.364773e-01
model beats persistence: True
[pensim] statistics saved -> /home/s2892016/Thesis/MCPILCO/results_expreps/pensim_stats_xr_it2_p2.json

saved -> /home/s2892016/Thesis/MCPILCO/results_expreps/rbf_model_xr_it2_p2.pt
saved -> /home/s2892016/Thesis/MCPILCO/results_expreps/rbf_metrics_xr_it2_p2.json
