EXACT GP INFERENCE SELECTED
EXACT GP INFERENCE SELECTED
EXACT GP INFERENCE SELECTED
world models:
  phase 0: [0,47.5) h  train pts=800
  phase 1: [47.5,72.5) h  train pts=800
  phase 2: [72.5,inf) h  train pts=800
  -> one shared z-space (verified)
combined state range: [-10.86, 40.38] z
[PFQuery] loaded checkpoint flgfn_corrected.pt
pre-caching 150 expert distributions ...
  eigenvalues @75h: [0.00018914 0.00684495 0.04047211]
windows per model: phase 0: 47  phase 1: 25  phase 2: 78

policy rbf: in=8 out=6 u_max=3.0 params=2808
L2: lambda=0.01 on ALL SIX channels (additive)
action spread across 5 replicas of one state: 2.913e-03   (ok)

chance constraints: eps=0.95 -> Phi^-1=1.6449
  action box  alpha=1000.0
  vessel floor alpha=1.0  Wt >= 50000 phys (-1.534 z)
  training data below the floor: 0.5%
EXACT GP INFERENCE SELECTED

objective: -LCB_reward + 15.0*relu(W2_h - 0.23) + 0.01*||a||^2 + chance
  reward GP : reward_model_base.pt  held-out R^2=0.8571  yield/step mu=3.2279 sd=1.4090
  LCB       : mu_r - 1.0*sigma_r  (not the mean)
  eta       : 0.23  -- measured, the converged W2 of imitation-only policies
  alpha_W2  : 15.0  -- measured, puts the penalty on the reward's scale
iter   0  loss=10.36198  reward(LCB)=-0.98318 (phys 1.843)  W2 mean=0.81455 max=1.25109
          eta=0.23 violating=125/150 excess=0.62288 penalty=9.34323 (pen/|rew|=9.50x)   ||a||^2=0.15444 lam*=1.544e-03
          cc_act=1.932e-02 cc_state=1.470e-02   |grad| med=3.116e-01 DEAD=0/150  |s|max=47.6 (data 40.4)
iter   1  loss=9.67077  reward(LCB)=-0.96971 (phys 1.862)  W2 mean=0.76168 max=1.24565
          eta=0.23 violating=125/150 excess=0.57000 penalty=8.55003 (pen/|rew|=8.82x)   ||a||^2=1.25787 lam*=1.258e-02
          cc_act=1.241e-01 cc_state=1.437e-02   |grad| med=2.379e+00 DEAD=0/150  |s|max=47.9 (data 40.4)
iter   2  loss=9.34810  reward(LCB)=-0.97357 (phys 1.856)  W2 mean=0.73976 max=1.25574
          eta=0.23 violating=125/150 excess=0.54809 penalty=8.22133 (pen/|rew|=8.44x)   ||a||^2=3.07224 lam*=3.072e-02
          cc_act=1.039e-01 cc_state=1.859e-02   |grad| med=2.728e+00 DEAD=0/150  |s|max=48.0 (data 40.4)
iter   3  loss=9.15118  reward(LCB)=-0.96538 (phys 1.868)  W2 mean=0.72591 max=1.22728
          eta=0.23 violating=125/150 excess=0.53424 penalty=8.01365 (pen/|rew|=8.30x)   ||a||^2=3.48200 lam*=3.482e-02
          cc_act=1.213e-01 cc_state=1.603e-02   |grad| med=3.281e+00 DEAD=0/150  |s|max=49.4 (data 40.4)
iter   4  loss=9.07358  reward(LCB)=-0.94595 (phys 1.895)  W2 mean=0.72299 max=1.22594
          eta=0.23 violating=125/150 excess=0.53131 penalty=7.96959 (pen/|rew|=8.42x)   ||a||^2=3.13562 lam*=3.136e-02
          cc_act=1.102e-01 cc_state=1.650e-02   |grad| med=3.645e+00 DEAD=0/150  |s|max=46.1 (data 40.4)
iter   5  loss=8.87277  reward(LCB)=-0.93771 (phys 1.907)  W2 mean=0.71212 max=1.23952
          eta=0.23 violating=125/150 excess=0.52046 penalty=7.80686 (pen/|rew|=8.33x)   ||a||^2=3.76196 lam*=3.762e-02
          cc_act=7.662e-02 cc_state=1.397e-02   |grad| med=2.966e+00 DEAD=0/150  |s|max=47.0 (data 40.4)
iter   6  loss=8.99405  reward(LCB)=-0.93130 (phys 1.916)  W2 mean=0.71342 max=1.24111
          eta=0.23 violating=125/150 excess=0.52172 penalty=7.82586 (pen/|rew|=8.40x)   ||a||^2=3.42043 lam*=3.420e-02
          cc_act=1.885e-01 cc_state=1.419e-02   |grad| med=3.794e+00 DEAD=0/150  |s|max=48.5 (data 40.4)
iter   7  loss=8.82590  reward(LCB)=-0.95100 (phys 1.888)  W2 mean=0.70624 max=1.22467
          eta=0.23 violating=125/150 excess=0.51452 penalty=7.71786 (pen/|rew|=8.12x)   ||a||^2=3.76997 lam*=3.770e-02
          cc_act=1.042e-01 cc_state=1.513e-02   |grad| med=4.268e+00 DEAD=0/150  |s|max=47.0 (data 40.4)
iter   8  loss=8.87349  reward(LCB)=-0.95139 (phys 1.887)  W2 mean=0.70776 max=1.21353
          eta=0.23 violating=125/150 excess=0.51603 penalty=7.74050 (pen/|rew|=8.14x)   ||a||^2=3.99616 lam*=3.996e-02
          cc_act=1.270e-01 cc_state=1.460e-02   |grad| med=3.081e+00 DEAD=0/150  |s|max=48.5 (data 40.4)
iter   9  loss=9.04446  reward(LCB)=-0.94169 (phys 1.901)  W2 mean=0.70580 max=1.21330
          eta=0.23 violating=125/150 excess=0.51411 penalty=7.71165 (pen/|rew|=8.19x)   ||a||^2=4.30174 lam*=4.302e-02
          cc_act=3.314e-01 cc_state=1.673e-02   |grad| med=3.989e+00 DEAD=0/150  |s|max=47.7 (data 40.4)
iter  10  loss=8.69843  reward(LCB)=-0.94129 (phys 1.902)  W2 mean=0.70039 max=1.22302
          eta=0.23 violating=125/150 excess=0.50869 penalty=7.63033 (pen/|rew|=8.11x)   ||a||^2=4.75528 lam*=4.755e-02
          cc_act=6.430e-02 cc_state=1.496e-02   |grad| med=3.515e+00 DEAD=0/150  |s|max=47.3 (data 40.4)
iter  11  loss=8.84321  reward(LCB)=-0.95369 (phys 1.884)  W2 mean=0.70057 max=1.23805
          eta=0.23 violating=125/150 excess=0.50882 penalty=7.63235 (pen/|rew|=8.00x)   ||a||^2=4.35228 lam*=4.352e-02
          cc_act=1.999e-01 cc_state=1.373e-02   |grad| med=2.753e+00 DEAD=0/150  |s|max=47.3 (data 40.4)
iter  12  loss=8.63520  reward(LCB)=-0.94346 (phys 1.899)  W2 mean=0.69477 max=1.21856
          eta=0.23 violating=124/150 excess=0.50306 penalty=7.54594 (pen/|rew|=8.00x)   ||a||^2=4.07752 lam*=4.078e-02
          cc_act=8.939e-02 cc_state=1.564e-02   |grad| med=3.200e+00 DEAD=0/150  |s|max=45.9 (data 40.4)
iter  13  loss=8.67654  reward(LCB)=-0.93703 (phys 1.908)  W2 mean=0.69382 max=1.21658
          eta=0.23 violating=125/150 excess=0.50208 penalty=7.53124 (pen/|rew|=8.04x)   ||a||^2=4.19761 lam*=4.198e-02
          cc_act=1.498e-01 cc_state=1.645e-02   |grad| med=4.250e+00 DEAD=0/150  |s|max=47.4 (data 40.4)
iter  14  loss=8.65961  reward(LCB)=-0.94380 (phys 1.898)  W2 mean=0.69270 max=1.24130
          eta=0.23 violating=125/150 excess=0.50096 penalty=7.51433 (pen/|rew|=7.96x)   ||a||^2=4.21002 lam*=4.210e-02
          cc_act=1.422e-01 cc_state=1.716e-02   |grad| med=4.871e+00 DEAD=0/150  |s|max=47.6 (data 40.4)
iter  15  loss=8.84239  reward(LCB)=-0.94373 (phys 1.898)  W2 mean=0.69889 max=1.22273
          eta=0.23 violating=125/150 excess=0.50718 penalty=7.60776 (pen/|rew|=8.06x)   ||a||^2=4.17439 lam*=4.174e-02
          cc_act=2.340e-01 cc_state=1.518e-02   |grad| med=3.569e+00 DEAD=0/150  |s|max=47.8 (data 40.4)
iter  16  loss=8.71863  reward(LCB)=-0.94231 (phys 1.900)  W2 mean=0.69266 max=1.22262
          eta=0.23 violating=125/150 excess=0.50089 penalty=7.51331 (pen/|rew|=7.97x)   ||a||^2=4.24711 lam*=4.247e-02
          cc_act=2.070e-01 cc_state=1.357e-02   |grad| med=3.331e+00 DEAD=0/150  |s|max=48.1 (data 40.4)
iter  17  loss=8.54127  reward(LCB)=-0.94379 (phys 1.898)  W2 mean=0.69047 max=1.21589
          eta=0.23 violating=125/150 excess=0.49869 penalty=7.48040 (pen/|rew|=7.93x)   ||a||^2=4.08862 lam*=4.089e-02
          cc_act=6.294e-02 cc_state=1.325e-02   |grad| med=2.956e+00 DEAD=0/150  |s|max=46.1 (data 40.4)
iter  18  loss=8.56550  reward(LCB)=-0.94411 (phys 1.898)  W2 mean=0.68901 max=1.22808
          eta=0.23 violating=123/150 excess=0.49749 penalty=7.46242 (pen/|rew|=7.90x)   ||a||^2=4.30111 lam*=4.301e-02
          cc_act=1.018e-01 cc_state=1.419e-02   |grad| med=3.352e+00 DEAD=0/150  |s|max=46.9 (data 40.4)
iter  19  loss=8.63443  reward(LCB)=-0.94265 (phys 1.900)  W2 mean=0.69349 max=1.21560
          eta=0.23 violating=124/150 excess=0.50176 penalty=7.52636 (pen/|rew|=7.98x)   ||a||^2=4.02024 lam*=4.020e-02
          cc_act=1.116e-01 cc_state=1.361e-02   |grad| med=2.892e+00 DEAD=0/150  |s|max=47.0 (data 40.4)

final W2=0.69349 vs eta=0.23 -> still binding
      reward(LCB)=-0.94265 (physical yield/step ~ 1.900)
      ||a||^2 0.15444 -> 4.02024 (+2503.1%)

saved -> /home/s2892016/Thesis/MCPILCO/results_expreps/xr_policy_iter2.pt
