==========================================
Starting alpha = 0.001
k = 5
alpha*k = 0.005
Job ID = 3613923
Node = saxa.inf.ed.ac.uk
==========================================
EXACT GP INFERENCE SELECTED
EXACT GP INFERENCE SELECTED
EXACT GP INFERENCE SELECTED
world models:
  phase 0: [0,47.5) h  train pts=800
  phase 1: [47.5,72.5) h  train pts=800
  phase 2: [72.5,inf) h  train pts=800
  -> one shared z-space (verified)
combined state range: [-10.41, 40.38] z
[PFQuery] loaded checkpoint flgfn_corrected.pt
pre-caching 150 expert distributions ...
  eigenvalues @75h: [0.00018914 0.00684495 0.04047211]
windows per model: phase 0: 47  phase 1: 25  phase 2: 78

policy rbf: in=8 out=6 u_max=3.0 params=2808
Reptile: k=5 inner steps, eps=0.5, 10 tasks/meta-iter, 20 meta-iters
  base lr=0.001  inner alpha=0.00100  (= lr*5/k, so alpha*k = 0.0050 is held fixed as k varies -- sweep -lr to move this deliberately)
  gradient-agreement coefficient  0.5*k*(k-1)*alpha = 0.01000   (exactly 0 at k=1, which IS joint training)
L2: lambda=0.01 on ALL SIX channels (additive)
action spread across 5 replicas of one state: 3.323e-06   <-- WARNING: E_a|s degenerate

chance constraints: eps=0.95 -> Phi^-1=1.6449
  action box  alpha=1000.0
  vessel floor alpha=1.0  Wt >= 50000 phys (-1.534 z)
  training data below the floor: 0.0%
meta   0  W2=0.22667  ||a||^2=0.00041  loss=0.22667  |phi-theta|=3.8803e-02
          10 tasks x 5 inner steps  cc_act=0.000e+00 cc_state=0.000e+00  |grad| med=3.048e-03 DEAD=0/50  |s|max=32.9 (data 40.4)
meta   1  W2=0.31535  ||a||^2=0.00050  loss=0.31536  |phi-theta|=4.8338e-02
          10 tasks x 5 inner steps  cc_act=0.000e+00 cc_state=0.000e+00  |grad| med=6.630e-03 DEAD=0/50  |s|max=39.3 (data 40.4)
meta   2  W2=0.16249  ||a||^2=0.00011  loss=0.16249  |phi-theta|=5.1198e-02
          10 tasks x 5 inner steps  cc_act=0.000e+00 cc_state=0.000e+00  |grad| med=1.511e-03 DEAD=0/50  |s|max=31.5 (data 40.4)
meta   3  W2=0.36397  ||a||^2=0.00056  loss=0.36398  |phi-theta|=5.9137e-02
          10 tasks x 5 inner steps  cc_act=0.000e+00 cc_state=0.000e+00  |grad| med=4.941e-03 DEAD=0/50  |s|max=41.2 (data 40.4)
meta   4  W2=0.27915  ||a||^2=0.00037  loss=0.27915  |phi-theta|=5.2432e-02
          10 tasks x 5 inner steps  cc_act=0.000e+00 cc_state=0.000e+00  |grad| med=3.061e-03 DEAD=0/50  |s|max=36.2 (data 40.4)
meta   5  W2=0.25151  ||a||^2=0.00046  loss=0.25151  |phi-theta|=4.2469e-02
          10 tasks x 5 inner steps  cc_act=0.000e+00 cc_state=0.000e+00  |grad| med=2.351e-03 DEAD=0/50  |s|max=36.3 (data 40.4)
meta   6  W2=0.26605  ||a||^2=0.00037  loss=0.26605  |phi-theta|=4.7751e-02
          10 tasks x 5 inner steps  cc_act=0.000e+00 cc_state=0.000e+00  |grad| med=2.310e-03 DEAD=0/50  |s|max=37.2 (data 40.4)
meta   7  W2=0.23232  ||a||^2=0.00024  loss=0.23233  |phi-theta|=4.8726e-02
          10 tasks x 5 inner steps  cc_act=0.000e+00 cc_state=0.000e+00  |grad| med=2.287e-03 DEAD=0/50  |s|max=33.2 (data 40.4)
meta   8  W2=0.28942  ||a||^2=0.00046  loss=0.28942  |phi-theta|=5.1623e-02
          10 tasks x 5 inner steps  cc_act=0.000e+00 cc_state=0.000e+00  |grad| med=4.405e-03 DEAD=0/50  |s|max=35.1 (data 40.4)
meta   9  W2=0.27173  ||a||^2=0.00046  loss=0.27174  |phi-theta|=4.5498e-02
          10 tasks x 5 inner steps  cc_act=0.000e+00 cc_state=0.000e+00  |grad| med=4.507e-03 DEAD=0/50  |s|max=35.4 (data 40.4)
meta  10  W2=0.24702  ||a||^2=0.00032  loss=0.24702  |phi-theta|=4.5222e-02
          10 tasks x 5 inner steps  cc_act=0.000e+00 cc_state=0.000e+00  |grad| med=2.087e-03 DEAD=0/50  |s|max=34.5 (data 40.4)
meta  11  W2=0.24054  ||a||^2=0.00037  loss=0.24054  |phi-theta|=4.0726e-02
          10 tasks x 5 inner steps  cc_act=0.000e+00 cc_state=0.000e+00  |grad| med=2.950e-03 DEAD=0/50  |s|max=36.0 (data 40.4)
meta  12  W2=0.17502  ||a||^2=0.00028  loss=0.17502  |phi-theta|=3.8303e-02
          10 tasks x 5 inner steps  cc_act=0.000e+00 cc_state=0.000e+00  |grad| med=1.315e-03 DEAD=0/50  |s|max=32.0 (data 40.4)
meta  13  W2=0.24861  ||a||^2=0.00041  loss=0.24862  |phi-theta|=4.1078e-02
          10 tasks x 5 inner steps  cc_act=0.000e+00 cc_state=0.000e+00  |grad| med=3.985e-03 DEAD=0/50  |s|max=34.8 (data 40.4)
meta  14  W2=0.21982  ||a||^2=0.00031  loss=0.21982  |phi-theta|=4.3631e-02
          10 tasks x 5 inner steps  cc_act=0.000e+00 cc_state=0.000e+00  |grad| med=2.222e-03 DEAD=0/50  |s|max=33.9 (data 40.4)
meta  15  W2=0.30714  ||a||^2=0.00042  loss=0.30715  |phi-theta|=5.4822e-02
          10 tasks x 5 inner steps  cc_act=0.000e+00 cc_state=0.000e+00  |grad| med=3.270e-03 DEAD=0/50  |s|max=38.6 (data 40.4)
meta  16  W2=0.24880  ||a||^2=0.00048  loss=0.24881  |phi-theta|=4.2335e-02
          10 tasks x 5 inner steps  cc_act=0.000e+00 cc_state=0.000e+00  |grad| med=3.985e-03 DEAD=0/50  |s|max=32.1 (data 40.4)
meta  17  W2=0.27168  ||a||^2=0.00048  loss=0.27169  |phi-theta|=4.4856e-02
          10 tasks x 5 inner steps  cc_act=0.000e+00 cc_state=0.000e+00  |grad| med=4.244e-03 DEAD=0/50  |s|max=35.0 (data 40.4)
meta  18  W2=0.20128  ||a||^2=0.00035  loss=0.20129  |phi-theta|=3.9087e-02
          10 tasks x 5 inner steps  cc_act=0.000e+00 cc_state=0.000e+00  |grad| med=1.975e-03 DEAD=0/50  |s|max=35.0 (data 40.4)
meta  19  W2=0.27033  ||a||^2=0.00037  loss=0.27033  |phi-theta|=4.2555e-02
          10 tasks x 5 inner steps  cc_act=0.000e+00 cc_state=0.000e+00  |grad| med=3.722e-03 DEAD=0/50  |s|max=34.8 (data 40.4)

||a||^2 0.00041 -> 0.00037 (-9.7%)

action spread ACROSS WINDOWS (the thing that collapsed before):
  channel            t=10h     t=50h     t=90h    t=130h       std
  discharge        -0.0008    0.0014   -0.0014   -0.0014    0.0014
  sugar             0.0009    0.0021    0.0105    0.0105    0.0052
  soilbean         -0.0001   -0.0007   -0.0076   -0.0076    0.0042
  aeration         -0.0002   -0.0005    0.0021    0.0021    0.0014
  backpressure     -0.0014   -0.0009    0.0024    0.0024    0.0021
  waterinj          0.0001   -0.0006   -0.0007   -0.0007    0.0004
  (a std of ~0 means one action for every window, whatever the meta-update)

saved -> results_pensim/alpha_sweep/rep_alpha0.001_k5.pt
==========================================
Finished alpha = 0.001, k = 5
==========================================
