seed = 4  (policy init, window draw, particle sampling)
EXACT GP INFERENCE SELECTED
ARM: SINGLE model shared across phases
world models:
  phase 0: [0,47.5) h  train pts=800
  phase 1: [47.5,72.5) h  train pts=800
  phase 2: [72.5,inf) h  train pts=800
  -> one shared z-space (verified)
combined state range: [-7.02, 40.38] z
[PFQuery] loaded checkpoint flgfn_corrected.pt
pre-caching 150 expert distributions (1..150 h) ...
  eigenvalues @75h: [0.00018914 0.00684495 0.04047211]
PHASE 0: t in [0, 47.5) h -> 47 windows
windows per model: phase 0: 47
windows: 47 total over 1..230 h  ->  47 with the W2 constraint (t<=150), 0 reward-only

policy rbf: in=8 out=6 u_max=3.0 params=2808
L2: lambda=0.2 on ALL SIX channels (additive)
action spread across 5 replicas of one state: 6.438e-04   (ok)

chance constraints: eps=0.95 -> Phi^-1=1.6449
  action box  alpha=1000.0
  vessel floor alpha=1.0  Wt >= 50000 phys (-1.534 z)
  training data below the floor: 0.0%
EXACT GP INFERENCE SELECTED

objective: -LCB_reward + 15.0*relu(W2_h - 0.35) + 0.2*||a||^2 + chance
  reward GP : reward_model_base.pt  held-out R^2=0.8571  yield/step mu=3.2279 sd=1.4090
  LCB       : mu_r - 1.0*sigma_r  (not the mean)
  eta       : 0.35  -- measured, the converged W2 of imitation-only policies
  alpha_W2  : 15.0  -- measured, puts the penalty on the reward's scale

penalty targets (physical -> z):
    discharge      lo=     0.0 phys ->  -0.401 z   (z=0 is    254.2 phys, the dataset mean)
    sugar          lo=     7.0 phys ->  -3.865 z   (z=0 is     76.5 phys, the dataset mean)
    soilbean       lo=    21.0 phys ->  -1.360 z   (z=0 is     26.0 phys, the dataset mean)
    aeration       lo=    29.0 phys ->  -3.932 z   (z=0 is     61.0 phys, the dataset mean)
    backpressure   lo=     0.5 phys ->  -3.915 z   (z=0 is      0.9 phys, the dataset mean)
    waterinj       lo=     0.0 phys ->  -1.374 z   (z=0 is    153.7 phys, the dataset mean)
discharge PINNED at 0.0 phys (-0.401 z)
iter   0  loss=1.06425  reward(LCB)=-1.01965 (phys 1.791)  W2 mean=0.10417 max=0.12126
          eta=0.35 violating=0/47 excess=0.00000 penalty=0.00000 (pen/|rew|=0.00x)   ||a||^2=0.21760 lam*=4.352e-02
          windows: 47 imitation+reward, 0 reward-only (t>150 h)   reward early=-1.0196 late=nan
          cc_act=1.077e-03 cc_state=0.000e+00   |grad| med=2.639e-02 DEAD=0/47  |s|max=49.8 (data 40.4)
iter   1  loss=1.01941  reward(LCB)=-0.94381 (phys 1.898)  W2 mean=0.10445 max=0.12194
          eta=0.35 violating=0/47 excess=0.00000 penalty=0.00000 (pen/|rew|=0.00x)   ||a||^2=0.37801 lam*=7.560e-02
          windows: 47 imitation+reward, 0 reward-only (t>150 h)   reward early=-0.9438 late=nan
          cc_act=2.741e-06 cc_state=0.000e+00   |grad| med=3.891e-02 DEAD=0/47  |s|max=54.0 (data 40.4)
iter   2  loss=0.99662  reward(LCB)=-0.90205 (phys 1.957)  W2 mean=0.10424 max=0.12218
          eta=0.35 violating=0/47 excess=0.00000 penalty=0.00000 (pen/|rew|=0.00x)   ||a||^2=0.47268 lam*=9.454e-02
          windows: 47 imitation+reward, 0 reward-only (t>150 h)   reward early=-0.9021 late=nan
          cc_act=2.741e-06 cc_state=2.775e-05   |grad| med=2.401e-02 DEAD=0/47  |s|max=50.4 (data 40.4)
iter   3  loss=0.99900  reward(LCB)=-0.89194 (phys 1.971)  W2 mean=0.10434 max=0.12169
          eta=0.35 violating=0/47 excess=0.00000 penalty=0.00000 (pen/|rew|=0.00x)   ||a||^2=0.53526 lam*=1.071e-01
          windows: 47 imitation+reward, 0 reward-only (t>150 h)   reward early=-0.8919 late=nan
          cc_act=2.741e-06 cc_state=6.597e-06   |grad| med=2.561e-02 DEAD=0/47  |s|max=51.0 (data 40.4)
iter   4  loss=0.98172  reward(LCB)=-0.86196 (phys 2.013)  W2 mean=0.10427 max=0.12139
          eta=0.35 violating=0/47 excess=0.00000 penalty=0.00000 (pen/|rew|=0.00x)   ||a||^2=0.59439 lam*=1.189e-01
          windows: 47 imitation+reward, 0 reward-only (t>150 h)   reward early=-0.8620 late=nan
          cc_act=8.766e-04 cc_state=0.000e+00   |grad| med=2.852e-02 DEAD=0/47  |s|max=49.5 (data 40.4)
iter   5  loss=0.97319  reward(LCB)=-0.85809 (phys 2.019)  W2 mean=0.10433 max=0.12133
          eta=0.35 violating=0/47 excess=0.00000 penalty=0.00000 (pen/|rew|=0.00x)   ||a||^2=0.56263 lam*=1.125e-01
          windows: 47 imitation+reward, 0 reward-only (t>150 h)   reward early=-0.8581 late=nan
          cc_act=2.577e-03 cc_state=0.000e+00   |grad| med=3.021e-02 DEAD=0/47  |s|max=50.5 (data 40.4)
iter   6  loss=0.96462  reward(LCB)=-0.84682 (phys 2.035)  W2 mean=0.10433 max=0.12206
          eta=0.35 violating=0/47 excess=0.00000 penalty=0.00000 (pen/|rew|=0.00x)   ||a||^2=0.58670 lam*=1.173e-01
          windows: 47 imitation+reward, 0 reward-only (t>150 h)   reward early=-0.8468 late=nan
          cc_act=4.640e-04 cc_state=0.000e+00   |grad| med=2.631e-02 DEAD=0/47  |s|max=52.2 (data 40.4)
iter   7  loss=0.96074  reward(LCB)=-0.84685 (phys 2.035)  W2 mean=0.10418 max=0.12227
          eta=0.35 violating=0/47 excess=0.00000 penalty=0.00000 (pen/|rew|=0.00x)   ||a||^2=0.56910 lam*=1.138e-01
          windows: 47 imitation+reward, 0 reward-only (t>150 h)   reward early=-0.8468 late=nan
          cc_act=6.796e-05 cc_state=0.000e+00   |grad| med=2.775e-02 DEAD=0/47  |s|max=52.9 (data 40.4)
iter   8  loss=0.95856  reward(LCB)=-0.83539 (phys 2.051)  W2 mean=0.10425 max=0.12111
          eta=0.35 violating=0/47 excess=0.00000 penalty=0.00000 (pen/|rew|=0.00x)   ||a||^2=0.61391 lam*=1.228e-01
          windows: 47 imitation+reward, 0 reward-only (t>150 h)   reward early=-0.8354 late=nan
          cc_act=3.884e-04 cc_state=0.000e+00   |grad| med=2.260e-02 DEAD=0/47  |s|max=48.3 (data 40.4)
iter   9  loss=0.95896  reward(LCB)=-0.84237 (phys 2.041)  W2 mean=0.10428 max=0.12108
          eta=0.35 violating=0/47 excess=0.00000 penalty=0.00000 (pen/|rew|=0.00x)   ||a||^2=0.58281 lam*=1.166e-01
          windows: 47 imitation+reward, 0 reward-only (t>150 h)   reward early=-0.8424 late=nan
          cc_act=2.581e-05 cc_state=0.000e+00   |grad| med=2.732e-02 DEAD=0/47  |s|max=51.7 (data 40.4)
iter  10  loss=0.95256  reward(LCB)=-0.82911 (phys 2.060)  W2 mean=0.10424 max=0.12142
          eta=0.35 violating=0/47 excess=0.00000 penalty=0.00000 (pen/|rew|=0.00x)   ||a||^2=0.61300 lam*=1.226e-01
          windows: 47 imitation+reward, 0 reward-only (t>150 h)   reward early=-0.8291 late=nan
          cc_act=8.517e-04 cc_state=0.000e+00   |grad| med=2.452e-02 DEAD=0/47  |s|max=48.3 (data 40.4)
iter  11  loss=0.95310  reward(LCB)=-0.83052 (phys 2.058)  W2 mean=0.10430 max=0.12182
          eta=0.35 violating=0/47 excess=0.00000 penalty=0.00000 (pen/|rew|=0.00x)   ||a||^2=0.61180 lam*=1.224e-01
          windows: 47 imitation+reward, 0 reward-only (t>150 h)   reward early=-0.8305 late=nan
          cc_act=2.222e-04 cc_state=0.000e+00   |grad| med=2.269e-02 DEAD=0/47  |s|max=50.1 (data 40.4)
iter  12  loss=0.95758  reward(LCB)=-0.83926 (phys 2.045)  W2 mean=0.10445 max=0.12192
          eta=0.35 violating=0/47 excess=0.00000 penalty=0.00000 (pen/|rew|=0.00x)   ||a||^2=0.58279 lam*=1.166e-01
          windows: 47 imitation+reward, 0 reward-only (t>150 h)   reward early=-0.8393 late=nan
          cc_act=1.753e-03 cc_state=3.287e-06   |grad| med=4.539e-02 DEAD=0/47  |s|max=50.0 (data 40.4)
iter  13  loss=0.94947  reward(LCB)=-0.82816 (phys 2.061)  W2 mean=0.10434 max=0.12129
          eta=0.35 violating=0/47 excess=0.00000 penalty=0.00000 (pen/|rew|=0.00x)   ||a||^2=0.60433 lam*=1.209e-01
          windows: 47 imitation+reward, 0 reward-only (t>150 h)   reward early=-0.8282 late=nan
          cc_act=4.437e-04 cc_state=0.000e+00   |grad| med=2.967e-02 DEAD=0/47  |s|max=51.0 (data 40.4)
iter  14  loss=0.95248  reward(LCB)=-0.83259 (phys 2.055)  W2 mean=0.10427 max=0.12147
          eta=0.35 violating=0/47 excess=0.00000 penalty=0.00000 (pen/|rew|=0.00x)   ||a||^2=0.59867 lam*=1.197e-01
          windows: 47 imitation+reward, 0 reward-only (t>150 h)   reward early=-0.8326 late=nan
          cc_act=1.410e-04 cc_state=8.711e-06   |grad| med=3.046e-02 DEAD=0/47  |s|max=50.4 (data 40.4)
iter  15  loss=0.95314  reward(LCB)=-0.83398 (phys 2.053)  W2 mean=0.10431 max=0.12221
          eta=0.35 violating=0/47 excess=0.00000 penalty=0.00000 (pen/|rew|=0.00x)   ||a||^2=0.59153 lam*=1.183e-01
          windows: 47 imitation+reward, 0 reward-only (t>150 h)   reward early=-0.8340 late=nan
          cc_act=8.474e-04 cc_state=3.506e-06   |grad| med=3.028e-02 DEAD=0/47  |s|max=49.6 (data 40.4)
iter  16  loss=0.95076  reward(LCB)=-0.82341 (phys 2.068)  W2 mean=0.10424 max=0.12153
          eta=0.35 violating=0/47 excess=0.00000 penalty=0.00000 (pen/|rew|=0.00x)   ||a||^2=0.63669 lam*=1.273e-01
          windows: 47 imitation+reward, 0 reward-only (t>150 h)   reward early=-0.8234 late=nan
          cc_act=2.741e-06 cc_state=3.688e-06   |grad| med=1.925e-02 DEAD=0/47  |s|max=49.2 (data 40.4)
iter  17  loss=0.94045  reward(LCB)=-0.81519 (phys 2.079)  W2 mean=0.10449 max=0.12212
          eta=0.35 violating=0/47 excess=0.00000 penalty=0.00000 (pen/|rew|=0.00x)   ||a||^2=0.62610 lam*=1.252e-01
          windows: 47 imitation+reward, 0 reward-only (t>150 h)   reward early=-0.8152 late=nan
          cc_act=4.083e-05 cc_state=0.000e+00   |grad| med=2.705e-02 DEAD=0/47  |s|max=49.8 (data 40.4)
iter  18  loss=0.94375  reward(LCB)=-0.81701 (phys 2.077)  W2 mean=0.10439 max=0.12155
          eta=0.35 violating=0/47 excess=0.00000 penalty=0.00000 (pen/|rew|=0.00x)   ||a||^2=0.63364 lam*=1.267e-01
          windows: 47 imitation+reward, 0 reward-only (t>150 h)   reward early=-0.8170 late=nan
          cc_act=2.741e-06 cc_state=0.000e+00   |grad| med=2.121e-02 DEAD=0/47  |s|max=51.7 (data 40.4)
iter  19  loss=0.95243  reward(LCB)=-0.82430 (phys 2.066)  W2 mean=0.10421 max=0.12144
          eta=0.35 violating=0/47 excess=0.00000 penalty=0.00000 (pen/|rew|=0.00x)   ||a||^2=0.63791 lam*=1.276e-01
          windows: 47 imitation+reward, 0 reward-only (t>150 h)   reward early=-0.8243 late=nan
          cc_act=5.447e-04 cc_state=0.000e+00   |grad| med=2.160e-02 DEAD=0/47  |s|max=48.9 (data 40.4)

final W2=0.10421 vs eta=0.35 -> FEASIBLE
      reward(LCB)=-0.82430 (physical yield/step ~ 2.066)
      ||a||^2 0.21760 -> 0.63791 (+193.2%)

saved -> /home/s2892016/Thesis/MCPILCO/results_ablation/B_s4_ph0.pt
