seed = 4  (policy init, window draw, particle sampling)
EXACT GP INFERENCE SELECTED
ARM: SINGLE model shared across phases
world models:
  phase 0: [0,47.5) h  train pts=800
  phase 1: [47.5,72.5) h  train pts=800
  phase 2: [72.5,inf) h  train pts=800
  -> one shared z-space (verified)
combined state range: [-7.02, 40.38] z
[PFQuery] loaded checkpoint flgfn_corrected.pt
pre-caching 150 expert distributions (1..150 h) ...
  eigenvalues @75h: [0.00018914 0.00684495 0.04047211]
PHASE 1: t in [47.5, 72.5) h -> 25 windows
windows per model: phase 1: 25
windows: 25 total over 1..230 h  ->  25 with the W2 constraint (t<=150), 0 reward-only

policy rbf: in=8 out=6 u_max=3.0 params=2808
L2: lambda=0.0 on ALL SIX channels (additive)
action spread across 5 replicas of one state: 6.438e-04   (ok)

chance constraints: eps=0.95 -> Phi^-1=1.6449
  action box  alpha=1000.0
  vessel floor alpha=1.0  Wt >= 50000 phys (-1.534 z)
  training data below the floor: 0.0%
EXACT GP INFERENCE SELECTED

objective: -LCB_reward + 15.0*relu(W2_h - 0.35) + 0.0*||a||^2 + chance
  reward GP : reward_model_base.pt  held-out R^2=0.8571  yield/step mu=3.2279 sd=1.4090
  LCB       : mu_r - 1.0*sigma_r  (not the mean)
  eta       : 0.35  -- measured, the converged W2 of imitation-only policies
  alpha_W2  : 15.0  -- measured, puts the penalty on the reward's scale

penalty targets (physical -> z):
    discharge      lo=     0.0 phys ->  -0.401 z   (z=0 is    254.2 phys, the dataset mean)
    sugar          lo=     7.0 phys ->  -3.865 z   (z=0 is     76.5 phys, the dataset mean)
    soilbean       lo=    21.0 phys ->  -1.360 z   (z=0 is     26.0 phys, the dataset mean)
    aeration       lo=    29.0 phys ->  -3.932 z   (z=0 is     61.0 phys, the dataset mean)
    backpressure   lo=     0.5 phys ->  -3.915 z   (z=0 is      0.9 phys, the dataset mean)
    waterinj       lo=     0.0 phys ->  -1.374 z   (z=0 is    153.7 phys, the dataset mean)
iter   0  loss=1.04885  reward(LCB)=-1.04883 (phys 1.750)  W2 mean=0.10122 max=0.12040
          eta=0.35 violating=0/25 excess=0.00000 penalty=0.00000 (pen/|rew|=0.00x)   ||a||^2=0.00360 lam*=0.000e+00
          windows: 25 imitation+reward, 0 reward-only (t>150 h)   reward early=-1.0488 late=nan
          cc_act=0.000e+00 cc_state=1.536e-05   |grad| med=1.656e-02 DEAD=0/25  |s|max=51.1 (data 40.4)
iter   1  loss=1.02240  reward(LCB)=-1.01714 (phys 1.795)  W2 mean=0.10100 max=0.12034
          eta=0.35 violating=0/25 excess=0.00000 penalty=0.00000 (pen/|rew|=0.00x)   ||a||^2=0.08985 lam*=0.000e+00
          windows: 25 imitation+reward, 0 reward-only (t>150 h)   reward early=-1.0171 late=nan
          cc_act=5.227e-03 cc_state=3.022e-05   |grad| med=8.140e-02 DEAD=0/25  |s|max=49.8 (data 40.4)
iter   2  loss=0.97743  reward(LCB)=-0.96992 (phys 1.861)  W2 mean=0.10115 max=0.12023
          eta=0.35 violating=0/25 excess=0.00000 penalty=0.00000 (pen/|rew|=0.00x)   ||a||^2=0.33026 lam*=0.000e+00
          windows: 25 imitation+reward, 0 reward-only (t>150 h)   reward early=-0.9699 late=nan
          cc_act=7.506e-03 cc_state=8.795e-06   |grad| med=1.202e-01 DEAD=0/25  |s|max=53.3 (data 40.4)
iter   3  loss=0.94117  reward(LCB)=-0.93553 (phys 1.910)  W2 mean=0.10080 max=0.11960
          eta=0.35 violating=0/25 excess=0.00000 penalty=0.00000 (pen/|rew|=0.00x)   ||a||^2=0.81816 lam*=0.000e+00
          windows: 25 imitation+reward, 0 reward-only (t>150 h)   reward early=-0.9355 late=nan
          cc_act=5.643e-03 cc_state=0.000e+00   |grad| med=1.556e-01 DEAD=0/25  |s|max=52.4 (data 40.4)
iter   4  loss=0.89305  reward(LCB)=-0.88481 (phys 1.981)  W2 mean=0.10089 max=0.12007
          eta=0.35 violating=0/25 excess=0.00000 penalty=0.00000 (pen/|rew|=0.00x)   ||a||^2=1.60136 lam*=0.000e+00
          windows: 25 imitation+reward, 0 reward-only (t>150 h)   reward early=-0.8848 late=nan
          cc_act=8.231e-03 cc_state=1.613e-05   |grad| med=1.840e-01 DEAD=0/25  |s|max=51.5 (data 40.4)
iter   5  loss=0.86121  reward(LCB)=-0.85273 (phys 2.026)  W2 mean=0.10059 max=0.11964
          eta=0.35 violating=0/25 excess=0.00000 penalty=0.00000 (pen/|rew|=0.00x)   ||a||^2=2.27749 lam*=0.000e+00
          windows: 25 imitation+reward, 0 reward-only (t>150 h)   reward early=-0.8527 late=nan
          cc_act=8.423e-03 cc_state=5.791e-05   |grad| med=2.178e-01 DEAD=0/25  |s|max=51.6 (data 40.4)
iter   6  loss=0.85326  reward(LCB)=-0.84945 (phys 2.031)  W2 mean=0.10080 max=0.11984
          eta=0.35 violating=0/25 excess=0.00000 penalty=0.00000 (pen/|rew|=0.00x)   ||a||^2=2.63834 lam*=0.000e+00
          windows: 25 imitation+reward, 0 reward-only (t>150 h)   reward early=-0.8494 late=nan
          cc_act=3.789e-03 cc_state=2.003e-05   |grad| med=2.018e-01 DEAD=0/25  |s|max=50.7 (data 40.4)
iter   7  loss=0.82627  reward(LCB)=-0.81728 (phys 2.076)  W2 mean=0.10064 max=0.11940
          eta=0.35 violating=0/25 excess=0.00000 penalty=0.00000 (pen/|rew|=0.00x)   ||a||^2=3.57064 lam*=0.000e+00
          windows: 25 imitation+reward, 0 reward-only (t>150 h)   reward early=-0.8173 late=nan
          cc_act=8.948e-03 cc_state=3.582e-05   |grad| med=2.053e-01 DEAD=0/25  |s|max=48.6 (data 40.4)
iter   8  loss=0.80179  reward(LCB)=-0.79666 (phys 2.105)  W2 mean=0.10064 max=0.12059
          eta=0.35 violating=0/25 excess=0.00000 penalty=0.00000 (pen/|rew|=0.00x)   ||a||^2=3.98288 lam*=0.000e+00
          windows: 25 imitation+reward, 0 reward-only (t>150 h)   reward early=-0.7967 late=nan
          cc_act=5.131e-03 cc_state=0.000e+00   |grad| med=2.002e-01 DEAD=0/25  |s|max=51.4 (data 40.4)
iter   9  loss=0.78526  reward(LCB)=-0.78085 (phys 2.128)  W2 mean=0.10072 max=0.12036
          eta=0.35 violating=0/25 excess=0.00000 penalty=0.00000 (pen/|rew|=0.00x)   ||a||^2=4.25717 lam*=0.000e+00
          windows: 25 imitation+reward, 0 reward-only (t>150 h)   reward early=-0.7809 late=nan
          cc_act=4.405e-03 cc_state=0.000e+00   |grad| med=1.930e-01 DEAD=0/25  |s|max=51.4 (data 40.4)
iter  10  loss=0.78257  reward(LCB)=-0.77528 (phys 2.136)  W2 mean=0.10072 max=0.11954
          eta=0.35 violating=0/25 excess=0.00000 penalty=0.00000 (pen/|rew|=0.00x)   ||a||^2=4.52931 lam*=0.000e+00
          windows: 25 imitation+reward, 0 reward-only (t>150 h)   reward early=-0.7753 late=nan
          cc_act=7.291e-03 cc_state=1.188e-06   |grad| med=1.792e-01 DEAD=0/25  |s|max=51.2 (data 40.4)
iter  11  loss=0.78267  reward(LCB)=-0.77148 (phys 2.141)  W2 mean=0.10062 max=0.11993
          eta=0.35 violating=0/25 excess=0.00000 penalty=0.00000 (pen/|rew|=0.00x)   ||a||^2=4.70653 lam*=0.000e+00
          windows: 25 imitation+reward, 0 reward-only (t>150 h)   reward early=-0.7715 late=nan
          cc_act=1.119e-02 cc_state=6.691e-07   |grad| med=1.839e-01 DEAD=0/25  |s|max=53.5 (data 40.4)
iter  12  loss=0.74803  reward(LCB)=-0.74576 (phys 2.177)  W2 mean=0.10071 max=0.11945
          eta=0.35 violating=0/25 excess=0.00000 penalty=0.00000 (pen/|rew|=0.00x)   ||a||^2=5.15904 lam*=0.000e+00
          windows: 25 imitation+reward, 0 reward-only (t>150 h)   reward early=-0.7458 late=nan
          cc_act=2.263e-03 cc_state=1.323e-05   |grad| med=1.732e-01 DEAD=0/25  |s|max=51.7 (data 40.4)
iter  13  loss=0.75976  reward(LCB)=-0.75275 (phys 2.167)  W2 mean=0.10082 max=0.11959
          eta=0.35 violating=0/25 excess=0.00000 penalty=0.00000 (pen/|rew|=0.00x)   ||a||^2=5.09577 lam*=0.000e+00
          windows: 25 imitation+reward, 0 reward-only (t>150 h)   reward early=-0.7527 late=nan
          cc_act=6.978e-03 cc_state=4.018e-05   |grad| med=1.869e-01 DEAD=0/25  |s|max=52.9 (data 40.4)
iter  14  loss=0.74906  reward(LCB)=-0.74414 (phys 2.179)  W2 mean=0.10080 max=0.11993
          eta=0.35 violating=0/25 excess=0.00000 penalty=0.00000 (pen/|rew|=0.00x)   ||a||^2=5.36393 lam*=0.000e+00
          windows: 25 imitation+reward, 0 reward-only (t>150 h)   reward early=-0.7441 late=nan
          cc_act=4.901e-03 cc_state=1.687e-05   |grad| med=1.622e-01 DEAD=0/25  |s|max=50.2 (data 40.4)
iter  15  loss=0.75067  reward(LCB)=-0.74449 (phys 2.179)  W2 mean=0.10065 max=0.11902
          eta=0.35 violating=0/25 excess=0.00000 penalty=0.00000 (pen/|rew|=0.00x)   ||a||^2=5.22644 lam*=0.000e+00
          windows: 25 imitation+reward, 0 reward-only (t>150 h)   reward early=-0.7445 late=nan
          cc_act=6.186e-03 cc_state=3.297e-06   |grad| med=2.140e-01 DEAD=0/25  |s|max=51.6 (data 40.4)
iter  16  loss=0.73159  reward(LCB)=-0.72465 (phys 2.207)  W2 mean=0.10045 max=0.12013
          eta=0.35 violating=0/25 excess=0.00000 penalty=0.00000 (pen/|rew|=0.00x)   ||a||^2=6.02177 lam*=0.000e+00
          windows: 25 imitation+reward, 0 reward-only (t>150 h)   reward early=-0.7246 late=nan
          cc_act=6.942e-03 cc_state=0.000e+00   |grad| med=1.270e-01 DEAD=0/25  |s|max=49.3 (data 40.4)
iter  17  loss=0.72611  reward(LCB)=-0.71977 (phys 2.214)  W2 mean=0.10058 max=0.11979
          eta=0.35 violating=0/25 excess=0.00000 penalty=0.00000 (pen/|rew|=0.00x)   ||a||^2=5.63322 lam*=0.000e+00
          windows: 25 imitation+reward, 0 reward-only (t>150 h)   reward early=-0.7198 late=nan
          cc_act=6.325e-03 cc_state=1.383e-05   |grad| med=2.022e-01 DEAD=0/25  |s|max=52.4 (data 40.4)
iter  18  loss=0.73429  reward(LCB)=-0.71760 (phys 2.217)  W2 mean=0.10061 max=0.11930
          eta=0.35 violating=0/25 excess=0.00000 penalty=0.00000 (pen/|rew|=0.00x)   ||a||^2=5.88109 lam*=0.000e+00
          windows: 25 imitation+reward, 0 reward-only (t>150 h)   reward early=-0.7176 late=nan
          cc_act=1.669e-02 cc_state=0.000e+00   |grad| med=1.416e-01 DEAD=0/25  |s|max=51.3 (data 40.4)
iter  19  loss=0.73024  reward(LCB)=-0.72445 (phys 2.207)  W2 mean=0.10059 max=0.11988
          eta=0.35 violating=0/25 excess=0.00000 penalty=0.00000 (pen/|rew|=0.00x)   ||a||^2=5.82624 lam*=0.000e+00
          windows: 25 imitation+reward, 0 reward-only (t>150 h)   reward early=-0.7245 late=nan
          cc_act=5.778e-03 cc_state=4.562e-06   |grad| med=1.894e-01 DEAD=0/25  |s|max=50.6 (data 40.4)

final W2=0.10059 vs eta=0.35 -> FEASIBLE
      reward(LCB)=-0.72445 (physical yield/step ~ 2.207)
      ||a||^2 0.00360 -> 5.82624 (+161648.3%)

saved -> /home/s2892016/Thesis/MCPILCO/results_ablation/B_s4_ph1.pt
