=== training world model: phase=1 (abl_ph1)  n_keep=800  n_epoch=2001  select=pivchol ===
[loop] reusing frozen standardizer stats from /home/s2892016/Thesis/MCPILCO/results_pensim/rbf_model_bnd_rbf_iter0_phase0.pt
[pensim] dataset folder (PENSIM_DATA_DIR): /home/s2892016/Thesis/deps/smpl/smpl/configdata/pensim_abl_data  (12 CSVs)
max observations: [2.76000000e+02 8.05261517e+00 3.62841400e+02 6.85863686e+00
 2.70000000e+02 1.80000012e+03 9.46039368e+02 1.26920055e+05
 2.39494171e+01]
min observations: [1.6000001e-01 4.5955915e+00 2.3797954e+02 0.0000000e+00 0.0000000e+00
 0.0000000e+00 0.0000000e+00 5.0006516e+04 2.3598127e+00]
dataset max observations: [2.30000000e+02 6.63759613e+00 2.99986786e+02 4.67915392e+00
 2.25000000e+02 7.80477295e+02 4.72615326e+02 1.03417805e+05
 1.93880215e+01]
dataset min observations: [2.0000000e-01 6.0929465e+00 2.9777319e+02 0.0000000e+00 0.0000000e+00
 9.9999997e-05 9.9999997e-05 6.2508551e+04 9.0607529e+00]
max actions: [4.10e+03 1.51e+02 3.60e+01 7.60e+01 1.20e+00 5.10e+02]
min actions: [ 0.   7.  21.  29.   0.5  0. ]
dataset max actions: [4.094559e+03 1.470660e+02 3.580100e+01 7.514100e+01 1.132000e+00
 5.038400e+02]
dataset min actions: [ 0.     7.361 21.249 29.636  0.545  0.   ]
normalize: True
using max/min observations and actions.
[pensim] using SAVED standardizer statistics
[pensim] loader time bounds: [0.16, 276.00] h
[pensim] 13800 transitions | obs 8d act 6d
[pensim] obs per-dim std: [0.4526 0.8363 1.2336 0.9313 0.7903 0.7467 0.9281 1.2807]
[pensim] time range: 0.20 .. 230.00 h
[pensim]   phase 0 [0, 47.5) h: 2844 transitions
[pensim]   phase 1 [47.5, 72.5) h: 1500 transitions
[pensim]   phase 2 [72.5, inf) h: 9456 transitions
[std] fitted on 13800 transitions (12.00 CSVs)  [PINNED via -std_from]
[std] obs_sd = [0.0329  0.00339 0.03372 0.30286 0.17267 0.11814 0.34974 0.11855]
[std] act_sd = [0.30882 0.24979 0.48691 0.34592 0.29527 0.43871]
[pensim] phase 1: t in [47.5, 72.5) h  ->  1500 of 13800 transitions (10.9%)
[pivchol] selected 800/1300 points  (residual trace 8.510e-02)
train N=800   test N=200   gp input dim=14   num_gp=8
training-set time span: 47.60 .. 72.40 h
EXACT GP INFERENCE SELECTED

Initial parameters:
 parameters:
- sigma_n_log : tensor([-4.6052], dtype=torch.float64)
- log_lengthscales_par : tensor([0., 0., 0., 0., 0., 0., 0., 0., 0., 0., 0., 0., 0., 0.],
       dtype=torch.float64)
- log_lambda_par : tensor([0.], dtype=torch.float64)
- mean_par : tensor([0.], dtype=torch.float64)

EPOCH: 0
 parameters:
- sigma_n_log : tensor([-4.6152], dtype=torch.float64)
- log_lengthscales_par : tensor([ 1.0000e-02,  1.0000e-02, -1.0073e-08,  1.0000e-02,  1.0000e-02,
         1.0000e-02,  1.0000e-02,  1.0000e-02,  4.5256e-07,  1.0000e-02,
         1.0000e-02,  1.0000e-02,  1.0000e-02,  1.0000e-02],
       dtype=torch.float64)
- log_lambda_par : tensor([-0.0100], dtype=torch.float64)
- mean_par : tensor([0.], dtype=torch.float64)
Running loss: -763.9720740571877
Time elapsed: 1.484208583831787

EPOCH: 1000
 parameters:
- sigma_n_log : tensor([-4.0526], dtype=torch.float64)
- log_lengthscales_par : tensor([1.0094e+00, 2.5494e+00, 1.4463e-05, 1.2631e+00, 2.5285e+00, 3.4661e+00,
        1.2673e+00, 2.4198e+00, 1.8117e-03, 1.9668e+00, 2.1237e+00, 2.7563e+00,
        2.5690e+00, 3.2375e+00], dtype=torch.float64)
- log_lambda_par : tensor([-2.3861], dtype=torch.float64)
- mean_par : tensor([0.], dtype=torch.float64)
Running loss: -2745.8676073953025
Time elapsed: 353.3068940639496

EPOCH: 2000
 parameters:
- sigma_n_log : tensor([-4.0538], dtype=torch.float64)
- log_lengthscales_par : tensor([ 3.3336e-01,  3.0674e+00, -2.7838e-05,  1.0103e+00,  2.8163e+00,
         4.2202e+00,  7.1448e-01,  2.8002e+00,  1.3540e-03,  1.4654e+00,
         1.9915e+00,  3.6942e+00,  3.1951e+00,  2.6708e+00],
       dtype=torch.float64)
- log_lambda_par : tensor([-3.0488], dtype=torch.float64)
- mean_par : tensor([0.], dtype=torch.float64)
Running loss: -2756.110070176481
Time elapsed: 352.3743917942047

Final parameters:
 parameters:
- sigma_n_log : tensor([-4.0538], dtype=torch.float64)
- log_lengthscales_par : tensor([ 3.3336e-01,  3.0674e+00, -2.7838e-05,  1.0103e+00,  2.8163e+00,
         4.2202e+00,  7.1448e-01,  2.8002e+00,  1.3540e-03,  1.4654e+00,
         1.9915e+00,  3.6942e+00,  3.1951e+00,  2.6708e+00],
       dtype=torch.float64)
- log_lambda_par : tensor([-3.0488], dtype=torch.float64)
- mean_par : tensor([0.], dtype=torch.float64)
MSE gp 0:  tensor(0.0003, dtype=torch.float64)

Initial parameters:
 parameters:
- sigma_n_log : tensor([-4.6052], dtype=torch.float64)
- log_lengthscales_par : tensor([0., 0., 0., 0., 0., 0., 0., 0., 0., 0., 0., 0., 0., 0.],
       dtype=torch.float64)
- log_lambda_par : tensor([0.], dtype=torch.float64)
- mean_par : tensor([0.], dtype=torch.float64)

EPOCH: 0
 parameters:
- sigma_n_log : tensor([-4.5952], dtype=torch.float64)
- log_lengthscales_par : tensor([-1.0000e-02, -1.0000e-02,  8.4656e-07, -1.0000e-02, -1.0000e-02,
         1.0000e-02, -1.0000e-02, -1.0000e-02,  9.0952e-05, -1.0000e-02,
        -1.0000e-02, -1.0000e-02, -1.0000e-02, -1.0000e-02],
       dtype=torch.float64)
- log_lambda_par : tensor([0.0100], dtype=torch.float64)
- mean_par : tensor([0.], dtype=torch.float64)
Running loss: 4268.692171859712
Time elapsed: 0.3782193660736084

EPOCH: 1000
 parameters:
- sigma_n_log : tensor([-1.6396], dtype=torch.float64)
- log_lengthscales_par : tensor([ 1.7559e+00, -1.5816e+00, -1.6662e-05,  1.2255e+00, -3.8054e-01,
         2.5957e+00,  1.6966e+00,  2.0514e+00, -2.5649e-05,  1.7649e+00,
         1.4339e+00,  1.1406e+00,  1.8345e+00,  3.4926e+00],
       dtype=torch.float64)
- log_lambda_par : tensor([0.2639], dtype=torch.float64)
- mean_par : tensor([0.], dtype=torch.float64)
Running loss: -377.7038610778849
Time elapsed: 353.414178609848

EPOCH: 2000
 parameters:
- sigma_n_log : tensor([-2.2346], dtype=torch.float64)
- log_lengthscales_par : tensor([ 2.8192e+00, -2.7499e+00, -1.8087e-05,  2.9067e+00,  4.8159e-01,
         3.5858e+00,  3.2283e+00,  3.5042e+00, -1.0014e-05,  3.5462e+00,
         2.9493e+00,  2.7557e+00,  3.8222e+00,  3.4905e+00],
       dtype=torch.float64)
- log_lambda_par : tensor([0.4792], dtype=torch.float64)
- mean_par : tensor([0.], dtype=torch.float64)
Running loss: -599.0714795737447
Time elapsed: 372.53317856788635

Final parameters:
 parameters:
- sigma_n_log : tensor([-2.2346], dtype=torch.float64)
- log_lengthscales_par : tensor([ 2.8192e+00, -2.7499e+00, -1.8087e-05,  2.9067e+00,  4.8159e-01,
         3.5858e+00,  3.2283e+00,  3.5042e+00, -1.0014e-05,  3.5462e+00,
         2.9493e+00,  2.7557e+00,  3.8222e+00,  3.4905e+00],
       dtype=torch.float64)
- log_lambda_par : tensor([0.4792], dtype=torch.float64)
- mean_par : tensor([0.], dtype=torch.float64)
MSE gp 1:  tensor(0.0055, dtype=torch.float64)

Initial parameters:
 parameters:
- sigma_n_log : tensor([-4.6052], dtype=torch.float64)
- log_lengthscales_par : tensor([0., 0., 0., 0., 0., 0., 0., 0., 0., 0., 0., 0., 0., 0.],
       dtype=torch.float64)
- log_lambda_par : tensor([0.], dtype=torch.float64)
- mean_par : tensor([0.], dtype=torch.float64)

EPOCH: 0
 parameters:
- sigma_n_log : tensor([-4.6152], dtype=torch.float64)
- log_lengthscales_par : tensor([ 1.0000e-02,  1.0000e-02, -8.1201e-09,  1.0000e-02,  1.0000e-02,
         1.0000e-02,  1.0000e-02,  1.0000e-02, -2.0370e-08,  1.0000e-02,
         1.0000e-02,  1.0000e-02,  1.0000e-02,  1.0000e-02],
       dtype=torch.float64)
- log_lambda_par : tensor([-0.0100], dtype=torch.float64)
- mean_par : tensor([0.], dtype=torch.float64)
Running loss: -769.6234036722344
Time elapsed: 0.38356637954711914

EPOCH: 1000
 parameters:
- sigma_n_log : tensor([-11.1825], dtype=torch.float64)
- log_lengthscales_par : tensor([4.3599e+00, 3.8721e+00, 2.4645e-03, 4.0552e+00, 4.1871e+00, 4.9531e+00,
        4.6486e+00, 4.1858e+00, 2.7198e-02, 4.3525e+00, 4.1759e+00, 4.1455e+00,
        4.2809e+00, 5.6994e+00], dtype=torch.float64)
- log_lambda_par : tensor([-4.3325], dtype=torch.float64)
- mean_par : tensor([0.], dtype=torch.float64)
Running loss: -7229.84759604717
Time elapsed: 349.69999980926514

EPOCH: 2000
 parameters:
- sigma_n_log : tensor([-11.8904], dtype=torch.float64)
- log_lengthscales_par : tensor([5.1481e+00, 4.7997e+00, 1.7119e-03, 4.9354e+00, 5.1657e+00, 5.9318e+00,
        5.7919e+00, 5.1489e+00, 2.7230e-03, 5.2235e+00, 5.0777e+00, 5.0074e+00,
        5.1760e+00, 6.7698e+00], dtype=torch.float64)
- log_lambda_par : tensor([-5.9029], dtype=torch.float64)
- mean_par : tensor([0.], dtype=torch.float64)
Running loss: -7308.8677612031115
Time elapsed: 350.5824649333954

Final parameters:
 parameters:
- sigma_n_log : tensor([-11.8904], dtype=torch.float64)
- log_lengthscales_par : tensor([5.1481e+00, 4.7997e+00, 1.7119e-03, 4.9354e+00, 5.1657e+00, 5.9318e+00,
        5.7919e+00, 5.1489e+00, 2.7230e-03, 5.2235e+00, 5.0777e+00, 5.0074e+00,
        5.1760e+00, 6.7698e+00], dtype=torch.float64)
- log_lambda_par : tensor([-5.9029], dtype=torch.float64)
- mean_par : tensor([0.], dtype=torch.float64)
MSE gp 2:  tensor(0., dtype=torch.float64)

Initial parameters:
 parameters:
- sigma_n_log : tensor([-4.6052], dtype=torch.float64)
- log_lengthscales_par : tensor([0., 0., 0., 0., 0., 0., 0., 0., 0., 0., 0., 0., 0., 0.],
       dtype=torch.float64)
- log_lambda_par : tensor([0.], dtype=torch.float64)
- mean_par : tensor([0.], dtype=torch.float64)

EPOCH: 0
 parameters:
- sigma_n_log : tensor([-4.6152], dtype=torch.float64)
- log_lengthscales_par : tensor([1.0000e-02, 1.0000e-02, 8.4205e-09, 1.0000e-02, 1.0000e-02, 1.0000e-02,
        1.0000e-02, 1.0000e-02, 1.9545e-07, 1.0000e-02, 1.0000e-02, 1.0000e-02,
        1.0000e-02, 1.0000e-02], dtype=torch.float64)
- log_lambda_par : tensor([-0.0100], dtype=torch.float64)
- mean_par : tensor([0.], dtype=torch.float64)
Running loss: -768.3933562469306
Time elapsed: 0.3788795471191406

EPOCH: 1000
 parameters:
- sigma_n_log : tensor([-10.9924], dtype=torch.float64)
- log_lengthscales_par : tensor([ 4.8014e-01,  3.9665e+00,  2.7659e-03,  3.8475e+00,  4.2038e+00,
         4.9285e+00,  4.4388e+00,  4.2588e+00, -5.8699e-01,  3.8252e+00,
         4.3593e+00,  4.3722e+00,  4.3656e+00,  5.6940e+00],
       dtype=torch.float64)
- log_lambda_par : tensor([-3.4478], dtype=torch.float64)
- mean_par : tensor([0.], dtype=torch.float64)
Running loss: -6972.220849253016
Time elapsed: 354.19550943374634

EPOCH: 2000
 parameters:
- sigma_n_log : tensor([-11.6457], dtype=torch.float64)
- log_lengthscales_par : tensor([ 0.4154,  4.8452, -0.0803,  3.9222,  4.6975,  5.3317,  4.9867,  5.4559,
        -0.7524,  3.6668,  5.2697,  5.6555,  5.3342,  6.4138],
       dtype=torch.float64)
- log_lambda_par : tensor([-3.4584], dtype=torch.float64)
- mean_par : tensor([0.], dtype=torch.float64)
Running loss: -7015.993643972605
Time elapsed: 353.863156080246

Final parameters:
 parameters:
- sigma_n_log : tensor([-11.6457], dtype=torch.float64)
- log_lengthscales_par : tensor([ 0.4154,  4.8452, -0.0803,  3.9222,  4.6975,  5.3317,  4.9867,  5.4559,
        -0.7524,  3.6668,  5.2697,  5.6555,  5.3342,  6.4138],
       dtype=torch.float64)
- log_lambda_par : tensor([-3.4584], dtype=torch.float64)
- mean_par : tensor([0.], dtype=torch.float64)
MSE gp 3:  tensor(4.1228e-09, dtype=torch.float64)

Initial parameters:
 parameters:
- sigma_n_log : tensor([-4.6052], dtype=torch.float64)
- log_lengthscales_par : tensor([0., 0., 0., 0., 0., 0., 0., 0., 0., 0., 0., 0., 0., 0.],
       dtype=torch.float64)
- log_lambda_par : tensor([0.], dtype=torch.float64)
- mean_par : tensor([0.], dtype=torch.float64)

EPOCH: 0
 parameters:
- sigma_n_log : tensor([-4.5952], dtype=torch.float64)
- log_lengthscales_par : tensor([ 1.0000e-02, -1.0000e-02, -2.8834e-07,  1.0000e-02, -1.0000e-02,
         1.0000e-02,  1.0000e-02,  1.0000e-02,  7.1237e-06,  1.0000e-02,
         1.0000e-02,  1.0000e-02,  1.0000e-02,  1.0000e-02],
       dtype=torch.float64)
- log_lambda_par : tensor([-0.0100], dtype=torch.float64)
- mean_par : tensor([0.], dtype=torch.float64)
Running loss: -431.11008407757566
Time elapsed: 0.3793051242828369

EPOCH: 1000
 parameters:
- sigma_n_log : tensor([-2.8659], dtype=torch.float64)
- log_lengthscales_par : tensor([ 3.5597e+00, -1.3397e+00, -4.9143e-06,  3.8944e+00,  7.8504e-01,
         1.9744e+00,  3.1639e+00,  3.9418e+00,  3.4026e-06,  3.5356e+00,
         3.4089e+00,  3.2960e+00,  4.3165e+00,  3.1701e+00],
       dtype=torch.float64)
- log_lambda_par : tensor([-0.0779], dtype=torch.float64)
- mean_par : tensor([0.], dtype=torch.float64)
Running loss: -1471.730149339354
Time elapsed: 353.9437925815582

EPOCH: 2000
 parameters:
- sigma_n_log : tensor([-2.8552], dtype=torch.float64)
- log_lengthscales_par : tensor([ 4.5301e+00, -1.3457e+00,  5.5568e-05,  4.9513e+00,  9.1800e-01,
         2.0697e+00,  2.8300e+00,  4.9495e+00,  4.2337e-03,  3.6750e+00,
         3.6620e+00,  4.2718e+00,  5.4701e+00,  3.2982e+00],
       dtype=torch.float64)
- log_lambda_par : tensor([0.1383], dtype=torch.float64)
- mean_par : tensor([0.], dtype=torch.float64)
Running loss: -1479.2319366166998
Time elapsed: 354.0682280063629

Final parameters:
 parameters:
- sigma_n_log : tensor([-2.8552], dtype=torch.float64)
- log_lengthscales_par : tensor([ 4.5301e+00, -1.3457e+00,  5.5568e-05,  4.9513e+00,  9.1800e-01,
         2.0697e+00,  2.8300e+00,  4.9495e+00,  4.2337e-03,  3.6750e+00,
         3.6620e+00,  4.2718e+00,  5.4701e+00,  3.2982e+00],
       dtype=torch.float64)
- log_lambda_par : tensor([0.1383], dtype=torch.float64)
- mean_par : tensor([0.], dtype=torch.float64)
MSE gp 4:  tensor(0.0025, dtype=torch.float64)

Initial parameters:
 parameters:
- sigma_n_log : tensor([-4.6052], dtype=torch.float64)
- log_lengthscales_par : tensor([0., 0., 0., 0., 0., 0., 0., 0., 0., 0., 0., 0., 0., 0.],
       dtype=torch.float64)
- log_lambda_par : tensor([0.], dtype=torch.float64)
- mean_par : tensor([0.], dtype=torch.float64)

EPOCH: 0
 parameters:
- sigma_n_log : tensor([-4.5952], dtype=torch.float64)
- log_lengthscales_par : tensor([-1.0000e-02, -1.0000e-02, -3.5904e-07, -1.0000e-02, -1.0000e-02,
         1.0000e-02, -1.0000e-02, -1.0000e-02,  9.1226e-05, -1.0000e-02,
        -1.0000e-02, -1.0000e-02, -1.0000e-02, -1.0000e-02],
       dtype=torch.float64)
- log_lambda_par : tensor([0.0100], dtype=torch.float64)
- mean_par : tensor([0.], dtype=torch.float64)
Running loss: 5725.674369508153
Time elapsed: 0.3821902275085449

EPOCH: 1000
 parameters:
- sigma_n_log : tensor([-2.1271], dtype=torch.float64)
- log_lengthscales_par : tensor([ 1.6770e+00, -1.4688e+00,  2.5820e-06,  7.5450e-01, -7.8485e-01,
         1.9630e+00,  8.3022e-01,  1.6523e+00,  1.7198e-04,  1.0888e+00,
         1.1494e+00,  6.8336e-01,  1.2484e+00,  3.2901e+00],
       dtype=torch.float64)
- log_lambda_par : tensor([1.1689], dtype=torch.float64)
- mean_par : tensor([0.], dtype=torch.float64)
Running loss: -52.71885496155693
Time elapsed: 354.09557700157166

EPOCH: 2000
 parameters:
- sigma_n_log : tensor([-1.6535], dtype=torch.float64)
- log_lengthscales_par : tensor([ 2.8826e+00, -2.0098e+00,  4.6347e-06,  2.9298e+00,  4.6061e-01,
         1.7109e+00,  3.4034e+00,  3.6620e+00,  1.4173e-04,  3.5098e+00,
         3.1968e+00,  2.4507e+00,  3.9418e+00,  4.9509e+00],
       dtype=torch.float64)
- log_lambda_par : tensor([1.5363], dtype=torch.float64)
- mean_par : tensor([0.], dtype=torch.float64)
Running loss: -362.55143175230756
Time elapsed: 359.1636710166931

Final parameters:
 parameters:
- sigma_n_log : tensor([-1.6535], dtype=torch.float64)
- log_lengthscales_par : tensor([ 2.8826e+00, -2.0098e+00,  4.6347e-06,  2.9298e+00,  4.6061e-01,
         1.7109e+00,  3.4034e+00,  3.6620e+00,  1.4173e-04,  3.5098e+00,
         3.1968e+00,  2.4507e+00,  3.9418e+00,  4.9509e+00],
       dtype=torch.float64)
- log_lambda_par : tensor([1.5363], dtype=torch.float64)
- mean_par : tensor([0.], dtype=torch.float64)
MSE gp 5:  tensor(0.0227, dtype=torch.float64)

Initial parameters:
 parameters:
- sigma_n_log : tensor([-4.6052], dtype=torch.float64)
- log_lengthscales_par : tensor([0., 0., 0., 0., 0., 0., 0., 0., 0., 0., 0., 0., 0., 0.],
       dtype=torch.float64)
- log_lambda_par : tensor([0.], dtype=torch.float64)
- mean_par : tensor([0.], dtype=torch.float64)

EPOCH: 0
 parameters:
- sigma_n_log : tensor([-4.6152], dtype=torch.float64)
- log_lengthscales_par : tensor([ 1.0000e-02,  1.0000e-02,  1.2620e-08,  1.0000e-02,  1.0000e-02,
         1.0000e-02,  1.0000e-02,  1.0000e-02, -2.9195e-07,  1.0000e-02,
         1.0000e-02,  1.0000e-02,  1.0000e-02,  1.0000e-02],
       dtype=torch.float64)
- log_lambda_par : tensor([-0.0100], dtype=torch.float64)
- mean_par : tensor([0.], dtype=torch.float64)
Running loss: -769.6170237729207
Time elapsed: 0.6133100986480713

EPOCH: 1000
 parameters:
- sigma_n_log : tensor([-8.4269], dtype=torch.float64)
- log_lengthscales_par : tensor([-0.9427,  1.9925,  0.0207,  3.0778,  3.6710,  4.8434,  3.1993,  3.2057,
         0.1996,  3.4558,  3.2190,  3.3389,  3.3462,  1.2711],
       dtype=torch.float64)
- log_lambda_par : tensor([-3.2353], dtype=torch.float64)
- mean_par : tensor([0.], dtype=torch.float64)
Running loss: -5601.735364934946
Time elapsed: 354.63454031944275

EPOCH: 2000
 parameters:
- sigma_n_log : tensor([-8.6002], dtype=torch.float64)
- log_lengthscales_par : tensor([-1.6818,  1.8723,  0.0143,  1.4923,  5.1731,  5.6013,  5.0484,  3.9832,
         0.3946,  4.4990,  3.5150,  2.3470,  3.3354,  1.3181],
       dtype=torch.float64)
- log_lambda_par : tensor([-5.1012], dtype=torch.float64)
- mean_par : tensor([0.], dtype=torch.float64)
Running loss: -5681.604804040047
Time elapsed: 354.40485644340515

Final parameters:
 parameters:
- sigma_n_log : tensor([-8.6002], dtype=torch.float64)
- log_lengthscales_par : tensor([-1.6818,  1.8723,  0.0143,  1.4923,  5.1731,  5.6013,  5.0484,  3.9832,
         0.3946,  4.4990,  3.5150,  2.3470,  3.3354,  1.3181],
       dtype=torch.float64)
- log_lambda_par : tensor([-5.1012], dtype=torch.float64)
- mean_par : tensor([0.], dtype=torch.float64)
MSE gp 6:  tensor(2.7543e-08, dtype=torch.float64)

Initial parameters:
 parameters:
- sigma_n_log : tensor([-4.6052], dtype=torch.float64)
- log_lengthscales_par : tensor([0., 0., 0., 0., 0., 0., 0., 0., 0., 0., 0., 0., 0., 0.],
       dtype=torch.float64)
- log_lambda_par : tensor([0.], dtype=torch.float64)
- mean_par : tensor([0.], dtype=torch.float64)

EPOCH: 0
 parameters:
- sigma_n_log : tensor([-4.5952], dtype=torch.float64)
- log_lengthscales_par : tensor([1.0000e-02, 1.0000e-02, 7.3269e-08, 1.0000e-02, 1.0000e-02, 1.0000e-02,
        1.0000e-02, 1.0000e-02, 6.3131e-07, 1.0000e-02, 1.0000e-02, 1.0000e-02,
        1.0000e-02, 1.0000e-02], dtype=torch.float64)
- log_lambda_par : tensor([-0.0100], dtype=torch.float64)
- mean_par : tensor([0.], dtype=torch.float64)
Running loss: -650.7739152195163
Time elapsed: 0.37940263748168945

EPOCH: 1000
 parameters:
- sigma_n_log : tensor([-2.7285], dtype=torch.float64)
- log_lengthscales_par : tensor([-2.6079e+00,  3.4616e+00, -3.0570e-06,  2.2810e+00,  3.3040e+00,
         2.5143e+00,  2.5952e+00, -1.0758e-01,  2.6446e-05,  7.4401e-01,
         3.5891e-01,  1.7956e+00,  1.6164e+00,  1.1883e+00],
       dtype=torch.float64)
- log_lambda_par : tensor([-2.6458], dtype=torch.float64)
- mean_par : tensor([0.], dtype=torch.float64)
Running loss: -1475.28296173691
Time elapsed: 354.60317301750183

EPOCH: 2000
 parameters:
- sigma_n_log : tensor([-2.7346], dtype=torch.float64)
- log_lengthscales_par : tensor([-2.6671e+00,  4.3373e+00, -2.7867e-06,  3.0337e+00,  4.0277e+00,
         2.3784e+00,  3.1054e+00, -5.9402e-02,  4.7720e-05,  4.8384e-01,
         3.3279e-01,  1.7628e+00,  1.5392e+00,  1.1442e+00],
       dtype=torch.float64)
- log_lambda_par : tensor([-2.7732], dtype=torch.float64)
- mean_par : tensor([0.], dtype=torch.float64)
Running loss: -1478.3230114457695
Time elapsed: 353.85108637809753

Final parameters:
 parameters:
- sigma_n_log : tensor([-2.7346], dtype=torch.float64)
- log_lengthscales_par : tensor([-2.6671e+00,  4.3373e+00, -2.7867e-06,  3.0337e+00,  4.0277e+00,
         2.3784e+00,  3.1054e+00, -5.9402e-02,  4.7720e-05,  4.8384e-01,
         3.3279e-01,  1.7628e+00,  1.5392e+00,  1.1442e+00],
       dtype=torch.float64)
- log_lambda_par : tensor([-2.7732], dtype=torch.float64)
- mean_par : tensor([0.], dtype=torch.float64)
MSE gp 7:  tensor(0.0030, dtype=torch.float64)

Trained hyperparameters:
GP 1:
 parameters:
- sigma_n_log : tensor([-4.0538], dtype=torch.float64)
- log_lengthscales_par : tensor([ 3.3336e-01,  3.0674e+00, -2.7838e-05,  1.0103e+00,  2.8163e+00,
         4.2202e+00,  7.1448e-01,  2.8002e+00,  1.3540e-03,  1.4654e+00,
         1.9915e+00,  3.6942e+00,  3.1951e+00,  2.6708e+00],
       dtype=torch.float64)
- log_lambda_par : tensor([-3.0488], dtype=torch.float64)
- mean_par : tensor([0.], dtype=torch.float64)
GP 2:
 parameters:
- sigma_n_log : tensor([-2.2346], dtype=torch.float64)
- log_lengthscales_par : tensor([ 2.8192e+00, -2.7499e+00, -1.8087e-05,  2.9067e+00,  4.8159e-01,
         3.5858e+00,  3.2283e+00,  3.5042e+00, -1.0014e-05,  3.5462e+00,
         2.9493e+00,  2.7557e+00,  3.8222e+00,  3.4905e+00],
       dtype=torch.float64)
- log_lambda_par : tensor([0.4792], dtype=torch.float64)
- mean_par : tensor([0.], dtype=torch.float64)
GP 3:
 parameters:
- sigma_n_log : tensor([-11.8904], dtype=torch.float64)
- log_lengthscales_par : tensor([5.1481e+00, 4.7997e+00, 1.7119e-03, 4.9354e+00, 5.1657e+00, 5.9318e+00,
        5.7919e+00, 5.1489e+00, 2.7230e-03, 5.2235e+00, 5.0777e+00, 5.0074e+00,
        5.1760e+00, 6.7698e+00], dtype=torch.float64)
- log_lambda_par : tensor([-5.9029], dtype=torch.float64)
- mean_par : tensor([0.], dtype=torch.float64)
GP 4:
 parameters:
- sigma_n_log : tensor([-11.6457], dtype=torch.float64)
- log_lengthscales_par : tensor([ 0.4154,  4.8452, -0.0803,  3.9222,  4.6975,  5.3317,  4.9867,  5.4559,
        -0.7524,  3.6668,  5.2697,  5.6555,  5.3342,  6.4138],
       dtype=torch.float64)
- log_lambda_par : tensor([-3.4584], dtype=torch.float64)
- mean_par : tensor([0.], dtype=torch.float64)
GP 5:
 parameters:
- sigma_n_log : tensor([-2.8552], dtype=torch.float64)
- log_lengthscales_par : tensor([ 4.5301e+00, -1.3457e+00,  5.5568e-05,  4.9513e+00,  9.1800e-01,
         2.0697e+00,  2.8300e+00,  4.9495e+00,  4.2337e-03,  3.6750e+00,
         3.6620e+00,  4.2718e+00,  5.4701e+00,  3.2982e+00],
       dtype=torch.float64)
- log_lambda_par : tensor([0.1383], dtype=torch.float64)
- mean_par : tensor([0.], dtype=torch.float64)
GP 6:
 parameters:
- sigma_n_log : tensor([-1.6535], dtype=torch.float64)
- log_lengthscales_par : tensor([ 2.8826e+00, -2.0098e+00,  4.6347e-06,  2.9298e+00,  4.6061e-01,
         1.7109e+00,  3.4034e+00,  3.6620e+00,  1.4173e-04,  3.5098e+00,
         3.1968e+00,  2.4507e+00,  3.9418e+00,  4.9509e+00],
       dtype=torch.float64)
- log_lambda_par : tensor([1.5363], dtype=torch.float64)
- mean_par : tensor([0.], dtype=torch.float64)
GP 7:
 parameters:
- sigma_n_log : tensor([-8.6002], dtype=torch.float64)
- log_lengthscales_par : tensor([-1.6818,  1.8723,  0.0143,  1.4923,  5.1731,  5.6013,  5.0484,  3.9832,
         0.3946,  4.4990,  3.5150,  2.3470,  3.3354,  1.3181],
       dtype=torch.float64)
- log_lambda_par : tensor([-5.1012], dtype=torch.float64)
- mean_par : tensor([0.], dtype=torch.float64)
GP 8:
 parameters:
- sigma_n_log : tensor([-2.7346], dtype=torch.float64)
- log_lengthscales_par : tensor([-2.6671e+00,  4.3373e+00, -2.7867e-06,  3.0337e+00,  4.0277e+00,
         2.3784e+00,  3.1054e+00, -5.9402e-02,  4.7720e-05,  4.8384e-01,
         3.3279e-01,  1.7628e+00,  1.5392e+00,  1.1442e+00],
       dtype=torch.float64)
- log_lambda_par : tensor([-2.7732], dtype=torch.float64)
- mean_par : tensor([0.], dtype=torch.float64)

held-out NEXT-STATE MSE (model units) -- phase 1 (abl_ph1):
  0 pH     model=4.275241e-04  persistence=1.158944e-03  OK
  1 T      model=3.100376e-02  persistence=6.184428e-01  OK
  2 Fa     model=0.000000e+00  persistence=0.000000e+00  WORSE
  3 Fb     model=5.200155e-09  persistence=2.380491e-03  OK
  4 Fc     model=3.343270e-03  persistence=2.753095e-01  OK
  5 Fh     model=1.451929e-01  persistence=1.996771e+00  OK
  6 Wt     model=8.607913e-07  persistence=1.153992e-04  OK
  7 DO2    model=6.748685e-03  persistence=1.192415e-02  OK

mean MSE 2.333963e-02   persistence 3.632627e-01
model beats persistence: True
[pensim] statistics saved -> /home/s2892016/Thesis/MCPILCO/results_ablation/pensim_stats_abl_ph1.json

saved -> /home/s2892016/Thesis/MCPILCO/results_ablation/rbf_model_abl_ph1.pt
saved -> /home/s2892016/Thesis/MCPILCO/results_ablation/rbf_metrics_abl_ph1.json
