EXACT GP INFERENCE SELECTED
EXACT GP INFERENCE SELECTED
EXACT GP INFERENCE SELECTED
world models:
  phase 0: [0,47.5) h  train pts=800
  phase 1: [47.5,72.5) h  train pts=800
  phase 2: [72.5,inf) h  train pts=800
  -> one shared z-space (verified)
combined state range: [-10.41, 40.38] z
[PFQuery] loaded checkpoint flgfn_corrected.pt
pre-caching 150 expert distributions ...
  eigenvalues @75h: [0.00018914 0.00684495 0.04047211]
windows per model: phase 0: 47  phase 1: 25  phase 2: 78

policy rbf: in=8 out=6 u_max=3.0 params=2808
W2 trace-normalisation: ON (asserted)
Reptile: k=1 inner steps, eps=0.5, 10 tasks/meta-iter, 20 meta-iters
  inner alpha=0.05000  (= LR*5/k, so alpha*k = 0.0500 is held fixed)
  gradient-agreement coefficient  0.5*k*(k-1)*alpha = 0.00000   (exactly 0 at k=1, which IS joint training)
  WARNING: k=1 makes Reptile EXACTLY joint training on the mixture -- the gradient-agreement term only appears for k > 1
L2: lambda=0.001 on ALL SIX channels (additive)
action spread across 5 replicas of one state: 3.323e-06   <-- WARNING: E_a|s degenerate

chance constraints: eps=0.95 -> Phi^-1=1.6449
  action box  alpha=1000.0
  vessel floor alpha=1.0  Wt >= 50000 phys (-1.534 z)
  training data below the floor: 0.0%
meta   0  W2=0.19723  ||a||^2=0.00040  loss=0.19723  |phi-theta|=3.8945e-01
          10 tasks x 1 inner steps  cc_act=0.000e+00 cc_state=0.000e+00  |grad| med=6.943e-03 DEAD=0/10  |s|max=27.9 (data 40.4)
meta   1  W2=0.22312  ||a||^2=0.00039  loss=0.22312  |phi-theta|=3.2993e-01
          10 tasks x 1 inner steps  cc_act=0.000e+00 cc_state=0.000e+00  |grad| med=2.536e-03 DEAD=0/10  |s|max=34.6 (data 40.4)
meta   2  W2=0.23818  ||a||^2=0.00008  loss=0.23818  |phi-theta|=3.2593e-01
          10 tasks x 1 inner steps  cc_act=0.000e+00 cc_state=0.000e+00  |grad| med=1.232e-03 DEAD=0/10  |s|max=32.0 (data 40.4)
meta   3  W2=0.21587  ||a||^2=0.00040  loss=0.21587  |phi-theta|=3.4865e-01
          10 tasks x 1 inner steps  cc_act=0.000e+00 cc_state=0.000e+00  |grad| med=2.321e-03 DEAD=0/10  |s|max=40.8 (data 40.4)
meta   4  W2=0.24397  ||a||^2=0.00025  loss=0.24397  |phi-theta|=3.0718e-01
          10 tasks x 1 inner steps  cc_act=0.000e+00 cc_state=0.000e+00  |grad| med=1.641e-03 DEAD=0/10  |s|max=37.8 (data 40.4)
meta   5  W2=0.20211  ||a||^2=0.00032  loss=0.20211  |phi-theta|=3.9013e-01
          10 tasks x 1 inner steps  cc_act=0.000e+00 cc_state=0.000e+00  |grad| med=9.155e-03 DEAD=0/10  |s|max=35.0 (data 40.4)
meta   6  W2=0.23026  ||a||^2=0.00019  loss=0.23026  |phi-theta|=3.5245e-01
          10 tasks x 1 inner steps  cc_act=0.000e+00 cc_state=0.000e+00  |grad| med=2.849e-03 DEAD=0/10  |s|max=35.7 (data 40.4)
meta   7  W2=0.23394  ||a||^2=0.00011  loss=0.23394  |phi-theta|=3.3492e-01
          10 tasks x 1 inner steps  cc_act=0.000e+00 cc_state=0.000e+00  |grad| med=2.550e-03 DEAD=0/10  |s|max=32.5 (data 40.4)
meta   8  W2=0.22112  ||a||^2=0.00021  loss=0.22112  |phi-theta|=3.7959e-01
          10 tasks x 1 inner steps  cc_act=0.000e+00 cc_state=0.000e+00  |grad| med=3.645e-03 DEAD=0/10  |s|max=40.1 (data 40.4)
meta   9  W2=0.22711  ||a||^2=0.00021  loss=0.22711  |phi-theta|=3.6106e-01
          10 tasks x 1 inner steps  cc_act=0.000e+00 cc_state=0.000e+00  |grad| med=3.363e-03 DEAD=0/10  |s|max=38.0 (data 40.4)
meta  10  W2=0.21731  ||a||^2=0.00015  loss=0.21731  |phi-theta|=3.5525e-01
          10 tasks x 1 inner steps  cc_act=0.000e+00 cc_state=0.000e+00  |grad| med=2.926e-03 DEAD=0/10  |s|max=38.5 (data 40.4)
meta  11  W2=0.22442  ||a||^2=0.00017  loss=0.22442  |phi-theta|=3.3126e-01
          10 tasks x 1 inner steps  cc_act=0.000e+00 cc_state=0.000e+00  |grad| med=3.214e-03 DEAD=0/10  |s|max=41.3 (data 40.4)
meta  12  W2=0.22366  ||a||^2=0.00013  loss=0.22366  |phi-theta|=2.9661e-01
          10 tasks x 1 inner steps  cc_act=0.000e+00 cc_state=0.000e+00  |grad| med=1.948e-03 DEAD=0/10  |s|max=28.2 (data 40.4)
meta  13  W2=0.23211  ||a||^2=0.00013  loss=0.23211  |phi-theta|=4.1161e-01
          10 tasks x 1 inner steps  cc_act=0.000e+00 cc_state=0.000e+00  |grad| med=8.100e-03 DEAD=0/10  |s|max=35.8 (data 40.4)
meta  14  W2=0.22426  ||a||^2=0.00013  loss=0.22426  |phi-theta|=3.7274e-01
          10 tasks x 1 inner steps  cc_act=0.000e+00 cc_state=0.000e+00  |grad| med=1.819e-03 DEAD=0/10  |s|max=32.5 (data 40.4)
meta  15  W2=0.22984  ||a||^2=0.00017  loss=0.22984  |phi-theta|=4.2158e-01
          10 tasks x 1 inner steps  cc_act=0.000e+00 cc_state=0.000e+00  |grad| med=6.845e-03 DEAD=0/10  |s|max=39.2 (data 40.4)
meta  16  W2=0.19854  ||a||^2=0.00023  loss=0.19854  |phi-theta|=3.7804e-01
          10 tasks x 1 inner steps  cc_act=0.000e+00 cc_state=0.000e+00  |grad| med=1.072e-02 DEAD=0/10  |s|max=33.1 (data 40.4)
meta  17  W2=0.21001  ||a||^2=0.00027  loss=0.21001  |phi-theta|=3.7995e-01
          10 tasks x 1 inner steps  cc_act=0.000e+00 cc_state=0.000e+00  |grad| med=6.008e-03 DEAD=0/10  |s|max=35.6 (data 40.4)
meta  18  W2=0.21854  ||a||^2=0.00021  loss=0.21855  |phi-theta|=3.6023e-01
          10 tasks x 1 inner steps  cc_act=0.000e+00 cc_state=0.000e+00  |grad| med=2.948e-02 DEAD=0/10  |s|max=31.7 (data 40.4)
meta  19  W2=0.21407  ||a||^2=0.00021  loss=0.21407  |phi-theta|=4.3034e-01
          10 tasks x 1 inner steps  cc_act=0.000e+00 cc_state=0.000e+00  |grad| med=4.548e-03 DEAD=0/10  |s|max=35.4 (data 40.4)

action spread ACROSS WINDOWS (the thing that collapsed before):
  channel            t=10h     t=50h     t=90h    t=130h       std
  discharge        -0.0036   -0.0010   -0.0034   -0.0034    0.0013
  sugar            -0.0007   -0.0016    0.0044    0.0044    0.0032
  soilbean         -0.0006    0.0013    0.0012    0.0012    0.0009
  aeration          0.0024   -0.0007   -0.0079   -0.0079    0.0052
  backpressure      0.0007   -0.0002   -0.0007   -0.0007    0.0007
  waterinj         -0.0002    0.0003   -0.0000   -0.0000    0.0002
  (a std of ~0 means one action for every window, whatever the meta-update)

  as a fraction of the reference's action std:
    discharge        0.09% of gpei
    sugar            0.23% of gpei
    soilbean         0.07% of gpei
    aeration         0.47% of gpei
    backpressure     0.05% of gpei
    waterinj         0.01% of gpei
    (the sequential loop with the SAME loss gave 3.3-19.2% on the simulator)
