EXACT GP INFERENCE SELECTED
EXACT GP INFERENCE SELECTED
EXACT GP INFERENCE SELECTED
world models:
  phase 0: [0,47.5) h  train pts=800
  phase 1: [47.5,72.5) h  train pts=800
  phase 2: [72.5,inf) h  train pts=800
  -> one shared z-space (verified)
combined state range: [-10.41, 40.38] z
[PFQuery] loaded checkpoint flgfn_corrected.pt
pre-caching 150 expert distributions ...
  eigenvalues @75h: [0.00018914 0.00684495 0.04047212]
windows per model: phase 0: 47  phase 1: 25  phase 2: 78
TASKS_PER_META=150 >= 150 available -> FULL coverage every meta-iteration

policy rbf: in=8 out=6 u_max=3.0 params=2808
W2 trace-normalisation: ON (asserted)
Reptile: k=5 inner steps, eps=0.5, 150 tasks/meta-iter, 20 meta-iters
  base lr=0.02  inner alpha=0.02000  (= lr*5/k, so alpha*k = 0.1000 is held fixed as k varies)
  gradient-agreement coefficient  0.5*k*(k-1)*alpha = 0.20000   (exactly 0 at k=1)
aggregation over the 100 states: softmax, beta=5.0
L1: lambda_l1=0.05 on discharge, from CLOSED   L2: lambda=0.001 on the other 5 channels
checkpointing every 5 meta-iterations
action spread across 5 replicas of one state: 3.323e-06   <-- WARNING: E_a|s degenerate

chance constraints: eps=0.95 -> Phi^-1=1.6449
  action box  alpha=1000.0
  vessel floor alpha=1.0  Wt >= 50000 phys (-1.534 z)

action penalty: 0.05 * |a_disch - -0.401|  (L1, from CLOSED)
                + 0.001 * ||a_1..5||^2                (L2, from the mean)
meta   0  W2=0.22291  ||a_1..5||^2=0.00047  discharge L1=0.39918  closed_frac=0.0%  loss=0.25740  |phi-theta|=8.2220e-01
          150 tasks x 5 inner steps  eff_particles=93.4/100  max/min weight=3.4x (beta=5.0)
          cc_act=0.000e+00 cc_state=0.000e+00  |grad| med=4.392e-03 DEAD=0/750  |s|max=35.4 (data 40.4)
meta   1  W2=0.22322  ||a_1..5||^2=0.00054  discharge L1=0.39761  closed_frac=0.0%  loss=0.25768  |phi-theta|=8.3062e-01
          150 tasks x 5 inner steps  eff_particles=93.4/100  max/min weight=3.3x (beta=5.0)
          cc_act=0.000e+00 cc_state=0.000e+00  |grad| med=4.981e-03 DEAD=0/750  |s|max=36.1 (data 40.4)
meta   2  W2=0.22329  ||a_1..5||^2=0.00066  discharge L1=0.39541  closed_frac=0.0%  loss=0.25742  |phi-theta|=8.7673e-01
          150 tasks x 5 inner steps  eff_particles=93.5/100  max/min weight=3.4x (beta=5.0)
          cc_act=0.000e+00 cc_state=0.000e+00  |grad| med=5.895e-03 DEAD=0/750  |s|max=34.6 (data 40.4)
meta   3  W2=0.22313  ||a_1..5||^2=0.00078  discharge L1=0.39298  closed_frac=0.0%  loss=0.25714  |phi-theta|=9.2584e-01
          150 tasks x 5 inner steps  eff_particles=93.5/100  max/min weight=3.3x (beta=5.0)
          cc_act=0.000e+00 cc_state=0.000e+00  |grad| med=6.731e-03 DEAD=0/750  |s|max=35.3 (data 40.4)
meta   4  W2=0.22349  ||a_1..5||^2=0.00093  discharge L1=0.38942  closed_frac=0.0%  loss=0.25745  |phi-theta|=1.0139e+00
          150 tasks x 5 inner steps  eff_particles=93.5/100  max/min weight=3.4x (beta=5.0)
          cc_act=0.000e+00 cc_state=0.000e+00  |grad| med=7.234e-03 DEAD=0/750  |s|max=36.3 (data 40.4)
          [checkpoint saved -> results_rtns/rtns_t150.pt]
meta   5  W2=0.22352  ||a_1..5||^2=0.00110  discharge L1=0.38512  closed_frac=0.0%  loss=0.25727  |phi-theta|=1.0843e+00
          150 tasks x 5 inner steps  eff_particles=93.5/100  max/min weight=3.3x (beta=5.0)
          cc_act=0.000e+00 cc_state=0.000e+00  |grad| med=8.260e-03 DEAD=0/750  |s|max=35.9 (data 40.4)
meta   6  W2=0.22306  ||a_1..5||^2=0.00146  discharge L1=0.37890  closed_frac=0.0%  loss=0.25648  |phi-theta|=1.1952e+00
          150 tasks x 5 inner steps  eff_particles=93.5/100  max/min weight=3.4x (beta=5.0)
          cc_act=0.000e+00 cc_state=0.000e+00  |grad| med=9.495e-03 DEAD=0/750  |s|max=35.3 (data 40.4)
meta   7  W2=0.22341  ||a_1..5||^2=0.00196  discharge L1=0.37019  closed_frac=0.0%  loss=0.25652  |phi-theta|=1.3028e+00
          150 tasks x 5 inner steps  eff_particles=93.5/100  max/min weight=3.3x (beta=5.0)
          cc_act=1.922e-04 cc_state=0.000e+00  |grad| med=1.046e-02 DEAD=0/750  |s|max=35.5 (data 40.4)
meta   8  W2=0.22372  ||a_1..5||^2=0.00274  discharge L1=0.35959  closed_frac=0.0%  loss=0.25766  |phi-theta|=1.2281e+00
          150 tasks x 5 inner steps  eff_particles=93.5/100  max/min weight=3.3x (beta=5.0)
          cc_act=1.438e-03 cc_state=0.000e+00  |grad| med=1.350e-02 DEAD=0/750  |s|max=35.7 (data 40.4)
meta   9  W2=0.22388  ||a_1..5||^2=0.00346  discharge L1=0.34944  closed_frac=0.0%  loss=0.26139  |phi-theta|=1.1104e+00
          150 tasks x 5 inner steps  eff_particles=93.5/100  max/min weight=3.3x (beta=5.0)
          cc_act=5.611e-03 cc_state=0.000e+00  |grad| med=1.528e-02 DEAD=0/750  |s|max=35.0 (data 40.4)
          [checkpoint saved -> results_rtns/rtns_t150.pt]
meta  10  W2=0.22373  ||a_1..5||^2=0.00402  discharge L1=0.34399  closed_frac=0.0%  loss=0.26232  |phi-theta|=9.3431e-01
          150 tasks x 5 inner steps  eff_particles=93.5/100  max/min weight=3.4x (beta=5.0)
          cc_act=6.872e-03 cc_state=0.000e+00  |grad| med=1.798e-02 DEAD=0/750  |s|max=35.7 (data 40.4)
meta  11  W2=0.22379  ||a_1..5||^2=0.00454  discharge L1=0.34175  closed_frac=0.0%  loss=0.26416  |phi-theta|=8.1238e-01
          150 tasks x 5 inner steps  eff_particles=93.5/100  max/min weight=3.3x (beta=5.0)
          cc_act=8.912e-03 cc_state=0.000e+00  |grad| med=2.511e-02 DEAD=0/750  |s|max=35.6 (data 40.4)
meta  12  W2=0.22395  ||a_1..5||^2=0.00499  discharge L1=0.34004  closed_frac=0.0%  loss=0.26602  |phi-theta|=8.3843e-01
          150 tasks x 5 inner steps  eff_particles=93.6/100  max/min weight=3.3x (beta=5.0)
          cc_act=1.085e-02 cc_state=0.000e+00  |grad| med=2.395e-02 DEAD=0/750  |s|max=35.5 (data 40.4)
meta  13  W2=0.22372  ||a_1..5||^2=0.00535  discharge L1=0.33994  closed_frac=0.1%  loss=0.26707  |phi-theta|=7.9236e-01
          150 tasks x 5 inner steps  eff_particles=93.5/100  max/min weight=3.3x (beta=5.0)
          cc_act=1.197e-02 cc_state=0.000e+00  |grad| med=3.130e-02 DEAD=0/750  |s|max=35.3 (data 40.4)
meta  14  W2=0.22378  ||a_1..5||^2=0.00583  discharge L1=0.33962  closed_frac=0.1%  loss=0.26795  |phi-theta|=7.4941e-01
          150 tasks x 5 inner steps  eff_particles=93.5/100  max/min weight=3.3x (beta=5.0)
          cc_act=1.282e-02 cc_state=0.000e+00  |grad| med=2.906e-02 DEAD=0/750  |s|max=35.3 (data 40.4)
          [checkpoint saved -> results_rtns/rtns_t150.pt]
meta  15  W2=0.22354  ||a_1..5||^2=0.00605  discharge L1=0.34059  closed_frac=0.1%  loss=0.26761  |phi-theta|=7.5484e-01
          150 tasks x 5 inner steps  eff_particles=93.5/100  max/min weight=3.3x (beta=5.0)
          cc_act=1.272e-02 cc_state=0.000e+00  |grad| med=3.837e-02 DEAD=0/750  |s|max=35.5 (data 40.4)
meta  16  W2=0.22363  ||a_1..5||^2=0.00620  discharge L1=0.34251  closed_frac=0.1%  loss=0.26637  |phi-theta|=8.1088e-01
          150 tasks x 5 inner steps  eff_particles=93.4/100  max/min weight=3.4x (beta=5.0)
          cc_act=1.100e-02 cc_state=0.000e+00  |grad| med=2.662e-02 DEAD=0/750  |s|max=35.2 (data 40.4)
meta  17  W2=0.22364  ||a_1..5||^2=0.00639  discharge L1=0.34400  closed_frac=0.0%  loss=0.26462  |phi-theta|=7.8775e-01
          150 tasks x 5 inner steps  eff_particles=93.5/100  max/min weight=3.3x (beta=5.0)
          cc_act=9.359e-03 cc_state=0.000e+00  |grad| med=2.191e-02 DEAD=0/750  |s|max=35.5 (data 40.4)
meta  18  W2=0.22354  ||a_1..5||^2=0.00681  discharge L1=0.34404  closed_frac=0.1%  loss=0.26842  |phi-theta|=7.6341e-01
          150 tasks x 5 inner steps  eff_particles=93.5/100  max/min weight=3.3x (beta=5.0)
          cc_act=1.329e-02 cc_state=0.000e+00  |grad| med=3.312e-02 DEAD=0/750  |s|max=35.9 (data 40.4)
meta  19  W2=0.22325  ||a_1..5||^2=0.00700  discharge L1=0.34556  closed_frac=0.1%  loss=0.26817  |phi-theta|=7.2740e-01
          150 tasks x 5 inner steps  eff_particles=93.5/100  max/min weight=3.3x (beta=5.0)
          cc_act=1.325e-02 cc_state=0.000e+00  |grad| med=2.470e-02 DEAD=0/750  |s|max=35.9 (data 40.4)
          [checkpoint saved -> results_rtns/rtns_t150.pt]

||a_1..5||^2 0.00047 -> 0.00700 (+1399.7%)

action spread ACROSS WINDOWS (the thing that collapsed before):
  channel            t=10h     t=50h     t=90h    t=130h       std
  discharge        -0.0404   -0.0616   -0.0655   -0.0655    0.0120
  sugar            -0.0092    0.0012    0.0138    0.0138    0.0111
  soilbean         -0.0034    0.0134    0.0285    0.0285    0.0152
  aeration          0.0166   -0.0082   -0.0465   -0.0465    0.0310
  backpressure      0.0173    0.0157    0.0085    0.0085    0.0047
  waterinj          0.0038    0.0023   -0.0021   -0.0021    0.0030
  (a std of ~0 means one action for every window, whatever the meta-update)

  as a fraction of the reference's action std:
    discharge        0.89% of gpei
    sugar            0.80% of gpei
    soilbean         1.09% of gpei
    aeration         2.83% of gpei
    backpressure     0.33% of gpei
    waterinj         0.22% of gpei
    (the sequential loop with the SAME loss gave 3.3-19.2% on the simulator)

saved -> results_rtns/rtns_t150.pt
