EXACT GP INFERENCE SELECTED
EXACT GP INFERENCE SELECTED
EXACT GP INFERENCE SELECTED
world models:
  phase 0: [0,47.5) h  train pts=800
  phase 1: [47.5,72.5) h  train pts=800
  phase 2: [72.5,inf) h  train pts=800
  -> one shared z-space (verified)
combined state range: [-10.41, 40.38] z
[PFQuery] loaded checkpoint flgfn_corrected.pt
pre-caching 150 expert distributions ...
  eigenvalues @75h: [0.00018914 0.00684495 0.04047212]
windows per model: phase 0: 47  phase 1: 25  phase 2: 78
TASKS_PER_META=50 of 150 -- partial coverage

policy rbf: in=8 out=6 u_max=3.0 params=2808
W2 trace-normalisation: ON (asserted)
Reptile: k=5 inner steps, eps=0.5, 50 tasks/meta-iter, 20 meta-iters
  base lr=0.02  inner alpha=0.02000  (= lr*5/k, so alpha*k = 0.1000 is held fixed as k varies)
  gradient-agreement coefficient  0.5*k*(k-1)*alpha = 0.20000   (exactly 0 at k=1)
aggregation over the 100 states: softmax, beta=5.0
L1: lambda_l1=0.05 on discharge, from CLOSED   L2: lambda=0.001 on the other 5 channels
checkpointing every 5 meta-iterations
action spread across 5 replicas of one state: 3.323e-06   <-- WARNING: E_a|s degenerate

chance constraints: eps=0.95 -> Phi^-1=1.6449
  action box  alpha=1000.0
  vessel floor alpha=1.0  Wt >= 50000 phys (-1.534 z)

action penalty: 0.05 * |a_disch - -0.401|  (L1, from CLOSED)
                + 0.001 * ||a_1..5||^2                (L2, from the mean)
meta   0  W2=0.22201  ||a_1..5||^2=0.00053  discharge L1=0.39899  closed_frac=0.0%  loss=0.25736  |phi-theta|=8.9296e-01
          50 tasks x 5 inner steps  eff_particles=93.0/100  max/min weight=3.5x (beta=5.0)
          cc_act=0.000e+00 cc_state=0.000e+00  |grad| med=4.334e-03 DEAD=0/250  |s|max=36.1 (data 40.4)
meta   1  W2=0.22342  ||a_1..5||^2=0.00055  discharge L1=0.39760  closed_frac=0.0%  loss=0.25776  |phi-theta|=8.5769e-01
          50 tasks x 5 inner steps  eff_particles=93.5/100  max/min weight=3.4x (beta=5.0)
          cc_act=0.000e+00 cc_state=0.000e+00  |grad| med=5.784e-03 DEAD=0/250  |s|max=36.4 (data 40.4)
meta   2  W2=0.22618  ||a_1..5||^2=0.00047  discharge L1=0.39590  closed_frac=0.0%  loss=0.25938  |phi-theta|=8.3179e-01
          50 tasks x 5 inner steps  eff_particles=93.9/100  max/min weight=3.2x (beta=5.0)
          cc_act=0.000e+00 cc_state=0.000e+00  |grad| med=5.154e-03 DEAD=0/250  |s|max=33.6 (data 40.4)
meta   3  W2=0.22392  ||a_1..5||^2=0.00076  discharge L1=0.39216  closed_frac=0.0%  loss=0.25826  |phi-theta|=1.0501e+00
          50 tasks x 5 inner steps  eff_particles=93.4/100  max/min weight=3.4x (beta=5.0)
          cc_act=0.000e+00 cc_state=0.000e+00  |grad| med=6.514e-03 DEAD=0/250  |s|max=36.1 (data 40.4)
meta   4  W2=0.22137  ||a_1..5||^2=0.00085  discharge L1=0.38963  closed_frac=0.0%  loss=0.25499  |phi-theta|=9.5669e-01
          50 tasks x 5 inner steps  eff_particles=93.6/100  max/min weight=3.3x (beta=5.0)
          cc_act=0.000e+00 cc_state=0.000e+00  |grad| med=7.052e-03 DEAD=0/250  |s|max=34.1 (data 40.4)
          [checkpoint saved -> results_rtns/rtns_t50.pt]
meta   5  W2=0.21812  ||a_1..5||^2=0.00099  discharge L1=0.38497  closed_frac=0.0%  loss=0.25140  |phi-theta|=1.1496e+00
          50 tasks x 5 inner steps  eff_particles=93.6/100  max/min weight=3.3x (beta=5.0)
          cc_act=0.000e+00 cc_state=0.000e+00  |grad| med=7.470e-03 DEAD=0/250  |s|max=35.7 (data 40.4)
meta   6  W2=0.21327  ||a_1..5||^2=0.00150  discharge L1=0.37808  closed_frac=0.0%  loss=0.24782  |phi-theta|=1.1693e+00
          50 tasks x 5 inner steps  eff_particles=92.9/100  max/min weight=3.5x (beta=5.0)
          cc_act=0.000e+00 cc_state=0.000e+00  |grad| med=1.063e-02 DEAD=0/250  |s|max=35.9 (data 40.4)
meta   7  W2=0.22556  ||a_1..5||^2=0.00173  discharge L1=0.37286  closed_frac=0.0%  loss=0.25851  |phi-theta|=1.2034e+00
          50 tasks x 5 inner steps  eff_particles=93.7/100  max/min weight=3.2x (beta=5.0)
          cc_act=2.469e-04 cc_state=0.000e+00  |grad| med=1.070e-02 DEAD=0/250  |s|max=35.6 (data 40.4)
meta   8  W2=0.21582  ||a_1..5||^2=0.00280  discharge L1=0.36175  closed_frac=0.0%  loss=0.25149  |phi-theta|=1.2761e+00
          50 tasks x 5 inner steps  eff_particles=93.0/100  max/min weight=3.5x (beta=5.0)
          cc_act=2.012e-03 cc_state=0.000e+00  |grad| med=1.194e-02 DEAD=0/250  |s|max=36.7 (data 40.4)
meta   9  W2=0.21788  ||a_1..5||^2=0.00350  discharge L1=0.35276  closed_frac=0.0%  loss=0.25409  |phi-theta|=1.1180e+00
          50 tasks x 5 inner steps  eff_particles=93.1/100  max/min weight=3.4x (beta=5.0)
          cc_act=3.282e-03 cc_state=0.000e+00  |grad| med=1.584e-02 DEAD=0/250  |s|max=36.4 (data 40.4)
          [checkpoint saved -> results_rtns/rtns_t50.pt]
meta  10  W2=0.21238  ||a_1..5||^2=0.00413  discharge L1=0.34618  closed_frac=0.0%  loss=0.25375  |phi-theta|=8.8919e-01
          50 tasks x 5 inner steps  eff_particles=92.8/100  max/min weight=3.5x (beta=5.0)
          cc_act=8.025e-03 cc_state=0.000e+00  |grad| med=3.285e-02 DEAD=0/250  |s|max=34.6 (data 40.4)
meta  11  W2=0.21795  ||a_1..5||^2=0.00500  discharge L1=0.34297  closed_frac=0.0%  loss=0.25683  |phi-theta|=9.2331e-01
          50 tasks x 5 inner steps  eff_particles=92.6/100  max/min weight=3.6x (beta=5.0)
          cc_act=5.276e-03 cc_state=0.000e+00  |grad| med=3.458e-02 DEAD=0/250  |s|max=36.9 (data 40.4)
meta  12  W2=0.22334  ||a_1..5||^2=0.00443  discharge L1=0.34489  closed_frac=0.0%  loss=0.26489  |phi-theta|=8.2478e-01
          50 tasks x 5 inner steps  eff_particles=93.5/100  max/min weight=3.3x (beta=5.0)
          cc_act=9.939e-03 cc_state=0.000e+00  |grad| med=3.554e-02 DEAD=0/250  |s|max=34.8 (data 40.4)
meta  13  W2=0.22606  ||a_1..5||^2=0.00617  discharge L1=0.33954  closed_frac=0.1%  loss=0.27097  |phi-theta|=9.0489e-01
          50 tasks x 5 inner steps  eff_particles=93.1/100  max/min weight=3.5x (beta=5.0)
          cc_act=1.250e-02 cc_state=0.000e+00  |grad| med=2.574e-02 DEAD=0/250  |s|max=37.0 (data 40.4)
meta  14  W2=0.22047  ||a_1..5||^2=0.00490  discharge L1=0.34474  closed_frac=0.1%  loss=0.26075  |phi-theta|=7.2783e-01
          50 tasks x 5 inner steps  eff_particles=93.8/100  max/min weight=3.2x (beta=5.0)
          cc_act=9.377e-03 cc_state=0.000e+00  |grad| med=4.239e-02 DEAD=0/250  |s|max=34.1 (data 40.4)
          [checkpoint saved -> results_rtns/rtns_t50.pt]
meta  15  W2=0.22361  ||a_1..5||^2=0.00572  discharge L1=0.34392  closed_frac=0.0%  loss=0.26306  |phi-theta|=7.6728e-01
          50 tasks x 5 inner steps  eff_particles=93.6/100  max/min weight=3.3x (beta=5.0)
          cc_act=8.025e-03 cc_state=0.000e+00  |grad| med=2.160e-02 DEAD=0/250  |s|max=34.3 (data 40.4)
meta  16  W2=0.22077  ||a_1..5||^2=0.00711  discharge L1=0.34111  closed_frac=0.1%  loss=0.26543  |phi-theta|=7.4963e-01
          50 tasks x 5 inner steps  eff_particles=93.1/100  max/min weight=3.4x (beta=5.0)
          cc_act=1.225e-02 cc_state=0.000e+00  |grad| med=3.218e-02 DEAD=0/250  |s|max=36.1 (data 40.4)
meta  17  W2=0.21587  ||a_1..5||^2=0.00724  discharge L1=0.34129  closed_frac=0.1%  loss=0.26471  |phi-theta|=7.9645e-01
          50 tasks x 5 inner steps  eff_particles=92.9/100  max/min weight=3.4x (beta=5.0)
          cc_act=1.613e-02 cc_state=0.000e+00  |grad| med=5.138e-02 DEAD=0/250  |s|max=36.6 (data 40.4)
meta  18  W2=0.22895  ||a_1..5||^2=0.00785  discharge L1=0.34351  closed_frac=0.0%  loss=0.26886  |phi-theta|=8.7336e-01
          50 tasks x 5 inner steps  eff_particles=93.3/100  max/min weight=3.4x (beta=5.0)
          cc_act=7.780e-03 cc_state=0.000e+00  |grad| med=1.784e-02 DEAD=0/250  |s|max=36.9 (data 40.4)
meta  19  W2=0.21822  ||a_1..5||^2=0.00760  discharge L1=0.34545  closed_frac=0.1%  loss=0.26035  |phi-theta|=8.3257e-01
          50 tasks x 5 inner steps  eff_particles=93.2/100  max/min weight=3.4x (beta=5.0)
          cc_act=9.800e-03 cc_state=0.000e+00  |grad| med=2.112e-02 DEAD=0/250  |s|max=36.6 (data 40.4)
          [checkpoint saved -> results_rtns/rtns_t50.pt]

||a_1..5||^2 0.00053 -> 0.00760 (+1342.4%)

action spread ACROSS WINDOWS (the thing that collapsed before):
  channel            t=10h     t=50h     t=90h    t=130h       std
  discharge        -0.0404   -0.0615   -0.0655   -0.0655    0.0120
  sugar            -0.0097   -0.0001    0.0119    0.0119    0.0105
  soilbean         -0.0047    0.0138    0.0312    0.0312    0.0171
  aeration          0.0185   -0.0045   -0.0455   -0.0455    0.0317
  backpressure      0.0179    0.0152    0.0075    0.0075    0.0053
  waterinj          0.0041    0.0018   -0.0023   -0.0023    0.0032
  (a std of ~0 means one action for every window, whatever the meta-update)

  as a fraction of the reference's action std:
    discharge        0.89% of gpei
    sugar            0.76% of gpei
    soilbean         1.23% of gpei
    aeration         2.90% of gpei
    backpressure     0.38% of gpei
    waterinj         0.23% of gpei
    (the sequential loop with the SAME loss gave 3.3-19.2% on the simulator)

saved -> results_rtns/rtns_t50.pt
