=== training world model: phase=2 (rl_it1_p2)  n_keep=800  n_epoch=2001  select=pivchol ===
[loop] reusing frozen standardizer stats from /home/s2892016/Thesis/MCPILCO/results_pensim/rbf_model_bnd_rbf_iter0_phase0.pt
[pensim] dataset folder (PENSIM_DATA_DIR): /home/s2892016/Thesis/deps/smpl/smpl/configdata/pensim_rlloop  (13 CSVs)
max observations: [2.76000000e+02 8.05261517e+00 3.62841400e+02 6.85863686e+00
 2.70000000e+02 1.80000012e+03 9.46039368e+02 1.26920055e+05
 2.39494171e+01]
min observations: [1.6000001e-01 4.5955915e+00 2.3797954e+02 0.0000000e+00 0.0000000e+00
 0.0000000e+00 0.0000000e+00 5.0006516e+04 2.3598127e+00]
dataset max observations: [2.30000000e+02 6.63759613e+00 2.99986786e+02 4.67915392e+00
 2.25000000e+02 9.08942017e+02 6.44806824e+02 1.08227055e+05
 1.93880215e+01]
dataset min observations: [0.0000000e+00 6.0929465e+00 2.9760486e+02 0.0000000e+00 0.0000000e+00
 9.9999997e-05 9.9999997e-05 6.2508551e+04 9.0607529e+00]
max actions: [4.10e+03 1.51e+02 3.60e+01 7.60e+01 1.20e+00 5.10e+02]
min actions: [ 0.   7.  21.  29.   0.5  0. ]
dataset max actions: [4.094559e+03 1.470660e+02 3.580100e+01 7.514100e+01 1.132000e+00
 5.038400e+02]
dataset min actions: [ 0.     7.361 21.249 29.636  0.545  0.   ]
normalize: True
using max/min observations and actions.
[pensim] using SAVED standardizer statistics
[pensim] loader time bounds: [0.16, 276.00] h
[pensim] 14949 transitions | obs 8d act 6d
[pensim] obs per-dim std: [0.4535 0.8313 1.1891 0.9427 0.7852 0.7445 0.9341 1.4531]
[pensim] time range: -0.00 .. 230.00 h
[pensim]   phase 0 [0, 47.5) h: 3081 transitions
[pensim]   phase 1 [47.5, 72.5) h: 1625 transitions
[pensim]   phase 2 [72.5, inf) h: 10242 transitions
[std] fitted on 14949 transitions (13.00 CSVs)  [PINNED via -std_from]
[std] obs_sd = [0.0329  0.00339 0.03372 0.30286 0.17267 0.11814 0.34974 0.11855]
[std] act_sd = [0.30882 0.24979 0.48691 0.34592 0.29527 0.43871]
[pensim] phase 2: t in [72.5, inf) h  ->  10242 of 14949 transitions (68.5%)
[pivchol] selected 800/10042 points  (residual trace 1.397e+03)
train N=800   test N=200   gp input dim=14   num_gp=8
training-set time span: 72.60 .. 230.00 h
EXACT GP INFERENCE SELECTED

Initial parameters:
 parameters:
- sigma_n_log : tensor([-4.6052], dtype=torch.float64)
- log_lengthscales_par : tensor([0., 0., 0., 0., 0., 0., 0., 0., 0., 0., 0., 0., 0., 0.],
       dtype=torch.float64)
- log_lambda_par : tensor([0.], dtype=torch.float64)
- mean_par : tensor([0.], dtype=torch.float64)

EPOCH: 0
 parameters:
- sigma_n_log : tensor([-4.6152], dtype=torch.float64)
- log_lengthscales_par : tensor([0.0100, 0.0100, 0.0100, 0.0100, 0.0100, 0.0100, 0.0100, 0.0100, 0.0100,
        0.0100, 0.0100, 0.0100, 0.0100, 0.0100], dtype=torch.float64)
- log_lambda_par : tensor([-0.0100], dtype=torch.float64)
- mean_par : tensor([0.], dtype=torch.float64)
Running loss: 44.89021220390386
Time elapsed: 0.46131277084350586

EPOCH: 1000
 parameters:
- sigma_n_log : tensor([-2.6600], dtype=torch.float64)
- log_lengthscales_par : tensor([0.6848, 3.0020, 1.8086, 0.5083, 1.6091, 0.4788, 1.0142, 0.5239, 2.7848,
        2.8888, 3.1222, 3.5636, 3.3398, 3.6251], dtype=torch.float64)
- log_lambda_par : tensor([0.1643], dtype=torch.float64)
- mean_par : tensor([0.], dtype=torch.float64)
Running loss: -834.5432348269032
Time elapsed: 347.13273572921753

EPOCH: 2000
 parameters:
- sigma_n_log : tensor([-2.6000], dtype=torch.float64)
- log_lengthscales_par : tensor([0.7252, 3.3533, 1.8198, 0.5272, 1.5522, 0.4959, 1.2129, 0.5591, 2.7698,
        2.9686, 3.3843, 4.1214, 3.9992, 3.8276], dtype=torch.float64)
- log_lambda_par : tensor([0.3067], dtype=torch.float64)
- mean_par : tensor([0.], dtype=torch.float64)
Running loss: -836.0262256159192
Time elapsed: 350.0677053928375

Final parameters:
 parameters:
- sigma_n_log : tensor([-2.6000], dtype=torch.float64)
- log_lengthscales_par : tensor([0.7252, 3.3533, 1.8198, 0.5272, 1.5522, 0.4959, 1.2129, 0.5591, 2.7698,
        2.9686, 3.3843, 4.1214, 3.9992, 3.8276], dtype=torch.float64)
- log_lambda_par : tensor([0.3067], dtype=torch.float64)
- mean_par : tensor([0.], dtype=torch.float64)
MSE gp 0:  tensor(0.0022, dtype=torch.float64)

Initial parameters:
 parameters:
- sigma_n_log : tensor([-4.6052], dtype=torch.float64)
- log_lengthscales_par : tensor([0., 0., 0., 0., 0., 0., 0., 0., 0., 0., 0., 0., 0., 0.],
       dtype=torch.float64)
- log_lambda_par : tensor([0.], dtype=torch.float64)
- mean_par : tensor([0.], dtype=torch.float64)

EPOCH: 0
 parameters:
- sigma_n_log : tensor([-4.6152], dtype=torch.float64)
- log_lengthscales_par : tensor([ 0.0100,  0.0100, -0.0100,  0.0100,  0.0100,  0.0100,  0.0100,  0.0100,
         0.0100,  0.0100,  0.0100,  0.0100,  0.0100,  0.0100],
       dtype=torch.float64)
- log_lambda_par : tensor([-0.0100], dtype=torch.float64)
- mean_par : tensor([0.], dtype=torch.float64)
Running loss: 129.6799987973144
Time elapsed: 0.38927292823791504

EPOCH: 1000
 parameters:
- sigma_n_log : tensor([-2.0569], dtype=torch.float64)
- log_lengthscales_par : tensor([ 3.7885, -1.2343, -3.6134,  0.9108,  0.3407,  1.2277,  2.8852,  3.2268,
         5.3358,  2.6524,  3.4084,  3.8392,  1.3210,  4.0954],
       dtype=torch.float64)
- log_lambda_par : tensor([0.2718], dtype=torch.float64)
- mean_par : tensor([0.], dtype=torch.float64)
Running loss: -604.8703398685134
Time elapsed: 410.27212285995483

EPOCH: 2000
 parameters:
- sigma_n_log : tensor([-2.0458], dtype=torch.float64)
- log_lengthscales_par : tensor([ 4.3989, -1.2317, -3.5966,  0.9278,  0.3521,  1.2073,  2.9533,  3.3548,
         5.7030,  2.6959,  3.8533,  4.8038,  1.3355,  4.9067],
       dtype=torch.float64)
- log_lambda_par : tensor([0.3289], dtype=torch.float64)
- mean_par : tensor([0.], dtype=torch.float64)
Running loss: -607.7165072209548
Time elapsed: 419.80463767051697

Final parameters:
 parameters:
- sigma_n_log : tensor([-2.0458], dtype=torch.float64)
- log_lengthscales_par : tensor([ 4.3989, -1.2317, -3.5966,  0.9278,  0.3521,  1.2073,  2.9533,  3.3548,
         5.7030,  2.6959,  3.8533,  4.8038,  1.3355,  4.9067],
       dtype=torch.float64)
- log_lambda_par : tensor([0.3289], dtype=torch.float64)
- mean_par : tensor([0.], dtype=torch.float64)
MSE gp 1:  tensor(0.0089, dtype=torch.float64)

Initial parameters:
 parameters:
- sigma_n_log : tensor([-4.6052], dtype=torch.float64)
- log_lengthscales_par : tensor([0., 0., 0., 0., 0., 0., 0., 0., 0., 0., 0., 0., 0., 0.],
       dtype=torch.float64)
- log_lambda_par : tensor([0.], dtype=torch.float64)
- mean_par : tensor([0.], dtype=torch.float64)

EPOCH: 0
 parameters:
- sigma_n_log : tensor([-4.5952], dtype=torch.float64)
- log_lengthscales_par : tensor([-0.0100, -0.0100, -0.0100, -0.0100,  0.0100,  0.0100, -0.0100,  0.0100,
        -0.0100,  0.0100,  0.0100,  0.0100,  0.0100,  0.0100],
       dtype=torch.float64)
- log_lambda_par : tensor([0.0100], dtype=torch.float64)
- mean_par : tensor([0.], dtype=torch.float64)
Running loss: 3924.3061047367405
Time elapsed: 0.37874913215637207

EPOCH: 1000
 parameters:
- sigma_n_log : tensor([-7.4746], dtype=torch.float64)
- log_lengthscales_par : tensor([-2.9937,  4.7008, -5.9028,  4.8318,  7.6350,  5.5396,  7.8394,  5.3002,
        -0.7398,  6.7035,  5.5516,  5.5147,  5.7645,  5.7859],
       dtype=torch.float64)
- log_lambda_par : tensor([2.7833], dtype=torch.float64)
- mean_par : tensor([0.], dtype=torch.float64)
Running loss: -636.8430830376794
Time elapsed: 584.5485424995422

EPOCH: 2000
 parameters:
- sigma_n_log : tensor([-10.6879], dtype=torch.float64)
- log_lengthscales_par : tensor([-3.2267,  5.6863, -5.7585, 10.5944, 11.4302,  6.8448, 11.6026,  5.6417,
        -0.6547, 11.2845, 11.1791, 11.3078, 10.6294, 11.6457],
       dtype=torch.float64)
- log_lambda_par : tensor([3.0607], dtype=torch.float64)
- mean_par : tensor([0.], dtype=torch.float64)
Running loss: -1143.069038329667
Time elapsed: 455.2743365764618

Final parameters:
 parameters:
- sigma_n_log : tensor([-10.6879], dtype=torch.float64)
- log_lengthscales_par : tensor([-3.2267,  5.6863, -5.7585, 10.5944, 11.4302,  6.8448, 11.6026,  5.6417,
        -0.6547, 11.2845, 11.1791, 11.3078, 10.6294, 11.6457],
       dtype=torch.float64)
- log_lambda_par : tensor([3.0607], dtype=torch.float64)
- mean_par : tensor([0.], dtype=torch.float64)
MSE gp 2:  tensor(1.6872e-12, dtype=torch.float64)

Initial parameters:
 parameters:
- sigma_n_log : tensor([-4.6052], dtype=torch.float64)
- log_lengthscales_par : tensor([0., 0., 0., 0., 0., 0., 0., 0., 0., 0., 0., 0., 0., 0.],
       dtype=torch.float64)
- log_lambda_par : tensor([0.], dtype=torch.float64)
- mean_par : tensor([0.], dtype=torch.float64)

EPOCH: 0
 parameters:
- sigma_n_log : tensor([-4.6152], dtype=torch.float64)
- log_lengthscales_par : tensor([0.0100, 0.0100, 0.0100, 0.0100, 0.0100, 0.0100, 0.0100, 0.0100, 0.0100,
        0.0100, 0.0100, 0.0100, 0.0100, 0.0100], dtype=torch.float64)
- log_lambda_par : tensor([-0.0100], dtype=torch.float64)
- mean_par : tensor([0.], dtype=torch.float64)
Running loss: 42.68841734137304
Time elapsed: 0.39841675758361816

EPOCH: 1000
 parameters:
- sigma_n_log : tensor([-5.0146], dtype=torch.float64)
- log_lengthscales_par : tensor([-3.0485,  4.0306,  3.8597,  1.6962,  3.4838,  4.8895,  4.6920,  5.3851,
         6.0327,  5.5402,  5.6262,  4.9370,  5.7000,  5.8428],
       dtype=torch.float64)
- log_lambda_par : tensor([-0.7621], dtype=torch.float64)
- mean_par : tensor([0.], dtype=torch.float64)
Running loss: -1981.3982401440724
Time elapsed: 381.98407673835754

EPOCH: 2000
 parameters:
- sigma_n_log : tensor([-4.9207], dtype=torch.float64)
- log_lengthscales_par : tensor([-3.0417,  4.1983,  3.9251,  1.7337,  3.6519,  5.1171,  4.9573,  6.5821,
         6.0701,  6.7642,  7.0384,  5.2439,  7.2639,  7.1513],
       dtype=torch.float64)
- log_lambda_par : tensor([-0.5670], dtype=torch.float64)
- mean_par : tensor([0.], dtype=torch.float64)
Running loss: -2000.898916776805
Time elapsed: 444.46778559684753

Final parameters:
 parameters:
- sigma_n_log : tensor([-4.9207], dtype=torch.float64)
- log_lengthscales_par : tensor([-3.0417,  4.1983,  3.9251,  1.7337,  3.6519,  5.1171,  4.9573,  6.5821,
         6.0701,  6.7642,  7.0384,  5.2439,  7.2639,  7.1513],
       dtype=torch.float64)
- log_lambda_par : tensor([-0.5670], dtype=torch.float64)
- mean_par : tensor([0.], dtype=torch.float64)
MSE gp 3:  tensor(1.6245e-05, dtype=torch.float64)

Initial parameters:
 parameters:
- sigma_n_log : tensor([-4.6052], dtype=torch.float64)
- log_lengthscales_par : tensor([0., 0., 0., 0., 0., 0., 0., 0., 0., 0., 0., 0., 0., 0.],
       dtype=torch.float64)
- log_lambda_par : tensor([0.], dtype=torch.float64)
- mean_par : tensor([0.], dtype=torch.float64)

EPOCH: 0
 parameters:
- sigma_n_log : tensor([-4.6152], dtype=torch.float64)
- log_lengthscales_par : tensor([0.0100, 0.0100, 0.0100, 0.0100, 0.0100, 0.0100, 0.0100, 0.0100, 0.0100,
        0.0100, 0.0100, 0.0100, 0.0100, 0.0100], dtype=torch.float64)
- log_lambda_par : tensor([-0.0100], dtype=torch.float64)
- mean_par : tensor([0.], dtype=torch.float64)
Running loss: -6.0759217975960595
Time elapsed: 0.4135468006134033

EPOCH: 1000
 parameters:
- sigma_n_log : tensor([-4.0087], dtype=torch.float64)
- log_lengthscales_par : tensor([ 3.6757, -1.3031,  6.1879,  3.7241, -0.6183,  1.0850,  2.9721,  2.6190,
         5.9332,  2.7594,  3.2686,  3.2140,  3.1809,  4.2661],
       dtype=torch.float64)
- log_lambda_par : tensor([-1.1624], dtype=torch.float64)
- mean_par : tensor([0.], dtype=torch.float64)
Running loss: -2042.5967680353237
Time elapsed: 350.786847114563

EPOCH: 2000
 parameters:
- sigma_n_log : tensor([-4.0024], dtype=torch.float64)
- log_lengthscales_par : tensor([ 4.7010, -1.3734,  7.5969,  5.3392, -0.7466,  1.1691,  3.3515,  3.0439,
         7.3568,  3.6723,  3.3439,  3.0596,  4.7869,  6.0821],
       dtype=torch.float64)
- log_lambda_par : tensor([-0.8626], dtype=torch.float64)
- mean_par : tensor([0.], dtype=torch.float64)
Running loss: -2078.9585644379513
Time elapsed: 351.8615095615387

Final parameters:
 parameters:
- sigma_n_log : tensor([-4.0024], dtype=torch.float64)
- log_lengthscales_par : tensor([ 4.7010, -1.3734,  7.5969,  5.3392, -0.7466,  1.1691,  3.3515,  3.0439,
         7.3568,  3.6723,  3.3439,  3.0596,  4.7869,  6.0821],
       dtype=torch.float64)
- log_lambda_par : tensor([-0.8626], dtype=torch.float64)
- mean_par : tensor([0.], dtype=torch.float64)
MSE gp 4:  tensor(0.0002, dtype=torch.float64)

Initial parameters:
 parameters:
- sigma_n_log : tensor([-4.6052], dtype=torch.float64)
- log_lengthscales_par : tensor([0., 0., 0., 0., 0., 0., 0., 0., 0., 0., 0., 0., 0., 0.],
       dtype=torch.float64)
- log_lambda_par : tensor([0.], dtype=torch.float64)
- mean_par : tensor([0.], dtype=torch.float64)

EPOCH: 0
 parameters:
- sigma_n_log : tensor([-4.6152], dtype=torch.float64)
- log_lengthscales_par : tensor([ 0.0100, -0.0100, -0.0100,  0.0100,  0.0100, -0.0100,  0.0100,  0.0100,
         0.0100,  0.0100,  0.0100,  0.0100,  0.0100,  0.0100],
       dtype=torch.float64)
- log_lambda_par : tensor([0.0100], dtype=torch.float64)
- mean_par : tensor([0.], dtype=torch.float64)
Running loss: 384.40348685416296
Time elapsed: 0.4080164432525635

EPOCH: 1000
 parameters:
- sigma_n_log : tensor([-1.7347], dtype=torch.float64)
- log_lengthscales_par : tensor([ 3.9674, -1.5317, -2.1883,  3.8703,  0.6963, -0.1379,  3.4838,  4.0012,
         5.5536,  3.9903,  3.7429,  3.8028,  3.9441,  4.3856],
       dtype=torch.float64)
- log_lambda_par : tensor([0.5514], dtype=torch.float64)
- mean_par : tensor([0.], dtype=torch.float64)
Running loss: -560.0017389822851
Time elapsed: 429.55069518089294

EPOCH: 2000
 parameters:
- sigma_n_log : tensor([-1.7239], dtype=torch.float64)
- log_lengthscales_par : tensor([ 4.9709, -1.5125, -2.1333,  4.9173,  0.8148, -0.1169,  4.1694,  4.7260,
         6.0156,  4.9807,  4.5977,  4.5909,  5.1285,  5.4068],
       dtype=torch.float64)
- log_lambda_par : tensor([0.7043], dtype=torch.float64)
- mean_par : tensor([0.], dtype=torch.float64)
Running loss: -572.4447732007701
Time elapsed: 351.7044973373413

Final parameters:
 parameters:
- sigma_n_log : tensor([-1.7239], dtype=torch.float64)
- log_lengthscales_par : tensor([ 4.9709, -1.5125, -2.1333,  4.9173,  0.8148, -0.1169,  4.1694,  4.7260,
         6.0156,  4.9807,  4.5977,  4.5909,  5.1285,  5.4068],
       dtype=torch.float64)
- log_lambda_par : tensor([0.7043], dtype=torch.float64)
- mean_par : tensor([0.], dtype=torch.float64)
MSE gp 5:  tensor(0.0229, dtype=torch.float64)

Initial parameters:
 parameters:
- sigma_n_log : tensor([-4.6052], dtype=torch.float64)
- log_lengthscales_par : tensor([0., 0., 0., 0., 0., 0., 0., 0., 0., 0., 0., 0., 0., 0.],
       dtype=torch.float64)
- log_lambda_par : tensor([0.], dtype=torch.float64)
- mean_par : tensor([0.], dtype=torch.float64)

EPOCH: 0
 parameters:
- sigma_n_log : tensor([-4.6152], dtype=torch.float64)
- log_lengthscales_par : tensor([0.0100, 0.0100, 0.0100, 0.0100, 0.0100, 0.0100, 0.0100, 0.0100, 0.0100,
        0.0100, 0.0100, 0.0100, 0.0100, 0.0100], dtype=torch.float64)
- log_lambda_par : tensor([-0.0100], dtype=torch.float64)
- mean_par : tensor([0.], dtype=torch.float64)
Running loss: -46.67675160674952
Time elapsed: 0.3958151340484619

EPOCH: 1000
 parameters:
- sigma_n_log : tensor([-8.5913], dtype=torch.float64)
- log_lengthscales_par : tensor([ 3.8884,  4.6851,  3.6111,  3.5236,  4.3870,  1.9627, -1.4260,  3.8454,
        -1.3532,  3.7659,  4.1978,  3.5507,  3.8672,  1.2999],
       dtype=torch.float64)
- log_lambda_par : tensor([-3.6597], dtype=torch.float64)
- mean_par : tensor([0.], dtype=torch.float64)
Running loss: -4161.286741477703
Time elapsed: 347.50893926620483

EPOCH: 2000
 parameters:
- sigma_n_log : tensor([-8.4031], dtype=torch.float64)
- log_lengthscales_par : tensor([ 5.4731,  5.9329,  2.6306,  2.4925,  5.7592,  1.7000, -1.6027,  2.6694,
        -1.7377,  5.7256,  6.2857,  5.4838,  5.6436,  0.7028],
       dtype=torch.float64)
- log_lambda_par : tensor([-6.0114], dtype=torch.float64)
- mean_par : tensor([0.], dtype=torch.float64)
Running loss: -4303.200932320333
Time elapsed: 1348.2875225543976

Final parameters:
 parameters:
- sigma_n_log : tensor([-8.4031], dtype=torch.float64)
- log_lengthscales_par : tensor([ 5.4731,  5.9329,  2.6306,  2.4925,  5.7592,  1.7000, -1.6027,  2.6694,
        -1.7377,  5.7256,  6.2857,  5.4838,  5.6436,  0.7028],
       dtype=torch.float64)
- log_lambda_par : tensor([-6.0114], dtype=torch.float64)
- mean_par : tensor([0.], dtype=torch.float64)
MSE gp 6:  tensor(1.5634e-08, dtype=torch.float64)

Initial parameters:
 parameters:
- sigma_n_log : tensor([-4.6052], dtype=torch.float64)
- log_lengthscales_par : tensor([0., 0., 0., 0., 0., 0., 0., 0., 0., 0., 0., 0., 0., 0.],
       dtype=torch.float64)
- log_lambda_par : tensor([0.], dtype=torch.float64)
- mean_par : tensor([0.], dtype=torch.float64)

EPOCH: 0
 parameters:
- sigma_n_log : tensor([-4.6152], dtype=torch.float64)
- log_lengthscales_par : tensor([0.0100, 0.0100, 0.0100, 0.0100, 0.0100, 0.0100, 0.0100, 0.0100, 0.0100,
        0.0100, 0.0100, 0.0100, 0.0100, 0.0100], dtype=torch.float64)
- log_lambda_par : tensor([-0.0100], dtype=torch.float64)
- mean_par : tensor([0.], dtype=torch.float64)
Running loss: 9.300866184501508
Time elapsed: 0.3851282596588135

EPOCH: 1000
 parameters:
- sigma_n_log : tensor([-3.8093], dtype=torch.float64)
- log_lengthscales_par : tensor([ 3.6664, -0.2188,  0.4180,  0.7267,  1.4148,  3.1751,  0.0436,  0.1003,
         5.4395,  3.3466,  2.7975,  2.6814,  3.6535,  3.1345],
       dtype=torch.float64)
- log_lambda_par : tensor([-0.5389], dtype=torch.float64)
- mean_par : tensor([0.], dtype=torch.float64)
Running loss: -1235.1482402658253
Time elapsed: 330.3005328178406

EPOCH: 2000
 parameters:
- sigma_n_log : tensor([-3.8089], dtype=torch.float64)
- log_lengthscales_par : tensor([ 3.7295, -0.1930,  0.4611,  0.7150,  1.3649,  3.9734, -0.0638,  0.1109,
         6.2130,  3.4074,  2.9348,  2.5997,  4.7593,  3.3159],
       dtype=torch.float64)
- log_lambda_par : tensor([-0.5002], dtype=torch.float64)
- mean_par : tensor([0.], dtype=torch.float64)
Running loss: -1239.02984442314
Time elapsed: 331.9103014469147

Final parameters:
 parameters:
- sigma_n_log : tensor([-3.8089], dtype=torch.float64)
- log_lengthscales_par : tensor([ 3.7295, -0.1930,  0.4611,  0.7150,  1.3649,  3.9734, -0.0638,  0.1109,
         6.2130,  3.4074,  2.9348,  2.5997,  4.7593,  3.3159],
       dtype=torch.float64)
- log_lambda_par : tensor([-0.5002], dtype=torch.float64)
- mean_par : tensor([0.], dtype=torch.float64)
MSE gp 7:  tensor(0.0001, dtype=torch.float64)

Trained hyperparameters:
GP 1:
 parameters:
- sigma_n_log : tensor([-2.6000], dtype=torch.float64)
- log_lengthscales_par : tensor([0.7252, 3.3533, 1.8198, 0.5272, 1.5522, 0.4959, 1.2129, 0.5591, 2.7698,
        2.9686, 3.3843, 4.1214, 3.9992, 3.8276], dtype=torch.float64)
- log_lambda_par : tensor([0.3067], dtype=torch.float64)
- mean_par : tensor([0.], dtype=torch.float64)
GP 2:
 parameters:
- sigma_n_log : tensor([-2.0458], dtype=torch.float64)
- log_lengthscales_par : tensor([ 4.3989, -1.2317, -3.5966,  0.9278,  0.3521,  1.2073,  2.9533,  3.3548,
         5.7030,  2.6959,  3.8533,  4.8038,  1.3355,  4.9067],
       dtype=torch.float64)
- log_lambda_par : tensor([0.3289], dtype=torch.float64)
- mean_par : tensor([0.], dtype=torch.float64)
GP 3:
 parameters:
- sigma_n_log : tensor([-10.6879], dtype=torch.float64)
- log_lengthscales_par : tensor([-3.2267,  5.6863, -5.7585, 10.5944, 11.4302,  6.8448, 11.6026,  5.6417,
        -0.6547, 11.2845, 11.1791, 11.3078, 10.6294, 11.6457],
       dtype=torch.float64)
- log_lambda_par : tensor([3.0607], dtype=torch.float64)
- mean_par : tensor([0.], dtype=torch.float64)
GP 4:
 parameters:
- sigma_n_log : tensor([-4.9207], dtype=torch.float64)
- log_lengthscales_par : tensor([-3.0417,  4.1983,  3.9251,  1.7337,  3.6519,  5.1171,  4.9573,  6.5821,
         6.0701,  6.7642,  7.0384,  5.2439,  7.2639,  7.1513],
       dtype=torch.float64)
- log_lambda_par : tensor([-0.5670], dtype=torch.float64)
- mean_par : tensor([0.], dtype=torch.float64)
GP 5:
 parameters:
- sigma_n_log : tensor([-4.0024], dtype=torch.float64)
- log_lengthscales_par : tensor([ 4.7010, -1.3734,  7.5969,  5.3392, -0.7466,  1.1691,  3.3515,  3.0439,
         7.3568,  3.6723,  3.3439,  3.0596,  4.7869,  6.0821],
       dtype=torch.float64)
- log_lambda_par : tensor([-0.8626], dtype=torch.float64)
- mean_par : tensor([0.], dtype=torch.float64)
GP 6:
 parameters:
- sigma_n_log : tensor([-1.7239], dtype=torch.float64)
- log_lengthscales_par : tensor([ 4.9709, -1.5125, -2.1333,  4.9173,  0.8148, -0.1169,  4.1694,  4.7260,
         6.0156,  4.9807,  4.5977,  4.5909,  5.1285,  5.4068],
       dtype=torch.float64)
- log_lambda_par : tensor([0.7043], dtype=torch.float64)
- mean_par : tensor([0.], dtype=torch.float64)
GP 7:
 parameters:
- sigma_n_log : tensor([-8.4031], dtype=torch.float64)
- log_lengthscales_par : tensor([ 5.4731,  5.9329,  2.6306,  2.4925,  5.7592,  1.7000, -1.6027,  2.6694,
        -1.7377,  5.7256,  6.2857,  5.4838,  5.6436,  0.7028],
       dtype=torch.float64)
- log_lambda_par : tensor([-6.0114], dtype=torch.float64)
- mean_par : tensor([0.], dtype=torch.float64)
GP 8:
 parameters:
- sigma_n_log : tensor([-3.8089], dtype=torch.float64)
- log_lengthscales_par : tensor([ 3.7295, -0.1930,  0.4611,  0.7150,  1.3649,  3.9734, -0.0638,  0.1109,
         6.2130,  3.4074,  2.9348,  2.5997,  4.7593,  3.3159],
       dtype=torch.float64)
- log_lambda_par : tensor([-0.5002], dtype=torch.float64)
- mean_par : tensor([0.], dtype=torch.float64)

held-out NEXT-STATE MSE (model units) -- phase 2 (rl_it1_p2):
  0 pH     model=6.615707e-03  persistence=1.626558e-02  OK
  1 T      model=2.802187e-02  persistence=1.178861e-01  OK
  2 Fa     model=1.020297e-01  persistence=8.096388e-01  OK
  3 Fb     model=2.815538e-03  persistence=4.683673e-02  OK
  4 Fc     model=1.321384e-03  persistence=1.783749e-02  OK
  5 Fh     model=4.133460e-02  persistence=9.121830e-01  OK
  6 Wt     model=7.553160e-05  persistence=2.236288e-04  OK
  7 DO2    model=1.540167e-02  persistence=9.891410e-03  WORSE

mean MSE 2.470199e-02   persistence 2.413453e-01
model beats persistence: True
[pensim] statistics saved -> /home/s2892016/Thesis/MCPILCO/results_rlloop/pensim_stats_rl_it1_p2.json

saved -> /home/s2892016/Thesis/MCPILCO/results_rlloop/rbf_model_rl_it1_p2.pt
saved -> /home/s2892016/Thesis/MCPILCO/results_rlloop/rbf_metrics_rl_it1_p2.json
