EXACT GP INFERENCE SELECTED
EXACT GP INFERENCE SELECTED
EXACT GP INFERENCE SELECTED
world models:
  phase 0: [0,47.5) h  train pts=800
  phase 1: [47.5,72.5) h  train pts=800
  phase 2: [72.5,inf) h  train pts=800
  -> one shared z-space (verified)
combined state range: [-7.02, 40.38] z
[PFQuery] loaded checkpoint flgfn_corrected.pt
pre-caching 150 expert distributions (1..150 h) ...
  eigenvalues @75h: [0.00018914 0.00684495 0.04047212]
PHASE 1: t in [47.5, 72.5) h -> 25 windows
windows per model: phase 1: 25
windows: 25 total over 1..230 h  ->  25 with the W2 constraint (t<=150), 0 reward-only

policy rbf: in=8 out=6 u_max=3.0 params=2808
L2: lambda=0.0 on ALL SIX channels (additive)
action spread across 5 replicas of one state: 3.432e-06   <-- WARNING: E_a|s degenerate

chance constraints: eps=0.95 -> Phi^-1=1.6449
  action box  alpha=1000.0
  vessel floor alpha=1.0  Wt >= 50000 phys (-1.534 z)
  training data below the floor: 0.0%
EXACT GP INFERENCE SELECTED

objective: -LCB_reward + 15.0*relu(W2_h - 0.35) + 0.0*||a||^2 + chance
  reward GP : reward_model_base.pt  held-out R^2=0.8571  yield/step mu=3.2279 sd=1.4090
  LCB       : mu_r - 1.0*sigma_r  (not the mean)
  eta       : 0.35  -- measured, the converged W2 of imitation-only policies
  alpha_W2  : 15.0  -- measured, puts the penalty on the reward's scale

penalty targets (physical -> z):
    discharge      lo=     0.0 phys ->  -0.401 z   (z=0 is    254.2 phys, the dataset mean)
    sugar          lo=     7.0 phys ->  -3.865 z   (z=0 is     76.5 phys, the dataset mean)
    soilbean       lo=    21.0 phys ->  -1.360 z   (z=0 is     26.0 phys, the dataset mean)
    aeration       lo=    29.0 phys ->  -3.932 z   (z=0 is     61.0 phys, the dataset mean)
    backpressure   lo=     0.5 phys ->  -3.915 z   (z=0 is      0.9 phys, the dataset mean)
    waterinj       lo=     0.0 phys ->  -1.374 z   (z=0 is    153.7 phys, the dataset mean)
iter   0  loss=0.84150  reward(LCB)=-0.52129 (phys 2.493)  W2 mean=0.37135 max=0.40290
          eta=0.35 violating=25/25 excess=0.02135 penalty=0.32021 (pen/|rew|=0.61x)   ||a||^2=0.00210 lam*=0.000e+00
          windows: 25 imitation+reward, 0 reward-only (t>150 h)   reward early=-0.5213 late=nan
          cc_act=0.000e+00 cc_state=0.000e+00   |grad| med=1.746e-01 DEAD=0/25  |s|max=9.8 (data 40.4)
iter   1  loss=0.53974  reward(LCB)=-0.45996 (phys 2.580)  W2 mean=0.35192 max=0.37444
          eta=0.35 violating=11/25 excess=0.00498 penalty=0.07465 (pen/|rew|=0.16x)   ||a||^2=0.07093 lam*=0.000e+00
          windows: 25 imitation+reward, 0 reward-only (t>150 h)   reward early=-0.4600 late=nan
          cc_act=5.126e-03 cc_state=0.000e+00   |grad| med=1.016e+00 DEAD=0/25  |s|max=10.0 (data 40.4)
iter   2  loss=0.41397  reward(LCB)=-0.37169 (phys 2.704)  W2 mean=0.34432 max=0.36658
          eta=0.35 violating=7/25 excess=0.00261 penalty=0.03913 (pen/|rew|=0.11x)   ||a||^2=0.22337 lam*=0.000e+00
          windows: 25 imitation+reward, 0 reward-only (t>150 h)   reward early=-0.3717 late=nan
          cc_act=3.152e-03 cc_state=0.000e+00   |grad| med=2.939e-01 DEAD=0/25  |s|max=9.9 (data 40.4)
iter   3  loss=0.40043  reward(LCB)=-0.38459 (phys 2.686)  W2 mean=0.33901 max=0.35796
          eta=0.35 violating=5/25 excess=0.00104 penalty=0.01556 (pen/|rew|=0.04x)   ||a||^2=0.34095 lam*=0.000e+00
          windows: 25 imitation+reward, 0 reward-only (t>150 h)   reward early=-0.3846 late=nan
          cc_act=2.926e-04 cc_state=0.000e+00   |grad| med=1.076e-01 DEAD=0/25  |s|max=9.9 (data 40.4)
iter   4  loss=0.37292  reward(LCB)=-0.36080 (phys 2.720)  W2 mean=0.33153 max=0.35738
          eta=0.35 violating=3/25 excess=0.00056 penalty=0.00844 (pen/|rew|=0.02x)   ||a||^2=0.49022 lam*=0.000e+00
          windows: 25 imitation+reward, 0 reward-only (t>150 h)   reward early=-0.3608 late=nan
          cc_act=3.685e-03 cc_state=0.000e+00   |grad| med=1.136e-01 DEAD=0/25  |s|max=10.2 (data 40.4)
iter   5  loss=0.36641  reward(LCB)=-0.35382 (phys 2.729)  W2 mean=0.32688 max=0.35507
          eta=0.35 violating=1/25 excess=0.00020 penalty=0.00304 (pen/|rew|=0.01x)   ||a||^2=0.66949 lam*=0.000e+00
          windows: 25 imitation+reward, 0 reward-only (t>150 h)   reward early=-0.3538 late=nan
          cc_act=9.552e-03 cc_state=0.000e+00   |grad| med=8.907e-01 DEAD=0/25  |s|max=10.0 (data 40.4)
iter   6  loss=0.35531  reward(LCB)=-0.35484 (phys 2.728)  W2 mean=0.32666 max=0.34637
          eta=0.35 violating=0/25 excess=0.00000 penalty=0.00000 (pen/|rew|=0.00x)   ||a||^2=0.62628 lam*=0.000e+00
          windows: 25 imitation+reward, 0 reward-only (t>150 h)   reward early=-0.3548 late=nan
          cc_act=4.708e-04 cc_state=0.000e+00   |grad| med=9.350e-02 DEAD=0/25  |s|max=9.4 (data 40.4)
iter   7  loss=0.35002  reward(LCB)=-0.34919 (phys 2.736)  W2 mean=0.32876 max=0.34724
          eta=0.35 violating=0/25 excess=0.00000 penalty=0.00000 (pen/|rew|=0.00x)   ||a||^2=0.70278 lam*=0.000e+00
          windows: 25 imitation+reward, 0 reward-only (t>150 h)   reward early=-0.3492 late=nan
          cc_act=8.296e-04 cc_state=0.000e+00   |grad| med=1.040e-01 DEAD=0/25  |s|max=9.6 (data 40.4)
iter   8  loss=0.35624  reward(LCB)=-0.35624 (phys 2.726)  W2 mean=0.32343 max=0.34812
          eta=0.35 violating=0/25 excess=0.00000 penalty=0.00000 (pen/|rew|=0.00x)   ||a||^2=0.80337 lam*=0.000e+00
          windows: 25 imitation+reward, 0 reward-only (t>150 h)   reward early=-0.3562 late=nan
          cc_act=0.000e+00 cc_state=0.000e+00   |grad| med=9.931e-02 DEAD=0/25  |s|max=10.8 (data 40.4)
iter   9  loss=0.35881  reward(LCB)=-0.35881 (phys 2.722)  W2 mean=0.32260 max=0.34388
          eta=0.35 violating=0/25 excess=0.00000 penalty=0.00000 (pen/|rew|=0.00x)   ||a||^2=0.95076 lam*=0.000e+00
          windows: 25 imitation+reward, 0 reward-only (t>150 h)   reward early=-0.3588 late=nan
          cc_act=0.000e+00 cc_state=0.000e+00   |grad| med=1.089e-01 DEAD=0/25  |s|max=10.3 (data 40.4)
iter  10  loss=0.32791  reward(LCB)=-0.32672 (phys 2.768)  W2 mean=0.31796 max=0.34416
          eta=0.35 violating=0/25 excess=0.00000 penalty=0.00000 (pen/|rew|=0.00x)   ||a||^2=1.12319 lam*=0.000e+00
          windows: 25 imitation+reward, 0 reward-only (t>150 h)   reward early=-0.3267 late=nan
          cc_act=1.187e-03 cc_state=0.000e+00   |grad| med=1.204e-01 DEAD=0/25  |s|max=10.1 (data 40.4)
iter  11  loss=0.30455  reward(LCB)=-0.30428 (phys 2.799)  W2 mean=0.31353 max=0.33948
          eta=0.35 violating=0/25 excess=0.00000 penalty=0.00000 (pen/|rew|=0.00x)   ||a||^2=1.26978 lam*=0.000e+00
          windows: 25 imitation+reward, 0 reward-only (t>150 h)   reward early=-0.3043 late=nan
          cc_act=2.686e-04 cc_state=0.000e+00   |grad| med=1.701e-01 DEAD=0/25  |s|max=10.2 (data 40.4)
iter  12  loss=0.31740  reward(LCB)=-0.31725 (phys 2.781)  W2 mean=0.31114 max=0.33588
          eta=0.35 violating=0/25 excess=0.00000 penalty=0.00000 (pen/|rew|=0.00x)   ||a||^2=1.63555 lam*=0.000e+00
          windows: 25 imitation+reward, 0 reward-only (t>150 h)   reward early=-0.3173 late=nan
          cc_act=1.536e-04 cc_state=0.000e+00   |grad| med=1.457e-01 DEAD=0/25  |s|max=10.7 (data 40.4)
iter  13  loss=0.28488  reward(LCB)=-0.28393 (phys 2.828)  W2 mean=0.30992 max=0.33249
          eta=0.35 violating=0/25 excess=0.00000 penalty=0.00000 (pen/|rew|=0.00x)   ||a||^2=1.98979 lam*=0.000e+00
          windows: 25 imitation+reward, 0 reward-only (t>150 h)   reward early=-0.2839 late=nan
          cc_act=9.418e-04 cc_state=0.000e+00   |grad| med=1.996e-01 DEAD=0/25  |s|max=9.9 (data 40.4)
iter  14  loss=0.27828  reward(LCB)=-0.27817 (phys 2.836)  W2 mean=0.31014 max=0.33436
          eta=0.35 violating=0/25 excess=0.00000 penalty=0.00000 (pen/|rew|=0.00x)   ||a||^2=2.50172 lam*=0.000e+00
          windows: 25 imitation+reward, 0 reward-only (t>150 h)   reward early=-0.2782 late=nan
          cc_act=1.101e-04 cc_state=0.000e+00   |grad| med=1.687e-01 DEAD=0/25  |s|max=10.8 (data 40.4)
iter  15  loss=0.28402  reward(LCB)=-0.28224 (phys 2.830)  W2 mean=0.30852 max=0.33347
          eta=0.35 violating=0/25 excess=0.00000 penalty=0.00000 (pen/|rew|=0.00x)   ||a||^2=2.95136 lam*=0.000e+00
          windows: 25 imitation+reward, 0 reward-only (t>150 h)   reward early=-0.2822 late=nan
          cc_act=1.776e-03 cc_state=0.000e+00   |grad| med=1.677e-01 DEAD=0/25  |s|max=9.9 (data 40.4)
iter  16  loss=0.26142  reward(LCB)=-0.25667 (phys 2.866)  W2 mean=0.31548 max=0.34178
          eta=0.35 violating=0/25 excess=0.00000 penalty=0.00000 (pen/|rew|=0.00x)   ||a||^2=3.41317 lam*=0.000e+00
          windows: 25 imitation+reward, 0 reward-only (t>150 h)   reward early=-0.2567 late=nan
          cc_act=4.755e-03 cc_state=0.000e+00   |grad| med=3.598e-01 DEAD=0/25  |s|max=10.3 (data 40.4)
iter  17  loss=0.28741  reward(LCB)=-0.28675 (phys 2.824)  W2 mean=0.32059 max=0.34383
          eta=0.35 violating=0/25 excess=0.00000 penalty=0.00000 (pen/|rew|=0.00x)   ||a||^2=3.71441 lam*=0.000e+00
          windows: 25 imitation+reward, 0 reward-only (t>150 h)   reward early=-0.2867 late=nan
          cc_act=6.672e-04 cc_state=0.000e+00   |grad| med=1.641e-01 DEAD=0/25  |s|max=10.4 (data 40.4)
iter  18  loss=0.24377  reward(LCB)=-0.24168 (phys 2.887)  W2 mean=0.31345 max=0.33935
          eta=0.35 violating=0/25 excess=0.00000 penalty=0.00000 (pen/|rew|=0.00x)   ||a||^2=4.77820 lam*=0.000e+00
          windows: 25 imitation+reward, 0 reward-only (t>150 h)   reward early=-0.2417 late=nan
          cc_act=2.099e-03 cc_state=0.000e+00   |grad| med=2.647e-01 DEAD=0/25  |s|max=10.9 (data 40.4)
iter  19  loss=0.27142  reward(LCB)=-0.25745 (phys 2.865)  W2 mean=0.31295 max=0.34008
          eta=0.35 violating=0/25 excess=0.00000 penalty=0.00000 (pen/|rew|=0.00x)   ||a||^2=4.49263 lam*=0.000e+00
          windows: 25 imitation+reward, 0 reward-only (t>150 h)   reward early=-0.2574 late=nan
          cc_act=1.397e-02 cc_state=0.000e+00   |grad| med=2.868e-01 DEAD=0/25  |s|max=10.4 (data 40.4)

final W2=0.31295 vs eta=0.35 -> FEASIBLE
      reward(LCB)=-0.25745 (physical yield/step ~ 2.865)
      ||a||^2 0.00210 -> 4.49263 (+214061.0%)

saved -> /home/s2892016/Thesis/MCPILCO/results_rlloop/p_iter1_ph1.pt
