EXACT GP INFERENCE SELECTED
EXACT GP INFERENCE SELECTED
EXACT GP INFERENCE SELECTED
world models:
  phase 0: [0,47.5) h  train pts=800
  phase 1: [47.5,72.5) h  train pts=800
  phase 2: [72.5,inf) h  train pts=800
  -> one shared z-space (verified)
combined state range: [-7.02, 40.38] z
[PFQuery] loaded checkpoint flgfn_corrected.pt
pre-caching 150 expert distributions (1..150 h) ...
  eigenvalues @75h: [0.00018914 0.00684495 0.04047212]
PHASE 2: t in [72.5, inf) h -> 158 windows
windows per model: phase 2: 158
windows: 158 total over 1..230 h  ->  78 with the W2 constraint (t<=150), 80 reward-only

policy rbf: in=8 out=6 u_max=3.0 params=2808
L2: lambda=0.0 on ALL SIX channels (additive)
action spread across 5 replicas of one state: 4.654e-05   <-- WARNING: E_a|s degenerate

chance constraints: eps=0.95 -> Phi^-1=1.6449
  action box  alpha=1000.0
  vessel floor alpha=1.0  Wt >= 50000 phys (-1.534 z)
  training data below the floor: 0.0%
EXACT GP INFERENCE SELECTED

objective: -LCB_reward + 15.0*relu(W2_h - 0.35) + 0.0*||a||^2 + chance
  reward GP : reward_model_base.pt  held-out R^2=0.8571  yield/step mu=3.2279 sd=1.4090
  LCB       : mu_r - 1.0*sigma_r  (not the mean)
  eta       : 0.35  -- measured, the converged W2 of imitation-only policies
  alpha_W2  : 15.0  -- measured, puts the penalty on the reward's scale

penalty targets (physical -> z):
    discharge      lo=     0.0 phys ->  -0.401 z   (z=0 is    254.2 phys, the dataset mean)
    sugar          lo=     7.0 phys ->  -3.865 z   (z=0 is     76.5 phys, the dataset mean)
    soilbean       lo=    21.0 phys ->  -1.360 z   (z=0 is     26.0 phys, the dataset mean)
    aeration       lo=    29.0 phys ->  -3.932 z   (z=0 is     61.0 phys, the dataset mean)
    backpressure   lo=     0.5 phys ->  -3.915 z   (z=0 is      0.9 phys, the dataset mean)
    waterinj       lo=     0.0 phys ->  -1.374 z   (z=0 is    153.7 phys, the dataset mean)
iter   0  loss=0.91851  reward(LCB)=-0.91206 (phys 1.943)  W2 mean=0.20860 max=0.22876
          eta=0.35 violating=0/75 excess=0.00000 penalty=0.00000 (pen/|rew|=0.00x)   ||a||^2=2.62313 lam*=0.000e+00
          windows: 75 imitation+reward, 75 reward-only (t>150 h)   reward early=-0.8911 late=-0.9330
          cc_act=6.455e-03 cc_state=0.000e+00   |grad| med=1.773e-01 DEAD=0/150  |s|max=44.4 (data 40.4)
iter   1  loss=0.73982  reward(LCB)=-0.73827 (phys 2.188)  W2 mean=0.20795 max=0.22678
          eta=0.35 violating=0/73 excess=0.00000 penalty=0.00000 (pen/|rew|=0.00x)   ||a||^2=6.19011 lam*=0.000e+00
          windows: 73 imitation+reward, 77 reward-only (t>150 h)   reward early=-0.7364 late=-0.7401
          cc_act=1.544e-03 cc_state=0.000e+00   |grad| med=1.105e-01 DEAD=0/150  |s|max=45.5 (data 40.4)
iter   2  loss=0.72352  reward(LCB)=-0.72076 (phys 2.212)  W2 mean=0.20909 max=0.22688
          eta=0.35 violating=0/73 excess=0.00000 penalty=0.00000 (pen/|rew|=0.00x)   ||a||^2=7.08019 lam*=0.000e+00
          windows: 73 imitation+reward, 77 reward-only (t>150 h)   reward early=-0.7267 late=-0.7152
          cc_act=2.760e-03 cc_state=0.000e+00   |grad| med=1.096e-01 DEAD=0/150  |s|max=47.3 (data 40.4)
iter   3  loss=0.71582  reward(LCB)=-0.71292 (phys 2.223)  W2 mean=0.20658 max=0.22724
          eta=0.35 violating=0/72 excess=0.00000 penalty=0.00000 (pen/|rew|=0.00x)   ||a||^2=6.88181 lam*=0.000e+00
          windows: 72 imitation+reward, 78 reward-only (t>150 h)   reward early=-0.7196 late=-0.7068
          cc_act=2.901e-03 cc_state=0.000e+00   |grad| med=1.688e-01 DEAD=0/150  |s|max=46.6 (data 40.4)
iter   4  loss=0.70220  reward(LCB)=-0.69991 (phys 2.242)  W2 mean=0.20733 max=0.22663
          eta=0.35 violating=0/73 excess=0.00000 penalty=0.00000 (pen/|rew|=0.00x)   ||a||^2=8.27231 lam*=0.000e+00
          windows: 73 imitation+reward, 77 reward-only (t>150 h)   reward early=-0.7019 late=-0.6980
          cc_act=2.296e-03 cc_state=0.000e+00   |grad| med=9.625e-02 DEAD=0/150  |s|max=46.7 (data 40.4)
iter   5  loss=0.70188  reward(LCB)=-0.69850 (phys 2.244)  W2 mean=0.20772 max=0.22529
          eta=0.35 violating=0/76 excess=0.00000 penalty=0.00000 (pen/|rew|=0.00x)   ||a||^2=8.63251 lam*=0.000e+00
          windows: 76 imitation+reward, 74 reward-only (t>150 h)   reward early=-0.6997 late=-0.6973
          cc_act=3.383e-03 cc_state=0.000e+00   |grad| med=1.141e-01 DEAD=0/150  |s|max=45.0 (data 40.4)
iter   6  loss=0.69576  reward(LCB)=-0.69342 (phys 2.251)  W2 mean=0.20761 max=0.22635
          eta=0.35 violating=0/72 excess=0.00000 penalty=0.00000 (pen/|rew|=0.00x)   ||a||^2=8.69251 lam*=0.000e+00
          windows: 72 imitation+reward, 78 reward-only (t>150 h)   reward early=-0.6948 late=-0.6921
          cc_act=2.341e-03 cc_state=0.000e+00   |grad| med=9.039e-02 DEAD=0/150  |s|max=45.1 (data 40.4)
iter   7  loss=0.69418  reward(LCB)=-0.69240 (phys 2.252)  W2 mean=0.20816 max=0.22782
          eta=0.35 violating=0/75 excess=0.00000 penalty=0.00000 (pen/|rew|=0.00x)   ||a||^2=8.63932 lam*=0.000e+00
          windows: 75 imitation+reward, 75 reward-only (t>150 h)   reward early=-0.6934 late=-0.6914
          cc_act=1.777e-03 cc_state=0.000e+00   |grad| med=1.008e-01 DEAD=0/150  |s|max=45.3 (data 40.4)
iter   8  loss=0.68331  reward(LCB)=-0.68064 (phys 2.269)  W2 mean=0.20775 max=0.22760
          eta=0.35 violating=0/74 excess=0.00000 penalty=0.00000 (pen/|rew|=0.00x)   ||a||^2=8.58946 lam*=0.000e+00
          windows: 74 imitation+reward, 76 reward-only (t>150 h)   reward early=-0.6827 late=-0.6787
          cc_act=2.671e-03 cc_state=0.000e+00   |grad| med=1.171e-01 DEAD=0/150  |s|max=45.2 (data 40.4)
iter   9  loss=0.68937  reward(LCB)=-0.68258 (phys 2.266)  W2 mean=0.20835 max=0.22706
          eta=0.35 violating=0/74 excess=0.00000 penalty=0.00000 (pen/|rew|=0.00x)   ||a||^2=8.56106 lam*=0.000e+00
          windows: 74 imitation+reward, 76 reward-only (t>150 h)   reward early=-0.6790 late=-0.6861
          cc_act=6.795e-03 cc_state=0.000e+00   |grad| med=9.021e-02 DEAD=0/150  |s|max=47.4 (data 40.4)
iter  10  loss=0.69092  reward(LCB)=-0.68885 (phys 2.257)  W2 mean=0.20821 max=0.22735
          eta=0.35 violating=0/74 excess=0.00000 penalty=0.00000 (pen/|rew|=0.00x)   ||a||^2=8.44549 lam*=0.000e+00
          windows: 74 imitation+reward, 76 reward-only (t>150 h)   reward early=-0.6909 late=-0.6869
          cc_act=2.064e-03 cc_state=0.000e+00   |grad| med=7.924e-02 DEAD=0/150  |s|max=45.6 (data 40.4)
iter  11  loss=0.68084  reward(LCB)=-0.67921 (phys 2.271)  W2 mean=0.20781 max=0.22729
          eta=0.35 violating=0/74 excess=0.00000 penalty=0.00000 (pen/|rew|=0.00x)   ||a||^2=9.15301 lam*=0.000e+00
          windows: 74 imitation+reward, 76 reward-only (t>150 h)   reward early=-0.6784 late=-0.6800
          cc_act=1.628e-03 cc_state=0.000e+00   |grad| med=7.389e-02 DEAD=0/150  |s|max=46.2 (data 40.4)
iter  12  loss=0.68606  reward(LCB)=-0.68329 (phys 2.265)  W2 mean=0.20810 max=0.22754
          eta=0.35 violating=0/76 excess=0.00000 penalty=0.00000 (pen/|rew|=0.00x)   ||a||^2=9.26483 lam*=0.000e+00
          windows: 76 imitation+reward, 74 reward-only (t>150 h)   reward early=-0.6844 late=-0.6822
          cc_act=2.765e-03 cc_state=0.000e+00   |grad| med=8.671e-02 DEAD=0/150  |s|max=45.7 (data 40.4)
iter  13  loss=0.68137  reward(LCB)=-0.67829 (phys 2.272)  W2 mean=0.20868 max=0.22639
          eta=0.35 violating=0/73 excess=0.00000 penalty=0.00000 (pen/|rew|=0.00x)   ||a||^2=9.03793 lam*=0.000e+00
          windows: 73 imitation+reward, 77 reward-only (t>150 h)   reward early=-0.6744 late=-0.6820
          cc_act=3.080e-03 cc_state=0.000e+00   |grad| med=1.033e-01 DEAD=0/150  |s|max=45.7 (data 40.4)
iter  14  loss=0.67832  reward(LCB)=-0.67684 (phys 2.274)  W2 mean=0.20855 max=0.22886
          eta=0.35 violating=0/75 excess=0.00000 penalty=0.00000 (pen/|rew|=0.00x)   ||a||^2=9.04195 lam*=0.000e+00
          windows: 75 imitation+reward, 75 reward-only (t>150 h)   reward early=-0.6706 late=-0.6831
          cc_act=1.481e-03 cc_state=0.000e+00   |grad| med=9.990e-02 DEAD=0/150  |s|max=44.9 (data 40.4)
iter  15  loss=0.67153  reward(LCB)=-0.66988 (phys 2.284)  W2 mean=0.20828 max=0.22669
          eta=0.35 violating=0/75 excess=0.00000 penalty=0.00000 (pen/|rew|=0.00x)   ||a||^2=9.08279 lam*=0.000e+00
          windows: 75 imitation+reward, 75 reward-only (t>150 h)   reward early=-0.6699 late=-0.6699
          cc_act=1.648e-03 cc_state=0.000e+00   |grad| med=8.647e-02 DEAD=0/150  |s|max=46.5 (data 40.4)
iter  16  loss=0.67816  reward(LCB)=-0.67685 (phys 2.274)  W2 mean=0.20814 max=0.22848
          eta=0.35 violating=0/76 excess=0.00000 penalty=0.00000 (pen/|rew|=0.00x)   ||a||^2=9.28129 lam*=0.000e+00
          windows: 76 imitation+reward, 74 reward-only (t>150 h)   reward early=-0.6701 late=-0.6838
          cc_act=1.314e-03 cc_state=0.000e+00   |grad| med=7.921e-02 DEAD=0/150  |s|max=46.5 (data 40.4)
iter  17  loss=0.67180  reward(LCB)=-0.66967 (phys 2.284)  W2 mean=0.20792 max=0.22896
          eta=0.35 violating=0/72 excess=0.00000 penalty=0.00000 (pen/|rew|=0.00x)   ||a||^2=9.36694 lam*=0.000e+00
          windows: 72 imitation+reward, 78 reward-only (t>150 h)   reward early=-0.6684 late=-0.6709
          cc_act=2.135e-03 cc_state=0.000e+00   |grad| med=8.684e-02 DEAD=0/150  |s|max=45.3 (data 40.4)
iter  18  loss=0.67737  reward(LCB)=-0.67615 (phys 2.275)  W2 mean=0.20755 max=0.22669
          eta=0.35 violating=0/74 excess=0.00000 penalty=0.00000 (pen/|rew|=0.00x)   ||a||^2=9.81618 lam*=0.000e+00
          windows: 74 imitation+reward, 76 reward-only (t>150 h)   reward early=-0.6769 late=-0.6754
          cc_act=1.217e-03 cc_state=0.000e+00   |grad| med=1.002e-01 DEAD=0/150  |s|max=47.1 (data 40.4)
iter  19  loss=0.66921  reward(LCB)=-0.66808 (phys 2.287)  W2 mean=0.20864 max=0.22745
          eta=0.35 violating=0/73 excess=0.00000 penalty=0.00000 (pen/|rew|=0.00x)   ||a||^2=9.54471 lam*=0.000e+00
          windows: 73 imitation+reward, 77 reward-only (t>150 h)   reward early=-0.6639 late=-0.6721
          cc_act=1.134e-03 cc_state=0.000e+00   |grad| med=8.067e-02 DEAD=0/150  |s|max=46.1 (data 40.4)

final W2=0.20864 vs eta=0.35 -> FEASIBLE
      reward(LCB)=-0.66808 (physical yield/step ~ 2.287)
      ||a||^2 2.62313 -> 9.54471 (+263.9%)

saved -> /home/s2892016/Thesis/MCPILCO/results_rlloop/p_iter2_ph2.pt
