=== training world model: phase=1 (rl_it6_p1)  n_keep=800  n_epoch=2001  select=pivchol ===
[loop] reusing frozen standardizer stats from /home/s2892016/Thesis/MCPILCO/results_pensim/rbf_model_bnd_rbf_iter0_phase0.pt
[pensim] dataset folder (PENSIM_DATA_DIR): /home/s2892016/Thesis/deps/smpl/smpl/configdata/pensim_rlloop  (18 CSVs)
max observations: [2.76000000e+02 8.05261517e+00 3.62841400e+02 6.85863686e+00
 2.70000000e+02 1.80000012e+03 9.46039368e+02 1.26920055e+05
 2.39494171e+01]
min observations: [1.6000001e-01 4.5955915e+00 2.3797954e+02 0.0000000e+00 0.0000000e+00
 0.0000000e+00 0.0000000e+00 5.0006516e+04 2.3598127e+00]
dataset max observations: [2.3000000e+02 6.6375961e+00 2.9998679e+02 4.6791539e+00 2.2500000e+02
 9.1652979e+02 6.4989948e+02 1.0915405e+05 1.9388021e+01]
dataset min observations: [0.0000000e+00 6.0929465e+00 2.9760306e+02 0.0000000e+00 0.0000000e+00
 9.9999997e-05 9.9999997e-05 6.2508551e+04 9.0607529e+00]
max actions: [4.10e+03 1.51e+02 3.60e+01 7.60e+01 1.20e+00 5.10e+02]
min actions: [ 0.   7.  21.  29.   0.5  0. ]
dataset max actions: [4.094559e+03 1.470660e+02 3.580100e+01 7.514100e+01 1.132000e+00
 5.038400e+02]
dataset min actions: [ 0.     7.361 21.249 29.636  0.545  0.   ]
normalize: True
using max/min observations and actions.
[pensim] using SAVED standardizer statistics
[pensim] loader time bounds: [0.16, 276.00] h
[pensim] 20694 transitions | obs 8d act 6d
[pensim] obs per-dim std: [0.4583 0.8147 1.0252 0.9875 0.7667 0.7546 0.9281 1.8206]
[pensim] time range: -0.00 .. 230.00 h
[pensim]   phase 0 [0, 47.5) h: 4266 transitions
[pensim]   phase 1 [47.5, 72.5) h: 2250 transitions
[pensim]   phase 2 [72.5, inf) h: 14172 transitions
[std] fitted on 20694 transitions (17.99 CSVs)  [PINNED via -std_from]
[std] obs_sd = [0.0329  0.00339 0.03372 0.30286 0.17267 0.11814 0.34974 0.11855]
[std] act_sd = [0.30882 0.24979 0.48691 0.34592 0.29527 0.43871]
[pensim] phase 1: t in [47.5, 72.5) h  ->  2250 of 20694 transitions (10.9%)
[pivchol] selected 800/2050 points  (residual trace 2.924e+00)
train N=800   test N=200   gp input dim=14   num_gp=8
training-set time span: 47.60 .. 72.40 h
EXACT GP INFERENCE SELECTED

Initial parameters:
 parameters:
- sigma_n_log : tensor([-4.6052], dtype=torch.float64)
- log_lengthscales_par : tensor([0., 0., 0., 0., 0., 0., 0., 0., 0., 0., 0., 0., 0., 0.],
       dtype=torch.float64)
- log_lambda_par : tensor([0.], dtype=torch.float64)
- mean_par : tensor([0.], dtype=torch.float64)

EPOCH: 0
 parameters:
- sigma_n_log : tensor([-4.6152], dtype=torch.float64)
- log_lengthscales_par : tensor([1.0000e-02, 1.0000e-02, 5.9710e-10, 1.0000e-02, 1.0000e-02, 1.0000e-02,
        1.0000e-02, 1.0000e-02, 1.0000e-02, 1.0000e-02, 1.0000e-02, 1.0000e-02,
        1.0000e-02, 1.0000e-02], dtype=torch.float64)
- log_lambda_par : tensor([-0.0100], dtype=torch.float64)
- mean_par : tensor([0.], dtype=torch.float64)
Running loss: -493.73635362446197
Time elapsed: 0.778106689453125

EPOCH: 1000
 parameters:
- sigma_n_log : tensor([-4.0740], dtype=torch.float64)
- log_lengthscales_par : tensor([1.0041e+00, 2.9481e+00, 1.2065e-05, 1.3720e+00, 2.4189e+00, 3.4562e+00,
        9.7744e-02, 2.0469e+00, 3.1304e+00, 1.3837e+00, 2.4336e+00, 1.9108e+00,
        2.1652e+00, 1.8221e+00], dtype=torch.float64)
- log_lambda_par : tensor([-2.3536], dtype=torch.float64)
- mean_par : tensor([0.], dtype=torch.float64)
Running loss: -2658.4658956111443
Time elapsed: 349.6534984111786

EPOCH: 2000
 parameters:
- sigma_n_log : tensor([-4.0775], dtype=torch.float64)
- log_lengthscales_par : tensor([ 6.3556e-01,  3.6073e+00,  9.3038e-06,  1.1336e+00,  2.3498e+00,
         3.8149e+00,  6.9308e-02,  2.3292e+00, -1.2357e+00,  1.3190e+00,
         2.5300e+00,  1.8105e+00,  2.7831e+00,  1.1776e+00],
       dtype=torch.float64)
- log_lambda_par : tensor([-3.0553], dtype=torch.float64)
- mean_par : tensor([0.], dtype=torch.float64)
Running loss: -2670.328621599616
Time elapsed: 344.52413535118103

Final parameters:
 parameters:
- sigma_n_log : tensor([-4.0775], dtype=torch.float64)
- log_lengthscales_par : tensor([ 6.3556e-01,  3.6073e+00,  9.3038e-06,  1.1336e+00,  2.3498e+00,
         3.8149e+00,  6.9308e-02,  2.3292e+00, -1.2357e+00,  1.3190e+00,
         2.5300e+00,  1.8105e+00,  2.7831e+00,  1.1776e+00],
       dtype=torch.float64)
- log_lambda_par : tensor([-3.0553], dtype=torch.float64)
- mean_par : tensor([0.], dtype=torch.float64)
MSE gp 0:  tensor(0.0002, dtype=torch.float64)

Initial parameters:
 parameters:
- sigma_n_log : tensor([-4.6052], dtype=torch.float64)
- log_lengthscales_par : tensor([0., 0., 0., 0., 0., 0., 0., 0., 0., 0., 0., 0., 0., 0.],
       dtype=torch.float64)
- log_lambda_par : tensor([0.], dtype=torch.float64)
- mean_par : tensor([0.], dtype=torch.float64)

EPOCH: 0
 parameters:
- sigma_n_log : tensor([-4.5952], dtype=torch.float64)
- log_lengthscales_par : tensor([-1.0000e-02, -1.0000e-02,  8.8592e-08, -1.0000e-02, -1.0000e-02,
         1.0000e-02, -1.0000e-02,  1.0000e-02, -1.0000e-02, -1.0000e-02,
        -1.0000e-02, -1.0000e-02, -1.0000e-02,  1.0000e-02],
       dtype=torch.float64)
- log_lambda_par : tensor([0.0100], dtype=torch.float64)
- mean_par : tensor([0.], dtype=torch.float64)
Running loss: 624.71289629055
Time elapsed: 0.3503901958465576

EPOCH: 1000
 parameters:
- sigma_n_log : tensor([-2.0807], dtype=torch.float64)
- log_lengthscales_par : tensor([ 1.9437e+00, -1.8824e+00,  8.5469e-07,  2.9219e+00,  2.0333e-01,
         2.5021e+00,  2.5191e+00,  3.8157e+00,  1.8814e+00,  3.7831e+00,
         3.7218e+00,  1.6324e+00,  3.1092e+00,  3.1480e+00],
       dtype=torch.float64)
- log_lambda_par : tensor([0.4581], dtype=torch.float64)
- mean_par : tensor([0.], dtype=torch.float64)
Running loss: -624.5668496828783
Time elapsed: 351.17311358451843

EPOCH: 2000
 parameters:
- sigma_n_log : tensor([-2.0578], dtype=torch.float64)
- log_lengthscales_par : tensor([ 1.9012e+00, -1.8722e+00,  3.6760e-06,  2.9580e+00,  2.2133e-01,
         2.5041e+00,  2.6509e+00,  4.5128e+00,  1.7311e+00,  4.2255e+00,
         4.1831e+00,  1.6773e+00,  3.3537e+00,  3.1990e+00],
       dtype=torch.float64)
- log_lambda_par : tensor([0.5146], dtype=torch.float64)
- mean_par : tensor([0.], dtype=torch.float64)
Running loss: -625.7761137987385
Time elapsed: 354.8475046157837

Final parameters:
 parameters:
- sigma_n_log : tensor([-2.0578], dtype=torch.float64)
- log_lengthscales_par : tensor([ 1.9012e+00, -1.8722e+00,  3.6760e-06,  2.9580e+00,  2.2133e-01,
         2.5041e+00,  2.6509e+00,  4.5128e+00,  1.7311e+00,  4.2255e+00,
         4.1831e+00,  1.6773e+00,  3.3537e+00,  3.1990e+00],
       dtype=torch.float64)
- log_lambda_par : tensor([0.5146], dtype=torch.float64)
- mean_par : tensor([0.], dtype=torch.float64)
MSE gp 1:  tensor(0.0088, dtype=torch.float64)

Initial parameters:
 parameters:
- sigma_n_log : tensor([-4.6052], dtype=torch.float64)
- log_lengthscales_par : tensor([0., 0., 0., 0., 0., 0., 0., 0., 0., 0., 0., 0., 0., 0.],
       dtype=torch.float64)
- log_lambda_par : tensor([0.], dtype=torch.float64)
- mean_par : tensor([0.], dtype=torch.float64)

EPOCH: 0
 parameters:
- sigma_n_log : tensor([-4.6152], dtype=torch.float64)
- log_lengthscales_par : tensor([1.0000e-02, 1.0000e-02, 2.3040e-09, 1.0000e-02, 1.0000e-02, 1.0000e-02,
        1.0000e-02, 1.0000e-02, 1.0000e-02, 1.0000e-02, 1.0000e-02, 1.0000e-02,
        1.0000e-02, 1.0000e-02], dtype=torch.float64)
- log_lambda_par : tensor([-0.0100], dtype=torch.float64)
- mean_par : tensor([0.], dtype=torch.float64)
Running loss: -495.60227563388537
Time elapsed: 0.3781297206878662

EPOCH: 1000
 parameters:
- sigma_n_log : tensor([-11.3786], dtype=torch.float64)
- log_lengthscales_par : tensor([4.5169, 4.0300, 0.0080, 4.3513, 4.3440, 4.9767, 5.0296, 4.4141, 6.4765,
        4.6286, 4.2945, 4.2059, 4.4809, 5.5621], dtype=torch.float64)
- log_lambda_par : tensor([-4.3266], dtype=torch.float64)
- mean_par : tensor([0.], dtype=torch.float64)
Running loss: -7226.260221477774
Time elapsed: 360.70340156555176

EPOCH: 2000
 parameters:
- sigma_n_log : tensor([-12.0762], dtype=torch.float64)
- log_lengthscales_par : tensor([5.2693e+00, 4.9594e+00, 7.2506e-03, 5.2919e+00, 5.3034e+00, 5.9478e+00,
        6.0721e+00, 5.3812e+00, 7.6531e+00, 5.5731e+00, 5.1885e+00, 5.0713e+00,
        5.4167e+00, 6.5869e+00], dtype=torch.float64)
- log_lambda_par : tensor([-5.8404], dtype=torch.float64)
- mean_par : tensor([0.], dtype=torch.float64)
Running loss: -7307.541627566648
Time elapsed: 350.73481726646423

Final parameters:
 parameters:
- sigma_n_log : tensor([-12.0762], dtype=torch.float64)
- log_lengthscales_par : tensor([5.2693e+00, 4.9594e+00, 7.2506e-03, 5.2919e+00, 5.3034e+00, 5.9478e+00,
        6.0721e+00, 5.3812e+00, 7.6531e+00, 5.5731e+00, 5.1885e+00, 5.0713e+00,
        5.4167e+00, 6.5869e+00], dtype=torch.float64)
- log_lambda_par : tensor([-5.8404], dtype=torch.float64)
- mean_par : tensor([0.], dtype=torch.float64)
MSE gp 2:  tensor(0., dtype=torch.float64)

Initial parameters:
 parameters:
- sigma_n_log : tensor([-4.6052], dtype=torch.float64)
- log_lengthscales_par : tensor([0., 0., 0., 0., 0., 0., 0., 0., 0., 0., 0., 0., 0., 0.],
       dtype=torch.float64)
- log_lambda_par : tensor([0.], dtype=torch.float64)
- mean_par : tensor([0.], dtype=torch.float64)

EPOCH: 0
 parameters:
- sigma_n_log : tensor([-4.6152], dtype=torch.float64)
- log_lengthscales_par : tensor([ 1.0000e-02,  1.0000e-02, -8.9155e-10,  1.0000e-02,  1.0000e-02,
         1.0000e-02,  1.0000e-02,  1.0000e-02,  1.0000e-02,  1.0000e-02,
         1.0000e-02,  1.0000e-02,  1.0000e-02,  1.0000e-02],
       dtype=torch.float64)
- log_lambda_par : tensor([-0.0100], dtype=torch.float64)
- mean_par : tensor([0.], dtype=torch.float64)
Running loss: -493.5287795931447
Time elapsed: 0.3692784309387207

EPOCH: 1000
 parameters:
- sigma_n_log : tensor([-11.4159], dtype=torch.float64)
- log_lengthscales_par : tensor([-0.3660,  4.4200, -0.0199,  1.2501,  3.9850,  5.3219,  3.1834,  3.7923,
        -5.3633,  3.4459,  4.6091,  4.3928,  4.7612,  5.9624],
       dtype=torch.float64)
- log_lambda_par : tensor([-2.9290], dtype=torch.float64)
- mean_par : tensor([0.], dtype=torch.float64)
Running loss: -5571.2150428480145
Time elapsed: 411.86718010902405

EPOCH: 2000
 parameters:
- sigma_n_log : tensor([-12.1141], dtype=torch.float64)
- log_lengthscales_par : tensor([-0.4523,  5.7262,  0.0212,  1.2283,  5.4464,  6.4387,  2.7536,  3.8267,
        -5.4020,  3.0814,  5.5815,  6.4351,  6.2625,  7.6257],
       dtype=torch.float64)
- log_lambda_par : tensor([-2.8494], dtype=torch.float64)
- mean_par : tensor([0.], dtype=torch.float64)
Running loss: -5640.122309811049
Time elapsed: 366.59154081344604

Final parameters:
 parameters:
- sigma_n_log : tensor([-12.1141], dtype=torch.float64)
- log_lengthscales_par : tensor([-0.4523,  5.7262,  0.0212,  1.2283,  5.4464,  6.4387,  2.7536,  3.8267,
        -5.4020,  3.0814,  5.5815,  6.4351,  6.2625,  7.6257],
       dtype=torch.float64)
- log_lambda_par : tensor([-2.8494], dtype=torch.float64)
- mean_par : tensor([0.], dtype=torch.float64)
MSE gp 3:  tensor(2.0311e-09, dtype=torch.float64)

Initial parameters:
 parameters:
- sigma_n_log : tensor([-4.6052], dtype=torch.float64)
- log_lengthscales_par : tensor([0., 0., 0., 0., 0., 0., 0., 0., 0., 0., 0., 0., 0., 0.],
       dtype=torch.float64)
- log_lambda_par : tensor([0.], dtype=torch.float64)
- mean_par : tensor([0.], dtype=torch.float64)

EPOCH: 0
 parameters:
- sigma_n_log : tensor([-4.6152], dtype=torch.float64)
- log_lengthscales_par : tensor([1.0000e-02, 1.0000e-02, 9.7072e-09, 1.0000e-02, 1.0000e-02, 1.0000e-02,
        1.0000e-02, 1.0000e-02, 1.0000e-02, 1.0000e-02, 1.0000e-02, 1.0000e-02,
        1.0000e-02, 1.0000e-02], dtype=torch.float64)
- log_lambda_par : tensor([-0.0100], dtype=torch.float64)
- mean_par : tensor([0.], dtype=torch.float64)
Running loss: -380.0542671705861
Time elapsed: 0.406080961227417

EPOCH: 1000
 parameters:
- sigma_n_log : tensor([-3.0440], dtype=torch.float64)
- log_lengthscales_par : tensor([ 2.7306e+00, -1.0764e+00, -1.1634e-05,  3.2284e+00,  4.9218e-01,
         2.0604e+00,  2.9611e+00,  3.9660e+00,  3.8745e+00,  3.6008e+00,
         3.5637e+00,  2.8718e+00,  4.2268e+00,  3.3573e+00],
       dtype=torch.float64)
- log_lambda_par : tensor([-0.2400], dtype=torch.float64)
- mean_par : tensor([0.], dtype=torch.float64)
Running loss: -1553.3954258535277
Time elapsed: 360.1456444263458

EPOCH: 2000
 parameters:
- sigma_n_log : tensor([-3.0336], dtype=torch.float64)
- log_lengthscales_par : tensor([ 2.8056e+00, -1.0624e+00, -1.1294e-06,  3.4591e+00,  5.2173e-01,
         2.1641e+00,  3.1612e+00,  4.9227e+00,  4.0895e+00,  3.7698e+00,
         3.6895e+00,  3.0089e+00,  5.2523e+00,  3.4953e+00],
       dtype=torch.float64)
- log_lambda_par : tensor([-0.0363], dtype=torch.float64)
- mean_par : tensor([0.], dtype=torch.float64)
Running loss: -1558.3299724136243
Time elapsed: 359.39454340934753

Final parameters:
 parameters:
- sigma_n_log : tensor([-3.0336], dtype=torch.float64)
- log_lengthscales_par : tensor([ 2.8056e+00, -1.0624e+00, -1.1294e-06,  3.4591e+00,  5.2173e-01,
         2.1641e+00,  3.1612e+00,  4.9227e+00,  4.0895e+00,  3.7698e+00,
         3.6895e+00,  3.0089e+00,  5.2523e+00,  3.4953e+00],
       dtype=torch.float64)
- log_lambda_par : tensor([-0.0363], dtype=torch.float64)
- mean_par : tensor([0.], dtype=torch.float64)
MSE gp 4:  tensor(0.0016, dtype=torch.float64)

Initial parameters:
 parameters:
- sigma_n_log : tensor([-4.6052], dtype=torch.float64)
- log_lengthscales_par : tensor([0., 0., 0., 0., 0., 0., 0., 0., 0., 0., 0., 0., 0., 0.],
       dtype=torch.float64)
- log_lambda_par : tensor([0.], dtype=torch.float64)
- mean_par : tensor([0.], dtype=torch.float64)

EPOCH: 0
 parameters:
- sigma_n_log : tensor([-4.5952], dtype=torch.float64)
- log_lengthscales_par : tensor([-1.0000e-02, -1.0000e-02, -4.1717e-08, -1.0000e-02, -1.0000e-02,
         1.0000e-02, -1.0000e-02,  1.0000e-02, -1.0000e-02, -1.0000e-02,
        -1.0000e-02, -1.0000e-02,  1.0000e-02, -1.0000e-02],
       dtype=torch.float64)
- log_lambda_par : tensor([0.0100], dtype=torch.float64)
- mean_par : tensor([0.], dtype=torch.float64)
Running loss: 1118.156631361454
Time elapsed: 0.38018012046813965

EPOCH: 1000
 parameters:
- sigma_n_log : tensor([-1.9347], dtype=torch.float64)
- log_lengthscales_par : tensor([ 3.5865e+00, -1.8622e+00, -2.7595e-06,  4.3381e+00,  4.9640e-01,
         1.7398e+00,  4.5406e+00,  4.3564e+00,  3.3423e+00,  5.0318e+00,
         4.7185e+00,  2.6604e+00,  4.1751e+00,  4.9870e+00],
       dtype=torch.float64)
- log_lambda_par : tensor([1.6217], dtype=torch.float64)
- mean_par : tensor([0.], dtype=torch.float64)
Running loss: -539.6357985551645
Time elapsed: 362.518435716629

EPOCH: 2000
 parameters:
- sigma_n_log : tensor([-1.9230], dtype=torch.float64)
- log_lengthscales_par : tensor([ 4.6334e+00, -1.9200e+00, -2.5580e-06,  5.8601e+00,  5.6034e-01,
         1.8185e+00,  5.8707e+00,  5.4011e+00,  4.8180e+00,  6.4272e+00,
         5.8141e+00,  5.1630e+00,  5.8353e+00,  6.8363e+00],
       dtype=torch.float64)
- log_lambda_par : tensor([1.8251], dtype=torch.float64)
- mean_par : tensor([0.], dtype=torch.float64)
Running loss: -561.3263846624191
Time elapsed: 367.40109395980835

Final parameters:
 parameters:
- sigma_n_log : tensor([-1.9230], dtype=torch.float64)
- log_lengthscales_par : tensor([ 4.6334e+00, -1.9200e+00, -2.5580e-06,  5.8601e+00,  5.6034e-01,
         1.8185e+00,  5.8707e+00,  5.4011e+00,  4.8180e+00,  6.4272e+00,
         5.8141e+00,  5.1630e+00,  5.8353e+00,  6.8363e+00],
       dtype=torch.float64)
- log_lambda_par : tensor([1.8251], dtype=torch.float64)
- mean_par : tensor([0.], dtype=torch.float64)
MSE gp 5:  tensor(0.0145, dtype=torch.float64)

Initial parameters:
 parameters:
- sigma_n_log : tensor([-4.6052], dtype=torch.float64)
- log_lengthscales_par : tensor([0., 0., 0., 0., 0., 0., 0., 0., 0., 0., 0., 0., 0., 0.],
       dtype=torch.float64)
- log_lambda_par : tensor([0.], dtype=torch.float64)
- mean_par : tensor([0.], dtype=torch.float64)

EPOCH: 0
 parameters:
- sigma_n_log : tensor([-4.6152], dtype=torch.float64)
- log_lengthscales_par : tensor([1.0000e-02, 1.0000e-02, 1.0159e-09, 1.0000e-02, 1.0000e-02, 1.0000e-02,
        1.0000e-02, 1.0000e-02, 1.0000e-02, 1.0000e-02, 1.0000e-02, 1.0000e-02,
        1.0000e-02, 1.0000e-02], dtype=torch.float64)
- log_lambda_par : tensor([-0.0100], dtype=torch.float64)
- mean_par : tensor([0.], dtype=torch.float64)
Running loss: -495.5974443484809
Time elapsed: 0.4230484962463379

EPOCH: 1000
 parameters:
- sigma_n_log : tensor([-7.7664], dtype=torch.float64)
- log_lengthscales_par : tensor([-0.1139,  2.8480,  0.0059,  3.5313,  3.3968,  4.4188,  3.6368,  3.1183,
         3.5848,  3.3676,  3.9676,  3.7252,  3.3047,  2.8583],
       dtype=torch.float64)
- log_lambda_par : tensor([-3.4945], dtype=torch.float64)
- mean_par : tensor([0.], dtype=torch.float64)
Running loss: -5481.120866073084
Time elapsed: 361.68096137046814

EPOCH: 2000
 parameters:
- sigma_n_log : tensor([-7.9136], dtype=torch.float64)
- log_lengthscales_par : tensor([-0.3819,  3.6228,  0.0126,  4.9841,  3.8578,  4.6036,  4.6775,  3.8149,
         2.7656,  0.8715,  4.5799,  4.6181,  4.5127,  1.6430],
       dtype=torch.float64)
- log_lambda_par : tensor([-5.6263], dtype=torch.float64)
- mean_par : tensor([0.], dtype=torch.float64)
Running loss: -5597.065455412971
Time elapsed: 359.8278241157532

Final parameters:
 parameters:
- sigma_n_log : tensor([-7.9136], dtype=torch.float64)
- log_lengthscales_par : tensor([-0.3819,  3.6228,  0.0126,  4.9841,  3.8578,  4.6036,  4.6775,  3.8149,
         2.7656,  0.8715,  4.5799,  4.6181,  4.5127,  1.6430],
       dtype=torch.float64)
- log_lambda_par : tensor([-5.6263], dtype=torch.float64)
- mean_par : tensor([0.], dtype=torch.float64)
MSE gp 6:  tensor(1.1778e-07, dtype=torch.float64)

Initial parameters:
 parameters:
- sigma_n_log : tensor([-4.6052], dtype=torch.float64)
- log_lengthscales_par : tensor([0., 0., 0., 0., 0., 0., 0., 0., 0., 0., 0., 0., 0., 0.],
       dtype=torch.float64)
- log_lambda_par : tensor([0.], dtype=torch.float64)
- mean_par : tensor([0.], dtype=torch.float64)

EPOCH: 0
 parameters:
- sigma_n_log : tensor([-4.6152], dtype=torch.float64)
- log_lengthscales_par : tensor([ 1.0000e-02,  1.0000e-02, -8.3180e-11,  1.0000e-02,  1.0000e-02,
         1.0000e-02,  1.0000e-02,  1.0000e-02,  1.0000e-02,  1.0000e-02,
         1.0000e-02,  1.0000e-02,  1.0000e-02,  1.0000e-02],
       dtype=torch.float64)
- log_lambda_par : tensor([-0.0100], dtype=torch.float64)
- mean_par : tensor([0.], dtype=torch.float64)
Running loss: -447.20772380888184
Time elapsed: 0.4157412052154541

EPOCH: 1000
 parameters:
- sigma_n_log : tensor([-2.8864], dtype=torch.float64)
- log_lengthscales_par : tensor([-2.8780e+00,  3.1536e+00,  3.2453e-07,  1.7463e+00,  2.2431e+00,
         3.6048e+00,  1.6281e+00,  6.8593e-03,  1.5529e+00, -7.0578e-01,
         1.8193e+00, -6.1965e-02,  2.0877e+00,  1.3175e+00],
       dtype=torch.float64)
- log_lambda_par : tensor([-2.6371], dtype=torch.float64)
- mean_par : tensor([0.], dtype=torch.float64)
Running loss: -1300.5309595303845
Time elapsed: 358.66439294815063

EPOCH: 2000
 parameters:
- sigma_n_log : tensor([-3.3939], dtype=torch.float64)
- log_lengthscales_par : tensor([-3.7171e+00,  4.3519e+00,  1.0743e-06,  1.6466e+00,  3.8621e+00,
         2.6100e+00,  2.3608e+00, -4.2870e-01,  2.1627e+00,  1.3121e+00,
         3.0589e+00, -1.6022e-01,  3.8749e-01,  9.9801e-01],
       dtype=torch.float64)
- log_lambda_par : tensor([-2.9745], dtype=torch.float64)
- mean_par : tensor([0.], dtype=torch.float64)
Running loss: -1347.5695880095054
Time elapsed: 367.8680691719055

Final parameters:
 parameters:
- sigma_n_log : tensor([-3.3939], dtype=torch.float64)
- log_lengthscales_par : tensor([-3.7171e+00,  4.3519e+00,  1.0743e-06,  1.6466e+00,  3.8621e+00,
         2.6100e+00,  2.3608e+00, -4.2870e-01,  2.1627e+00,  1.3121e+00,
         3.0589e+00, -1.6022e-01,  3.8749e-01,  9.9801e-01],
       dtype=torch.float64)
- log_lambda_par : tensor([-2.9745], dtype=torch.float64)
- mean_par : tensor([0.], dtype=torch.float64)
MSE gp 7:  tensor(0.0003, dtype=torch.float64)

Trained hyperparameters:
GP 1:
 parameters:
- sigma_n_log : tensor([-4.0775], dtype=torch.float64)
- log_lengthscales_par : tensor([ 6.3556e-01,  3.6073e+00,  9.3038e-06,  1.1336e+00,  2.3498e+00,
         3.8149e+00,  6.9308e-02,  2.3292e+00, -1.2357e+00,  1.3190e+00,
         2.5300e+00,  1.8105e+00,  2.7831e+00,  1.1776e+00],
       dtype=torch.float64)
- log_lambda_par : tensor([-3.0553], dtype=torch.float64)
- mean_par : tensor([0.], dtype=torch.float64)
GP 2:
 parameters:
- sigma_n_log : tensor([-2.0578], dtype=torch.float64)
- log_lengthscales_par : tensor([ 1.9012e+00, -1.8722e+00,  3.6760e-06,  2.9580e+00,  2.2133e-01,
         2.5041e+00,  2.6509e+00,  4.5128e+00,  1.7311e+00,  4.2255e+00,
         4.1831e+00,  1.6773e+00,  3.3537e+00,  3.1990e+00],
       dtype=torch.float64)
- log_lambda_par : tensor([0.5146], dtype=torch.float64)
- mean_par : tensor([0.], dtype=torch.float64)
GP 3:
 parameters:
- sigma_n_log : tensor([-12.0762], dtype=torch.float64)
- log_lengthscales_par : tensor([5.2693e+00, 4.9594e+00, 7.2506e-03, 5.2919e+00, 5.3034e+00, 5.9478e+00,
        6.0721e+00, 5.3812e+00, 7.6531e+00, 5.5731e+00, 5.1885e+00, 5.0713e+00,
        5.4167e+00, 6.5869e+00], dtype=torch.float64)
- log_lambda_par : tensor([-5.8404], dtype=torch.float64)
- mean_par : tensor([0.], dtype=torch.float64)
GP 4:
 parameters:
- sigma_n_log : tensor([-12.1141], dtype=torch.float64)
- log_lengthscales_par : tensor([-0.4523,  5.7262,  0.0212,  1.2283,  5.4464,  6.4387,  2.7536,  3.8267,
        -5.4020,  3.0814,  5.5815,  6.4351,  6.2625,  7.6257],
       dtype=torch.float64)
- log_lambda_par : tensor([-2.8494], dtype=torch.float64)
- mean_par : tensor([0.], dtype=torch.float64)
GP 5:
 parameters:
- sigma_n_log : tensor([-3.0336], dtype=torch.float64)
- log_lengthscales_par : tensor([ 2.8056e+00, -1.0624e+00, -1.1294e-06,  3.4591e+00,  5.2173e-01,
         2.1641e+00,  3.1612e+00,  4.9227e+00,  4.0895e+00,  3.7698e+00,
         3.6895e+00,  3.0089e+00,  5.2523e+00,  3.4953e+00],
       dtype=torch.float64)
- log_lambda_par : tensor([-0.0363], dtype=torch.float64)
- mean_par : tensor([0.], dtype=torch.float64)
GP 6:
 parameters:
- sigma_n_log : tensor([-1.9230], dtype=torch.float64)
- log_lengthscales_par : tensor([ 4.6334e+00, -1.9200e+00, -2.5580e-06,  5.8601e+00,  5.6034e-01,
         1.8185e+00,  5.8707e+00,  5.4011e+00,  4.8180e+00,  6.4272e+00,
         5.8141e+00,  5.1630e+00,  5.8353e+00,  6.8363e+00],
       dtype=torch.float64)
- log_lambda_par : tensor([1.8251], dtype=torch.float64)
- mean_par : tensor([0.], dtype=torch.float64)
GP 7:
 parameters:
- sigma_n_log : tensor([-7.9136], dtype=torch.float64)
- log_lengthscales_par : tensor([-0.3819,  3.6228,  0.0126,  4.9841,  3.8578,  4.6036,  4.6775,  3.8149,
         2.7656,  0.8715,  4.5799,  4.6181,  4.5127,  1.6430],
       dtype=torch.float64)
- log_lambda_par : tensor([-5.6263], dtype=torch.float64)
- mean_par : tensor([0.], dtype=torch.float64)
GP 8:
 parameters:
- sigma_n_log : tensor([-3.3939], dtype=torch.float64)
- log_lengthscales_par : tensor([-3.7171e+00,  4.3519e+00,  1.0743e-06,  1.6466e+00,  3.8621e+00,
         2.6100e+00,  2.3608e+00, -4.2870e-01,  2.1627e+00,  1.3121e+00,
         3.0589e+00, -1.6022e-01,  3.8749e-01,  9.9801e-01],
       dtype=torch.float64)
- log_lambda_par : tensor([-2.9745], dtype=torch.float64)
- mean_par : tensor([0.], dtype=torch.float64)

held-out NEXT-STATE MSE (model units) -- phase 1 (rl_it6_p1):
  0 pH     model=2.215896e-04  persistence=1.977515e-03  OK
  1 T      model=3.152740e-02  persistence=4.221785e-01  OK
  2 Fa     model=0.000000e+00  persistence=0.000000e+00  WORSE
  3 Fb     model=1.006274e-03  persistence=6.048036e-03  OK
  4 Fc     model=2.658603e-03  persistence=6.258706e-02  OK
  5 Fh     model=2.618066e-02  persistence=7.459154e-01  OK
  6 Wt     model=2.045249e-08  persistence=8.902255e-05  OK
  7 DO2    model=8.267470e-03  persistence=3.556791e-03  WORSE

mean MSE 8.732752e-03   persistence 1.552940e-01
model beats persistence: True
[pensim] statistics saved -> /home/s2892016/Thesis/MCPILCO/results_rlloop/pensim_stats_rl_it6_p1.json

saved -> /home/s2892016/Thesis/MCPILCO/results_rlloop/rbf_model_rl_it6_p1.pt
saved -> /home/s2892016/Thesis/MCPILCO/results_rlloop/rbf_metrics_rl_it6_p1.json
