EXACT GP INFERENCE SELECTED
EXACT GP INFERENCE SELECTED
EXACT GP INFERENCE SELECTED
world models:
  phase 0: [0,47.5) h  train pts=800
  phase 1: [47.5,72.5) h  train pts=800
  phase 2: [72.5,inf) h  train pts=800
  -> one shared z-space (verified)
combined state range: [-6.90, 40.38] z
[PFQuery] loaded checkpoint flgfn_corrected.pt
pre-caching 150 expert distributions (1..150 h) ...
  eigenvalues @75h: [0.00018914 0.00684495 0.04047212]
PHASE 0: t in [0, 47.5) h -> 47 windows
windows per model: phase 0: 47
windows: 47 total over 1..230 h  ->  47 with the W2 constraint (t<=150), 0 reward-only

policy rbf: in=8 out=6 u_max=3.0 params=2808
L2: lambda=0.2 on ALL SIX channels (additive)
action spread across 5 replicas of one state: 1.631e-06   <-- WARNING: E_a|s degenerate

chance constraints: eps=0.95 -> Phi^-1=1.6449
  action box  alpha=1000.0
  vessel floor alpha=1.0  Wt >= 50000 phys (-1.534 z)
  training data below the floor: 0.0%
EXACT GP INFERENCE SELECTED

objective: -LCB_reward + 15.0*relu(W2_h - 0.35) + 0.2*||a||^2 + chance
  reward GP : reward_model_base.pt  held-out R^2=0.8571  yield/step mu=3.2279 sd=1.4090
  LCB       : mu_r - 1.0*sigma_r  (not the mean)
  eta       : 0.35  -- measured, the converged W2 of imitation-only policies
  alpha_W2  : 15.0  -- measured, puts the penalty on the reward's scale

penalty targets (physical -> z):
    discharge      lo=     0.0 phys ->  -0.401 z   (z=0 is    254.2 phys, the dataset mean)
    sugar          lo=     7.0 phys ->  -3.865 z   (z=0 is     76.5 phys, the dataset mean)
    soilbean       lo=    21.0 phys ->  -1.360 z   (z=0 is     26.0 phys, the dataset mean)
    aeration       lo=    29.0 phys ->  -3.932 z   (z=0 is     61.0 phys, the dataset mean)
    backpressure   lo=     0.5 phys ->  -3.915 z   (z=0 is      0.9 phys, the dataset mean)
    waterinj       lo=     0.0 phys ->  -1.374 z   (z=0 is    153.7 phys, the dataset mean)
discharge PINNED at 0.0 phys (-0.401 z)
iter   0  loss=1.00954  reward(LCB)=-0.97603 (phys 1.853)  W2 mean=0.24957 max=0.26956
          eta=0.35 violating=0/47 excess=0.00000 penalty=0.00000 (pen/|rew|=0.00x)   ||a||^2=0.16756 lam*=3.351e-02
          windows: 47 imitation+reward, 0 reward-only (t>150 h)   reward early=-0.9760 late=nan
          cc_act=2.741e-06 cc_state=0.000e+00   |grad| med=2.546e-03 DEAD=0/47  |s|max=109.2 (data 40.4)
iter   1  loss=1.00324  reward(LCB)=-0.96163 (phys 1.873)  W2 mean=0.24935 max=0.26899
          eta=0.35 violating=0/47 excess=0.00000 penalty=0.00000 (pen/|rew|=0.00x)   ||a||^2=0.20801 lam*=4.160e-02
          windows: 47 imitation+reward, 0 reward-only (t>150 h)   reward early=-0.9616 late=nan
          cc_act=2.741e-06 cc_state=0.000e+00   |grad| med=5.362e-03 DEAD=0/47  |s|max=103.4 (data 40.4)
iter   2  loss=1.00149  reward(LCB)=-0.94902 (phys 1.891)  W2 mean=0.24984 max=0.26964
          eta=0.35 violating=0/47 excess=0.00000 penalty=0.00000 (pen/|rew|=0.00x)   ||a||^2=0.26234 lam*=5.247e-02
          windows: 47 imitation+reward, 0 reward-only (t>150 h)   reward early=-0.9490 late=nan
          cc_act=2.741e-06 cc_state=0.000e+00   |grad| med=7.170e-03 DEAD=0/47  |s|max=104.7 (data 40.4)
iter   3  loss=0.99125  reward(LCB)=-0.93373 (phys 1.912)  W2 mean=0.24971 max=0.27029
          eta=0.35 violating=0/47 excess=0.00000 penalty=0.00000 (pen/|rew|=0.00x)   ||a||^2=0.28465 lam*=5.693e-02
          windows: 47 imitation+reward, 0 reward-only (t>150 h)   reward early=-0.9337 late=nan
          cc_act=5.891e-04 cc_state=0.000e+00   |grad| med=7.448e-03 DEAD=0/47  |s|max=106.2 (data 40.4)
iter   4  loss=0.99295  reward(LCB)=-0.93107 (phys 1.916)  W2 mean=0.24943 max=0.27044
          eta=0.35 violating=0/47 excess=0.00000 penalty=0.00000 (pen/|rew|=0.00x)   ||a||^2=0.30935 lam*=6.187e-02
          windows: 47 imitation+reward, 0 reward-only (t>150 h)   reward early=-0.9311 late=nan
          cc_act=2.741e-06 cc_state=0.000e+00   |grad| med=6.749e-03 DEAD=0/47  |s|max=103.3 (data 40.4)
iter   5  loss=0.98995  reward(LCB)=-0.92331 (phys 1.927)  W2 mean=0.24968 max=0.26967
          eta=0.35 violating=0/47 excess=0.00000 penalty=0.00000 (pen/|rew|=0.00x)   ||a||^2=0.33319 lam*=6.664e-02
          windows: 47 imitation+reward, 0 reward-only (t>150 h)   reward early=-0.9233 late=nan
          cc_act=2.741e-06 cc_state=0.000e+00   |grad| med=6.447e-03 DEAD=0/47  |s|max=104.6 (data 40.4)
iter   6  loss=0.98399  reward(LCB)=-0.91442 (phys 1.940)  W2 mean=0.24963 max=0.26926
          eta=0.35 violating=0/47 excess=0.00000 penalty=0.00000 (pen/|rew|=0.00x)   ||a||^2=0.34787 lam*=6.957e-02
          windows: 47 imitation+reward, 0 reward-only (t>150 h)   reward early=-0.9144 late=nan
          cc_act=2.741e-06 cc_state=0.000e+00   |grad| med=8.533e-03 DEAD=0/47  |s|max=103.9 (data 40.4)
iter   7  loss=0.98484  reward(LCB)=-0.91555 (phys 1.938)  W2 mean=0.24962 max=0.27065
          eta=0.35 violating=0/47 excess=0.00000 penalty=0.00000 (pen/|rew|=0.00x)   ||a||^2=0.34644 lam*=6.929e-02
          windows: 47 imitation+reward, 0 reward-only (t>150 h)   reward early=-0.9155 late=nan
          cc_act=2.741e-06 cc_state=0.000e+00   |grad| med=7.772e-03 DEAD=0/47  |s|max=105.4 (data 40.4)
iter   8  loss=0.98672  reward(LCB)=-0.91792 (phys 1.935)  W2 mean=0.24945 max=0.26991
          eta=0.35 violating=0/47 excess=0.00000 penalty=0.00000 (pen/|rew|=0.00x)   ||a||^2=0.34363 lam*=6.873e-02
          windows: 47 imitation+reward, 0 reward-only (t>150 h)   reward early=-0.9179 late=nan
          cc_act=6.716e-05 cc_state=0.000e+00   |grad| med=1.209e-02 DEAD=0/47  |s|max=108.2 (data 40.4)
iter   9  loss=0.99011  reward(LCB)=-0.92261 (phys 1.928)  W2 mean=0.24991 max=0.26944
          eta=0.35 violating=0/47 excess=0.00000 penalty=0.00000 (pen/|rew|=0.00x)   ||a||^2=0.33747 lam*=6.749e-02
          windows: 47 imitation+reward, 0 reward-only (t>150 h)   reward early=-0.9226 late=nan
          cc_act=2.741e-06 cc_state=0.000e+00   |grad| med=9.922e-03 DEAD=0/47  |s|max=106.9 (data 40.4)
iter  10  loss=0.98551  reward(LCB)=-0.91265 (phys 1.942)  W2 mean=0.24951 max=0.27079
          eta=0.35 violating=0/47 excess=0.00000 penalty=0.00000 (pen/|rew|=0.00x)   ||a||^2=0.36431 lam*=7.286e-02
          windows: 47 imitation+reward, 0 reward-only (t>150 h)   reward early=-0.9126 late=nan
          cc_act=2.741e-06 cc_state=0.000e+00   |grad| med=8.655e-03 DEAD=0/47  |s|max=106.1 (data 40.4)
iter  11  loss=0.98472  reward(LCB)=-0.91011 (phys 1.946)  W2 mean=0.24958 max=0.27027
          eta=0.35 violating=0/47 excess=0.00000 penalty=0.00000 (pen/|rew|=0.00x)   ||a||^2=0.37302 lam*=7.460e-02
          windows: 47 imitation+reward, 0 reward-only (t>150 h)   reward early=-0.9101 late=nan
          cc_act=2.741e-06 cc_state=0.000e+00   |grad| med=8.819e-03 DEAD=0/47  |s|max=103.8 (data 40.4)
iter  12  loss=0.98569  reward(LCB)=-0.91222 (phys 1.943)  W2 mean=0.24950 max=0.27112
          eta=0.35 violating=0/47 excess=0.00000 penalty=0.00000 (pen/|rew|=0.00x)   ||a||^2=0.36735 lam*=7.347e-02
          windows: 47 imitation+reward, 0 reward-only (t>150 h)   reward early=-0.9122 late=nan
          cc_act=2.741e-06 cc_state=0.000e+00   |grad| med=8.037e-03 DEAD=0/47  |s|max=102.5 (data 40.4)
iter  13  loss=0.98606  reward(LCB)=-0.91217 (phys 1.943)  W2 mean=0.24952 max=0.26941
          eta=0.35 violating=0/47 excess=0.00000 penalty=0.00000 (pen/|rew|=0.00x)   ||a||^2=0.36945 lam*=7.389e-02
          windows: 47 imitation+reward, 0 reward-only (t>150 h)   reward early=-0.9122 late=nan
          cc_act=2.741e-06 cc_state=0.000e+00   |grad| med=7.786e-03 DEAD=0/47  |s|max=105.1 (data 40.4)
iter  14  loss=0.98767  reward(LCB)=-0.91591 (phys 1.937)  W2 mean=0.24924 max=0.27007
          eta=0.35 violating=0/47 excess=0.00000 penalty=0.00000 (pen/|rew|=0.00x)   ||a||^2=0.35879 lam*=7.176e-02
          windows: 47 imitation+reward, 0 reward-only (t>150 h)   reward early=-0.9159 late=nan
          cc_act=2.741e-06 cc_state=0.000e+00   |grad| med=8.123e-03 DEAD=0/47  |s|max=104.2 (data 40.4)
iter  15  loss=0.98237  reward(LCB)=-0.90936 (phys 1.947)  W2 mean=0.24964 max=0.26951
          eta=0.35 violating=0/47 excess=0.00000 penalty=0.00000 (pen/|rew|=0.00x)   ||a||^2=0.36499 lam*=7.300e-02
          windows: 47 imitation+reward, 0 reward-only (t>150 h)   reward early=-0.9094 late=nan
          cc_act=2.741e-06 cc_state=0.000e+00   |grad| med=1.426e-02 DEAD=0/47  |s|max=104.2 (data 40.4)
iter  16  loss=0.98958  reward(LCB)=-0.91809 (phys 1.934)  W2 mean=0.24971 max=0.27095
          eta=0.35 violating=0/47 excess=0.00000 penalty=0.00000 (pen/|rew|=0.00x)   ||a||^2=0.35743 lam*=7.149e-02
          windows: 47 imitation+reward, 0 reward-only (t>150 h)   reward early=-0.9181 late=nan
          cc_act=2.741e-06 cc_state=0.000e+00   |grad| med=7.586e-03 DEAD=0/47  |s|max=105.6 (data 40.4)
iter  17  loss=0.98498  reward(LCB)=-0.91036 (phys 1.945)  W2 mean=0.24968 max=0.26968
          eta=0.35 violating=0/47 excess=0.00000 penalty=0.00000 (pen/|rew|=0.00x)   ||a||^2=0.37311 lam*=7.462e-02
          windows: 47 imitation+reward, 0 reward-only (t>150 h)   reward early=-0.9104 late=nan
          cc_act=2.741e-06 cc_state=0.000e+00   |grad| med=6.768e-03 DEAD=0/47  |s|max=111.0 (data 40.4)
iter  18  loss=0.98543  reward(LCB)=-0.90769 (phys 1.949)  W2 mean=0.24977 max=0.27022
          eta=0.35 violating=0/47 excess=0.00000 penalty=0.00000 (pen/|rew|=0.00x)   ||a||^2=0.38028 lam*=7.606e-02
          windows: 47 imitation+reward, 0 reward-only (t>150 h)   reward early=-0.9077 late=nan
          cc_act=1.693e-03 cc_state=0.000e+00   |grad| med=1.068e-02 DEAD=0/47  |s|max=102.4 (data 40.4)
iter  19  loss=0.98412  reward(LCB)=-0.91341 (phys 1.941)  W2 mean=0.24945 max=0.27014
          eta=0.35 violating=0/47 excess=0.00000 penalty=0.00000 (pen/|rew|=0.00x)   ||a||^2=0.35353 lam*=7.071e-02
          windows: 47 imitation+reward, 0 reward-only (t>150 h)   reward early=-0.9134 late=nan
          cc_act=2.741e-06 cc_state=0.000e+00   |grad| med=1.267e-02 DEAD=0/47  |s|max=108.1 (data 40.4)

final W2=0.24945 vs eta=0.35 -> FEASIBLE
      reward(LCB)=-0.91341 (physical yield/step ~ 1.941)
      ||a||^2 0.16756 -> 0.35353 (+111.0%)

saved -> /home/s2892016/Thesis/MCPILCO/results_rlloop/p_iter5_ph0.pt
