=== training world model: phase=2 (rl_it7_p2)  n_keep=800  n_epoch=2001  select=pivchol ===
[loop] reusing frozen standardizer stats from /home/s2892016/Thesis/MCPILCO/results_pensim/rbf_model_bnd_rbf_iter0_phase0.pt
[pensim] dataset folder (PENSIM_DATA_DIR): /home/s2892016/Thesis/deps/smpl/smpl/configdata/pensim_rlloop  (19 CSVs)
max observations: [2.76000000e+02 8.05261517e+00 3.62841400e+02 6.85863686e+00
 2.70000000e+02 1.80000012e+03 9.46039368e+02 1.26920055e+05
 2.39494171e+01]
min observations: [1.6000001e-01 4.5955915e+00 2.3797954e+02 0.0000000e+00 0.0000000e+00
 0.0000000e+00 0.0000000e+00 5.0006516e+04 2.3598127e+00]
dataset max observations: [2.3000000e+02 6.6375961e+00 2.9998679e+02 4.6791539e+00 2.2500000e+02
 9.1652979e+02 6.4989948e+02 1.0915405e+05 1.9388021e+01]
dataset min observations: [0.0000000e+00 6.0929465e+00 2.9760306e+02 0.0000000e+00 0.0000000e+00
 9.9999997e-05 9.9999997e-05 6.2508551e+04 8.8445950e+00]
max actions: [4.10e+03 1.51e+02 3.60e+01 7.60e+01 1.20e+00 5.10e+02]
min actions: [ 0.   7.  21.  29.   0.5  0. ]
dataset max actions: [4.094559e+03 1.470660e+02 3.580100e+01 7.514100e+01 1.132000e+00
 5.038400e+02]
dataset min actions: [ 0.     7.361 21.249 29.636  0.545  0.   ]
normalize: True
using max/min observations and actions.
[pensim] using SAVED standardizer statistics
[pensim] loader time bounds: [0.16, 276.00] h
[pensim] 21843 transitions | obs 8d act 6d
[pensim] obs per-dim std: [0.4584 0.8108 1.0008 0.9913 0.7633 0.7568 0.9193 1.8826]
[pensim] time range: -0.00 .. 230.00 h
[pensim]   phase 0 [0, 47.5) h: 4503 transitions
[pensim]   phase 1 [47.5, 72.5) h: 2375 transitions
[pensim]   phase 2 [72.5, inf) h: 14958 transitions
[std] fitted on 21843 transitions (18.99 CSVs)  [PINNED via -std_from]
[std] obs_sd = [0.0329  0.00339 0.03372 0.30286 0.17267 0.11814 0.34974 0.11855]
[std] act_sd = [0.30882 0.24979 0.48691 0.34592 0.29527 0.43871]
[pensim] phase 2: t in [72.5, inf) h  ->  14958 of 21843 transitions (68.5%)
[pivchol] selected 800/14758 points  (residual trace 2.575e+03)
train N=800   test N=200   gp input dim=14   num_gp=8
training-set time span: 72.60 .. 230.00 h
EXACT GP INFERENCE SELECTED

Initial parameters:
 parameters:
- sigma_n_log : tensor([-4.6052], dtype=torch.float64)
- log_lengthscales_par : tensor([0., 0., 0., 0., 0., 0., 0., 0., 0., 0., 0., 0., 0., 0.],
       dtype=torch.float64)
- log_lambda_par : tensor([0.], dtype=torch.float64)
- mean_par : tensor([0.], dtype=torch.float64)

EPOCH: 0
 parameters:
- sigma_n_log : tensor([-4.6152], dtype=torch.float64)
- log_lengthscales_par : tensor([0.0100, 0.0100, 0.0100, 0.0100, 0.0100, 0.0100, 0.0100, 0.0100, 0.0100,
        0.0100, 0.0100, 0.0100, 0.0100, 0.0100], dtype=torch.float64)
- log_lambda_par : tensor([-0.0100], dtype=torch.float64)
- mean_par : tensor([0.], dtype=torch.float64)
Running loss: 55.24411633499248
Time elapsed: 0.6210947036743164

EPOCH: 1000
 parameters:
- sigma_n_log : tensor([-2.4581], dtype=torch.float64)
- log_lengthscales_par : tensor([0.8257, 2.7029, 1.9439, 0.4235, 1.7283, 0.5280, 2.4358, 0.9056, 2.3352,
        3.2678, 3.6144, 4.0101, 4.0374, 4.0578], dtype=torch.float64)
- log_lambda_par : tensor([0.2578], dtype=torch.float64)
- mean_par : tensor([0.], dtype=torch.float64)
Running loss: -834.30189531798
Time elapsed: 502.7675573825836

EPOCH: 2000
 parameters:
- sigma_n_log : tensor([-2.4278], dtype=torch.float64)
- log_lengthscales_par : tensor([0.8833, 2.9670, 1.9671, 0.4268, 1.9065, 0.5667, 2.5497, 0.9766, 2.3249,
        3.4285, 4.1480, 4.8016, 5.0747, 4.5977], dtype=torch.float64)
- log_lambda_par : tensor([0.4772], dtype=torch.float64)
- mean_par : tensor([0.], dtype=torch.float64)
Running loss: -837.6648288835775
Time elapsed: 509.0603370666504

Final parameters:
 parameters:
- sigma_n_log : tensor([-2.4278], dtype=torch.float64)
- log_lengthscales_par : tensor([0.8833, 2.9670, 1.9671, 0.4268, 1.9065, 0.5667, 2.5497, 0.9766, 2.3249,
        3.4285, 4.1480, 4.8016, 5.0747, 4.5977], dtype=torch.float64)
- log_lambda_par : tensor([0.4772], dtype=torch.float64)
- mean_par : tensor([0.], dtype=torch.float64)
MSE gp 0:  tensor(0.0039, dtype=torch.float64)

Initial parameters:
 parameters:
- sigma_n_log : tensor([-4.6052], dtype=torch.float64)
- log_lengthscales_par : tensor([0., 0., 0., 0., 0., 0., 0., 0., 0., 0., 0., 0., 0., 0.],
       dtype=torch.float64)
- log_lambda_par : tensor([0.], dtype=torch.float64)
- mean_par : tensor([0.], dtype=torch.float64)

EPOCH: 0
 parameters:
- sigma_n_log : tensor([-4.6152], dtype=torch.float64)
- log_lengthscales_par : tensor([ 0.0100,  0.0100, -0.0100,  0.0100,  0.0100,  0.0100,  0.0100,  0.0100,
         0.0100,  0.0100,  0.0100,  0.0100,  0.0100,  0.0100],
       dtype=torch.float64)
- log_lambda_par : tensor([-0.0100], dtype=torch.float64)
- mean_par : tensor([0.], dtype=torch.float64)
Running loss: 148.97772477643787
Time elapsed: 0.4859275817871094

EPOCH: 1000
 parameters:
- sigma_n_log : tensor([-2.1865], dtype=torch.float64)
- log_lengthscales_par : tensor([ 2.4552, -1.0238,  2.2784,  0.8225,  0.0076,  1.7839,  2.6650,  3.3036,
         3.5083,  3.4256,  4.0710,  3.6252,  1.2899,  3.8382],
       dtype=torch.float64)
- log_lambda_par : tensor([0.3577], dtype=torch.float64)
- mean_par : tensor([0.], dtype=torch.float64)
Running loss: -624.4047618985064
Time elapsed: 572.1033325195312

EPOCH: 2000
 parameters:
- sigma_n_log : tensor([-2.1697], dtype=torch.float64)
- log_lengthscales_par : tensor([ 2.5297, -1.0192,  2.2578,  0.8297,  0.0060,  1.7745,  2.6317,  3.3259,
         3.5400,  3.4937,  4.7885,  4.5315,  1.3047,  4.4486],
       dtype=torch.float64)
- log_lambda_par : tensor([0.3949], dtype=torch.float64)
- mean_par : tensor([0.], dtype=torch.float64)
Running loss: -626.1613636299126
Time elapsed: 500.09499764442444

Final parameters:
 parameters:
- sigma_n_log : tensor([-2.1697], dtype=torch.float64)
- log_lengthscales_par : tensor([ 2.5297, -1.0192,  2.2578,  0.8297,  0.0060,  1.7745,  2.6317,  3.3259,
         3.5400,  3.4937,  4.7885,  4.5315,  1.3047,  4.4486],
       dtype=torch.float64)
- log_lambda_par : tensor([0.3949], dtype=torch.float64)
- mean_par : tensor([0.], dtype=torch.float64)
MSE gp 1:  tensor(0.0061, dtype=torch.float64)

Initial parameters:
 parameters:
- sigma_n_log : tensor([-4.6052], dtype=torch.float64)
- log_lengthscales_par : tensor([0., 0., 0., 0., 0., 0., 0., 0., 0., 0., 0., 0., 0., 0.],
       dtype=torch.float64)
- log_lambda_par : tensor([0.], dtype=torch.float64)
- mean_par : tensor([0.], dtype=torch.float64)

EPOCH: 0
 parameters:
- sigma_n_log : tensor([-4.5952], dtype=torch.float64)
- log_lengthscales_par : tensor([-0.0100, -0.0100, -0.0100, -0.0100,  0.0100,  0.0100, -0.0100,  0.0100,
         0.0100,  0.0100,  0.0100,  0.0100,  0.0100,  0.0100],
       dtype=torch.float64)
- log_lambda_par : tensor([0.0100], dtype=torch.float64)
- mean_par : tensor([0.], dtype=torch.float64)
Running loss: 3916.7869092357446
Time elapsed: 0.5264723300933838

EPOCH: 1000
 parameters:
- sigma_n_log : tensor([-9.5475], dtype=torch.float64)
- log_lengthscales_par : tensor([-2.5467,  6.4242, -7.3712,  4.5173,  8.3836,  5.6486,  8.2416,  6.3098,
         5.7229,  3.9215,  4.7152,  1.9548,  5.6732,  5.0427],
       dtype=torch.float64)
- log_lambda_par : tensor([3.1313], dtype=torch.float64)
- mean_par : tensor([0.], dtype=torch.float64)
Running loss: -1058.3058548702722
Time elapsed: 543.396636724472

EPOCH: 2000
 parameters:
- sigma_n_log : tensor([-11.4049], dtype=torch.float64)
- log_lengthscales_par : tensor([-2.8199, 10.1593, -7.4256,  5.4362, 11.1226,  8.3862, 10.8375,  9.9562,
         4.3224,  4.7995,  8.9632,  2.4220,  9.5931,  7.6584],
       dtype=torch.float64)
- log_lambda_par : tensor([3.5293], dtype=torch.float64)
- mean_par : tensor([0.], dtype=torch.float64)
Running loss: -1401.8466217661282
Time elapsed: 529.0920131206512

Final parameters:
 parameters:
- sigma_n_log : tensor([-11.4049], dtype=torch.float64)
- log_lengthscales_par : tensor([-2.8199, 10.1593, -7.4256,  5.4362, 11.1226,  8.3862, 10.8375,  9.9562,
         4.3224,  4.7995,  8.9632,  2.4220,  9.5931,  7.6584],
       dtype=torch.float64)
- log_lambda_par : tensor([3.5293], dtype=torch.float64)
- mean_par : tensor([0.], dtype=torch.float64)
MSE gp 2:  tensor(6.9342e-13, dtype=torch.float64)

Initial parameters:
 parameters:
- sigma_n_log : tensor([-4.6052], dtype=torch.float64)
- log_lengthscales_par : tensor([0., 0., 0., 0., 0., 0., 0., 0., 0., 0., 0., 0., 0., 0.],
       dtype=torch.float64)
- log_lambda_par : tensor([0.], dtype=torch.float64)
- mean_par : tensor([0.], dtype=torch.float64)

EPOCH: 0
 parameters:
- sigma_n_log : tensor([-4.6152], dtype=torch.float64)
- log_lengthscales_par : tensor([0.0100, 0.0100, 0.0100, 0.0100, 0.0100, 0.0100, 0.0100, 0.0100, 0.0100,
        0.0100, 0.0100, 0.0100, 0.0100, 0.0100], dtype=torch.float64)
- log_lambda_par : tensor([-0.0100], dtype=torch.float64)
- mean_par : tensor([0.], dtype=torch.float64)
Running loss: 60.39366245782321
Time elapsed: 0.5581929683685303

EPOCH: 1000
 parameters:
- sigma_n_log : tensor([-6.5176], dtype=torch.float64)
- log_lengthscales_par : tensor([-2.7352,  5.4593,  2.7262,  1.3930,  3.0370,  5.1187,  1.9994,  6.0580,
         6.0907,  5.9295,  4.6095,  4.9589,  6.1068,  5.7376],
       dtype=torch.float64)
- log_lambda_par : tensor([-0.7745], dtype=torch.float64)
- mean_par : tensor([0.], dtype=torch.float64)
Running loss: -2082.7370784085497
Time elapsed: 521.7642493247986

EPOCH: 2000
 parameters:
- sigma_n_log : tensor([-6.3949], dtype=torch.float64)
- log_lengthscales_par : tensor([-2.7990,  7.0876,  2.5320,  1.4619,  3.2730,  5.2894,  2.0893,  7.6044,
         5.8007,  7.1491,  4.8454,  5.4572,  7.2834,  7.7487],
       dtype=torch.float64)
- log_lambda_par : tensor([-0.6450], dtype=torch.float64)
- mean_par : tensor([0.], dtype=torch.float64)
Running loss: -2111.1170823210036
Time elapsed: 552.6238059997559

Final parameters:
 parameters:
- sigma_n_log : tensor([-6.3949], dtype=torch.float64)
- log_lengthscales_par : tensor([-2.7990,  7.0876,  2.5320,  1.4619,  3.2730,  5.2894,  2.0893,  7.6044,
         5.8007,  7.1491,  4.8454,  5.4572,  7.2834,  7.7487],
       dtype=torch.float64)
- log_lambda_par : tensor([-0.6450], dtype=torch.float64)
- mean_par : tensor([0.], dtype=torch.float64)
MSE gp 3:  tensor(2.5412e-07, dtype=torch.float64)

Initial parameters:
 parameters:
- sigma_n_log : tensor([-4.6052], dtype=torch.float64)
- log_lengthscales_par : tensor([0., 0., 0., 0., 0., 0., 0., 0., 0., 0., 0., 0., 0., 0.],
       dtype=torch.float64)
- log_lambda_par : tensor([0.], dtype=torch.float64)
- mean_par : tensor([0.], dtype=torch.float64)

EPOCH: 0
 parameters:
- sigma_n_log : tensor([-4.6152], dtype=torch.float64)
- log_lengthscales_par : tensor([0.0100, 0.0100, 0.0100, 0.0100, 0.0100, 0.0100, 0.0100, 0.0100, 0.0100,
        0.0100, 0.0100, 0.0100, 0.0100, 0.0100], dtype=torch.float64)
- log_lambda_par : tensor([-0.0100], dtype=torch.float64)
- mean_par : tensor([0.], dtype=torch.float64)
Running loss: 12.251094717002225
Time elapsed: 0.5296204090118408

EPOCH: 1000
 parameters:
- sigma_n_log : tensor([-3.9785], dtype=torch.float64)
- log_lengthscales_par : tensor([ 3.8601, -1.2680,  6.0420,  3.9574,  0.1214,  0.8722,  3.2364,  3.7998,
         6.2356,  3.1591,  3.2443,  4.1559,  2.1249,  4.3004],
       dtype=torch.float64)
- log_lambda_par : tensor([-1.0315], dtype=torch.float64)
- mean_par : tensor([0.], dtype=torch.float64)
Running loss: -2045.3300454995103
Time elapsed: 505.64480924606323

EPOCH: 2000
 parameters:
- sigma_n_log : tensor([-3.9682], dtype=torch.float64)
- log_lengthscales_par : tensor([ 3.8925, -1.2676,  7.1499,  4.6026,  0.1272,  0.8858,  3.3736,  4.1700,
         7.2020,  3.1639,  3.3128,  4.7153,  2.1472,  4.9658],
       dtype=torch.float64)
- log_lambda_par : tensor([-0.8172], dtype=torch.float64)
- mean_par : tensor([0.], dtype=torch.float64)
Running loss: -2053.2207695444645
Time elapsed: 507.05215072631836

Final parameters:
 parameters:
- sigma_n_log : tensor([-3.9682], dtype=torch.float64)
- log_lengthscales_par : tensor([ 3.8925, -1.2676,  7.1499,  4.6026,  0.1272,  0.8858,  3.3736,  4.1700,
         7.2020,  3.1639,  3.3128,  4.7153,  2.1472,  4.9658],
       dtype=torch.float64)
- log_lambda_par : tensor([-0.8172], dtype=torch.float64)
- mean_par : tensor([0.], dtype=torch.float64)
MSE gp 4:  tensor(0.0002, dtype=torch.float64)

Initial parameters:
 parameters:
- sigma_n_log : tensor([-4.6052], dtype=torch.float64)
- log_lengthscales_par : tensor([0., 0., 0., 0., 0., 0., 0., 0., 0., 0., 0., 0., 0., 0.],
       dtype=torch.float64)
- log_lambda_par : tensor([0.], dtype=torch.float64)
- mean_par : tensor([0.], dtype=torch.float64)

EPOCH: 0
 parameters:
- sigma_n_log : tensor([-4.6152], dtype=torch.float64)
- log_lengthscales_par : tensor([ 0.0100,  0.0100, -0.0100,  0.0100,  0.0100,  0.0100,  0.0100,  0.0100,
         0.0100,  0.0100,  0.0100,  0.0100,  0.0100,  0.0100],
       dtype=torch.float64)
- log_lambda_par : tensor([0.0100], dtype=torch.float64)
- mean_par : tensor([0.], dtype=torch.float64)
Running loss: 454.993822607086
Time elapsed: 0.6040370464324951

EPOCH: 1000
 parameters:
- sigma_n_log : tensor([-1.9496], dtype=torch.float64)
- log_lengthscales_par : tensor([ 4.0313, -1.6444,  6.0704,  3.9527,  0.2817, -0.1814,  3.3394,  4.6488,
         5.5496,  4.4338,  4.2136,  4.0201,  4.5480,  4.3631],
       dtype=torch.float64)
- log_lambda_par : tensor([0.6431], dtype=torch.float64)
- mean_par : tensor([0.], dtype=torch.float64)
Running loss: -736.6538718088711
Time elapsed: 531.4948976039886

EPOCH: 2000
 parameters:
- sigma_n_log : tensor([-1.9455], dtype=torch.float64)
- log_lengthscales_par : tensor([ 5.0949, -1.6552,  6.8759,  5.0166,  0.3088, -0.1103,  3.5605,  5.6969,
         5.6890,  5.5450,  5.5044,  5.0191,  5.6637,  5.3851],
       dtype=torch.float64)
- log_lambda_par : tensor([0.8561], dtype=torch.float64)
- mean_par : tensor([0.], dtype=torch.float64)
Running loss: -753.8348045126241
Time elapsed: 516.1095986366272

Final parameters:
 parameters:
- sigma_n_log : tensor([-1.9455], dtype=torch.float64)
- log_lengthscales_par : tensor([ 5.0949, -1.6552,  6.8759,  5.0166,  0.3088, -0.1103,  3.5605,  5.6969,
         5.6890,  5.5450,  5.5044,  5.0191,  5.6637,  5.3851],
       dtype=torch.float64)
- log_lambda_par : tensor([0.8561], dtype=torch.float64)
- mean_par : tensor([0.], dtype=torch.float64)
MSE gp 5:  tensor(0.0150, dtype=torch.float64)

Initial parameters:
 parameters:
- sigma_n_log : tensor([-4.6052], dtype=torch.float64)
- log_lengthscales_par : tensor([0., 0., 0., 0., 0., 0., 0., 0., 0., 0., 0., 0., 0., 0.],
       dtype=torch.float64)
- log_lambda_par : tensor([0.], dtype=torch.float64)
- mean_par : tensor([0.], dtype=torch.float64)

EPOCH: 0
 parameters:
- sigma_n_log : tensor([-4.6152], dtype=torch.float64)
- log_lengthscales_par : tensor([0.0100, 0.0100, 0.0100, 0.0100, 0.0100, 0.0100, 0.0100, 0.0100, 0.0100,
        0.0100, 0.0100, 0.0100, 0.0100, 0.0100], dtype=torch.float64)
- log_lambda_par : tensor([-0.0100], dtype=torch.float64)
- mean_par : tensor([0.], dtype=torch.float64)
Running loss: -33.38080703819943
Time elapsed: 0.5606105327606201

EPOCH: 1000
 parameters:
- sigma_n_log : tensor([-5.2732], dtype=torch.float64)
- log_lengthscales_par : tensor([ 2.5593,  3.8077,  4.6601,  2.4307,  3.9809,  4.0560, -0.0870,  4.1452,
         1.8455,  3.7807,  4.1408,  4.1484,  3.8164,  2.2092],
       dtype=torch.float64)
- log_lambda_par : tensor([-3.1738], dtype=torch.float64)
- mean_par : tensor([0.], dtype=torch.float64)
Running loss: -3581.559253027266
Time elapsed: 506.99240589141846

EPOCH: 2000
 parameters:
- sigma_n_log : tensor([-5.3558], dtype=torch.float64)
- log_lengthscales_par : tensor([ 2.2093,  4.6625,  5.8880,  0.4790,  4.7220,  5.3282, -0.0074,  5.3027,
         1.9441,  4.4082,  5.0477,  5.3035,  4.9828,  2.1226],
       dtype=torch.float64)
- log_lambda_par : tensor([-5.1883], dtype=torch.float64)
- mean_par : tensor([0.], dtype=torch.float64)
Running loss: -3676.636954966725
Time elapsed: 503.96823716163635

Final parameters:
 parameters:
- sigma_n_log : tensor([-5.3558], dtype=torch.float64)
- log_lengthscales_par : tensor([ 2.2093,  4.6625,  5.8880,  0.4790,  4.7220,  5.3282, -0.0074,  5.3027,
         1.9441,  4.4082,  5.0477,  5.3035,  4.9828,  2.1226],
       dtype=torch.float64)
- log_lambda_par : tensor([-5.1883], dtype=torch.float64)
- mean_par : tensor([0.], dtype=torch.float64)
MSE gp 6:  tensor(1.8698e-05, dtype=torch.float64)

Initial parameters:
 parameters:
- sigma_n_log : tensor([-4.6052], dtype=torch.float64)
- log_lengthscales_par : tensor([0., 0., 0., 0., 0., 0., 0., 0., 0., 0., 0., 0., 0., 0.],
       dtype=torch.float64)
- log_lambda_par : tensor([0.], dtype=torch.float64)
- mean_par : tensor([0.], dtype=torch.float64)

EPOCH: 0
 parameters:
- sigma_n_log : tensor([-4.6152], dtype=torch.float64)
- log_lengthscales_par : tensor([0.0100, 0.0100, 0.0100, 0.0100, 0.0100, 0.0100, 0.0100, 0.0100, 0.0100,
        0.0100, 0.0100, 0.0100, 0.0100, 0.0100], dtype=torch.float64)
- log_lambda_par : tensor([-0.0100], dtype=torch.float64)
- mean_par : tensor([0.], dtype=torch.float64)
Running loss: 22.48816204518804
Time elapsed: 0.5534534454345703

EPOCH: 1000
 parameters:
- sigma_n_log : tensor([-3.2407], dtype=torch.float64)
- log_lengthscales_par : tensor([ 3.5533, -0.1476,  0.5916,  0.6485,  2.1909,  2.8761,  0.7630,  0.1486,
         5.8031,  3.2494,  2.6593,  4.2023,  3.4732,  2.4033],
       dtype=torch.float64)
- log_lambda_par : tensor([-0.5691], dtype=torch.float64)
- mean_par : tensor([0.], dtype=torch.float64)
Running loss: -1116.00047043605
Time elapsed: 508.94099831581116

EPOCH: 2000
 parameters:
- sigma_n_log : tensor([-3.0626], dtype=torch.float64)
- log_lengthscales_par : tensor([ 3.6263, -0.0937,  0.6184,  0.6802,  2.2499,  3.3557,  0.8170,  0.1325,
         6.4597,  3.4688,  2.6004,  5.1710,  4.1902,  3.6809],
       dtype=torch.float64)
- log_lambda_par : tensor([-0.4489], dtype=torch.float64)
- mean_par : tensor([0.], dtype=torch.float64)
Running loss: -1120.71857438288
Time elapsed: 501.29060435295105

Final parameters:
 parameters:
- sigma_n_log : tensor([-3.0626], dtype=torch.float64)
- log_lengthscales_par : tensor([ 3.6263, -0.0937,  0.6184,  0.6802,  2.2499,  3.3557,  0.8170,  0.1325,
         6.4597,  3.4688,  2.6004,  5.1710,  4.1902,  3.6809],
       dtype=torch.float64)
- log_lambda_par : tensor([-0.4489], dtype=torch.float64)
- mean_par : tensor([0.], dtype=torch.float64)
MSE gp 7:  tensor(0.0008, dtype=torch.float64)

Trained hyperparameters:
GP 1:
 parameters:
- sigma_n_log : tensor([-2.4278], dtype=torch.float64)
- log_lengthscales_par : tensor([0.8833, 2.9670, 1.9671, 0.4268, 1.9065, 0.5667, 2.5497, 0.9766, 2.3249,
        3.4285, 4.1480, 4.8016, 5.0747, 4.5977], dtype=torch.float64)
- log_lambda_par : tensor([0.4772], dtype=torch.float64)
- mean_par : tensor([0.], dtype=torch.float64)
GP 2:
 parameters:
- sigma_n_log : tensor([-2.1697], dtype=torch.float64)
- log_lengthscales_par : tensor([ 2.5297, -1.0192,  2.2578,  0.8297,  0.0060,  1.7745,  2.6317,  3.3259,
         3.5400,  3.4937,  4.7885,  4.5315,  1.3047,  4.4486],
       dtype=torch.float64)
- log_lambda_par : tensor([0.3949], dtype=torch.float64)
- mean_par : tensor([0.], dtype=torch.float64)
GP 3:
 parameters:
- sigma_n_log : tensor([-11.4049], dtype=torch.float64)
- log_lengthscales_par : tensor([-2.8199, 10.1593, -7.4256,  5.4362, 11.1226,  8.3862, 10.8375,  9.9562,
         4.3224,  4.7995,  8.9632,  2.4220,  9.5931,  7.6584],
       dtype=torch.float64)
- log_lambda_par : tensor([3.5293], dtype=torch.float64)
- mean_par : tensor([0.], dtype=torch.float64)
GP 4:
 parameters:
- sigma_n_log : tensor([-6.3949], dtype=torch.float64)
- log_lengthscales_par : tensor([-2.7990,  7.0876,  2.5320,  1.4619,  3.2730,  5.2894,  2.0893,  7.6044,
         5.8007,  7.1491,  4.8454,  5.4572,  7.2834,  7.7487],
       dtype=torch.float64)
- log_lambda_par : tensor([-0.6450], dtype=torch.float64)
- mean_par : tensor([0.], dtype=torch.float64)
GP 5:
 parameters:
- sigma_n_log : tensor([-3.9682], dtype=torch.float64)
- log_lengthscales_par : tensor([ 3.8925, -1.2676,  7.1499,  4.6026,  0.1272,  0.8858,  3.3736,  4.1700,
         7.2020,  3.1639,  3.3128,  4.7153,  2.1472,  4.9658],
       dtype=torch.float64)
- log_lambda_par : tensor([-0.8172], dtype=torch.float64)
- mean_par : tensor([0.], dtype=torch.float64)
GP 6:
 parameters:
- sigma_n_log : tensor([-1.9455], dtype=torch.float64)
- log_lengthscales_par : tensor([ 5.0949, -1.6552,  6.8759,  5.0166,  0.3088, -0.1103,  3.5605,  5.6969,
         5.6890,  5.5450,  5.5044,  5.0191,  5.6637,  5.3851],
       dtype=torch.float64)
- log_lambda_par : tensor([0.8561], dtype=torch.float64)
- mean_par : tensor([0.], dtype=torch.float64)
GP 7:
 parameters:
- sigma_n_log : tensor([-5.3558], dtype=torch.float64)
- log_lengthscales_par : tensor([ 2.2093,  4.6625,  5.8880,  0.4790,  4.7220,  5.3282, -0.0074,  5.3027,
         1.9441,  4.4082,  5.0477,  5.3035,  4.9828,  2.1226],
       dtype=torch.float64)
- log_lambda_par : tensor([-5.1883], dtype=torch.float64)
- mean_par : tensor([0.], dtype=torch.float64)
GP 8:
 parameters:
- sigma_n_log : tensor([-3.0626], dtype=torch.float64)
- log_lengthscales_par : tensor([ 3.6263, -0.0937,  0.6184,  0.6802,  2.2499,  3.3557,  0.8170,  0.1325,
         6.4597,  3.4688,  2.6004,  5.1710,  4.1902,  3.6809],
       dtype=torch.float64)
- log_lambda_par : tensor([-0.4489], dtype=torch.float64)
- mean_par : tensor([0.], dtype=torch.float64)

held-out NEXT-STATE MSE (model units) -- phase 2 (rl_it7_p2):
  0 pH     model=7.992578e-03  persistence=2.056277e-02  OK
  1 T      model=2.692126e-02  persistence=1.083297e-01  OK
  2 Fa     model=1.222794e-01  persistence=5.071545e-01  OK
  3 Fb     model=1.995886e-04  persistence=4.512068e-02  OK
  4 Fc     model=1.218314e-03  persistence=2.012482e-02  OK
  5 Fh     model=1.951272e-02  persistence=8.646688e-01  OK
  6 Wt     model=8.029836e-05  persistence=2.277312e-04  OK
  7 DO2    model=1.539566e-02  persistence=1.278415e-02  WORSE

mean MSE 2.419998e-02   persistence 1.973716e-01
model beats persistence: True
[pensim] statistics saved -> /home/s2892016/Thesis/MCPILCO/results_rlloop/pensim_stats_rl_it7_p2.json

saved -> /home/s2892016/Thesis/MCPILCO/results_rlloop/rbf_model_rl_it7_p2.pt
saved -> /home/s2892016/Thesis/MCPILCO/results_rlloop/rbf_metrics_rl_it7_p2.json
