EXACT GP INFERENCE SELECTED
EXACT GP INFERENCE SELECTED
EXACT GP INFERENCE SELECTED
world models:
  phase 0: [0,47.5) h  train pts=800
  phase 1: [47.5,72.5) h  train pts=800
  phase 2: [72.5,inf) h  train pts=800
  -> one shared z-space (verified)
combined state range: [-7.02, 40.38] z
[PFQuery] loaded checkpoint flgfn_corrected.pt
pre-caching 150 expert distributions (1..150 h) ...
  eigenvalues @75h: [0.00018914 0.00684495 0.04047211]
PHASE 2: t in [72.5, inf) h -> 158 windows
windows per model: phase 2: 158
windows: 158 total over 1..230 h  ->  78 with the W2 constraint (t<=150), 80 reward-only

policy rbf: in=8 out=6 u_max=3.0 params=2808
L2: lambda=0.0 on ALL SIX channels (additive)
action spread across 5 replicas of one state: 6.208e-07   <-- WARNING: E_a|s degenerate

chance constraints: eps=0.95 -> Phi^-1=1.6449
  action box  alpha=1000.0
  vessel floor alpha=1.0  Wt >= 50000 phys (-1.534 z)
  training data below the floor: 0.0%
EXACT GP INFERENCE SELECTED

objective: -LCB_reward + 15.0*relu(W2_h - 0.35) + 0.0*||a||^2 + chance
  reward GP : reward_model_base.pt  held-out R^2=0.8571  yield/step mu=3.2279 sd=1.4090
  LCB       : mu_r - 1.0*sigma_r  (not the mean)
  eta       : 0.35  -- measured, the converged W2 of imitation-only policies
  alpha_W2  : 15.0  -- measured, puts the penalty on the reward's scale

penalty targets (physical -> z):
    discharge      lo=     0.0 phys ->  -0.401 z   (z=0 is    254.2 phys, the dataset mean)
    sugar          lo=     7.0 phys ->  -3.865 z   (z=0 is     76.5 phys, the dataset mean)
    soilbean       lo=    21.0 phys ->  -1.360 z   (z=0 is     26.0 phys, the dataset mean)
    aeration       lo=    29.0 phys ->  -3.932 z   (z=0 is     61.0 phys, the dataset mean)
    backpressure   lo=     0.5 phys ->  -3.915 z   (z=0 is      0.9 phys, the dataset mean)
    waterinj       lo=     0.0 phys ->  -1.374 z   (z=0 is    153.7 phys, the dataset mean)
iter   0  loss=0.91528  reward(LCB)=-0.90925 (phys 1.947)  W2 mean=0.24060 max=0.25968
          eta=0.35 violating=0/75 excess=0.00000 penalty=0.00000 (pen/|rew|=0.00x)   ||a||^2=2.75573 lam*=0.000e+00
          windows: 75 imitation+reward, 75 reward-only (t>150 h)   reward early=-0.8856 late=-0.9329
          cc_act=6.031e-03 cc_state=0.000e+00   |grad| med=1.770e-01 DEAD=0/150  |s|max=41.7 (data 40.4)
iter   1  loss=0.76523  reward(LCB)=-0.76369 (phys 2.152)  W2 mean=0.23714 max=0.25327
          eta=0.35 violating=0/73 excess=0.00000 penalty=0.00000 (pen/|rew|=0.00x)   ||a||^2=5.82821 lam*=0.000e+00
          windows: 73 imitation+reward, 77 reward-only (t>150 h)   reward early=-0.7634 late=-0.7640
          cc_act=1.537e-03 cc_state=0.000e+00   |grad| med=1.093e-01 DEAD=0/150  |s|max=40.4 (data 40.4)
iter   2  loss=0.74035  reward(LCB)=-0.73759 (phys 2.189)  W2 mean=0.23755 max=0.25596
          eta=0.35 violating=0/73 excess=0.00000 penalty=0.00000 (pen/|rew|=0.00x)   ||a||^2=6.91035 lam*=0.000e+00
          windows: 73 imitation+reward, 77 reward-only (t>150 h)   reward early=-0.7383 late=-0.7369
          cc_act=2.754e-03 cc_state=0.000e+00   |grad| med=1.178e-01 DEAD=0/150  |s|max=41.0 (data 40.4)
iter   3  loss=0.73946  reward(LCB)=-0.73421 (phys 2.193)  W2 mean=0.23600 max=0.25420
          eta=0.35 violating=0/72 excess=0.00000 penalty=0.00000 (pen/|rew|=0.00x)   ||a||^2=6.84250 lam*=0.000e+00
          windows: 72 imitation+reward, 78 reward-only (t>150 h)   reward early=-0.7318 late=-0.7364
          cc_act=5.256e-03 cc_state=0.000e+00   |grad| med=1.034e-01 DEAD=0/150  |s|max=40.9 (data 40.4)
iter   4  loss=0.72627  reward(LCB)=-0.72370 (phys 2.208)  W2 mean=0.23582 max=0.25198
          eta=0.35 violating=0/73 excess=0.00000 penalty=0.00000 (pen/|rew|=0.00x)   ||a||^2=6.99257 lam*=0.000e+00
          windows: 73 imitation+reward, 77 reward-only (t>150 h)   reward early=-0.7247 late=-0.7228
          cc_act=2.571e-03 cc_state=0.000e+00   |grad| med=1.164e-01 DEAD=0/150  |s|max=40.4 (data 40.4)
iter   5  loss=0.72203  reward(LCB)=-0.71947 (phys 2.214)  W2 mean=0.23553 max=0.25001
          eta=0.35 violating=0/76 excess=0.00000 penalty=0.00000 (pen/|rew|=0.00x)   ||a||^2=7.16994 lam*=0.000e+00
          windows: 76 imitation+reward, 74 reward-only (t>150 h)   reward early=-0.7140 late=-0.7250
          cc_act=2.552e-03 cc_state=0.000e+00   |grad| med=1.074e-01 DEAD=0/150  |s|max=41.9 (data 40.4)
iter   6  loss=0.73077  reward(LCB)=-0.72691 (phys 2.204)  W2 mean=0.23515 max=0.25269
          eta=0.35 violating=0/72 excess=0.00000 penalty=0.00000 (pen/|rew|=0.00x)   ||a||^2=7.38139 lam*=0.000e+00
          windows: 72 imitation+reward, 78 reward-only (t>150 h)   reward early=-0.7232 late=-0.7304
          cc_act=3.858e-03 cc_state=0.000e+00   |grad| med=1.066e-01 DEAD=0/150  |s|max=42.1 (data 40.4)
iter   7  loss=0.71859  reward(LCB)=-0.71601 (phys 2.219)  W2 mean=0.23534 max=0.25081
          eta=0.35 violating=0/75 excess=0.00000 penalty=0.00000 (pen/|rew|=0.00x)   ||a||^2=7.69090 lam*=0.000e+00
          windows: 75 imitation+reward, 75 reward-only (t>150 h)   reward early=-0.7081 late=-0.7240
          cc_act=2.577e-03 cc_state=0.000e+00   |grad| med=9.128e-02 DEAD=0/150  |s|max=40.1 (data 40.4)
iter   8  loss=0.71723  reward(LCB)=-0.71477 (phys 2.221)  W2 mean=0.23485 max=0.25242
          eta=0.35 violating=0/74 excess=0.00000 penalty=0.00000 (pen/|rew|=0.00x)   ||a||^2=7.61024 lam*=0.000e+00
          windows: 74 imitation+reward, 76 reward-only (t>150 h)   reward early=-0.7168 late=-0.7127
          cc_act=2.461e-03 cc_state=0.000e+00   |grad| med=9.658e-02 DEAD=0/150  |s|max=40.7 (data 40.4)
iter   9  loss=0.70831  reward(LCB)=-0.70683 (phys 2.232)  W2 mean=0.23551 max=0.25300
          eta=0.35 violating=0/74 excess=0.00000 penalty=0.00000 (pen/|rew|=0.00x)   ||a||^2=7.76044 lam*=0.000e+00
          windows: 74 imitation+reward, 76 reward-only (t>150 h)   reward early=-0.7092 late=-0.7045
          cc_act=1.488e-03 cc_state=0.000e+00   |grad| med=9.019e-02 DEAD=0/150  |s|max=40.4 (data 40.4)
iter  10  loss=0.71627  reward(LCB)=-0.71384 (phys 2.222)  W2 mean=0.23467 max=0.25137
          eta=0.35 violating=0/74 excess=0.00000 penalty=0.00000 (pen/|rew|=0.00x)   ||a||^2=7.63246 lam*=0.000e+00
          windows: 74 imitation+reward, 76 reward-only (t>150 h)   reward early=-0.7197 late=-0.7082
          cc_act=2.431e-03 cc_state=0.000e+00   |grad| med=1.291e-01 DEAD=0/150  |s|max=39.8 (data 40.4)
iter  11  loss=0.70395  reward(LCB)=-0.70093 (phys 2.240)  W2 mean=0.23476 max=0.25003
          eta=0.35 violating=0/74 excess=0.00000 penalty=0.00000 (pen/|rew|=0.00x)   ||a||^2=8.44662 lam*=0.000e+00
          windows: 74 imitation+reward, 76 reward-only (t>150 h)   reward early=-0.7007 late=-0.7012
          cc_act=3.021e-03 cc_state=0.000e+00   |grad| med=9.405e-02 DEAD=0/150  |s|max=40.4 (data 40.4)
iter  12  loss=0.71105  reward(LCB)=-0.70933 (phys 2.228)  W2 mean=0.23475 max=0.25169
          eta=0.35 violating=0/76 excess=0.00000 penalty=0.00000 (pen/|rew|=0.00x)   ||a||^2=7.93559 lam*=0.000e+00
          windows: 76 imitation+reward, 74 reward-only (t>150 h)   reward early=-0.7107 late=-0.7080
          cc_act=1.712e-03 cc_state=0.000e+00   |grad| med=1.398e-01 DEAD=0/150  |s|max=40.6 (data 40.4)
iter  13  loss=0.71103  reward(LCB)=-0.70823 (phys 2.230)  W2 mean=0.23504 max=0.24953
          eta=0.35 violating=0/73 excess=0.00000 penalty=0.00000 (pen/|rew|=0.00x)   ||a||^2=8.21773 lam*=0.000e+00
          windows: 73 imitation+reward, 77 reward-only (t>150 h)   reward early=-0.7162 late=-0.7007
          cc_act=2.794e-03 cc_state=0.000e+00   |grad| med=9.575e-02 DEAD=0/150  |s|max=40.6 (data 40.4)
iter  14  loss=0.70495  reward(LCB)=-0.70137 (phys 2.240)  W2 mean=0.23539 max=0.25194
          eta=0.35 violating=0/75 excess=0.00000 penalty=0.00000 (pen/|rew|=0.00x)   ||a||^2=8.35817 lam*=0.000e+00
          windows: 75 imitation+reward, 75 reward-only (t>150 h)   reward early=-0.7025 late=-0.7002
          cc_act=3.582e-03 cc_state=0.000e+00   |grad| med=8.811e-02 DEAD=0/150  |s|max=40.6 (data 40.4)
iter  15  loss=0.71025  reward(LCB)=-0.70692 (phys 2.232)  W2 mean=0.23571 max=0.25110
          eta=0.35 violating=0/75 excess=0.00000 penalty=0.00000 (pen/|rew|=0.00x)   ||a||^2=7.66170 lam*=0.000e+00
          windows: 75 imitation+reward, 75 reward-only (t>150 h)   reward early=-0.7019 late=-0.7119
          cc_act=3.333e-03 cc_state=0.000e+00   |grad| med=1.489e-01 DEAD=0/150  |s|max=40.4 (data 40.4)
iter  16  loss=0.70909  reward(LCB)=-0.70524 (phys 2.234)  W2 mean=0.23488 max=0.25582
          eta=0.35 violating=0/76 excess=0.00000 penalty=0.00000 (pen/|rew|=0.00x)   ||a||^2=8.12121 lam*=0.000e+00
          windows: 76 imitation+reward, 74 reward-only (t>150 h)   reward early=-0.7061 late=-0.7043
          cc_act=3.853e-03 cc_state=0.000e+00   |grad| med=1.145e-01 DEAD=0/150  |s|max=41.3 (data 40.4)
iter  17  loss=0.70245  reward(LCB)=-0.69882 (phys 2.243)  W2 mean=0.23615 max=0.24934
          eta=0.35 violating=0/72 excess=0.00000 penalty=0.00000 (pen/|rew|=0.00x)   ||a||^2=7.98692 lam*=0.000e+00
          windows: 72 imitation+reward, 78 reward-only (t>150 h)   reward early=-0.6979 late=-0.6997
          cc_act=3.624e-03 cc_state=0.000e+00   |grad| med=1.054e-01 DEAD=0/150  |s|max=41.1 (data 40.4)
iter  18  loss=0.70144  reward(LCB)=-0.69843 (phys 2.244)  W2 mean=0.23455 max=0.25435
          eta=0.35 violating=0/74 excess=0.00000 penalty=0.00000 (pen/|rew|=0.00x)   ||a||^2=8.59196 lam*=0.000e+00
          windows: 74 imitation+reward, 76 reward-only (t>150 h)   reward early=-0.6973 late=-0.6995
          cc_act=3.005e-03 cc_state=0.000e+00   |grad| med=1.103e-01 DEAD=0/150  |s|max=40.4 (data 40.4)
iter  19  loss=0.70102  reward(LCB)=-0.69915 (phys 2.243)  W2 mean=0.23481 max=0.25313
          eta=0.35 violating=0/73 excess=0.00000 penalty=0.00000 (pen/|rew|=0.00x)   ||a||^2=8.54329 lam*=0.000e+00
          windows: 73 imitation+reward, 77 reward-only (t>150 h)   reward early=-0.7018 late=-0.6967
          cc_act=1.864e-03 cc_state=0.000e+00   |grad| med=1.233e-01 DEAD=0/150  |s|max=41.0 (data 40.4)

final W2=0.23481 vs eta=0.35 -> FEASIBLE
      reward(LCB)=-0.69915 (physical yield/step ~ 2.243)
      ||a||^2 2.75573 -> 8.54329 (+210.0%)

saved -> /home/s2892016/Thesis/MCPILCO/results_rlloop/p_iter6_ph2.pt
