seed = 0  (policy init, window draw, particle sampling)
EXACT GP INFERENCE SELECTED
EXACT GP INFERENCE SELECTED
EXACT GP INFERENCE SELECTED
world models:
  phase 0: [0,47.5) h  train pts=800
  phase 1: [47.5,72.5) h  train pts=800
  phase 2: [72.5,inf) h  train pts=800
  -> one shared z-space (verified)
combined state range: [-7.02, 40.38] z
[PFQuery] loaded checkpoint flgfn_corrected.pt
pre-caching 150 expert distributions (1..150 h) ...
  eigenvalues @75h: [0.00018914 0.00684495 0.04047211]
PHASE 1: t in [47.5, 72.5) h -> 25 windows
windows per model: phase 1: 25
windows: 25 total over 1..230 h  ->  25 with the W2 constraint (t<=150), 0 reward-only

policy rbf: in=8 out=6 u_max=3.0 params=2808
L2: lambda=0.0 on ALL SIX channels (additive)
action spread across 5 replicas of one state: 1.051e-04   (ok)

chance constraints: eps=0.95 -> Phi^-1=1.6449
  action box  alpha=1000.0
  vessel floor alpha=1.0  Wt >= 50000 phys (-1.534 z)
  training data below the floor: 0.0%
EXACT GP INFERENCE SELECTED

objective: -LCB_reward + 15.0*relu(W2_h - 0.35) + 0.0*||a||^2 + chance
  reward GP : reward_model_base.pt  held-out R^2=0.8571  yield/step mu=3.2279 sd=1.4090
  LCB       : mu_r - 1.0*sigma_r  (not the mean)
  eta       : 0.35  -- measured, the converged W2 of imitation-only policies
  alpha_W2  : 15.0  -- measured, puts the penalty on the reward's scale

penalty targets (physical -> z):
    discharge      lo=     0.0 phys ->  -0.401 z   (z=0 is    254.2 phys, the dataset mean)
    sugar          lo=     7.0 phys ->  -3.865 z   (z=0 is     76.5 phys, the dataset mean)
    soilbean       lo=    21.0 phys ->  -1.360 z   (z=0 is     26.0 phys, the dataset mean)
    aeration       lo=    29.0 phys ->  -3.932 z   (z=0 is     61.0 phys, the dataset mean)
    backpressure   lo=     0.5 phys ->  -3.915 z   (z=0 is      0.9 phys, the dataset mean)
    waterinj       lo=     0.0 phys ->  -1.374 z   (z=0 is    153.7 phys, the dataset mean)
iter   0  loss=0.48076  reward(LCB)=-0.48076 (phys 2.551)  W2 mean=0.20260 max=0.22754
          eta=0.35 violating=0/25 excess=0.00000 penalty=0.00000 (pen/|rew|=0.00x)   ||a||^2=0.00291 lam*=0.000e+00
          windows: 25 imitation+reward, 0 reward-only (t>150 h)   reward early=-0.4808 late=nan
          cc_act=0.000e+00 cc_state=0.000e+00   |grad| med=3.111e-02 DEAD=0/25  |s|max=11.1 (data 40.4)
iter   1  loss=0.39315  reward(LCB)=-0.38462 (phys 2.686)  W2 mean=0.19225 max=0.21810
          eta=0.35 violating=0/25 excess=0.00000 penalty=0.00000 (pen/|rew|=0.00x)   ||a||^2=0.18162 lam*=0.000e+00
          windows: 25 imitation+reward, 0 reward-only (t>150 h)   reward early=-0.3846 late=nan
          cc_act=8.533e-03 cc_state=0.000e+00   |grad| med=2.064e-01 DEAD=0/25  |s|max=10.3 (data 40.4)
iter   2  loss=0.29806  reward(LCB)=-0.29614 (phys 2.811)  W2 mean=0.18392 max=0.21457
          eta=0.35 violating=0/25 excess=0.00000 penalty=0.00000 (pen/|rew|=0.00x)   ||a||^2=0.95298 lam*=0.000e+00
          windows: 25 imitation+reward, 0 reward-only (t>150 h)   reward early=-0.2961 late=nan
          cc_act=1.914e-03 cc_state=0.000e+00   |grad| med=1.687e-01 DEAD=0/25  |s|max=10.8 (data 40.4)
iter   3  loss=0.23382  reward(LCB)=-0.23269 (phys 2.900)  W2 mean=0.19733 max=0.23108
          eta=0.35 violating=0/25 excess=0.00000 penalty=0.00000 (pen/|rew|=0.00x)   ||a||^2=1.96447 lam*=0.000e+00
          windows: 25 imitation+reward, 0 reward-only (t>150 h)   reward early=-0.2327 late=nan
          cc_act=1.132e-03 cc_state=0.000e+00   |grad| med=1.937e-01 DEAD=0/25  |s|max=11.7 (data 40.4)
iter   4  loss=0.12608  reward(LCB)=-0.12167 (phys 3.057)  W2 mean=0.21919 max=0.23780
          eta=0.35 violating=0/25 excess=0.00000 penalty=0.00000 (pen/|rew|=0.00x)   ||a||^2=4.23612 lam*=0.000e+00
          windows: 25 imitation+reward, 0 reward-only (t>150 h)   reward early=-0.1217 late=nan
          cc_act=4.410e-03 cc_state=0.000e+00   |grad| med=2.571e-01 DEAD=0/25  |s|max=10.7 (data 40.4)
iter   5  loss=0.09996  reward(LCB)=-0.09171 (phys 3.099)  W2 mean=0.21190 max=0.23236
          eta=0.35 violating=0/25 excess=0.00000 penalty=0.00000 (pen/|rew|=0.00x)   ||a||^2=5.02889 lam*=0.000e+00
          windows: 25 imitation+reward, 0 reward-only (t>150 h)   reward early=-0.0917 late=nan
          cc_act=8.251e-03 cc_state=0.000e+00   |grad| med=3.370e-01 DEAD=0/25  |s|max=10.4 (data 40.4)
iter   6  loss=0.02749  reward(LCB)=-0.01898 (phys 3.201)  W2 mean=0.20298 max=0.23057
          eta=0.35 violating=0/25 excess=0.00000 penalty=0.00000 (pen/|rew|=0.00x)   ||a||^2=6.15935 lam*=0.000e+00
          windows: 25 imitation+reward, 0 reward-only (t>150 h)   reward early=-0.0190 late=nan
          cc_act=8.513e-03 cc_state=0.000e+00   |grad| med=4.050e-01 DEAD=0/25  |s|max=10.1 (data 40.4)
iter   7  loss=-0.04664  reward(LCB)=0.05365 (phys 3.304)  W2 mean=0.20047 max=0.21692
          eta=0.35 violating=0/25 excess=0.00000 penalty=0.00000 (pen/|rew|=0.00x)   ||a||^2=6.41670 lam*=0.000e+00
          windows: 25 imitation+reward, 0 reward-only (t>150 h)   reward early=0.0537 late=nan
          cc_act=7.017e-03 cc_state=0.000e+00   |grad| med=3.206e-01 DEAD=0/25  |s|max=11.4 (data 40.4)
iter   8  loss=-0.10401  reward(LCB)=0.10823 (phys 3.380)  W2 mean=0.20268 max=0.21453
          eta=0.35 violating=0/25 excess=0.00000 penalty=0.00000 (pen/|rew|=0.00x)   ||a||^2=6.73087 lam*=0.000e+00
          windows: 25 imitation+reward, 0 reward-only (t>150 h)   reward early=0.1082 late=nan
          cc_act=4.227e-03 cc_state=0.000e+00   |grad| med=3.364e-01 DEAD=0/25  |s|max=11.5 (data 40.4)
iter   9  loss=-0.12573  reward(LCB)=0.13964 (phys 3.425)  W2 mean=0.20291 max=0.22421
          eta=0.35 violating=0/25 excess=0.00000 penalty=0.00000 (pen/|rew|=0.00x)   ||a||^2=7.66891 lam*=0.000e+00
          windows: 25 imitation+reward, 0 reward-only (t>150 h)   reward early=0.1396 late=nan
          cc_act=1.392e-02 cc_state=0.000e+00   |grad| med=3.502e-01 DEAD=0/25  |s|max=9.9 (data 40.4)
iter  10  loss=-0.15381  reward(LCB)=0.16696 (phys 3.463)  W2 mean=0.21335 max=0.23532
          eta=0.35 violating=0/25 excess=0.00000 penalty=0.00000 (pen/|rew|=0.00x)   ||a||^2=8.08312 lam*=0.000e+00
          windows: 25 imitation+reward, 0 reward-only (t>150 h)   reward early=0.1670 late=nan
          cc_act=1.315e-02 cc_state=0.000e+00   |grad| med=5.439e-01 DEAD=0/25  |s|max=11.3 (data 40.4)
iter  11  loss=-0.14996  reward(LCB)=0.15188 (phys 3.442)  W2 mean=0.21556 max=0.23980
          eta=0.35 violating=0/25 excess=0.00000 penalty=0.00000 (pen/|rew|=0.00x)   ||a||^2=6.69824 lam*=0.000e+00
          windows: 25 imitation+reward, 0 reward-only (t>150 h)   reward early=0.1519 late=nan
          cc_act=1.917e-03 cc_state=0.000e+00   |grad| med=2.559e-01 DEAD=0/25  |s|max=11.3 (data 40.4)
iter  12  loss=-0.18164  reward(LCB)=0.18266 (phys 3.485)  W2 mean=0.21198 max=0.22903
          eta=0.35 violating=0/25 excess=0.00000 penalty=0.00000 (pen/|rew|=0.00x)   ||a||^2=7.02145 lam*=0.000e+00
          windows: 25 imitation+reward, 0 reward-only (t>150 h)   reward early=0.1827 late=nan
          cc_act=1.020e-03 cc_state=0.000e+00   |grad| med=2.706e-01 DEAD=0/25  |s|max=10.8 (data 40.4)
iter  13  loss=-0.19063  reward(LCB)=0.19318 (phys 3.500)  W2 mean=0.20460 max=0.23361
          eta=0.35 violating=0/25 excess=0.00000 penalty=0.00000 (pen/|rew|=0.00x)   ||a||^2=7.14070 lam*=0.000e+00
          windows: 25 imitation+reward, 0 reward-only (t>150 h)   reward early=0.1932 late=nan
          cc_act=2.553e-03 cc_state=0.000e+00   |grad| med=3.288e-01 DEAD=0/25  |s|max=11.2 (data 40.4)
iter  14  loss=-0.18397  reward(LCB)=0.18988 (phys 3.495)  W2 mean=0.19883 max=0.21975
          eta=0.35 violating=0/25 excess=0.00000 penalty=0.00000 (pen/|rew|=0.00x)   ||a||^2=7.02054 lam*=0.000e+00
          windows: 25 imitation+reward, 0 reward-only (t>150 h)   reward early=0.1899 late=nan
          cc_act=5.907e-03 cc_state=0.000e+00   |grad| med=3.392e-01 DEAD=0/25  |s|max=11.1 (data 40.4)
iter  15  loss=-0.22308  reward(LCB)=0.22506 (phys 3.545)  W2 mean=0.20078 max=0.23170
          eta=0.35 violating=0/25 excess=0.00000 penalty=0.00000 (pen/|rew|=0.00x)   ||a||^2=7.20694 lam*=0.000e+00
          windows: 25 imitation+reward, 0 reward-only (t>150 h)   reward early=0.2251 late=nan
          cc_act=1.977e-03 cc_state=0.000e+00   |grad| med=2.707e-01 DEAD=0/25  |s|max=10.2 (data 40.4)
iter  16  loss=-0.22143  reward(LCB)=0.22844 (phys 3.550)  W2 mean=0.19403 max=0.21579
          eta=0.35 violating=0/25 excess=0.00000 penalty=0.00000 (pen/|rew|=0.00x)   ||a||^2=6.45211 lam*=0.000e+00
          windows: 25 imitation+reward, 0 reward-only (t>150 h)   reward early=0.2284 late=nan
          cc_act=7.009e-03 cc_state=0.000e+00   |grad| med=4.292e-01 DEAD=0/25  |s|max=11.5 (data 40.4)
iter  17  loss=-0.23669  reward(LCB)=0.24260 (phys 3.570)  W2 mean=0.19340 max=0.21410
          eta=0.35 violating=0/25 excess=0.00000 penalty=0.00000 (pen/|rew|=0.00x)   ||a||^2=7.17287 lam*=0.000e+00
          windows: 25 imitation+reward, 0 reward-only (t>150 h)   reward early=0.2426 late=nan
          cc_act=5.908e-03 cc_state=0.000e+00   |grad| med=2.394e-01 DEAD=0/25  |s|max=10.7 (data 40.4)
iter  18  loss=-0.26760  reward(LCB)=0.26894 (phys 3.607)  W2 mean=0.18626 max=0.20733
          eta=0.35 violating=0/25 excess=0.00000 penalty=0.00000 (pen/|rew|=0.00x)   ||a||^2=6.28397 lam*=0.000e+00
          windows: 25 imitation+reward, 0 reward-only (t>150 h)   reward early=0.2689 late=nan
          cc_act=1.341e-03 cc_state=0.000e+00   |grad| med=3.674e-01 DEAD=0/25  |s|max=10.7 (data 40.4)
iter  19  loss=-0.30734  reward(LCB)=0.30899 (phys 3.663)  W2 mean=0.19274 max=0.21188
          eta=0.35 violating=0/25 excess=0.00000 penalty=0.00000 (pen/|rew|=0.00x)   ||a||^2=6.89962 lam*=0.000e+00
          windows: 25 imitation+reward, 0 reward-only (t>150 h)   reward early=0.3090 late=nan
          cc_act=1.649e-03 cc_state=0.000e+00   |grad| med=2.734e-01 DEAD=0/25  |s|max=10.4 (data 40.4)

final W2=0.19274 vs eta=0.35 -> FEASIBLE
      reward(LCB)=0.30899 (physical yield/step ~ 3.663)
      ||a||^2 0.00291 -> 6.89962 (+237041.6%)

saved -> /home/s2892016/Thesis/MCPILCO/results_rlloop/p_iter8_ph1.pt
