seed = 2  (policy init, window draw, particle sampling)
EXACT GP INFERENCE SELECTED
EXACT GP INFERENCE SELECTED
EXACT GP INFERENCE SELECTED
world models:
  phase 0: [0,47.5) h  train pts=800
  phase 1: [47.5,72.5) h  train pts=800
  phase 2: [72.5,inf) h  train pts=800
  -> one shared z-space (verified)
combined state range: [-7.02, 40.38] z
[PFQuery] loaded checkpoint flgfn_corrected.pt
pre-caching 150 expert distributions (1..150 h) ...
  eigenvalues @75h: [0.00018914 0.00684495 0.04047211]
PHASE 0: t in [0, 47.5) h -> 47 windows
windows per model: phase 0: 47
windows: 47 total over 1..230 h  ->  47 with the W2 constraint (t<=150), 0 reward-only

policy rbf: in=8 out=6 u_max=3.0 params=2808
L2: lambda=0.2 on ALL SIX channels (additive)
action spread across 5 replicas of one state: 5.396e-05   <-- WARNING: E_a|s degenerate

chance constraints: eps=0.95 -> Phi^-1=1.6449
  action box  alpha=1000.0
  vessel floor alpha=1.0  Wt >= 50000 phys (-1.534 z)
  training data below the floor: 0.0%
EXACT GP INFERENCE SELECTED

objective: -LCB_reward + 15.0*relu(W2_h - 0.35) + 0.2*||a||^2 + chance
  reward GP : reward_model_base.pt  held-out R^2=0.8571  yield/step mu=3.2279 sd=1.4090
  LCB       : mu_r - 1.0*sigma_r  (not the mean)
  eta       : 0.35  -- measured, the converged W2 of imitation-only policies
  alpha_W2  : 15.0  -- measured, puts the penalty on the reward's scale

penalty targets (physical -> z):
    discharge      lo=     0.0 phys ->  -0.401 z   (z=0 is    254.2 phys, the dataset mean)
    sugar          lo=     7.0 phys ->  -3.865 z   (z=0 is     76.5 phys, the dataset mean)
    soilbean       lo=    21.0 phys ->  -1.360 z   (z=0 is     26.0 phys, the dataset mean)
    aeration       lo=    29.0 phys ->  -3.932 z   (z=0 is     61.0 phys, the dataset mean)
    backpressure   lo=     0.5 phys ->  -3.915 z   (z=0 is      0.9 phys, the dataset mean)
    waterinj       lo=     0.0 phys ->  -1.374 z   (z=0 is    153.7 phys, the dataset mean)
discharge PINNED at 0.0 phys (-0.401 z)
iter   0  loss=1.01158  reward(LCB)=-0.97681 (phys 1.852)  W2 mean=0.20261 max=0.22439
          eta=0.35 violating=0/47 excess=0.00000 penalty=0.00000 (pen/|rew|=0.00x)   ||a||^2=0.17381 lam*=3.476e-02
          windows: 47 imitation+reward, 0 reward-only (t>150 h)   reward early=-0.9768 late=nan
          cc_act=2.741e-06 cc_state=0.000e+00   |grad| med=2.056e-03 DEAD=0/47  |s|max=24.0 (data 40.4)
iter   1  loss=0.99879  reward(LCB)=-0.93595 (phys 1.909)  W2 mean=0.20178 max=0.22444
          eta=0.35 violating=0/47 excess=0.00000 penalty=0.00000 (pen/|rew|=0.00x)   ||a||^2=0.31420 lam*=6.284e-02
          windows: 47 imitation+reward, 0 reward-only (t>150 h)   reward early=-0.9359 late=nan
          cc_act=2.741e-06 cc_state=0.000e+00   |grad| med=8.506e-03 DEAD=0/47  |s|max=25.3 (data 40.4)
iter   2  loss=0.98972  reward(LCB)=-0.91084 (phys 1.945)  W2 mean=0.20182 max=0.22216
          eta=0.35 violating=0/47 excess=0.00000 penalty=0.00000 (pen/|rew|=0.00x)   ||a||^2=0.39439 lam*=7.888e-02
          windows: 47 imitation+reward, 0 reward-only (t>150 h)   reward early=-0.9108 late=nan
          cc_act=2.741e-06 cc_state=0.000e+00   |grad| med=7.494e-03 DEAD=0/47  |s|max=24.6 (data 40.4)
iter   3  loss=0.98480  reward(LCB)=-0.89732 (phys 1.964)  W2 mean=0.20218 max=0.22696
          eta=0.35 violating=0/47 excess=0.00000 penalty=0.00000 (pen/|rew|=0.00x)   ||a||^2=0.43741 lam*=8.748e-02
          windows: 47 imitation+reward, 0 reward-only (t>150 h)   reward early=-0.8973 late=nan
          cc_act=2.741e-06 cc_state=0.000e+00   |grad| med=8.715e-03 DEAD=0/47  |s|max=23.8 (data 40.4)
iter   4  loss=0.98224  reward(LCB)=-0.89238 (phys 1.971)  W2 mean=0.20298 max=0.22330
          eta=0.35 violating=0/47 excess=0.00000 penalty=0.00000 (pen/|rew|=0.00x)   ||a||^2=0.44932 lam*=8.986e-02
          windows: 47 imitation+reward, 0 reward-only (t>150 h)   reward early=-0.8924 late=nan
          cc_act=2.741e-06 cc_state=0.000e+00   |grad| med=8.391e-03 DEAD=0/47  |s|max=24.3 (data 40.4)
iter   5  loss=0.98309  reward(LCB)=-0.89430 (phys 1.968)  W2 mean=0.20198 max=0.22556
          eta=0.35 violating=0/47 excess=0.00000 penalty=0.00000 (pen/|rew|=0.00x)   ||a||^2=0.44165 lam*=8.833e-02
          windows: 47 imitation+reward, 0 reward-only (t>150 h)   reward early=-0.8943 late=nan
          cc_act=4.589e-04 cc_state=0.000e+00   |grad| med=1.087e-02 DEAD=0/47  |s|max=24.9 (data 40.4)
iter   6  loss=0.98647  reward(LCB)=-0.89925 (phys 1.961)  W2 mean=0.20260 max=0.22506
          eta=0.35 violating=0/47 excess=0.00000 penalty=0.00000 (pen/|rew|=0.00x)   ||a||^2=0.43610 lam*=8.722e-02
          windows: 47 imitation+reward, 0 reward-only (t>150 h)   reward early=-0.8992 late=nan
          cc_act=2.741e-06 cc_state=0.000e+00   |grad| med=1.125e-02 DEAD=0/47  |s|max=24.9 (data 40.4)
iter   7  loss=0.98301  reward(LCB)=-0.88993 (phys 1.974)  W2 mean=0.20222 max=0.22187
          eta=0.35 violating=0/47 excess=0.00000 penalty=0.00000 (pen/|rew|=0.00x)   ||a||^2=0.46540 lam*=9.308e-02
          windows: 47 imitation+reward, 0 reward-only (t>150 h)   reward early=-0.8899 late=nan
          cc_act=2.741e-06 cc_state=0.000e+00   |grad| med=6.568e-03 DEAD=0/47  |s|max=24.7 (data 40.4)
iter   8  loss=0.98253  reward(LCB)=-0.88797 (phys 1.977)  W2 mean=0.20191 max=0.22052
          eta=0.35 violating=0/47 excess=0.00000 penalty=0.00000 (pen/|rew|=0.00x)   ||a||^2=0.47280 lam*=9.456e-02
          windows: 47 imitation+reward, 0 reward-only (t>150 h)   reward early=-0.8880 late=nan
          cc_act=2.741e-06 cc_state=0.000e+00   |grad| med=6.200e-03 DEAD=0/47  |s|max=24.7 (data 40.4)
iter   9  loss=0.98038  reward(LCB)=-0.88534 (phys 1.980)  W2 mean=0.20196 max=0.22254
          eta=0.35 violating=0/47 excess=0.00000 penalty=0.00000 (pen/|rew|=0.00x)   ||a||^2=0.47519 lam*=9.504e-02
          windows: 47 imitation+reward, 0 reward-only (t>150 h)   reward early=-0.8853 late=nan
          cc_act=2.741e-06 cc_state=0.000e+00   |grad| med=6.000e-03 DEAD=0/47  |s|max=25.1 (data 40.4)
iter  10  loss=0.98055  reward(LCB)=-0.88621 (phys 1.979)  W2 mean=0.20265 max=0.22197
          eta=0.35 violating=0/47 excess=0.00000 penalty=0.00000 (pen/|rew|=0.00x)   ||a||^2=0.47169 lam*=9.434e-02
          windows: 47 imitation+reward, 0 reward-only (t>150 h)   reward early=-0.8862 late=nan
          cc_act=2.741e-06 cc_state=0.000e+00   |grad| med=6.661e-03 DEAD=0/47  |s|max=24.1 (data 40.4)
iter  11  loss=0.98024  reward(LCB)=-0.88724 (phys 1.978)  W2 mean=0.20256 max=0.22427
          eta=0.35 violating=0/47 excess=0.00000 penalty=0.00000 (pen/|rew|=0.00x)   ||a||^2=0.46502 lam*=9.300e-02
          windows: 47 imitation+reward, 0 reward-only (t>150 h)   reward early=-0.8872 late=nan
          cc_act=2.741e-06 cc_state=0.000e+00   |grad| med=5.593e-03 DEAD=0/47  |s|max=24.3 (data 40.4)
iter  12  loss=0.98072  reward(LCB)=-0.88415 (phys 1.982)  W2 mean=0.20247 max=0.22638
          eta=0.35 violating=0/47 excess=0.00000 penalty=0.00000 (pen/|rew|=0.00x)   ||a||^2=0.48280 lam*=9.656e-02
          windows: 47 imitation+reward, 0 reward-only (t>150 h)   reward early=-0.8842 late=nan
          cc_act=2.741e-06 cc_state=0.000e+00   |grad| med=5.480e-03 DEAD=0/47  |s|max=24.4 (data 40.4)
iter  13  loss=0.97861  reward(LCB)=-0.88219 (phys 1.985)  W2 mean=0.20237 max=0.22424
          eta=0.35 violating=0/47 excess=0.00000 penalty=0.00000 (pen/|rew|=0.00x)   ||a||^2=0.48207 lam*=9.641e-02
          windows: 47 imitation+reward, 0 reward-only (t>150 h)   reward early=-0.8822 late=nan
          cc_act=2.741e-06 cc_state=0.000e+00   |grad| med=7.383e-03 DEAD=0/47  |s|max=24.3 (data 40.4)
iter  14  loss=0.98267  reward(LCB)=-0.88773 (phys 1.977)  W2 mean=0.20214 max=0.22073
          eta=0.35 violating=0/47 excess=0.00000 penalty=0.00000 (pen/|rew|=0.00x)   ||a||^2=0.47468 lam*=9.494e-02
          windows: 47 imitation+reward, 0 reward-only (t>150 h)   reward early=-0.8877 late=nan
          cc_act=2.741e-06 cc_state=0.000e+00   |grad| med=6.225e-03 DEAD=0/47  |s|max=24.7 (data 40.4)
iter  15  loss=0.97977  reward(LCB)=-0.88378 (phys 1.983)  W2 mean=0.20243 max=0.22239
          eta=0.35 violating=0/47 excess=0.00000 penalty=0.00000 (pen/|rew|=0.00x)   ||a||^2=0.47996 lam*=9.599e-02
          windows: 47 imitation+reward, 0 reward-only (t>150 h)   reward early=-0.8838 late=nan
          cc_act=2.741e-06 cc_state=0.000e+00   |grad| med=6.521e-03 DEAD=0/47  |s|max=23.6 (data 40.4)
iter  16  loss=0.97728  reward(LCB)=-0.88022 (phys 1.988)  W2 mean=0.20191 max=0.22496
          eta=0.35 violating=0/47 excess=0.00000 penalty=0.00000 (pen/|rew|=0.00x)   ||a||^2=0.48532 lam*=9.706e-02
          windows: 47 imitation+reward, 0 reward-only (t>150 h)   reward early=-0.8802 late=nan
          cc_act=2.741e-06 cc_state=0.000e+00   |grad| med=6.105e-03 DEAD=0/47  |s|max=24.7 (data 40.4)
iter  17  loss=0.98030  reward(LCB)=-0.88638 (phys 1.979)  W2 mean=0.20182 max=0.22441
          eta=0.35 violating=0/47 excess=0.00000 penalty=0.00000 (pen/|rew|=0.00x)   ||a||^2=0.46805 lam*=9.361e-02
          windows: 47 imitation+reward, 0 reward-only (t>150 h)   reward early=-0.8864 late=nan
          cc_act=3.129e-04 cc_state=0.000e+00   |grad| med=7.332e-03 DEAD=0/47  |s|max=24.5 (data 40.4)
iter  18  loss=0.98930  reward(LCB)=-0.90009 (phys 1.960)  W2 mean=0.20213 max=0.22346
          eta=0.35 violating=0/47 excess=0.00000 penalty=0.00000 (pen/|rew|=0.00x)   ||a||^2=0.44604 lam*=8.921e-02
          windows: 47 imitation+reward, 0 reward-only (t>150 h)   reward early=-0.9001 late=nan
          cc_act=2.741e-06 cc_state=0.000e+00   |grad| med=9.015e-03 DEAD=0/47  |s|max=24.1 (data 40.4)
iter  19  loss=0.98445  reward(LCB)=-0.89369 (phys 1.969)  W2 mean=0.20286 max=0.22348
          eta=0.35 violating=0/47 excess=0.00000 penalty=0.00000 (pen/|rew|=0.00x)   ||a||^2=0.45302 lam*=9.060e-02
          windows: 47 imitation+reward, 0 reward-only (t>150 h)   reward early=-0.8937 late=nan
          cc_act=1.627e-04 cc_state=0.000e+00   |grad| med=8.833e-03 DEAD=0/47  |s|max=23.8 (data 40.4)

final W2=0.20286 vs eta=0.35 -> FEASIBLE
      reward(LCB)=-0.89369 (physical yield/step ~ 1.969)
      ||a||^2 0.17381 -> 0.45302 (+160.6%)

saved -> /home/s2892016/Thesis/MCPILCO/results_rlloop_s2/p_iter1_ph0.pt
