=== training world model: phase=1 (rl_it2_p1)  n_keep=800  n_epoch=2001  select=pivchol ===
[loop] reusing frozen standardizer stats from /home/s2892016/Thesis/MCPILCO/results_pensim/rbf_model_bnd_rbf_iter0_phase0.pt
[pensim] dataset folder (PENSIM_DATA_DIR): /home/s2892016/Thesis/deps/smpl/smpl/configdata/pensim_rlloop_s2  (14 CSVs)
max observations: [2.76000000e+02 8.05261517e+00 3.62841400e+02 6.85863686e+00
 2.70000000e+02 1.80000012e+03 9.46039368e+02 1.26920055e+05
 2.39494171e+01]
min observations: [1.6000001e-01 4.5955915e+00 2.3797954e+02 0.0000000e+00 0.0000000e+00
 0.0000000e+00 0.0000000e+00 5.0006516e+04 2.3598127e+00]
dataset max observations: [2.3000000e+02 6.6375961e+00 2.9998679e+02 4.6791539e+00 2.2500000e+02
 7.8047729e+02 5.9550616e+02 1.1222694e+05 1.9388021e+01]
dataset min observations: [0.0000000e+00 6.0929465e+00 2.9767072e+02 0.0000000e+00 0.0000000e+00
 9.9999997e-05 9.9999997e-05 6.2034367e+04 9.0607529e+00]
max actions: [4.10e+03 1.51e+02 3.60e+01 7.60e+01 1.20e+00 5.10e+02]
min actions: [ 0.   7.  21.  29.   0.5  0. ]
dataset max actions: [4.094559e+03 1.470660e+02 3.580100e+01 7.514100e+01 1.132000e+00
 5.038400e+02]
dataset min actions: [ 0.     7.361 21.249 29.636  0.545  0.   ]
normalize: True
using max/min observations and actions.
[pensim] using SAVED standardizer statistics
[pensim] loader time bounds: [0.16, 276.00] h
[pensim] 16098 transitions | obs 8d act 6d
[pensim] obs per-dim std: [0.6554 0.8078 1.1496 1.0228 0.7592 0.7294 0.9641 1.4984]
[pensim] time range: -0.00 .. 230.00 h
[pensim]   phase 0 [0, 47.5) h: 3318 transitions
[pensim]   phase 1 [47.5, 72.5) h: 1750 transitions
[pensim]   phase 2 [72.5, inf) h: 11028 transitions
[std] fitted on 16098 transitions (14.00 CSVs)  [PINNED via -std_from]
[std] obs_sd = [0.0329  0.00339 0.03372 0.30286 0.17267 0.11814 0.34974 0.11855]
[std] act_sd = [0.30882 0.24979 0.48691 0.34592 0.29527 0.43871]
[pensim] phase 1: t in [47.5, 72.5) h  ->  1750 of 16098 transitions (10.9%)
[pivchol] selected 800/1550 points  (residual trace 4.261e-01)
train N=800   test N=200   gp input dim=14   num_gp=8
training-set time span: 47.60 .. 72.40 h
EXACT GP INFERENCE SELECTED

Initial parameters:
 parameters:
- sigma_n_log : tensor([-4.6052], dtype=torch.float64)
- log_lengthscales_par : tensor([0., 0., 0., 0., 0., 0., 0., 0., 0., 0., 0., 0., 0., 0.],
       dtype=torch.float64)
- log_lambda_par : tensor([0.], dtype=torch.float64)
- mean_par : tensor([0.], dtype=torch.float64)

EPOCH: 0
 parameters:
- sigma_n_log : tensor([-4.6152], dtype=torch.float64)
- log_lengthscales_par : tensor([ 1.0000e-02,  1.0000e-02, -7.6297e-09,  1.0000e-02,  1.0000e-02,
         1.0000e-02,  1.0000e-02,  1.0000e-02,  1.0000e-02,  1.0000e-02,
         1.0000e-02,  1.0000e-02,  1.0000e-02,  1.0000e-02],
       dtype=torch.float64)
- log_lambda_par : tensor([-0.0100], dtype=torch.float64)
- mean_par : tensor([0.], dtype=torch.float64)
Running loss: -627.0922896877153
Time elapsed: 1.3276481628417969

EPOCH: 1000
 parameters:
- sigma_n_log : tensor([-3.9088], dtype=torch.float64)
- log_lengthscales_par : tensor([ 1.4934e+00,  2.5603e+00,  6.2522e-05,  1.3608e+00,  1.6950e+00,
         3.4907e+00,  6.9109e-01,  2.5082e+00, -8.1913e-01,  1.9342e+00,
         2.3164e+00,  2.8434e+00,  2.7512e+00,  3.4988e+00],
       dtype=torch.float64)
- log_lambda_par : tensor([-2.1728], dtype=torch.float64)
- mean_par : tensor([0.], dtype=torch.float64)
Running loss: -2584.5233546247755
Time elapsed: 518.1768455505371

EPOCH: 2000
 parameters:
- sigma_n_log : tensor([-3.8995], dtype=torch.float64)
- log_lengthscales_par : tensor([ 1.5074e+00,  2.9275e+00,  7.5759e-05,  1.2705e+00,  1.4692e+00,
         3.8815e+00,  6.0362e-01,  3.0464e+00, -4.8883e-01,  1.7028e+00,
         2.7529e+00,  3.9076e+00,  3.5196e+00,  3.1841e+00],
       dtype=torch.float64)
- log_lambda_par : tensor([-2.2722], dtype=torch.float64)
- mean_par : tensor([0.], dtype=torch.float64)
Running loss: -2591.37097268843
Time elapsed: 522.0256299972534

Final parameters:
 parameters:
- sigma_n_log : tensor([-3.8995], dtype=torch.float64)
- log_lengthscales_par : tensor([ 1.5074e+00,  2.9275e+00,  7.5759e-05,  1.2705e+00,  1.4692e+00,
         3.8815e+00,  6.0362e-01,  3.0464e+00, -4.8883e-01,  1.7028e+00,
         2.7529e+00,  3.9076e+00,  3.5196e+00,  3.1841e+00],
       dtype=torch.float64)
- log_lambda_par : tensor([-2.2722], dtype=torch.float64)
- mean_par : tensor([0.], dtype=torch.float64)
MSE gp 0:  tensor(0.0004, dtype=torch.float64)

Initial parameters:
 parameters:
- sigma_n_log : tensor([-4.6052], dtype=torch.float64)
- log_lengthscales_par : tensor([0., 0., 0., 0., 0., 0., 0., 0., 0., 0., 0., 0., 0., 0.],
       dtype=torch.float64)
- log_lambda_par : tensor([0.], dtype=torch.float64)
- mean_par : tensor([0.], dtype=torch.float64)

EPOCH: 0
 parameters:
- sigma_n_log : tensor([-4.5952], dtype=torch.float64)
- log_lengthscales_par : tensor([-1.0000e-02, -1.0000e-02, -4.4911e-08, -1.0000e-02, -1.0000e-02,
         1.0000e-02, -1.0000e-02, -1.0000e-02, -1.0000e-02, -1.0000e-02,
        -1.0000e-02, -1.0000e-02, -1.0000e-02, -1.0000e-02],
       dtype=torch.float64)
- log_lambda_par : tensor([0.0100], dtype=torch.float64)
- mean_par : tensor([0.], dtype=torch.float64)
Running loss: 2250.858436451198
Time elapsed: 0.5472347736358643

EPOCH: 1000
 parameters:
- sigma_n_log : tensor([-2.1580], dtype=torch.float64)
- log_lengthscales_par : tensor([ 3.3483e+00, -2.1007e+00, -1.0799e-06,  2.4899e+00,  5.2825e-02,
         2.7121e+00,  2.5016e+00,  2.7903e+00,  4.1387e+00,  2.8685e+00,
         2.4899e+00,  1.4076e+00,  2.6475e+00,  4.0221e+00],
       dtype=torch.float64)
- log_lambda_par : tensor([0.3816], dtype=torch.float64)
- mean_par : tensor([0.], dtype=torch.float64)
Running loss: -577.8614270447014
Time elapsed: 531.4226739406586

EPOCH: 2000
 parameters:
- sigma_n_log : tensor([-2.3502], dtype=torch.float64)
- log_lengthscales_par : tensor([ 4.5889e+00, -2.5327e+00, -4.4212e-06,  3.9221e+00,  1.5621e-01,
         2.9111e+00,  2.7270e+00,  3.6346e+00,  4.9543e+00,  3.5775e+00,
         2.9577e+00,  1.8749e+00,  3.3208e+00,  4.0782e+00],
       dtype=torch.float64)
- log_lambda_par : tensor([0.4914], dtype=torch.float64)
- mean_par : tensor([0.], dtype=torch.float64)
Running loss: -608.0583562784919
Time elapsed: 570.0117025375366

Final parameters:
 parameters:
- sigma_n_log : tensor([-2.3502], dtype=torch.float64)
- log_lengthscales_par : tensor([ 4.5889e+00, -2.5327e+00, -4.4212e-06,  3.9221e+00,  1.5621e-01,
         2.9111e+00,  2.7270e+00,  3.6346e+00,  4.9543e+00,  3.5775e+00,
         2.9577e+00,  1.8749e+00,  3.3208e+00,  4.0782e+00],
       dtype=torch.float64)
- log_lambda_par : tensor([0.4914], dtype=torch.float64)
- mean_par : tensor([0.], dtype=torch.float64)
MSE gp 1:  tensor(0.0039, dtype=torch.float64)

Initial parameters:
 parameters:
- sigma_n_log : tensor([-4.6052], dtype=torch.float64)
- log_lengthscales_par : tensor([0., 0., 0., 0., 0., 0., 0., 0., 0., 0., 0., 0., 0., 0.],
       dtype=torch.float64)
- log_lambda_par : tensor([0.], dtype=torch.float64)
- mean_par : tensor([0.], dtype=torch.float64)

EPOCH: 0
 parameters:
- sigma_n_log : tensor([-4.6152], dtype=torch.float64)
- log_lengthscales_par : tensor([ 1.0000e-02,  1.0000e-02, -1.6236e-09,  1.0000e-02,  1.0000e-02,
         1.0000e-02,  1.0000e-02,  1.0000e-02,  1.0000e-02,  1.0000e-02,
         1.0000e-02,  1.0000e-02,  1.0000e-02,  1.0000e-02],
       dtype=torch.float64)
- log_lambda_par : tensor([-0.0100], dtype=torch.float64)
- mean_par : tensor([0.], dtype=torch.float64)
Running loss: -632.1206172868076
Time elapsed: 0.5676751136779785

EPOCH: 1000
 parameters:
- sigma_n_log : tensor([-11.2752], dtype=torch.float64)
- log_lengthscales_par : tensor([4.6125e+00, 3.9624e+00, 5.9262e-03, 4.2329e+00, 4.2810e+00, 4.9910e+00,
        4.8800e+00, 4.3008e+00, 7.3161e+00, 4.5201e+00, 4.2452e+00, 4.2161e+00,
        4.4174e+00, 5.7095e+00], dtype=torch.float64)
- log_lambda_par : tensor([-4.3588], dtype=torch.float64)
- mean_par : tensor([0.], dtype=torch.float64)
Running loss: -7224.834433006779
Time elapsed: 521.6931304931641

EPOCH: 2000
 parameters:
- sigma_n_log : tensor([-11.9786], dtype=torch.float64)
- log_lengthscales_par : tensor([5.5697e+00, 4.8903e+00, 1.1221e-03, 5.1522e+00, 5.2334e+00, 5.9552e+00,
        5.9876e+00, 5.2742e+00, 8.3094e+00, 5.4776e+00, 5.1494e+00, 5.0756e+00,
        5.3640e+00, 6.7463e+00], dtype=torch.float64)
- log_lambda_par : tensor([-5.9055], dtype=torch.float64)
- mean_par : tensor([0.], dtype=torch.float64)
Running loss: -7307.190985550179
Time elapsed: 520.9196293354034

Final parameters:
 parameters:
- sigma_n_log : tensor([-11.9786], dtype=torch.float64)
- log_lengthscales_par : tensor([5.5697e+00, 4.8903e+00, 1.1221e-03, 5.1522e+00, 5.2334e+00, 5.9552e+00,
        5.9876e+00, 5.2742e+00, 8.3094e+00, 5.4776e+00, 5.1494e+00, 5.0756e+00,
        5.3640e+00, 6.7463e+00], dtype=torch.float64)
- log_lambda_par : tensor([-5.9055], dtype=torch.float64)
- mean_par : tensor([0.], dtype=torch.float64)
MSE gp 2:  tensor(0., dtype=torch.float64)

Initial parameters:
 parameters:
- sigma_n_log : tensor([-4.6052], dtype=torch.float64)
- log_lengthscales_par : tensor([0., 0., 0., 0., 0., 0., 0., 0., 0., 0., 0., 0., 0., 0.],
       dtype=torch.float64)
- log_lambda_par : tensor([0.], dtype=torch.float64)
- mean_par : tensor([0.], dtype=torch.float64)

EPOCH: 0
 parameters:
- sigma_n_log : tensor([-4.6152], dtype=torch.float64)
- log_lengthscales_par : tensor([1.0000e-02, 1.0000e-02, 2.0529e-09, 1.0000e-02, 1.0000e-02, 1.0000e-02,
        1.0000e-02, 1.0000e-02, 1.0000e-02, 1.0000e-02, 1.0000e-02, 1.0000e-02,
        1.0000e-02, 1.0000e-02], dtype=torch.float64)
- log_lambda_par : tensor([-0.0100], dtype=torch.float64)
- mean_par : tensor([0.], dtype=torch.float64)
Running loss: -630.5663778282294
Time elapsed: 0.5714156627655029

EPOCH: 1000
 parameters:
- sigma_n_log : tensor([-11.2646], dtype=torch.float64)
- log_lengthscales_par : tensor([-0.4907,  4.0069,  0.0754,  3.4903,  4.3428,  5.1085,  4.2151,  4.3494,
        -5.2012,  3.7113,  4.4955,  4.4376,  4.4737,  5.9715],
       dtype=torch.float64)
- log_lambda_par : tensor([-4.1322], dtype=torch.float64)
- mean_par : tensor([0.], dtype=torch.float64)
Running loss: -6399.765298005373
Time elapsed: 614.7203886508942

EPOCH: 2000
 parameters:
- sigma_n_log : tensor([-11.9350], dtype=torch.float64)
- log_lengthscales_par : tensor([-1.1354,  5.3438,  0.0525,  2.8469,  5.2102,  5.9386,  4.9071,  5.1811,
        -4.8003,  3.3605,  5.3947,  5.6054,  5.3599,  6.9781],
       dtype=torch.float64)
- log_lambda_par : tensor([-5.1347], dtype=torch.float64)
- mean_par : tensor([0.], dtype=torch.float64)
Running loss: -6465.4723250438665
Time elapsed: 649.7060735225677

Final parameters:
 parameters:
- sigma_n_log : tensor([-11.9350], dtype=torch.float64)
- log_lengthscales_par : tensor([-1.1354,  5.3438,  0.0525,  2.8469,  5.2102,  5.9386,  4.9071,  5.1811,
        -4.8003,  3.3605,  5.3947,  5.6054,  5.3599,  6.9781],
       dtype=torch.float64)
- log_lambda_par : tensor([-5.1347], dtype=torch.float64)
- mean_par : tensor([0.], dtype=torch.float64)
MSE gp 3:  tensor(3.5062e-09, dtype=torch.float64)

Initial parameters:
 parameters:
- sigma_n_log : tensor([-4.6052], dtype=torch.float64)
- log_lengthscales_par : tensor([0., 0., 0., 0., 0., 0., 0., 0., 0., 0., 0., 0., 0., 0.],
       dtype=torch.float64)
- log_lambda_par : tensor([0.], dtype=torch.float64)
- mean_par : tensor([0.], dtype=torch.float64)

EPOCH: 0
 parameters:
- sigma_n_log : tensor([-4.5952], dtype=torch.float64)
- log_lengthscales_par : tensor([ 1.0000e-02, -1.0000e-02, -1.6827e-08,  1.0000e-02,  1.0000e-02,
         1.0000e-02,  1.0000e-02,  1.0000e-02,  1.0000e-02,  1.0000e-02,
         1.0000e-02,  1.0000e-02,  1.0000e-02,  1.0000e-02],
       dtype=torch.float64)
- log_lambda_par : tensor([-0.0100], dtype=torch.float64)
- mean_par : tensor([0.], dtype=torch.float64)
Running loss: -418.33360437425335
Time elapsed: 0.5476160049438477

EPOCH: 1000
 parameters:
- sigma_n_log : tensor([-3.0284], dtype=torch.float64)
- log_lengthscales_par : tensor([ 4.1904e+00, -1.3410e+00, -1.5546e-05,  3.8024e+00,  3.5520e-01,
         2.1466e+00,  2.8167e+00,  4.1220e+00,  4.5192e+00,  3.1930e+00,
         3.5768e+00,  2.7213e+00,  4.3016e+00,  3.6204e+00],
       dtype=torch.float64)
- log_lambda_par : tensor([-0.1912], dtype=torch.float64)
- mean_par : tensor([0.], dtype=torch.float64)
Running loss: -1495.5879396886667
Time elapsed: 526.2889585494995

EPOCH: 2000
 parameters:
- sigma_n_log : tensor([-3.0107], dtype=torch.float64)
- log_lengthscales_par : tensor([ 5.6320e+00, -1.3227e+00,  3.6770e-05,  4.8802e+00,  3.5961e-01,
         2.2332e+00,  3.0084e+00,  5.0399e+00,  5.3936e+00,  3.5646e+00,
         3.7783e+00,  2.8120e+00,  5.3413e+00,  3.7826e+00],
       dtype=torch.float64)
- log_lambda_par : tensor([-0.0451], dtype=torch.float64)
- mean_par : tensor([0.], dtype=torch.float64)
Running loss: -1503.2800709133548
Time elapsed: 524.7718646526337

Final parameters:
 parameters:
- sigma_n_log : tensor([-3.0107], dtype=torch.float64)
- log_lengthscales_par : tensor([ 5.6320e+00, -1.3227e+00,  3.6770e-05,  4.8802e+00,  3.5961e-01,
         2.2332e+00,  3.0084e+00,  5.0399e+00,  5.3936e+00,  3.5646e+00,
         3.7783e+00,  2.8120e+00,  5.3413e+00,  3.7826e+00],
       dtype=torch.float64)
- log_lambda_par : tensor([-0.0451], dtype=torch.float64)
- mean_par : tensor([0.], dtype=torch.float64)
MSE gp 4:  tensor(0.0017, dtype=torch.float64)

Initial parameters:
 parameters:
- sigma_n_log : tensor([-4.6052], dtype=torch.float64)
- log_lengthscales_par : tensor([0., 0., 0., 0., 0., 0., 0., 0., 0., 0., 0., 0., 0., 0.],
       dtype=torch.float64)
- log_lambda_par : tensor([0.], dtype=torch.float64)
- mean_par : tensor([0.], dtype=torch.float64)

EPOCH: 0
 parameters:
- sigma_n_log : tensor([-4.5952], dtype=torch.float64)
- log_lengthscales_par : tensor([-1.0000e-02, -1.0000e-02,  1.8064e-07, -1.0000e-02, -1.0000e-02,
         1.0000e-02, -1.0000e-02, -1.0000e-02, -1.0000e-02, -1.0000e-02,
        -1.0000e-02, -1.0000e-02, -1.0000e-02, -1.0000e-02],
       dtype=torch.float64)
- log_lambda_par : tensor([0.0100], dtype=torch.float64)
- mean_par : tensor([0.], dtype=torch.float64)
Running loss: 3177.1437690109424
Time elapsed: 0.5875148773193359

EPOCH: 1000
 parameters:
- sigma_n_log : tensor([-1.6879], dtype=torch.float64)
- log_lengthscales_par : tensor([ 3.0653e+00, -1.6635e+00, -4.8121e-06,  2.2396e+00,  1.6032e-01,
         1.6482e+00,  3.2281e+00,  3.0093e+00,  4.1799e+00,  3.0647e+00,
         2.9564e+00,  1.9255e+00,  2.8512e+00,  4.4888e+00],
       dtype=torch.float64)
- log_lambda_par : tensor([1.2925], dtype=torch.float64)
- mean_par : tensor([0.], dtype=torch.float64)
Running loss: -364.72129585576533
Time elapsed: 524.9200708866119

EPOCH: 2000
 parameters:
- sigma_n_log : tensor([-2.5205], dtype=torch.float64)
- log_lengthscales_par : tensor([ 5.4791e+00, -2.7320e+00, -1.5860e-05,  4.4061e+00,  1.0867e+00,
         1.7486e+00,  5.0678e+00,  4.5879e+00,  5.7686e+00,  4.9908e+00,
         4.5216e+00,  3.8040e+00,  4.2004e+00,  3.7518e+00],
       dtype=torch.float64)
- log_lambda_par : tensor([1.7541], dtype=torch.float64)
- mean_par : tensor([0.], dtype=torch.float64)
Running loss: -580.9794763619993
Time elapsed: 576.07284116745

Final parameters:
 parameters:
- sigma_n_log : tensor([-2.5205], dtype=torch.float64)
- log_lengthscales_par : tensor([ 5.4791e+00, -2.7320e+00, -1.5860e-05,  4.4061e+00,  1.0867e+00,
         1.7486e+00,  5.0678e+00,  4.5879e+00,  5.7686e+00,  4.9908e+00,
         4.5216e+00,  3.8040e+00,  4.2004e+00,  3.7518e+00],
       dtype=torch.float64)
- log_lambda_par : tensor([1.7541], dtype=torch.float64)
- mean_par : tensor([0.], dtype=torch.float64)
MSE gp 5:  tensor(0.0029, dtype=torch.float64)

Initial parameters:
 parameters:
- sigma_n_log : tensor([-4.6052], dtype=torch.float64)
- log_lengthscales_par : tensor([0., 0., 0., 0., 0., 0., 0., 0., 0., 0., 0., 0., 0., 0.],
       dtype=torch.float64)
- log_lambda_par : tensor([0.], dtype=torch.float64)
- mean_par : tensor([0.], dtype=torch.float64)

EPOCH: 0
 parameters:
- sigma_n_log : tensor([-4.6152], dtype=torch.float64)
- log_lengthscales_par : tensor([1.0000e-02, 1.0000e-02, 6.2409e-09, 1.0000e-02, 1.0000e-02, 1.0000e-02,
        1.0000e-02, 1.0000e-02, 1.0000e-02, 1.0000e-02, 1.0000e-02, 1.0000e-02,
        1.0000e-02, 1.0000e-02], dtype=torch.float64)
- log_lambda_par : tensor([-0.0100], dtype=torch.float64)
- mean_par : tensor([0.], dtype=torch.float64)
Running loss: -632.1146689722689
Time elapsed: 0.5895528793334961

EPOCH: 1000
 parameters:
- sigma_n_log : tensor([-7.6023], dtype=torch.float64)
- log_lengthscales_par : tensor([ 2.1597,  2.3067, -0.0271,  3.2481,  2.9996,  4.4048,  3.7114,  3.6434,
         1.0615,  3.8570,  3.7920,  3.5614,  3.7616,  2.3829],
       dtype=torch.float64)
- log_lambda_par : tensor([-3.5094], dtype=torch.float64)
- mean_par : tensor([0.], dtype=torch.float64)
Running loss: -5421.847210250497
Time elapsed: 525.7543203830719

EPOCH: 2000
 parameters:
- sigma_n_log : tensor([-7.6850], dtype=torch.float64)
- log_lengthscales_par : tensor([ 1.3750,  1.3778, -0.0223,  3.4658,  4.2597,  5.0995,  4.4976,  4.9402,
        -0.2109,  4.5162,  5.1478,  4.2375,  5.0220,  1.7815],
       dtype=torch.float64)
- log_lambda_par : tensor([-5.3593], dtype=torch.float64)
- mean_par : tensor([0.], dtype=torch.float64)
Running loss: -5507.062848130334
Time elapsed: 525.422426700592

Final parameters:
 parameters:
- sigma_n_log : tensor([-7.6850], dtype=torch.float64)
- log_lengthscales_par : tensor([ 1.3750,  1.3778, -0.0223,  3.4658,  4.2597,  5.0995,  4.4976,  4.9402,
        -0.2109,  4.5162,  5.1478,  4.2375,  5.0220,  1.7815],
       dtype=torch.float64)
- log_lambda_par : tensor([-5.3593], dtype=torch.float64)
- mean_par : tensor([0.], dtype=torch.float64)
MSE gp 6:  tensor(1.9347e-07, dtype=torch.float64)

Initial parameters:
 parameters:
- sigma_n_log : tensor([-4.6052], dtype=torch.float64)
- log_lengthscales_par : tensor([0., 0., 0., 0., 0., 0., 0., 0., 0., 0., 0., 0., 0., 0.],
       dtype=torch.float64)
- log_lambda_par : tensor([0.], dtype=torch.float64)
- mean_par : tensor([0.], dtype=torch.float64)

EPOCH: 0
 parameters:
- sigma_n_log : tensor([-4.6152], dtype=torch.float64)
- log_lengthscales_par : tensor([ 1.0000e-02,  1.0000e-02, -2.4855e-08,  1.0000e-02,  1.0000e-02,
         1.0000e-02,  1.0000e-02,  1.0000e-02,  1.0000e-02,  1.0000e-02,
         1.0000e-02,  1.0000e-02,  1.0000e-02,  1.0000e-02],
       dtype=torch.float64)
- log_lambda_par : tensor([-0.0100], dtype=torch.float64)
- mean_par : tensor([0.], dtype=torch.float64)
Running loss: -542.1103487823117
Time elapsed: 0.6436026096343994

EPOCH: 1000
 parameters:
- sigma_n_log : tensor([-2.3283], dtype=torch.float64)
- log_lengthscales_par : tensor([ 2.7032e+00,  2.7165e+00, -5.7089e-06,  2.1594e-01, -2.8370e-01,
         2.0620e+00,  9.7645e-01,  1.2596e+00,  2.9581e+00,  1.8544e+00,
         1.8298e+00,  1.9743e+00,  2.7266e+00,  9.2083e-01],
       dtype=torch.float64)
- log_lambda_par : tensor([-2.2451], dtype=torch.float64)
- mean_par : tensor([0.], dtype=torch.float64)
Running loss: -1319.1997205394948
Time elapsed: 525.9444451332092

EPOCH: 2000
 parameters:
- sigma_n_log : tensor([-2.3101], dtype=torch.float64)
- log_lengthscales_par : tensor([ 3.4409e+00,  3.7144e+00, -5.0490e-06,  2.6226e-01, -3.3971e-01,
         1.0163e+00,  1.7353e+00,  3.0399e+00,  3.6383e+00,  2.1971e+00,
         2.3721e+00,  2.1146e+00,  3.5243e+00,  9.2179e-01],
       dtype=torch.float64)
- log_lambda_par : tensor([-2.3416], dtype=torch.float64)
- mean_par : tensor([0.], dtype=torch.float64)
Running loss: -1327.3446128740266
Time elapsed: 522.2801914215088

Final parameters:
 parameters:
- sigma_n_log : tensor([-2.3101], dtype=torch.float64)
- log_lengthscales_par : tensor([ 3.4409e+00,  3.7144e+00, -5.0490e-06,  2.6226e-01, -3.3971e-01,
         1.0163e+00,  1.7353e+00,  3.0399e+00,  3.6383e+00,  2.1971e+00,
         2.3721e+00,  2.1146e+00,  3.5243e+00,  9.2179e-01],
       dtype=torch.float64)
- log_lambda_par : tensor([-2.3416], dtype=torch.float64)
- mean_par : tensor([0.], dtype=torch.float64)
MSE gp 7:  tensor(0.0087, dtype=torch.float64)

Trained hyperparameters:
GP 1:
 parameters:
- sigma_n_log : tensor([-3.8995], dtype=torch.float64)
- log_lengthscales_par : tensor([ 1.5074e+00,  2.9275e+00,  7.5759e-05,  1.2705e+00,  1.4692e+00,
         3.8815e+00,  6.0362e-01,  3.0464e+00, -4.8883e-01,  1.7028e+00,
         2.7529e+00,  3.9076e+00,  3.5196e+00,  3.1841e+00],
       dtype=torch.float64)
- log_lambda_par : tensor([-2.2722], dtype=torch.float64)
- mean_par : tensor([0.], dtype=torch.float64)
GP 2:
 parameters:
- sigma_n_log : tensor([-2.3502], dtype=torch.float64)
- log_lengthscales_par : tensor([ 4.5889e+00, -2.5327e+00, -4.4212e-06,  3.9221e+00,  1.5621e-01,
         2.9111e+00,  2.7270e+00,  3.6346e+00,  4.9543e+00,  3.5775e+00,
         2.9577e+00,  1.8749e+00,  3.3208e+00,  4.0782e+00],
       dtype=torch.float64)
- log_lambda_par : tensor([0.4914], dtype=torch.float64)
- mean_par : tensor([0.], dtype=torch.float64)
GP 3:
 parameters:
- sigma_n_log : tensor([-11.9786], dtype=torch.float64)
- log_lengthscales_par : tensor([5.5697e+00, 4.8903e+00, 1.1221e-03, 5.1522e+00, 5.2334e+00, 5.9552e+00,
        5.9876e+00, 5.2742e+00, 8.3094e+00, 5.4776e+00, 5.1494e+00, 5.0756e+00,
        5.3640e+00, 6.7463e+00], dtype=torch.float64)
- log_lambda_par : tensor([-5.9055], dtype=torch.float64)
- mean_par : tensor([0.], dtype=torch.float64)
GP 4:
 parameters:
- sigma_n_log : tensor([-11.9350], dtype=torch.float64)
- log_lengthscales_par : tensor([-1.1354,  5.3438,  0.0525,  2.8469,  5.2102,  5.9386,  4.9071,  5.1811,
        -4.8003,  3.3605,  5.3947,  5.6054,  5.3599,  6.9781],
       dtype=torch.float64)
- log_lambda_par : tensor([-5.1347], dtype=torch.float64)
- mean_par : tensor([0.], dtype=torch.float64)
GP 5:
 parameters:
- sigma_n_log : tensor([-3.0107], dtype=torch.float64)
- log_lengthscales_par : tensor([ 5.6320e+00, -1.3227e+00,  3.6770e-05,  4.8802e+00,  3.5961e-01,
         2.2332e+00,  3.0084e+00,  5.0399e+00,  5.3936e+00,  3.5646e+00,
         3.7783e+00,  2.8120e+00,  5.3413e+00,  3.7826e+00],
       dtype=torch.float64)
- log_lambda_par : tensor([-0.0451], dtype=torch.float64)
- mean_par : tensor([0.], dtype=torch.float64)
GP 6:
 parameters:
- sigma_n_log : tensor([-2.5205], dtype=torch.float64)
- log_lengthscales_par : tensor([ 5.4791e+00, -2.7320e+00, -1.5860e-05,  4.4061e+00,  1.0867e+00,
         1.7486e+00,  5.0678e+00,  4.5879e+00,  5.7686e+00,  4.9908e+00,
         4.5216e+00,  3.8040e+00,  4.2004e+00,  3.7518e+00],
       dtype=torch.float64)
- log_lambda_par : tensor([1.7541], dtype=torch.float64)
- mean_par : tensor([0.], dtype=torch.float64)
GP 7:
 parameters:
- sigma_n_log : tensor([-7.6850], dtype=torch.float64)
- log_lengthscales_par : tensor([ 1.3750,  1.3778, -0.0223,  3.4658,  4.2597,  5.0995,  4.4976,  4.9402,
        -0.2109,  4.5162,  5.1478,  4.2375,  5.0220,  1.7815],
       dtype=torch.float64)
- log_lambda_par : tensor([-5.3593], dtype=torch.float64)
- mean_par : tensor([0.], dtype=torch.float64)
GP 8:
 parameters:
- sigma_n_log : tensor([-2.3101], dtype=torch.float64)
- log_lengthscales_par : tensor([ 3.4409e+00,  3.7144e+00, -5.0490e-06,  2.6226e-01, -3.3971e-01,
         1.0163e+00,  1.7353e+00,  3.0399e+00,  3.6383e+00,  2.1971e+00,
         2.3721e+00,  2.1146e+00,  3.5243e+00,  9.2179e-01],
       dtype=torch.float64)
- log_lambda_par : tensor([-2.3416], dtype=torch.float64)
- mean_par : tensor([0.], dtype=torch.float64)

held-out NEXT-STATE MSE (model units) -- phase 1 (rl_it2_p1):
  0 pH     model=3.027997e-04  persistence=2.455839e-03  OK
  1 T      model=2.672201e-02  persistence=4.813052e-01  OK
  2 Fa     model=0.000000e+00  persistence=0.000000e+00  WORSE
  3 Fb     model=8.882892e-05  persistence=2.438468e-03  OK
  4 Fc     model=2.116526e-03  persistence=1.257250e-01  OK
  5 Fh     model=1.995150e-02  persistence=1.003597e+00  OK
  6 Wt     model=1.553090e-07  persistence=9.742656e-05  OK
  7 DO2    model=4.411332e-03  persistence=1.845413e-03  WORSE

mean MSE 6.699144e-03   persistence 2.021830e-01
model beats persistence: True
[pensim] statistics saved -> /home/s2892016/Thesis/MCPILCO/results_rlloop_s2/pensim_stats_rl_it2_p1.json

saved -> /home/s2892016/Thesis/MCPILCO/results_rlloop_s2/rbf_model_rl_it2_p1.pt
saved -> /home/s2892016/Thesis/MCPILCO/results_rlloop_s2/rbf_metrics_rl_it2_p1.json
