seed = 2  (policy init, window draw, particle sampling)
EXACT GP INFERENCE SELECTED
EXACT GP INFERENCE SELECTED
EXACT GP INFERENCE SELECTED
world models:
  phase 0: [0,47.5) h  train pts=800
  phase 1: [47.5,72.5) h  train pts=800
  phase 2: [72.5,inf) h  train pts=800
  -> one shared z-space (verified)
combined state range: [-7.02, 40.38] z
[PFQuery] loaded checkpoint flgfn_corrected.pt
pre-caching 150 expert distributions (1..150 h) ...
  eigenvalues @75h: [0.00018914 0.00684495 0.04047211]
PHASE 2: t in [72.5, inf) h -> 158 windows
windows per model: phase 2: 158
windows: 158 total over 1..230 h  ->  78 with the W2 constraint (t<=150), 80 reward-only

policy rbf: in=8 out=6 u_max=3.0 params=2808
L2: lambda=0.0 on ALL SIX channels (additive)
action spread across 5 replicas of one state: 1.974e-04   (ok)

chance constraints: eps=0.95 -> Phi^-1=1.6449
  action box  alpha=1000.0
  vessel floor alpha=1.0  Wt >= 50000 phys (-1.534 z)
  training data below the floor: 0.0%
EXACT GP INFERENCE SELECTED

objective: -LCB_reward + 15.0*relu(W2_h - 0.35) + 0.0*||a||^2 + chance
  reward GP : reward_model_base.pt  held-out R^2=0.8571  yield/step mu=3.2279 sd=1.4090
  LCB       : mu_r - 1.0*sigma_r  (not the mean)
  eta       : 0.35  -- measured, the converged W2 of imitation-only policies
  alpha_W2  : 15.0  -- measured, puts the penalty on the reward's scale

penalty targets (physical -> z):
    discharge      lo=     0.0 phys ->  -0.401 z   (z=0 is    254.2 phys, the dataset mean)
    sugar          lo=     7.0 phys ->  -3.865 z   (z=0 is     76.5 phys, the dataset mean)
    soilbean       lo=    21.0 phys ->  -1.360 z   (z=0 is     26.0 phys, the dataset mean)
    aeration       lo=    29.0 phys ->  -3.932 z   (z=0 is     61.0 phys, the dataset mean)
    backpressure   lo=     0.5 phys ->  -3.915 z   (z=0 is      0.9 phys, the dataset mean)
    waterinj       lo=     0.0 phys ->  -1.374 z   (z=0 is    153.7 phys, the dataset mean)
iter   0  loss=0.89629  reward(LCB)=-0.88872 (phys 1.976)  W2 mean=0.23172 max=0.25020
          eta=0.35 violating=0/74 excess=0.00000 penalty=0.00000 (pen/|rew|=0.00x)   ||a||^2=2.14971 lam*=0.000e+00
          windows: 74 imitation+reward, 76 reward-only (t>150 h)   reward early=-0.8916 late=-0.8859
          cc_act=7.570e-03 cc_state=0.000e+00   |grad| med=1.867e-01 DEAD=0/150  |s|max=45.8 (data 40.4)
iter   1  loss=0.73390  reward(LCB)=-0.73222 (phys 2.196)  W2 mean=0.23290 max=0.25115
          eta=0.35 violating=0/74 excess=0.00000 penalty=0.00000 (pen/|rew|=0.00x)   ||a||^2=4.52442 lam*=0.000e+00
          windows: 74 imitation+reward, 76 reward-only (t>150 h)   reward early=-0.7308 late=-0.7337
          cc_act=1.676e-03 cc_state=0.000e+00   |grad| med=9.043e-02 DEAD=0/150  |s|max=46.0 (data 40.4)
iter   2  loss=0.70828  reward(LCB)=-0.70627 (phys 2.233)  W2 mean=0.23230 max=0.25084
          eta=0.35 violating=0/72 excess=0.00000 penalty=0.00000 (pen/|rew|=0.00x)   ||a||^2=5.71105 lam*=0.000e+00
          windows: 72 imitation+reward, 78 reward-only (t>150 h)   reward early=-0.7081 late=-0.7046
          cc_act=2.014e-03 cc_state=0.000e+00   |grad| med=7.220e-02 DEAD=0/150  |s|max=46.4 (data 40.4)
iter   3  loss=0.69656  reward(LCB)=-0.69452 (phys 2.249)  W2 mean=0.23288 max=0.25171
          eta=0.35 violating=0/75 excess=0.00000 penalty=0.00000 (pen/|rew|=0.00x)   ||a||^2=6.53350 lam*=0.000e+00
          windows: 75 imitation+reward, 75 reward-only (t>150 h)   reward early=-0.6954 late=-0.6936
          cc_act=2.039e-03 cc_state=0.000e+00   |grad| med=1.040e-01 DEAD=0/150  |s|max=47.3 (data 40.4)
iter   4  loss=0.68976  reward(LCB)=-0.68739 (phys 2.259)  W2 mean=0.23148 max=0.25079
          eta=0.35 violating=0/73 excess=0.00000 penalty=0.00000 (pen/|rew|=0.00x)   ||a||^2=7.31652 lam*=0.000e+00
          windows: 73 imitation+reward, 77 reward-only (t>150 h)   reward early=-0.6834 late=-0.6911
          cc_act=2.369e-03 cc_state=0.000e+00   |grad| med=8.747e-02 DEAD=0/150  |s|max=46.3 (data 40.4)
iter   5  loss=0.68262  reward(LCB)=-0.68027 (phys 2.269)  W2 mean=0.23146 max=0.25118
          eta=0.35 violating=0/74 excess=0.00000 penalty=0.00000 (pen/|rew|=0.00x)   ||a||^2=7.16861 lam*=0.000e+00
          windows: 74 imitation+reward, 76 reward-only (t>150 h)   reward early=-0.6780 late=-0.6825
          cc_act=2.349e-03 cc_state=0.000e+00   |grad| med=1.117e-01 DEAD=0/150  |s|max=47.6 (data 40.4)
iter   6  loss=0.67901  reward(LCB)=-0.67732 (phys 2.274)  W2 mean=0.23090 max=0.25237
          eta=0.35 violating=0/74 excess=0.00000 penalty=0.00000 (pen/|rew|=0.00x)   ||a||^2=7.09704 lam*=0.000e+00
          windows: 74 imitation+reward, 76 reward-only (t>150 h)   reward early=-0.6727 late=-0.6818
          cc_act=1.691e-03 cc_state=0.000e+00   |grad| med=1.212e-01 DEAD=0/150  |s|max=46.3 (data 40.4)
iter   7  loss=0.68215  reward(LCB)=-0.67930 (phys 2.271)  W2 mean=0.23197 max=0.25066
          eta=0.35 violating=0/75 excess=0.00000 penalty=0.00000 (pen/|rew|=0.00x)   ||a||^2=7.15599 lam*=0.000e+00
          windows: 75 imitation+reward, 75 reward-only (t>150 h)   reward early=-0.6747 late=-0.6840
          cc_act=2.848e-03 cc_state=0.000e+00   |grad| med=8.852e-02 DEAD=0/150  |s|max=47.6 (data 40.4)
iter   8  loss=0.69005  reward(LCB)=-0.68488 (phys 2.263)  W2 mean=0.23166 max=0.24937
          eta=0.35 violating=0/77 excess=0.00000 penalty=0.00000 (pen/|rew|=0.00x)   ||a||^2=7.41590 lam*=0.000e+00
          windows: 77 imitation+reward, 73 reward-only (t>150 h)   reward early=-0.6879 late=-0.6817
          cc_act=5.171e-03 cc_state=0.000e+00   |grad| med=8.618e-02 DEAD=0/150  |s|max=45.5 (data 40.4)
iter   9  loss=0.68396  reward(LCB)=-0.68220 (phys 2.267)  W2 mean=0.23073 max=0.25179
          eta=0.35 violating=0/75 excess=0.00000 penalty=0.00000 (pen/|rew|=0.00x)   ||a||^2=8.10605 lam*=0.000e+00
          windows: 75 imitation+reward, 75 reward-only (t>150 h)   reward early=-0.6776 late=-0.6868
          cc_act=1.764e-03 cc_state=0.000e+00   |grad| med=8.514e-02 DEAD=0/150  |s|max=46.9 (data 40.4)
iter  10  loss=0.67727  reward(LCB)=-0.67518 (phys 2.277)  W2 mean=0.23141 max=0.25374
          eta=0.35 violating=0/75 excess=0.00000 penalty=0.00000 (pen/|rew|=0.00x)   ||a||^2=7.73971 lam*=0.000e+00
          windows: 75 imitation+reward, 75 reward-only (t>150 h)   reward early=-0.6718 late=-0.6786
          cc_act=2.092e-03 cc_state=0.000e+00   |grad| med=8.710e-02 DEAD=0/150  |s|max=46.6 (data 40.4)
iter  11  loss=0.67834  reward(LCB)=-0.67607 (phys 2.275)  W2 mean=0.23122 max=0.24946
          eta=0.35 violating=0/74 excess=0.00000 penalty=0.00000 (pen/|rew|=0.00x)   ||a||^2=8.07890 lam*=0.000e+00
          windows: 74 imitation+reward, 76 reward-only (t>150 h)   reward early=-0.6782 late=-0.6740
          cc_act=2.264e-03 cc_state=0.000e+00   |grad| med=9.215e-02 DEAD=0/150  |s|max=45.7 (data 40.4)
iter  12  loss=0.67656  reward(LCB)=-0.67557 (phys 2.276)  W2 mean=0.23182 max=0.24916
          eta=0.35 violating=0/74 excess=0.00000 penalty=0.00000 (pen/|rew|=0.00x)   ||a||^2=8.09705 lam*=0.000e+00
          windows: 74 imitation+reward, 76 reward-only (t>150 h)   reward early=-0.6759 late=-0.6752
          cc_act=9.957e-04 cc_state=0.000e+00   |grad| med=7.817e-02 DEAD=0/150  |s|max=45.5 (data 40.4)
iter  13  loss=0.67234  reward(LCB)=-0.66980 (phys 2.284)  W2 mean=0.23162 max=0.25069
          eta=0.35 violating=0/73 excess=0.00000 penalty=0.00000 (pen/|rew|=0.00x)   ||a||^2=7.83857 lam*=0.000e+00
          windows: 73 imitation+reward, 77 reward-only (t>150 h)   reward early=-0.6650 late=-0.6744
          cc_act=2.544e-03 cc_state=0.000e+00   |grad| med=8.805e-02 DEAD=0/150  |s|max=47.3 (data 40.4)
iter  14  loss=0.66368  reward(LCB)=-0.66096 (phys 2.297)  W2 mean=0.23207 max=0.24971
          eta=0.35 violating=0/73 excess=0.00000 penalty=0.00000 (pen/|rew|=0.00x)   ||a||^2=7.75932 lam*=0.000e+00
          windows: 73 imitation+reward, 77 reward-only (t>150 h)   reward early=-0.6636 late=-0.6584
          cc_act=2.714e-03 cc_state=0.000e+00   |grad| med=7.610e-02 DEAD=0/150  |s|max=46.3 (data 40.4)
iter  15  loss=0.68059  reward(LCB)=-0.67755 (phys 2.273)  W2 mean=0.23077 max=0.25020
          eta=0.35 violating=0/75 excess=0.00000 penalty=0.00000 (pen/|rew|=0.00x)   ||a||^2=7.74859 lam*=0.000e+00
          windows: 75 imitation+reward, 75 reward-only (t>150 h)   reward early=-0.6759 late=-0.6791
          cc_act=3.045e-03 cc_state=0.000e+00   |grad| med=1.224e-01 DEAD=0/150  |s|max=47.6 (data 40.4)
iter  16  loss=0.67880  reward(LCB)=-0.67676 (phys 2.274)  W2 mean=0.23026 max=0.24985
          eta=0.35 violating=0/74 excess=0.00000 penalty=0.00000 (pen/|rew|=0.00x)   ||a||^2=8.01690 lam*=0.000e+00
          windows: 74 imitation+reward, 76 reward-only (t>150 h)   reward early=-0.6795 late=-0.6740
          cc_act=2.046e-03 cc_state=0.000e+00   |grad| med=8.130e-02 DEAD=0/150  |s|max=46.3 (data 40.4)
iter  17  loss=0.66380  reward(LCB)=-0.66223 (phys 2.295)  W2 mean=0.23092 max=0.24993
          eta=0.35 violating=0/72 excess=0.00000 penalty=0.00000 (pen/|rew|=0.00x)   ||a||^2=8.34298 lam*=0.000e+00
          windows: 72 imitation+reward, 78 reward-only (t>150 h)   reward early=-0.6643 late=-0.6603
          cc_act=1.570e-03 cc_state=0.000e+00   |grad| med=6.707e-02 DEAD=0/150  |s|max=45.8 (data 40.4)
iter  18  loss=0.67531  reward(LCB)=-0.67270 (phys 2.280)  W2 mean=0.23092 max=0.24907
          eta=0.35 violating=0/75 excess=0.00000 penalty=0.00000 (pen/|rew|=0.00x)   ||a||^2=8.03509 lam*=0.000e+00
          windows: 75 imitation+reward, 75 reward-only (t>150 h)   reward early=-0.6706 late=-0.6748
          cc_act=2.610e-03 cc_state=0.000e+00   |grad| med=9.804e-02 DEAD=0/150  |s|max=45.7 (data 40.4)
iter  19  loss=0.66941  reward(LCB)=-0.66717 (phys 2.288)  W2 mean=0.23167 max=0.24892
          eta=0.35 violating=0/72 excess=0.00000 penalty=0.00000 (pen/|rew|=0.00x)   ||a||^2=7.92056 lam*=0.000e+00
          windows: 72 imitation+reward, 78 reward-only (t>150 h)   reward early=-0.6729 late=-0.6619
          cc_act=2.240e-03 cc_state=0.000e+00   |grad| med=9.325e-02 DEAD=0/150  |s|max=46.9 (data 40.4)

final W2=0.23167 vs eta=0.35 -> FEASIBLE
      reward(LCB)=-0.66717 (physical yield/step ~ 2.288)
      ||a||^2 2.14971 -> 7.92056 (+268.4%)

saved -> /home/s2892016/Thesis/MCPILCO/results_rlloop_s2/p_iter3_ph2.pt
