seed = 2  (policy init, window draw, particle sampling)
EXACT GP INFERENCE SELECTED
EXACT GP INFERENCE SELECTED
EXACT GP INFERENCE SELECTED
world models:
  phase 0: [0,47.5) h  train pts=800
  phase 1: [47.5,72.5) h  train pts=800
  phase 2: [72.5,inf) h  train pts=800
  -> one shared z-space (verified)
combined state range: [-7.02, 40.38] z
[PFQuery] loaded checkpoint flgfn_corrected.pt
pre-caching 150 expert distributions (1..150 h) ...
  eigenvalues @75h: [0.00018914 0.00684495 0.04047211]
PHASE 2: t in [72.5, inf) h -> 158 windows
windows per model: phase 2: 158
windows: 158 total over 1..230 h  ->  78 with the W2 constraint (t<=150), 80 reward-only

policy rbf: in=8 out=6 u_max=3.0 params=2808
L2: lambda=0.0 on ALL SIX channels (additive)
action spread across 5 replicas of one state: 3.410e-04   (ok)

chance constraints: eps=0.95 -> Phi^-1=1.6449
  action box  alpha=1000.0
  vessel floor alpha=1.0  Wt >= 50000 phys (-1.534 z)
  training data below the floor: 0.0%
EXACT GP INFERENCE SELECTED

objective: -LCB_reward + 15.0*relu(W2_h - 0.35) + 0.0*||a||^2 + chance
  reward GP : reward_model_base.pt  held-out R^2=0.8571  yield/step mu=3.2279 sd=1.4090
  LCB       : mu_r - 1.0*sigma_r  (not the mean)
  eta       : 0.35  -- measured, the converged W2 of imitation-only policies
  alpha_W2  : 15.0  -- measured, puts the penalty on the reward's scale

penalty targets (physical -> z):
    discharge      lo=     0.0 phys ->  -0.401 z   (z=0 is    254.2 phys, the dataset mean)
    sugar          lo=     7.0 phys ->  -3.865 z   (z=0 is     76.5 phys, the dataset mean)
    soilbean       lo=    21.0 phys ->  -1.360 z   (z=0 is     26.0 phys, the dataset mean)
    aeration       lo=    29.0 phys ->  -3.932 z   (z=0 is     61.0 phys, the dataset mean)
    backpressure   lo=     0.5 phys ->  -3.915 z   (z=0 is      0.9 phys, the dataset mean)
    waterinj       lo=     0.0 phys ->  -1.374 z   (z=0 is    153.7 phys, the dataset mean)
iter   0  loss=0.91502  reward(LCB)=-0.91061 (phys 1.945)  W2 mean=0.30551 max=0.32275
          eta=0.35 violating=0/74 excess=0.00000 penalty=0.00000 (pen/|rew|=0.00x)   ||a||^2=2.11412 lam*=0.000e+00
          windows: 74 imitation+reward, 76 reward-only (t>150 h)   reward early=-0.9124 late=-0.9089
          cc_act=4.410e-03 cc_state=0.000e+00   |grad| med=1.355e-01 DEAD=0/150  |s|max=48.9 (data 40.4)
iter   1  loss=0.75685  reward(LCB)=-0.75501 (phys 2.164)  W2 mean=0.30492 max=0.32099
          eta=0.35 violating=0/74 excess=0.00000 penalty=0.00000 (pen/|rew|=0.00x)   ||a||^2=5.21692 lam*=0.000e+00
          windows: 74 imitation+reward, 76 reward-only (t>150 h)   reward early=-0.7505 late=-0.7594
          cc_act=1.845e-03 cc_state=0.000e+00   |grad| med=7.835e-02 DEAD=0/150  |s|max=48.6 (data 40.4)
iter   2  loss=0.74392  reward(LCB)=-0.74080 (phys 2.184)  W2 mean=0.30351 max=0.32067
          eta=0.35 violating=0/72 excess=0.00000 penalty=0.00000 (pen/|rew|=0.00x)   ||a||^2=5.99423 lam*=0.000e+00
          windows: 72 imitation+reward, 78 reward-only (t>150 h)   reward early=-0.7405 late=-0.7410
          cc_act=3.118e-03 cc_state=0.000e+00   |grad| med=7.469e-02 DEAD=0/150  |s|max=49.9 (data 40.4)
iter   3  loss=0.72605  reward(LCB)=-0.72434 (phys 2.207)  W2 mean=0.30456 max=0.31988
          eta=0.35 violating=0/75 excess=0.00000 penalty=0.00000 (pen/|rew|=0.00x)   ||a||^2=6.49046 lam*=0.000e+00
          windows: 75 imitation+reward, 75 reward-only (t>150 h)   reward early=-0.7245 late=-0.7241
          cc_act=1.717e-03 cc_state=0.000e+00   |grad| med=7.097e-02 DEAD=0/150  |s|max=50.0 (data 40.4)
iter   4  loss=0.71641  reward(LCB)=-0.71548 (phys 2.220)  W2 mean=0.30319 max=0.31951
          eta=0.35 violating=0/73 excess=0.00000 penalty=0.00000 (pen/|rew|=0.00x)   ||a||^2=6.95588 lam*=0.000e+00
          windows: 73 imitation+reward, 77 reward-only (t>150 h)   reward early=-0.7159 late=-0.7150
          cc_act=9.300e-04 cc_state=0.000e+00   |grad| med=7.781e-02 DEAD=0/150  |s|max=47.9 (data 40.4)
iter   5  loss=0.72891  reward(LCB)=-0.72582 (phys 2.205)  W2 mean=0.30234 max=0.31784
          eta=0.35 violating=0/74 excess=0.00000 penalty=0.00000 (pen/|rew|=0.00x)   ||a||^2=7.16715 lam*=0.000e+00
          windows: 74 imitation+reward, 76 reward-only (t>150 h)   reward early=-0.7267 late=-0.7250
          cc_act=3.095e-03 cc_state=0.000e+00   |grad| med=7.635e-02 DEAD=0/150  |s|max=49.8 (data 40.4)
iter   6  loss=0.71869  reward(LCB)=-0.71663 (phys 2.218)  W2 mean=0.30297 max=0.32213
          eta=0.35 violating=0/74 excess=0.00000 penalty=0.00000 (pen/|rew|=0.00x)   ||a||^2=6.69087 lam*=0.000e+00
          windows: 74 imitation+reward, 76 reward-only (t>150 h)   reward early=-0.7107 late=-0.7224
          cc_act=2.057e-03 cc_state=0.000e+00   |grad| med=9.343e-02 DEAD=0/150  |s|max=48.4 (data 40.4)
iter   7  loss=0.70922  reward(LCB)=-0.70820 (phys 2.230)  W2 mean=0.30306 max=0.32006
          eta=0.35 violating=0/75 excess=0.00000 penalty=0.00000 (pen/|rew|=0.00x)   ||a||^2=7.13297 lam*=0.000e+00
          windows: 75 imitation+reward, 75 reward-only (t>150 h)   reward early=-0.7094 late=-0.7070
          cc_act=1.025e-03 cc_state=0.000e+00   |grad| med=6.464e-02 DEAD=0/150  |s|max=49.7 (data 40.4)
iter   8  loss=0.71583  reward(LCB)=-0.71394 (phys 2.222)  W2 mean=0.30299 max=0.31992
          eta=0.35 violating=0/77 excess=0.00000 penalty=0.00000 (pen/|rew|=0.00x)   ||a||^2=7.46876 lam*=0.000e+00
          windows: 77 imitation+reward, 73 reward-only (t>150 h)   reward early=-0.7160 late=-0.7118
          cc_act=1.890e-03 cc_state=0.000e+00   |grad| med=8.914e-02 DEAD=0/150  |s|max=50.0 (data 40.4)
iter   9  loss=0.71573  reward(LCB)=-0.71332 (phys 2.223)  W2 mean=0.30318 max=0.31908
          eta=0.35 violating=0/75 excess=0.00000 penalty=0.00000 (pen/|rew|=0.00x)   ||a||^2=7.57089 lam*=0.000e+00
          windows: 75 imitation+reward, 75 reward-only (t>150 h)   reward early=-0.7139 late=-0.7127
          cc_act=2.410e-03 cc_state=0.000e+00   |grad| med=1.085e-01 DEAD=0/150  |s|max=49.4 (data 40.4)
iter  10  loss=0.70890  reward(LCB)=-0.70761 (phys 2.231)  W2 mean=0.30260 max=0.31884
          eta=0.35 violating=0/75 excess=0.00000 penalty=0.00000 (pen/|rew|=0.00x)   ||a||^2=7.29230 lam*=0.000e+00
          windows: 75 imitation+reward, 75 reward-only (t>150 h)   reward early=-0.7090 late=-0.7062
          cc_act=1.281e-03 cc_state=0.000e+00   |grad| med=8.553e-02 DEAD=0/150  |s|max=49.5 (data 40.4)
iter  11  loss=0.71705  reward(LCB)=-0.71500 (phys 2.221)  W2 mean=0.30292 max=0.31971
          eta=0.35 violating=0/74 excess=0.00000 penalty=0.00000 (pen/|rew|=0.00x)   ||a||^2=7.33639 lam*=0.000e+00
          windows: 74 imitation+reward, 76 reward-only (t>150 h)   reward early=-0.7207 late=-0.7094
          cc_act=2.050e-03 cc_state=0.000e+00   |grad| med=7.363e-02 DEAD=0/150  |s|max=48.1 (data 40.4)
iter  12  loss=0.71367  reward(LCB)=-0.71080 (phys 2.226)  W2 mean=0.30361 max=0.31940
          eta=0.35 violating=0/74 excess=0.00000 penalty=0.00000 (pen/|rew|=0.00x)   ||a||^2=7.45461 lam*=0.000e+00
          windows: 74 imitation+reward, 76 reward-only (t>150 h)   reward early=-0.7083 late=-0.7133
          cc_act=2.868e-03 cc_state=0.000e+00   |grad| med=8.281e-02 DEAD=0/150  |s|max=48.7 (data 40.4)
iter  13  loss=0.71348  reward(LCB)=-0.71172 (phys 2.225)  W2 mean=0.30299 max=0.31866
          eta=0.35 violating=0/73 excess=0.00000 penalty=0.00000 (pen/|rew|=0.00x)   ||a||^2=7.38517 lam*=0.000e+00
          windows: 73 imitation+reward, 77 reward-only (t>150 h)   reward early=-0.7103 late=-0.7131
          cc_act=1.761e-03 cc_state=0.000e+00   |grad| med=9.218e-02 DEAD=0/150  |s|max=48.6 (data 40.4)
iter  14  loss=0.71303  reward(LCB)=-0.70859 (phys 2.230)  W2 mean=0.30377 max=0.32124
          eta=0.35 violating=0/73 excess=0.00000 penalty=0.00000 (pen/|rew|=0.00x)   ||a||^2=6.83399 lam*=0.000e+00
          windows: 73 imitation+reward, 77 reward-only (t>150 h)   reward early=-0.7061 late=-0.7110
          cc_act=4.445e-03 cc_state=0.000e+00   |grad| med=1.102e-01 DEAD=0/150  |s|max=48.0 (data 40.4)
iter  15  loss=0.71423  reward(LCB)=-0.71341 (phys 2.223)  W2 mean=0.30322 max=0.31960
          eta=0.35 violating=0/75 excess=0.00000 penalty=0.00000 (pen/|rew|=0.00x)   ||a||^2=6.77231 lam*=0.000e+00
          windows: 75 imitation+reward, 75 reward-only (t>150 h)   reward early=-0.7173 late=-0.7095
          cc_act=8.246e-04 cc_state=0.000e+00   |grad| med=5.973e-02 DEAD=0/150  |s|max=48.3 (data 40.4)
iter  16  loss=0.69606  reward(LCB)=-0.69399 (phys 2.250)  W2 mean=0.30262 max=0.31951
          eta=0.35 violating=0/74 excess=0.00000 penalty=0.00000 (pen/|rew|=0.00x)   ||a||^2=7.12313 lam*=0.000e+00
          windows: 74 imitation+reward, 76 reward-only (t>150 h)   reward early=-0.6946 late=-0.6934
          cc_act=2.070e-03 cc_state=0.000e+00   |grad| med=7.638e-02 DEAD=0/150  |s|max=49.4 (data 40.4)
iter  17  loss=0.71817  reward(LCB)=-0.71353 (phys 2.223)  W2 mean=0.30355 max=0.31881
          eta=0.35 violating=0/72 excess=0.00000 penalty=0.00000 (pen/|rew|=0.00x)   ||a||^2=6.84892 lam*=0.000e+00
          windows: 72 imitation+reward, 78 reward-only (t>150 h)   reward early=-0.7086 late=-0.7181
          cc_act=4.640e-03 cc_state=0.000e+00   |grad| med=1.224e-01 DEAD=0/150  |s|max=49.0 (data 40.4)
iter  18  loss=0.71043  reward(LCB)=-0.70907 (phys 2.229)  W2 mean=0.30328 max=0.32032
          eta=0.35 violating=0/75 excess=0.00000 penalty=0.00000 (pen/|rew|=0.00x)   ||a||^2=6.94895 lam*=0.000e+00
          windows: 75 imitation+reward, 75 reward-only (t>150 h)   reward early=-0.7087 late=-0.7095
          cc_act=1.361e-03 cc_state=0.000e+00   |grad| med=7.483e-02 DEAD=0/150  |s|max=48.8 (data 40.4)
iter  19  loss=0.70573  reward(LCB)=-0.70424 (phys 2.236)  W2 mean=0.30334 max=0.31839
          eta=0.35 violating=0/72 excess=0.00000 penalty=0.00000 (pen/|rew|=0.00x)   ||a||^2=7.03661 lam*=0.000e+00
          windows: 72 imitation+reward, 78 reward-only (t>150 h)   reward early=-0.7036 late=-0.7048
          cc_act=1.488e-03 cc_state=0.000e+00   |grad| med=7.910e-02 DEAD=0/150  |s|max=48.7 (data 40.4)

final W2=0.30334 vs eta=0.35 -> FEASIBLE
      reward(LCB)=-0.70424 (physical yield/step ~ 2.236)
      ||a||^2 2.11412 -> 7.03661 (+232.8%)

saved -> /home/s2892016/Thesis/MCPILCO/results_rlloop_s2/p_iter4_ph2.pt
