=== training world model: phase=1 (rl_it6_p1)  n_keep=800  n_epoch=2001  select=pivchol ===
[loop] reusing frozen standardizer stats from /home/s2892016/Thesis/MCPILCO/results_pensim/rbf_model_bnd_rbf_iter0_phase0.pt
[pensim] dataset folder (PENSIM_DATA_DIR): /home/s2892016/Thesis/deps/smpl/smpl/configdata/pensim_rlloop_s2  (18 CSVs)
max observations: [2.76000000e+02 8.05261517e+00 3.62841400e+02 6.85863686e+00
 2.70000000e+02 1.80000012e+03 9.46039368e+02 1.26920055e+05
 2.39494171e+01]
min observations: [1.6000001e-01 4.5955915e+00 2.3797954e+02 0.0000000e+00 0.0000000e+00
 0.0000000e+00 0.0000000e+00 5.0006516e+04 2.3598127e+00]
dataset max observations: [2.3000000e+02 6.6375961e+00 2.9998679e+02 4.6791539e+00 2.2500000e+02
 7.9810846e+02 6.0976764e+02 1.1254950e+05 1.9388021e+01]
dataset min observations: [0.0000000e+00 6.0929465e+00 2.9767072e+02 0.0000000e+00 0.0000000e+00
 9.9999997e-05 9.9999997e-05 6.2034367e+04 8.8777227e+00]
max actions: [4.10e+03 1.51e+02 3.60e+01 7.60e+01 1.20e+00 5.10e+02]
min actions: [ 0.   7.  21.  29.   0.5  0. ]
dataset max actions: [4.094559e+03 1.470660e+02 3.580100e+01 7.514100e+01 1.132000e+00
 5.038400e+02]
dataset min actions: [ 0.     7.361 21.249 29.636  0.545  0.   ]
normalize: True
using max/min observations and actions.
[pensim] using SAVED standardizer statistics
[pensim] loader time bounds: [0.16, 276.00] h
[pensim] 20694 transitions | obs 8d act 6d
[pensim] obs per-dim std: [0.8622 0.758  1.0287 1.1031 0.7094 0.7051 0.9671 1.8429]
[pensim] time range: -0.00 .. 230.00 h
[pensim]   phase 0 [0, 47.5) h: 4266 transitions
[pensim]   phase 1 [47.5, 72.5) h: 2250 transitions
[pensim]   phase 2 [72.5, inf) h: 14172 transitions
[std] fitted on 20694 transitions (17.99 CSVs)  [PINNED via -std_from]
[std] obs_sd = [0.0329  0.00339 0.03372 0.30286 0.17267 0.11814 0.34974 0.11855]
[std] act_sd = [0.30882 0.24979 0.48691 0.34592 0.29527 0.43871]
[pensim] phase 1: t in [47.5, 72.5) h  ->  2250 of 20694 transitions (10.9%)
[pivchol] selected 800/2050 points  (residual trace 2.396e+00)
train N=800   test N=200   gp input dim=14   num_gp=8
training-set time span: 47.60 .. 72.40 h
EXACT GP INFERENCE SELECTED

Initial parameters:
 parameters:
- sigma_n_log : tensor([-4.6052], dtype=torch.float64)
- log_lengthscales_par : tensor([0., 0., 0., 0., 0., 0., 0., 0., 0., 0., 0., 0., 0., 0.],
       dtype=torch.float64)
- log_lambda_par : tensor([0.], dtype=torch.float64)
- mean_par : tensor([0.], dtype=torch.float64)

EPOCH: 0
 parameters:
- sigma_n_log : tensor([-4.6152], dtype=torch.float64)
- log_lengthscales_par : tensor([1.0000e-02, 1.0000e-02, 9.1267e-10, 1.0000e-02, 1.0000e-02, 1.0000e-02,
        1.0000e-02, 1.0000e-02, 1.0000e-02, 1.0000e-02, 1.0000e-02, 1.0000e-02,
        1.0000e-02, 1.0000e-02], dtype=torch.float64)
- log_lambda_par : tensor([-0.0100], dtype=torch.float64)
- mean_par : tensor([0.], dtype=torch.float64)
Running loss: -501.3318982263711
Time elapsed: 0.7757573127746582

EPOCH: 1000
 parameters:
- sigma_n_log : tensor([-4.0737], dtype=torch.float64)
- log_lengthscales_par : tensor([6.8115e-01, 2.8661e+00, 9.6461e-06, 9.7698e-01, 1.1060e+00, 3.4780e+00,
        6.1118e-01, 2.6717e+00, 2.1624e+00, 1.4503e+00, 2.4805e+00, 2.9282e+00,
        2.6986e+00, 3.3243e+00], dtype=torch.float64)
- log_lambda_par : tensor([-2.4629], dtype=torch.float64)
- mean_par : tensor([0.], dtype=torch.float64)
Running loss: -2662.9477621607775
Time elapsed: 345.8970012664795

EPOCH: 2000
 parameters:
- sigma_n_log : tensor([-4.0953], dtype=torch.float64)
- log_lengthscales_par : tensor([2.4109e-01, 3.4495e+00, 1.5465e-05, 7.9387e-01, 9.3387e-01, 3.8510e+00,
        2.9201e-01, 3.3288e+00, 3.8902e+00, 1.2774e+00, 2.6045e+00, 3.9620e+00,
        3.4848e+00, 2.2744e+00], dtype=torch.float64)
- log_lambda_par : tensor([-3.0768], dtype=torch.float64)
- mean_par : tensor([0.], dtype=torch.float64)
Running loss: -2676.1073979696666
Time elapsed: 345.96701192855835

Final parameters:
 parameters:
- sigma_n_log : tensor([-4.0953], dtype=torch.float64)
- log_lengthscales_par : tensor([2.4109e-01, 3.4495e+00, 1.5465e-05, 7.9387e-01, 9.3387e-01, 3.8510e+00,
        2.9201e-01, 3.3288e+00, 3.8902e+00, 1.2774e+00, 2.6045e+00, 3.9620e+00,
        3.4848e+00, 2.2744e+00], dtype=torch.float64)
- log_lambda_par : tensor([-3.0768], dtype=torch.float64)
- mean_par : tensor([0.], dtype=torch.float64)
MSE gp 0:  tensor(0.0002, dtype=torch.float64)

Initial parameters:
 parameters:
- sigma_n_log : tensor([-4.6052], dtype=torch.float64)
- log_lengthscales_par : tensor([0., 0., 0., 0., 0., 0., 0., 0., 0., 0., 0., 0., 0., 0.],
       dtype=torch.float64)
- log_lambda_par : tensor([0.], dtype=torch.float64)
- mean_par : tensor([0.], dtype=torch.float64)

EPOCH: 0
 parameters:
- sigma_n_log : tensor([-4.5952], dtype=torch.float64)
- log_lengthscales_par : tensor([-1.0000e-02, -1.0000e-02, -1.0001e-07, -1.0000e-02, -1.0000e-02,
         1.0000e-02, -1.0000e-02, -1.0000e-02,  1.0000e-02, -1.0000e-02,
        -1.0000e-02, -1.0000e-02, -1.0000e-02,  1.0000e-02],
       dtype=torch.float64)
- log_lambda_par : tensor([0.0100], dtype=torch.float64)
- mean_par : tensor([0.], dtype=torch.float64)
Running loss: 622.3290012415039
Time elapsed: 0.3829338550567627

EPOCH: 1000
 parameters:
- sigma_n_log : tensor([-2.4190], dtype=torch.float64)
- log_lengthscales_par : tensor([ 4.1900e+00, -2.1504e+00, -2.0346e-06,  3.4331e+00,  1.3522e-02,
         2.4562e+00,  2.3017e+00,  3.9622e+00,  3.9485e+00,  3.3210e+00,
         3.3009e+00,  1.6958e+00,  3.4783e+00,  3.6438e+00],
       dtype=torch.float64)
- log_lambda_par : tensor([0.4125], dtype=torch.float64)
- mean_par : tensor([0.], dtype=torch.float64)
Running loss: -728.3473023514783
Time elapsed: 366.98133301734924

EPOCH: 2000
 parameters:
- sigma_n_log : tensor([-2.5991], dtype=torch.float64)
- log_lengthscales_par : tensor([ 5.0664e+00, -2.5774e+00,  6.3127e-06,  4.1480e+00,  2.3767e-01,
         2.3115e+00,  2.6726e+00,  4.6335e+00,  4.8802e+00,  3.3650e+00,
         3.5473e+00,  3.1953e+00,  4.2695e+00,  4.3879e+00],
       dtype=torch.float64)
- log_lambda_par : tensor([0.5418], dtype=torch.float64)
- mean_par : tensor([0.], dtype=torch.float64)
Running loss: -753.1876849925383
Time elapsed: 362.7850761413574

Final parameters:
 parameters:
- sigma_n_log : tensor([-2.5991], dtype=torch.float64)
- log_lengthscales_par : tensor([ 5.0664e+00, -2.5774e+00,  6.3127e-06,  4.1480e+00,  2.3767e-01,
         2.3115e+00,  2.6726e+00,  4.6335e+00,  4.8802e+00,  3.3650e+00,
         3.5473e+00,  3.1953e+00,  4.2695e+00,  4.3879e+00],
       dtype=torch.float64)
- log_lambda_par : tensor([0.5418], dtype=torch.float64)
- mean_par : tensor([0.], dtype=torch.float64)
MSE gp 1:  tensor(0.0025, dtype=torch.float64)

Initial parameters:
 parameters:
- sigma_n_log : tensor([-4.6052], dtype=torch.float64)
- log_lengthscales_par : tensor([0., 0., 0., 0., 0., 0., 0., 0., 0., 0., 0., 0., 0., 0.],
       dtype=torch.float64)
- log_lambda_par : tensor([0.], dtype=torch.float64)
- mean_par : tensor([0.], dtype=torch.float64)

EPOCH: 0
 parameters:
- sigma_n_log : tensor([-4.6152], dtype=torch.float64)
- log_lengthscales_par : tensor([ 1.0000e-02,  1.0000e-02, -1.4007e-09,  1.0000e-02,  1.0000e-02,
         1.0000e-02,  1.0000e-02,  1.0000e-02,  1.0000e-02,  1.0000e-02,
         1.0000e-02,  1.0000e-02,  1.0000e-02,  1.0000e-02],
       dtype=torch.float64)
- log_lambda_par : tensor([-0.0100], dtype=torch.float64)
- mean_par : tensor([0.], dtype=torch.float64)
Running loss: -503.2264203327663
Time elapsed: 0.3746459484100342

EPOCH: 1000
 parameters:
- sigma_n_log : tensor([-11.3759], dtype=torch.float64)
- log_lengthscales_par : tensor([ 4.6011e+00,  4.0586e+00, -2.4919e-04,  4.3291e+00,  4.4055e+00,
         5.0291e+00,  5.0400e+00,  4.3896e+00,  6.1715e+00,  4.5689e+00,
         4.2925e+00,  4.2158e+00,  4.4531e+00,  5.5808e+00],
       dtype=torch.float64)
- log_lambda_par : tensor([-4.3597], dtype=torch.float64)
- mean_par : tensor([0.], dtype=torch.float64)
Running loss: -7223.189213187645
Time elapsed: 341.4305787086487

EPOCH: 2000
 parameters:
- sigma_n_log : tensor([-12.0745], dtype=torch.float64)
- log_lengthscales_par : tensor([5.5781e+00, 4.9970e+00, 4.0719e-03, 5.2328e+00, 5.3389e+00, 5.9877e+00,
        6.1236e+00, 5.3511e+00, 7.7028e+00, 5.5168e+00, 5.2103e+00, 5.0931e+00,
        5.3888e+00, 6.5891e+00], dtype=torch.float64)
- log_lambda_par : tensor([-5.8856], dtype=torch.float64)
- mean_par : tensor([0.], dtype=torch.float64)
Running loss: -7307.142906160532
Time elapsed: 342.7719147205353

Final parameters:
 parameters:
- sigma_n_log : tensor([-12.0745], dtype=torch.float64)
- log_lengthscales_par : tensor([5.5781e+00, 4.9970e+00, 4.0719e-03, 5.2328e+00, 5.3389e+00, 5.9877e+00,
        6.1236e+00, 5.3511e+00, 7.7028e+00, 5.5168e+00, 5.2103e+00, 5.0931e+00,
        5.3888e+00, 6.5891e+00], dtype=torch.float64)
- log_lambda_par : tensor([-5.8856], dtype=torch.float64)
- mean_par : tensor([0.], dtype=torch.float64)
MSE gp 2:  tensor(0., dtype=torch.float64)

Initial parameters:
 parameters:
- sigma_n_log : tensor([-4.6052], dtype=torch.float64)
- log_lengthscales_par : tensor([0., 0., 0., 0., 0., 0., 0., 0., 0., 0., 0., 0., 0., 0.],
       dtype=torch.float64)
- log_lambda_par : tensor([0.], dtype=torch.float64)
- mean_par : tensor([0.], dtype=torch.float64)

EPOCH: 0
 parameters:
- sigma_n_log : tensor([-4.6152], dtype=torch.float64)
- log_lengthscales_par : tensor([ 1.0000e-02,  1.0000e-02, -1.2271e-09,  1.0000e-02,  1.0000e-02,
         1.0000e-02,  1.0000e-02,  1.0000e-02,  1.0000e-02,  1.0000e-02,
         1.0000e-02,  1.0000e-02,  1.0000e-02,  1.0000e-02],
       dtype=torch.float64)
- log_lambda_par : tensor([-0.0100], dtype=torch.float64)
- mean_par : tensor([0.], dtype=torch.float64)
Running loss: -501.67462696275186
Time elapsed: 0.388347864151001

EPOCH: 1000
 parameters:
- sigma_n_log : tensor([-11.4152], dtype=torch.float64)
- log_lengthscales_par : tensor([-1.2889,  4.9502,  0.0171, -0.5281,  4.4587,  5.3520,  4.1637,  5.2187,
         6.1458,  5.1853,  5.1387,  4.1938,  4.2095,  6.3719],
       dtype=torch.float64)
- log_lambda_par : tensor([-4.0928], dtype=torch.float64)
- mean_par : tensor([0.], dtype=torch.float64)
Running loss: -5853.466973647027
Time elapsed: 341.22612476348877

EPOCH: 2000
 parameters:
- sigma_n_log : tensor([-12.1483], dtype=torch.float64)
- log_lengthscales_par : tensor([-1.3012,  7.0813,  0.0141, -0.8465,  7.2564,  8.0126,  6.4393,  5.5469,
         7.4327,  6.2784,  6.6635,  6.8367,  6.9274,  8.0368],
       dtype=torch.float64)
- log_lambda_par : tensor([-4.8138], dtype=torch.float64)
- mean_par : tensor([0.], dtype=torch.float64)
Running loss: -6121.97636679265
Time elapsed: 345.1718444824219

Final parameters:
 parameters:
- sigma_n_log : tensor([-12.1483], dtype=torch.float64)
- log_lengthscales_par : tensor([-1.3012,  7.0813,  0.0141, -0.8465,  7.2564,  8.0126,  6.4393,  5.5469,
         7.4327,  6.2784,  6.6635,  6.8367,  6.9274,  8.0368],
       dtype=torch.float64)
- log_lambda_par : tensor([-4.8138], dtype=torch.float64)
- mean_par : tensor([0.], dtype=torch.float64)
MSE gp 3:  tensor(3.0177e-09, dtype=torch.float64)

Initial parameters:
 parameters:
- sigma_n_log : tensor([-4.6052], dtype=torch.float64)
- log_lengthscales_par : tensor([0., 0., 0., 0., 0., 0., 0., 0., 0., 0., 0., 0., 0., 0.],
       dtype=torch.float64)
- log_lambda_par : tensor([0.], dtype=torch.float64)
- mean_par : tensor([0.], dtype=torch.float64)

EPOCH: 0
 parameters:
- sigma_n_log : tensor([-4.6152], dtype=torch.float64)
- log_lengthscales_par : tensor([ 1.0000e-02,  1.0000e-02, -3.4482e-09,  1.0000e-02,  1.0000e-02,
         1.0000e-02,  1.0000e-02,  1.0000e-02,  1.0000e-02,  1.0000e-02,
         1.0000e-02,  1.0000e-02,  1.0000e-02,  1.0000e-02],
       dtype=torch.float64)
- log_lambda_par : tensor([-0.0100], dtype=torch.float64)
- mean_par : tensor([0.], dtype=torch.float64)
Running loss: -386.62359242464737
Time elapsed: 0.373729944229126

EPOCH: 1000
 parameters:
- sigma_n_log : tensor([-3.1203], dtype=torch.float64)
- log_lengthscales_par : tensor([ 3.6637e+00, -1.2908e+00, -1.0987e-05,  3.5199e+00,  7.4812e-01,
         2.0088e+00,  2.7475e+00,  4.0318e+00,  4.0234e+00,  3.3842e+00,
         3.6496e+00,  3.1740e+00,  4.0518e+00,  3.2270e+00],
       dtype=torch.float64)
- log_lambda_par : tensor([-0.1865], dtype=torch.float64)
- mean_par : tensor([0.], dtype=torch.float64)
Running loss: -1596.1129621900943
Time elapsed: 347.9179458618164

EPOCH: 2000
 parameters:
- sigma_n_log : tensor([-3.1031], dtype=torch.float64)
- log_lengthscales_par : tensor([ 5.2200e+00, -1.2781e+00,  8.5929e-05,  4.6261e+00,  7.7675e-01,
         2.1264e+00,  2.9311e+00,  5.1972e+00,  4.7615e+00,  3.6584e+00,
         3.7288e+00,  3.5429e+00,  5.2229e+00,  3.3650e+00],
       dtype=torch.float64)
- log_lambda_par : tensor([0.0394], dtype=torch.float64)
- mean_par : tensor([0.], dtype=torch.float64)
Running loss: -1607.6286935214148
Time elapsed: 342.80319595336914

Final parameters:
 parameters:
- sigma_n_log : tensor([-3.1031], dtype=torch.float64)
- log_lengthscales_par : tensor([ 5.2200e+00, -1.2781e+00,  8.5929e-05,  4.6261e+00,  7.7675e-01,
         2.1264e+00,  2.9311e+00,  5.1972e+00,  4.7615e+00,  3.6584e+00,
         3.7288e+00,  3.5429e+00,  5.2229e+00,  3.3650e+00],
       dtype=torch.float64)
- log_lambda_par : tensor([0.0394], dtype=torch.float64)
- mean_par : tensor([0.], dtype=torch.float64)
MSE gp 4:  tensor(0.0014, dtype=torch.float64)

Initial parameters:
 parameters:
- sigma_n_log : tensor([-4.6052], dtype=torch.float64)
- log_lengthscales_par : tensor([0., 0., 0., 0., 0., 0., 0., 0., 0., 0., 0., 0., 0., 0.],
       dtype=torch.float64)
- log_lambda_par : tensor([0.], dtype=torch.float64)
- mean_par : tensor([0.], dtype=torch.float64)

EPOCH: 0
 parameters:
- sigma_n_log : tensor([-4.5952], dtype=torch.float64)
- log_lengthscales_par : tensor([-1.0000e-02, -1.0000e-02,  5.4271e-08, -1.0000e-02, -1.0000e-02,
         1.0000e-02, -1.0000e-02, -1.0000e-02,  1.0000e-02, -1.0000e-02,
        -1.0000e-02, -1.0000e-02, -1.0000e-02, -1.0000e-02],
       dtype=torch.float64)
- log_lambda_par : tensor([0.0100], dtype=torch.float64)
- mean_par : tensor([0.], dtype=torch.float64)
Running loss: 1141.092534909623
Time elapsed: 0.36818575859069824

EPOCH: 1000
 parameters:
- sigma_n_log : tensor([-2.3564], dtype=torch.float64)
- log_lengthscales_par : tensor([ 4.6456e+00, -2.0999e+00,  1.0158e-05,  4.3375e+00,  3.5888e-01,
         1.7353e+00,  4.6032e+00,  3.8939e+00,  4.4034e+00,  4.8037e+00,
         4.3151e+00,  2.2559e+00,  3.6472e+00,  4.5677e+00],
       dtype=torch.float64)
- log_lambda_par : tensor([1.6074], dtype=torch.float64)
- mean_par : tensor([0.], dtype=torch.float64)
Running loss: -624.1392665569585
Time elapsed: 370.1929702758789

EPOCH: 2000
 parameters:
- sigma_n_log : tensor([-2.9064], dtype=torch.float64)
- log_lengthscales_par : tensor([ 6.9711e+00, -2.6555e+00, -5.3482e-05,  6.3511e+00,  6.2165e-01,
         1.7826e+00,  6.4356e+00,  3.9287e+00,  6.4033e+00,  6.6682e+00,
         6.1261e+00,  5.7188e+00,  6.3110e+00,  6.9204e+00],
       dtype=torch.float64)
- log_lambda_par : tensor([1.7805], dtype=torch.float64)
- mean_par : tensor([0.], dtype=torch.float64)
Running loss: -742.9284654743666
Time elapsed: 375.30713510513306

Final parameters:
 parameters:
- sigma_n_log : tensor([-2.9064], dtype=torch.float64)
- log_lengthscales_par : tensor([ 6.9711e+00, -2.6555e+00, -5.3482e-05,  6.3511e+00,  6.2165e-01,
         1.7826e+00,  6.4356e+00,  3.9287e+00,  6.4033e+00,  6.6682e+00,
         6.1261e+00,  5.7188e+00,  6.3110e+00,  6.9204e+00],
       dtype=torch.float64)
- log_lambda_par : tensor([1.7805], dtype=torch.float64)
- mean_par : tensor([0.], dtype=torch.float64)
MSE gp 5:  tensor(0.0014, dtype=torch.float64)

Initial parameters:
 parameters:
- sigma_n_log : tensor([-4.6052], dtype=torch.float64)
- log_lengthscales_par : tensor([0., 0., 0., 0., 0., 0., 0., 0., 0., 0., 0., 0., 0., 0.],
       dtype=torch.float64)
- log_lambda_par : tensor([0.], dtype=torch.float64)
- mean_par : tensor([0.], dtype=torch.float64)

EPOCH: 0
 parameters:
- sigma_n_log : tensor([-4.6152], dtype=torch.float64)
- log_lengthscales_par : tensor([ 1.0000e-02,  1.0000e-02, -6.3347e-10,  1.0000e-02,  1.0000e-02,
         1.0000e-02,  1.0000e-02,  1.0000e-02,  1.0000e-02,  1.0000e-02,
         1.0000e-02,  1.0000e-02,  1.0000e-02,  1.0000e-02],
       dtype=torch.float64)
- log_lambda_par : tensor([-0.0100], dtype=torch.float64)
- mean_par : tensor([0.], dtype=torch.float64)
Running loss: -503.2219591961405
Time elapsed: 0.3668935298919678

EPOCH: 1000
 parameters:
- sigma_n_log : tensor([-7.5881], dtype=torch.float64)
- log_lengthscales_par : tensor([ 2.8821,  2.5738, -0.0288,  3.3113,  2.9680,  4.3479,  3.8123,  3.4362,
         3.2817,  3.7873,  3.5606,  3.3439,  3.3046,  2.6559],
       dtype=torch.float64)
- log_lambda_par : tensor([-3.4065], dtype=torch.float64)
- mean_par : tensor([0.], dtype=torch.float64)
Running loss: -5416.333445222461
Time elapsed: 350.17696166038513

EPOCH: 2000
 parameters:
- sigma_n_log : tensor([-7.6459], dtype=torch.float64)
- log_lengthscales_par : tensor([ 1.9453,  1.8975, -0.0361,  3.2235,  3.6784,  5.3145,  4.6007,  4.2969,
         0.2456,  4.2606,  4.8102,  3.9849,  3.6276,  2.0496],
       dtype=torch.float64)
- log_lambda_par : tensor([-4.7386], dtype=torch.float64)
- mean_par : tensor([0.], dtype=torch.float64)
Running loss: -5470.702268665695
Time elapsed: 350.6879026889801

Final parameters:
 parameters:
- sigma_n_log : tensor([-7.6459], dtype=torch.float64)
- log_lengthscales_par : tensor([ 1.9453,  1.8975, -0.0361,  3.2235,  3.6784,  5.3145,  4.6007,  4.2969,
         0.2456,  4.2606,  4.8102,  3.9849,  3.6276,  2.0496],
       dtype=torch.float64)
- log_lambda_par : tensor([-4.7386], dtype=torch.float64)
- mean_par : tensor([0.], dtype=torch.float64)
MSE gp 6:  tensor(2.0675e-07, dtype=torch.float64)

Initial parameters:
 parameters:
- sigma_n_log : tensor([-4.6052], dtype=torch.float64)
- log_lengthscales_par : tensor([0., 0., 0., 0., 0., 0., 0., 0., 0., 0., 0., 0., 0., 0.],
       dtype=torch.float64)
- log_lambda_par : tensor([0.], dtype=torch.float64)
- mean_par : tensor([0.], dtype=torch.float64)

EPOCH: 0
 parameters:
- sigma_n_log : tensor([-4.6152], dtype=torch.float64)
- log_lengthscales_par : tensor([1.0000e-02, 1.0000e-02, 4.0856e-09, 1.0000e-02, 1.0000e-02, 1.0000e-02,
        1.0000e-02, 1.0000e-02, 1.0000e-02, 1.0000e-02, 1.0000e-02, 1.0000e-02,
        1.0000e-02, 1.0000e-02], dtype=torch.float64)
- log_lambda_par : tensor([-0.0100], dtype=torch.float64)
- mean_par : tensor([0.], dtype=torch.float64)
Running loss: -464.4954306974016
Time elapsed: 0.37477898597717285

EPOCH: 1000
 parameters:
- sigma_n_log : tensor([-2.6394], dtype=torch.float64)
- log_lengthscales_par : tensor([-2.3096e+00,  2.8363e+00,  2.8372e-07,  1.2878e+00,  1.4670e+00,
         3.1139e+00,  1.3235e+00,  1.6885e-01, -2.3845e+00,  4.5196e-01,
         5.7784e-01,  2.0150e+00,  2.2287e+00,  1.1984e+00],
       dtype=torch.float64)
- log_lambda_par : tensor([-2.7368], dtype=torch.float64)
- mean_par : tensor([0.], dtype=torch.float64)
Running loss: -1354.3526500154605
Time elapsed: 350.91123127937317

EPOCH: 2000
 parameters:
- sigma_n_log : tensor([-3.6274], dtype=torch.float64)
- log_lengthscales_par : tensor([-3.1623e+00,  4.3318e+00,  4.5542e-07,  2.1465e+00,  3.8472e+00,
         2.3548e+00,  4.6107e-01, -3.4323e-01, -5.6046e+00, -2.7648e-01,
         1.3786e-01,  2.1676e-02,  2.1873e+00, -8.9006e-02],
       dtype=torch.float64)
- log_lambda_par : tensor([-3.4305], dtype=torch.float64)
- mean_par : tensor([0.], dtype=torch.float64)
Running loss: -1460.5785589288487
Time elapsed: 648.3601770401001

Final parameters:
 parameters:
- sigma_n_log : tensor([-3.6274], dtype=torch.float64)
- log_lengthscales_par : tensor([-3.1623e+00,  4.3318e+00,  4.5542e-07,  2.1465e+00,  3.8472e+00,
         2.3548e+00,  4.6107e-01, -3.4323e-01, -5.6046e+00, -2.7648e-01,
         1.3786e-01,  2.1676e-02,  2.1873e+00, -8.9006e-02],
       dtype=torch.float64)
- log_lambda_par : tensor([-3.4305], dtype=torch.float64)
- mean_par : tensor([0.], dtype=torch.float64)
MSE gp 7:  tensor(0.0002, dtype=torch.float64)

Trained hyperparameters:
GP 1:
 parameters:
- sigma_n_log : tensor([-4.0953], dtype=torch.float64)
- log_lengthscales_par : tensor([2.4109e-01, 3.4495e+00, 1.5465e-05, 7.9387e-01, 9.3387e-01, 3.8510e+00,
        2.9201e-01, 3.3288e+00, 3.8902e+00, 1.2774e+00, 2.6045e+00, 3.9620e+00,
        3.4848e+00, 2.2744e+00], dtype=torch.float64)
- log_lambda_par : tensor([-3.0768], dtype=torch.float64)
- mean_par : tensor([0.], dtype=torch.float64)
GP 2:
 parameters:
- sigma_n_log : tensor([-2.5991], dtype=torch.float64)
- log_lengthscales_par : tensor([ 5.0664e+00, -2.5774e+00,  6.3127e-06,  4.1480e+00,  2.3767e-01,
         2.3115e+00,  2.6726e+00,  4.6335e+00,  4.8802e+00,  3.3650e+00,
         3.5473e+00,  3.1953e+00,  4.2695e+00,  4.3879e+00],
       dtype=torch.float64)
- log_lambda_par : tensor([0.5418], dtype=torch.float64)
- mean_par : tensor([0.], dtype=torch.float64)
GP 3:
 parameters:
- sigma_n_log : tensor([-12.0745], dtype=torch.float64)
- log_lengthscales_par : tensor([5.5781e+00, 4.9970e+00, 4.0719e-03, 5.2328e+00, 5.3389e+00, 5.9877e+00,
        6.1236e+00, 5.3511e+00, 7.7028e+00, 5.5168e+00, 5.2103e+00, 5.0931e+00,
        5.3888e+00, 6.5891e+00], dtype=torch.float64)
- log_lambda_par : tensor([-5.8856], dtype=torch.float64)
- mean_par : tensor([0.], dtype=torch.float64)
GP 4:
 parameters:
- sigma_n_log : tensor([-12.1483], dtype=torch.float64)
- log_lengthscales_par : tensor([-1.3012,  7.0813,  0.0141, -0.8465,  7.2564,  8.0126,  6.4393,  5.5469,
         7.4327,  6.2784,  6.6635,  6.8367,  6.9274,  8.0368],
       dtype=torch.float64)
- log_lambda_par : tensor([-4.8138], dtype=torch.float64)
- mean_par : tensor([0.], dtype=torch.float64)
GP 5:
 parameters:
- sigma_n_log : tensor([-3.1031], dtype=torch.float64)
- log_lengthscales_par : tensor([ 5.2200e+00, -1.2781e+00,  8.5929e-05,  4.6261e+00,  7.7675e-01,
         2.1264e+00,  2.9311e+00,  5.1972e+00,  4.7615e+00,  3.6584e+00,
         3.7288e+00,  3.5429e+00,  5.2229e+00,  3.3650e+00],
       dtype=torch.float64)
- log_lambda_par : tensor([0.0394], dtype=torch.float64)
- mean_par : tensor([0.], dtype=torch.float64)
GP 6:
 parameters:
- sigma_n_log : tensor([-2.9064], dtype=torch.float64)
- log_lengthscales_par : tensor([ 6.9711e+00, -2.6555e+00, -5.3482e-05,  6.3511e+00,  6.2165e-01,
         1.7826e+00,  6.4356e+00,  3.9287e+00,  6.4033e+00,  6.6682e+00,
         6.1261e+00,  5.7188e+00,  6.3110e+00,  6.9204e+00],
       dtype=torch.float64)
- log_lambda_par : tensor([1.7805], dtype=torch.float64)
- mean_par : tensor([0.], dtype=torch.float64)
GP 7:
 parameters:
- sigma_n_log : tensor([-7.6459], dtype=torch.float64)
- log_lengthscales_par : tensor([ 1.9453,  1.8975, -0.0361,  3.2235,  3.6784,  5.3145,  4.6007,  4.2969,
         0.2456,  4.2606,  4.8102,  3.9849,  3.6276,  2.0496],
       dtype=torch.float64)
- log_lambda_par : tensor([-4.7386], dtype=torch.float64)
- mean_par : tensor([0.], dtype=torch.float64)
GP 8:
 parameters:
- sigma_n_log : tensor([-3.6274], dtype=torch.float64)
- log_lengthscales_par : tensor([-3.1623e+00,  4.3318e+00,  4.5542e-07,  2.1465e+00,  3.8472e+00,
         2.3548e+00,  4.6107e-01, -3.4323e-01, -5.6046e+00, -2.7648e-01,
         1.3786e-01,  2.1676e-02,  2.1873e+00, -8.9006e-02],
       dtype=torch.float64)
- log_lambda_par : tensor([-3.4305], dtype=torch.float64)
- mean_par : tensor([0.], dtype=torch.float64)

held-out NEXT-STATE MSE (model units) -- phase 1 (rl_it6_p1):
  0 pH     model=6.213078e-04  persistence=3.831740e-03  OK
  1 T      model=2.208539e-02  persistence=2.662631e-01  OK
  2 Fa     model=0.000000e+00  persistence=0.000000e+00  WORSE
  3 Fb     model=2.606831e-07  persistence=2.996919e-03  OK
  4 Fc     model=2.140128e-03  persistence=1.052542e-01  OK
  5 Fh     model=2.516750e-01  persistence=7.417818e-01  OK
  6 Wt     model=1.350163e-07  persistence=7.966292e-05  OK
  7 DO2    model=1.054361e-02  persistence=1.310699e-02  OK

mean MSE 3.588323e-02   persistence 1.416643e-01
model beats persistence: True
[pensim] statistics saved -> /home/s2892016/Thesis/MCPILCO/results_rlloop_s2/pensim_stats_rl_it6_p1.json

saved -> /home/s2892016/Thesis/MCPILCO/results_rlloop_s2/rbf_model_rl_it6_p1.pt
saved -> /home/s2892016/Thesis/MCPILCO/results_rlloop_s2/rbf_metrics_rl_it6_p1.json
