=== training world model: phase=2 (rl_it7_p2)  n_keep=800  n_epoch=2001  select=pivchol ===
[loop] reusing frozen standardizer stats from /home/s2892016/Thesis/MCPILCO/results_pensim/rbf_model_bnd_rbf_iter0_phase0.pt
[pensim] dataset folder (PENSIM_DATA_DIR): /home/s2892016/Thesis/deps/smpl/smpl/configdata/pensim_rlloop_s2  (19 CSVs)
max observations: [2.76000000e+02 8.05261517e+00 3.62841400e+02 6.85863686e+00
 2.70000000e+02 1.80000012e+03 9.46039368e+02 1.26920055e+05
 2.39494171e+01]
min observations: [1.6000001e-01 4.5955915e+00 2.3797954e+02 0.0000000e+00 0.0000000e+00
 0.0000000e+00 0.0000000e+00 5.0006516e+04 2.3598127e+00]
dataset max observations: [2.3000000e+02 6.6375961e+00 2.9998679e+02 4.6791539e+00 2.2500000e+02
 8.0332318e+02 6.1442523e+02 1.1346388e+05 1.9388021e+01]
dataset min observations: [0.0000000e+00 6.0929465e+00 2.9767072e+02 0.0000000e+00 0.0000000e+00
 9.9999997e-05 9.9999997e-05 6.2034367e+04 8.8777227e+00]
max actions: [4.10e+03 1.51e+02 3.60e+01 7.60e+01 1.20e+00 5.10e+02]
min actions: [ 0.   7.  21.  29.   0.5  0. ]
dataset max actions: [4.094559e+03 1.470660e+02 3.580100e+01 7.514100e+01 1.132000e+00
 5.038400e+02]
dataset min actions: [ 0.     7.361 21.249 29.636  0.545  0.   ]
normalize: True
using max/min observations and actions.
[pensim] using SAVED standardizer statistics
[pensim] loader time bounds: [0.16, 276.00] h
[pensim] 21843 transitions | obs 8d act 6d
[pensim] obs per-dim std: [0.8944 0.7504 1.0042 1.1225 0.7003 0.7014 0.9805 1.8456]
[pensim] time range: -0.00 .. 230.00 h
[pensim]   phase 0 [0, 47.5) h: 4503 transitions
[pensim]   phase 1 [47.5, 72.5) h: 2375 transitions
[pensim]   phase 2 [72.5, inf) h: 14958 transitions
[std] fitted on 21843 transitions (18.99 CSVs)  [PINNED via -std_from]
[std] obs_sd = [0.0329  0.00339 0.03372 0.30286 0.17267 0.11814 0.34974 0.11855]
[std] act_sd = [0.30882 0.24979 0.48691 0.34592 0.29527 0.43871]
[pensim] phase 2: t in [72.5, inf) h  ->  14958 of 21843 transitions (68.5%)
[pivchol] selected 800/14758 points  (residual trace 2.382e+03)
train N=800   test N=200   gp input dim=14   num_gp=8
training-set time span: 72.60 .. 230.00 h
EXACT GP INFERENCE SELECTED

Initial parameters:
 parameters:
- sigma_n_log : tensor([-4.6052], dtype=torch.float64)
- log_lengthscales_par : tensor([0., 0., 0., 0., 0., 0., 0., 0., 0., 0., 0., 0., 0., 0.],
       dtype=torch.float64)
- log_lambda_par : tensor([0.], dtype=torch.float64)
- mean_par : tensor([0.], dtype=torch.float64)

EPOCH: 0
 parameters:
- sigma_n_log : tensor([-4.6152], dtype=torch.float64)
- log_lengthscales_par : tensor([0.0100, 0.0100, 0.0100, 0.0100, 0.0100, 0.0100, 0.0100, 0.0100, 0.0100,
        0.0100, 0.0100, 0.0100, 0.0100, 0.0100], dtype=torch.float64)
- log_lambda_par : tensor([-0.0100], dtype=torch.float64)
- mean_par : tensor([0.], dtype=torch.float64)
Running loss: 53.65249689114348
Time elapsed: 0.4627828598022461

EPOCH: 1000
 parameters:
- sigma_n_log : tensor([-2.6267], dtype=torch.float64)
- log_lengthscales_par : tensor([0.8886, 0.2064, 2.0473, 0.3184, 1.8403, 1.4539, 1.7517, 0.9165, 2.1840,
        3.1114, 3.5768, 3.7857, 3.5785, 3.6538], dtype=torch.float64)
- log_lambda_par : tensor([0.0028], dtype=torch.float64)
- mean_par : tensor([0.], dtype=torch.float64)
Running loss: -818.9415074224198
Time elapsed: 346.1347436904907

EPOCH: 2000
 parameters:
- sigma_n_log : tensor([-2.5465], dtype=torch.float64)
- log_lengthscales_par : tensor([ 0.8176, -0.1714,  1.9361,  0.4452,  2.0465,  3.0555,  2.0577,  1.0076,
         2.5413,  3.1741,  3.5750,  4.5244,  4.6235,  3.9467],
       dtype=torch.float64)
- log_lambda_par : tensor([0.1965], dtype=torch.float64)
- mean_par : tensor([0.], dtype=torch.float64)
Running loss: -824.6217908214959
Time elapsed: 352.6946105957031

Final parameters:
 parameters:
- sigma_n_log : tensor([-2.5465], dtype=torch.float64)
- log_lengthscales_par : tensor([ 0.8176, -0.1714,  1.9361,  0.4452,  2.0465,  3.0555,  2.0577,  1.0076,
         2.5413,  3.1741,  3.5750,  4.5244,  4.6235,  3.9467],
       dtype=torch.float64)
- log_lambda_par : tensor([0.1965], dtype=torch.float64)
- mean_par : tensor([0.], dtype=torch.float64)
MSE gp 0:  tensor(0.0026, dtype=torch.float64)

Initial parameters:
 parameters:
- sigma_n_log : tensor([-4.6052], dtype=torch.float64)
- log_lengthscales_par : tensor([0., 0., 0., 0., 0., 0., 0., 0., 0., 0., 0., 0., 0., 0.],
       dtype=torch.float64)
- log_lambda_par : tensor([0.], dtype=torch.float64)
- mean_par : tensor([0.], dtype=torch.float64)

EPOCH: 0
 parameters:
- sigma_n_log : tensor([-4.6152], dtype=torch.float64)
- log_lengthscales_par : tensor([ 0.0100,  0.0100, -0.0100,  0.0100,  0.0100,  0.0100,  0.0100,  0.0100,
         0.0100,  0.0100,  0.0100,  0.0100,  0.0100,  0.0100],
       dtype=torch.float64)
- log_lambda_par : tensor([-0.0100], dtype=torch.float64)
- mean_par : tensor([0.], dtype=torch.float64)
Running loss: 140.3674256529804
Time elapsed: 0.4014108180999756

EPOCH: 1000
 parameters:
- sigma_n_log : tensor([-2.3309], dtype=torch.float64)
- log_lengthscales_par : tensor([ 3.7269, -1.4384,  2.4882,  0.5959,  0.0589,  1.7325,  2.4946,  3.0444,
         2.3558,  2.6069,  4.2309,  3.8525,  2.1018,  3.5395],
       dtype=torch.float64)
- log_lambda_par : tensor([0.1766], dtype=torch.float64)
- mean_par : tensor([0.], dtype=torch.float64)
Running loss: -627.4660199532351
Time elapsed: 381.69554328918457

EPOCH: 2000
 parameters:
- sigma_n_log : tensor([-2.3159], dtype=torch.float64)
- log_lengthscales_par : tensor([ 4.2941, -1.4361,  2.4914,  0.6036,  0.0684,  1.7412,  2.5798,  3.0565,
         2.3555,  2.6052,  4.9325,  4.4597,  2.1169,  3.7239],
       dtype=torch.float64)
- log_lambda_par : tensor([0.2131], dtype=torch.float64)
- mean_par : tensor([0.], dtype=torch.float64)
Running loss: -628.7551949753192
Time elapsed: 352.299524307251

Final parameters:
 parameters:
- sigma_n_log : tensor([-2.3159], dtype=torch.float64)
- log_lengthscales_par : tensor([ 4.2941, -1.4361,  2.4914,  0.6036,  0.0684,  1.7412,  2.5798,  3.0565,
         2.3555,  2.6052,  4.9325,  4.4597,  2.1169,  3.7239],
       dtype=torch.float64)
- log_lambda_par : tensor([0.2131], dtype=torch.float64)
- mean_par : tensor([0.], dtype=torch.float64)
MSE gp 1:  tensor(0.0039, dtype=torch.float64)

Initial parameters:
 parameters:
- sigma_n_log : tensor([-4.6052], dtype=torch.float64)
- log_lengthscales_par : tensor([0., 0., 0., 0., 0., 0., 0., 0., 0., 0., 0., 0., 0., 0.],
       dtype=torch.float64)
- log_lambda_par : tensor([0.], dtype=torch.float64)
- mean_par : tensor([0.], dtype=torch.float64)

EPOCH: 0
 parameters:
- sigma_n_log : tensor([-4.5952], dtype=torch.float64)
- log_lengthscales_par : tensor([-0.0100, -0.0100, -0.0100, -0.0100,  0.0100,  0.0100, -0.0100,  0.0100,
         0.0100,  0.0100,  0.0100,  0.0100,  0.0100,  0.0100],
       dtype=torch.float64)
- log_lambda_par : tensor([0.0100], dtype=torch.float64)
- mean_par : tensor([0.], dtype=torch.float64)
Running loss: 3685.9335104252414
Time elapsed: 0.384415864944458

EPOCH: 1000
 parameters:
- sigma_n_log : tensor([-7.9342], dtype=torch.float64)
- log_lengthscales_par : tensor([-2.3454,  1.6404, -5.9503,  6.7496,  6.9894,  5.0517,  6.6786,  4.2714,
         2.9163,  6.8405,  1.8851,  1.8027,  4.8737,  5.7321],
       dtype=torch.float64)
- log_lambda_par : tensor([3.0572], dtype=torch.float64)
- mean_par : tensor([0.], dtype=torch.float64)
Running loss: -387.06316384098545
Time elapsed: 413.6028046607971

EPOCH: 2000
 parameters:
- sigma_n_log : tensor([-9.8797], dtype=torch.float64)
- log_lengthscales_par : tensor([-2.2962,  1.8183, -5.7903,  9.4494,  9.5608,  8.6059,  9.2755,  5.4892,
         3.0681,  9.7728,  1.7524,  1.9613,  8.5640,  9.2045],
       dtype=torch.float64)
- log_lambda_par : tensor([3.6800], dtype=torch.float64)
- mean_par : tensor([0.], dtype=torch.float64)
Running loss: -538.6014120381752
Time elapsed: 381.74480056762695

Final parameters:
 parameters:
- sigma_n_log : tensor([-9.8797], dtype=torch.float64)
- log_lengthscales_par : tensor([-2.2962,  1.8183, -5.7903,  9.4494,  9.5608,  8.6059,  9.2755,  5.4892,
         3.0681,  9.7728,  1.7524,  1.9613,  8.5640,  9.2045],
       dtype=torch.float64)
- log_lambda_par : tensor([3.6800], dtype=torch.float64)
- mean_par : tensor([0.], dtype=torch.float64)
MSE gp 2:  tensor(2.4078e-14, dtype=torch.float64)

Initial parameters:
 parameters:
- sigma_n_log : tensor([-4.6052], dtype=torch.float64)
- log_lengthscales_par : tensor([0., 0., 0., 0., 0., 0., 0., 0., 0., 0., 0., 0., 0., 0.],
       dtype=torch.float64)
- log_lambda_par : tensor([0.], dtype=torch.float64)
- mean_par : tensor([0.], dtype=torch.float64)

EPOCH: 0
 parameters:
- sigma_n_log : tensor([-4.6152], dtype=torch.float64)
- log_lengthscales_par : tensor([0.0100, 0.0100, 0.0100, 0.0100, 0.0100, 0.0100, 0.0100, 0.0100, 0.0100,
        0.0100, 0.0100, 0.0100, 0.0100, 0.0100], dtype=torch.float64)
- log_lambda_par : tensor([-0.0100], dtype=torch.float64)
- mean_par : tensor([0.], dtype=torch.float64)
Running loss: 56.51599334674979
Time elapsed: 0.42954254150390625

EPOCH: 1000
 parameters:
- sigma_n_log : tensor([-5.0613], dtype=torch.float64)
- log_lengthscales_par : tensor([-2.3238,  4.3429,  2.6182,  0.7796,  1.0379,  4.5347,  2.3174,  5.2815,
         6.7708,  5.2428,  2.8709,  5.0220,  5.4201,  5.4231],
       dtype=torch.float64)
- log_lambda_par : tensor([-0.6849], dtype=torch.float64)
- mean_par : tensor([0.], dtype=torch.float64)
Running loss: -1664.1741867520973
Time elapsed: 378.49298429489136

EPOCH: 2000
 parameters:
- sigma_n_log : tensor([-4.9007], dtype=torch.float64)
- log_lengthscales_par : tensor([-2.3208,  4.6313,  2.6498,  0.8043,  1.0981,  4.9225,  2.4932,  6.4136,
         8.1492,  5.8280,  2.9444,  5.9285,  6.5094,  7.2799],
       dtype=torch.float64)
- log_lambda_par : tensor([-0.4946], dtype=torch.float64)
- mean_par : tensor([0.], dtype=torch.float64)
Running loss: -1682.51336236391
Time elapsed: 383.3068106174469

Final parameters:
 parameters:
- sigma_n_log : tensor([-4.9007], dtype=torch.float64)
- log_lengthscales_par : tensor([-2.3208,  4.6313,  2.6498,  0.8043,  1.0981,  4.9225,  2.4932,  6.4136,
         8.1492,  5.8280,  2.9444,  5.9285,  6.5094,  7.2799],
       dtype=torch.float64)
- log_lambda_par : tensor([-0.4946], dtype=torch.float64)
- mean_par : tensor([0.], dtype=torch.float64)
MSE gp 3:  tensor(1.0437e-05, dtype=torch.float64)

Initial parameters:
 parameters:
- sigma_n_log : tensor([-4.6052], dtype=torch.float64)
- log_lengthscales_par : tensor([0., 0., 0., 0., 0., 0., 0., 0., 0., 0., 0., 0., 0., 0.],
       dtype=torch.float64)
- log_lambda_par : tensor([0.], dtype=torch.float64)
- mean_par : tensor([0.], dtype=torch.float64)

EPOCH: 0
 parameters:
- sigma_n_log : tensor([-4.6152], dtype=torch.float64)
- log_lengthscales_par : tensor([0.0100, 0.0100, 0.0100, 0.0100, 0.0100, 0.0100, 0.0100, 0.0100, 0.0100,
        0.0100, 0.0100, 0.0100, 0.0100, 0.0100], dtype=torch.float64)
- log_lambda_par : tensor([-0.0100], dtype=torch.float64)
- mean_par : tensor([0.], dtype=torch.float64)
Running loss: 6.863745812193486
Time elapsed: 0.37073516845703125

EPOCH: 1000
 parameters:
- sigma_n_log : tensor([-4.3004], dtype=torch.float64)
- log_lengthscales_par : tensor([ 4.2338, -1.5026,  6.6061,  4.1491, -0.8444,  0.9521,  3.3766,  4.2423,
         6.4222,  2.2306,  4.2996,  4.4659,  4.1785,  4.8129],
       dtype=torch.float64)
- log_lambda_par : tensor([-1.2894], dtype=torch.float64)
- mean_par : tensor([0.], dtype=torch.float64)
Running loss: -2141.9451321349875
Time elapsed: 361.8773431777954

EPOCH: 2000
 parameters:
- sigma_n_log : tensor([-4.2812], dtype=torch.float64)
- log_lengthscales_par : tensor([ 4.8559, -1.5051,  7.7782,  5.7110, -0.8761,  0.9434,  3.4220,  4.7866,
         7.6381,  2.2205,  5.0328,  5.2480,  4.7449,  5.4181],
       dtype=torch.float64)
- log_lambda_par : tensor([-1.0512], dtype=torch.float64)
- mean_par : tensor([0.], dtype=torch.float64)
Running loss: -2161.7968573053395
Time elapsed: 366.0684378147125

Final parameters:
 parameters:
- sigma_n_log : tensor([-4.2812], dtype=torch.float64)
- log_lengthscales_par : tensor([ 4.8559, -1.5051,  7.7782,  5.7110, -0.8761,  0.9434,  3.4220,  4.7866,
         7.6381,  2.2205,  5.0328,  5.2480,  4.7449,  5.4181],
       dtype=torch.float64)
- log_lambda_par : tensor([-1.0512], dtype=torch.float64)
- mean_par : tensor([0.], dtype=torch.float64)
MSE gp 4:  tensor(0.0001, dtype=torch.float64)

Initial parameters:
 parameters:
- sigma_n_log : tensor([-4.6052], dtype=torch.float64)
- log_lengthscales_par : tensor([0., 0., 0., 0., 0., 0., 0., 0., 0., 0., 0., 0., 0., 0.],
       dtype=torch.float64)
- log_lambda_par : tensor([0.], dtype=torch.float64)
- mean_par : tensor([0.], dtype=torch.float64)

EPOCH: 0
 parameters:
- sigma_n_log : tensor([-4.6152], dtype=torch.float64)
- log_lengthscales_par : tensor([ 0.0100, -0.0100, -0.0100,  0.0100,  0.0100, -0.0100,  0.0100,  0.0100,
         0.0100,  0.0100,  0.0100,  0.0100,  0.0100,  0.0100],
       dtype=torch.float64)
- log_lambda_par : tensor([0.0100], dtype=torch.float64)
- mean_par : tensor([0.], dtype=torch.float64)
Running loss: 425.2998382853193
Time elapsed: 0.41023707389831543

EPOCH: 1000
 parameters:
- sigma_n_log : tensor([-1.8559], dtype=torch.float64)
- log_lengthscales_par : tensor([ 4.1609, -1.6456,  5.7255,  3.3199,  0.3611, -0.1540,  2.9000,  4.6232,
         5.6370,  4.1623,  4.4595,  4.0628,  4.5767,  4.5855],
       dtype=torch.float64)
- log_lambda_par : tensor([0.6156], dtype=torch.float64)
- mean_par : tensor([0.], dtype=torch.float64)
Running loss: -693.5745744924599
Time elapsed: 377.59560680389404

EPOCH: 2000
 parameters:
- sigma_n_log : tensor([-1.8473], dtype=torch.float64)
- log_lengthscales_par : tensor([ 5.1040, -1.6664,  6.5239,  3.9420,  0.4056, -0.1020,  3.1884,  5.5334,
         5.8009,  5.1882,  5.4945,  5.0529,  5.4265,  5.7194],
       dtype=torch.float64)
- log_lambda_par : tensor([0.8106], dtype=torch.float64)
- mean_par : tensor([0.], dtype=torch.float64)
Running loss: -705.5657400126951
Time elapsed: 367.2509915828705

Final parameters:
 parameters:
- sigma_n_log : tensor([-1.8473], dtype=torch.float64)
- log_lengthscales_par : tensor([ 5.1040, -1.6664,  6.5239,  3.9420,  0.4056, -0.1020,  3.1884,  5.5334,
         5.8009,  5.1882,  5.4945,  5.0529,  5.4265,  5.7194],
       dtype=torch.float64)
- log_lambda_par : tensor([0.8106], dtype=torch.float64)
- mean_par : tensor([0.], dtype=torch.float64)
MSE gp 5:  tensor(0.0184, dtype=torch.float64)

Initial parameters:
 parameters:
- sigma_n_log : tensor([-4.6052], dtype=torch.float64)
- log_lengthscales_par : tensor([0., 0., 0., 0., 0., 0., 0., 0., 0., 0., 0., 0., 0., 0.],
       dtype=torch.float64)
- log_lambda_par : tensor([0.], dtype=torch.float64)
- mean_par : tensor([0.], dtype=torch.float64)

EPOCH: 0
 parameters:
- sigma_n_log : tensor([-4.6152], dtype=torch.float64)
- log_lengthscales_par : tensor([0.0100, 0.0100, 0.0100, 0.0100, 0.0100, 0.0100, 0.0100, 0.0100, 0.0100,
        0.0100, 0.0100, 0.0100, 0.0100, 0.0100], dtype=torch.float64)
- log_lambda_par : tensor([-0.0100], dtype=torch.float64)
- mean_par : tensor([0.], dtype=torch.float64)
Running loss: -34.8180456524982
Time elapsed: 0.3905184268951416

EPOCH: 1000
 parameters:
- sigma_n_log : tensor([-5.8048], dtype=torch.float64)
- log_lengthscales_par : tensor([ 1.9793,  3.9866,  5.0117,  2.8898,  3.2125,  3.0574, -0.7198,  4.1507,
         1.3561,  4.2352,  4.4642,  1.8462,  2.4245,  1.7224],
       dtype=torch.float64)
- log_lambda_par : tensor([-3.0659], dtype=torch.float64)
- mean_par : tensor([0.], dtype=torch.float64)
Running loss: -3600.461836371071
Time elapsed: 362.73596262931824

EPOCH: 2000
 parameters:
- sigma_n_log : tensor([-5.8322], dtype=torch.float64)
- log_lengthscales_par : tensor([ 1.7285,  5.2101,  4.5203,  2.4170,  2.7334,  2.7596, -0.8027,  5.1618,
         1.2344,  5.1406,  5.3486,  1.5570,  2.0279,  1.5436],
       dtype=torch.float64)
- log_lambda_par : tensor([-4.1850], dtype=torch.float64)
- mean_par : tensor([0.], dtype=torch.float64)
Running loss: -3626.857549787278
Time elapsed: 363.2221519947052

Final parameters:
 parameters:
- sigma_n_log : tensor([-5.8322], dtype=torch.float64)
- log_lengthscales_par : tensor([ 1.7285,  5.2101,  4.5203,  2.4170,  2.7334,  2.7596, -0.8027,  5.1618,
         1.2344,  5.1406,  5.3486,  1.5570,  2.0279,  1.5436],
       dtype=torch.float64)
- log_lambda_par : tensor([-4.1850], dtype=torch.float64)
- mean_par : tensor([0.], dtype=torch.float64)
MSE gp 6:  tensor(4.8013e-06, dtype=torch.float64)

Initial parameters:
 parameters:
- sigma_n_log : tensor([-4.6052], dtype=torch.float64)
- log_lengthscales_par : tensor([0., 0., 0., 0., 0., 0., 0., 0., 0., 0., 0., 0., 0., 0.],
       dtype=torch.float64)
- log_lambda_par : tensor([0.], dtype=torch.float64)
- mean_par : tensor([0.], dtype=torch.float64)

EPOCH: 0
 parameters:
- sigma_n_log : tensor([-4.6152], dtype=torch.float64)
- log_lengthscales_par : tensor([0.0100, 0.0100, 0.0100, 0.0100, 0.0100, 0.0100, 0.0100, 0.0100, 0.0100,
        0.0100, 0.0100, 0.0100, 0.0100, 0.0100], dtype=torch.float64)
- log_lambda_par : tensor([-0.0100], dtype=torch.float64)
- mean_par : tensor([0.], dtype=torch.float64)
Running loss: 37.89103086772142
Time elapsed: 0.4083435535430908

EPOCH: 1000
 parameters:
- sigma_n_log : tensor([-7.6944], dtype=torch.float64)
- log_lengthscales_par : tensor([ 3.5479, -0.3357,  1.9229,  0.9971,  2.7824,  2.6724, -0.6248,  0.3295,
         5.8809,  1.3276,  2.2198,  2.8212,  3.8677,  2.5745],
       dtype=torch.float64)
- log_lambda_par : tensor([-0.3031], dtype=torch.float64)
- mean_par : tensor([0.], dtype=torch.float64)
Running loss: -946.0130958450654
Time elapsed: 360.503164768219

EPOCH: 2000
 parameters:
- sigma_n_log : tensor([-8.2226], dtype=torch.float64)
- log_lengthscales_par : tensor([ 3.5656, -0.3408,  1.9592,  0.9940,  4.0937,  2.6048, -0.6271,  0.3387,
         6.3504,  1.3512,  2.2221,  2.8600,  4.3436,  2.5730],
       dtype=torch.float64)
- log_lambda_par : tensor([-0.2707], dtype=torch.float64)
- mean_par : tensor([0.], dtype=torch.float64)
Running loss: -947.3031741106314
Time elapsed: 359.55946922302246

Final parameters:
 parameters:
- sigma_n_log : tensor([-8.2226], dtype=torch.float64)
- log_lengthscales_par : tensor([ 3.5656, -0.3408,  1.9592,  0.9940,  4.0937,  2.6048, -0.6271,  0.3387,
         6.3504,  1.3512,  2.2221,  2.8600,  4.3436,  2.5730],
       dtype=torch.float64)
- log_lambda_par : tensor([-0.2707], dtype=torch.float64)
- mean_par : tensor([0.], dtype=torch.float64)
MSE gp 7:  tensor(2.5603e-12, dtype=torch.float64)

Trained hyperparameters:
GP 1:
 parameters:
- sigma_n_log : tensor([-2.5465], dtype=torch.float64)
- log_lengthscales_par : tensor([ 0.8176, -0.1714,  1.9361,  0.4452,  2.0465,  3.0555,  2.0577,  1.0076,
         2.5413,  3.1741,  3.5750,  4.5244,  4.6235,  3.9467],
       dtype=torch.float64)
- log_lambda_par : tensor([0.1965], dtype=torch.float64)
- mean_par : tensor([0.], dtype=torch.float64)
GP 2:
 parameters:
- sigma_n_log : tensor([-2.3159], dtype=torch.float64)
- log_lengthscales_par : tensor([ 4.2941, -1.4361,  2.4914,  0.6036,  0.0684,  1.7412,  2.5798,  3.0565,
         2.3555,  2.6052,  4.9325,  4.4597,  2.1169,  3.7239],
       dtype=torch.float64)
- log_lambda_par : tensor([0.2131], dtype=torch.float64)
- mean_par : tensor([0.], dtype=torch.float64)
GP 3:
 parameters:
- sigma_n_log : tensor([-9.8797], dtype=torch.float64)
- log_lengthscales_par : tensor([-2.2962,  1.8183, -5.7903,  9.4494,  9.5608,  8.6059,  9.2755,  5.4892,
         3.0681,  9.7728,  1.7524,  1.9613,  8.5640,  9.2045],
       dtype=torch.float64)
- log_lambda_par : tensor([3.6800], dtype=torch.float64)
- mean_par : tensor([0.], dtype=torch.float64)
GP 4:
 parameters:
- sigma_n_log : tensor([-4.9007], dtype=torch.float64)
- log_lengthscales_par : tensor([-2.3208,  4.6313,  2.6498,  0.8043,  1.0981,  4.9225,  2.4932,  6.4136,
         8.1492,  5.8280,  2.9444,  5.9285,  6.5094,  7.2799],
       dtype=torch.float64)
- log_lambda_par : tensor([-0.4946], dtype=torch.float64)
- mean_par : tensor([0.], dtype=torch.float64)
GP 5:
 parameters:
- sigma_n_log : tensor([-4.2812], dtype=torch.float64)
- log_lengthscales_par : tensor([ 4.8559, -1.5051,  7.7782,  5.7110, -0.8761,  0.9434,  3.4220,  4.7866,
         7.6381,  2.2205,  5.0328,  5.2480,  4.7449,  5.4181],
       dtype=torch.float64)
- log_lambda_par : tensor([-1.0512], dtype=torch.float64)
- mean_par : tensor([0.], dtype=torch.float64)
GP 6:
 parameters:
- sigma_n_log : tensor([-1.8473], dtype=torch.float64)
- log_lengthscales_par : tensor([ 5.1040, -1.6664,  6.5239,  3.9420,  0.4056, -0.1020,  3.1884,  5.5334,
         5.8009,  5.1882,  5.4945,  5.0529,  5.4265,  5.7194],
       dtype=torch.float64)
- log_lambda_par : tensor([0.8106], dtype=torch.float64)
- mean_par : tensor([0.], dtype=torch.float64)
GP 7:
 parameters:
- sigma_n_log : tensor([-5.8322], dtype=torch.float64)
- log_lengthscales_par : tensor([ 1.7285,  5.2101,  4.5203,  2.4170,  2.7334,  2.7596, -0.8027,  5.1618,
         1.2344,  5.1406,  5.3486,  1.5570,  2.0279,  1.5436],
       dtype=torch.float64)
- log_lambda_par : tensor([-4.1850], dtype=torch.float64)
- mean_par : tensor([0.], dtype=torch.float64)
GP 8:
 parameters:
- sigma_n_log : tensor([-8.2226], dtype=torch.float64)
- log_lengthscales_par : tensor([ 3.5656, -0.3408,  1.9592,  0.9940,  4.0937,  2.6048, -0.6271,  0.3387,
         6.3504,  1.3512,  2.2221,  2.8600,  4.3436,  2.5730],
       dtype=torch.float64)
- log_lambda_par : tensor([-0.2707], dtype=torch.float64)
- mean_par : tensor([0.], dtype=torch.float64)

held-out NEXT-STATE MSE (model units) -- phase 2 (rl_it7_p2):
  0 pH     model=1.092000e-02  persistence=2.151388e-02  OK
  1 T      model=4.227230e-02  persistence=1.082401e-01  OK
  2 Fa     model=2.531057e+00  persistence=2.831774e+00  OK
  3 Fb     model=1.129768e-02  persistence=3.977765e-02  OK
  4 Fc     model=7.168419e-03  persistence=3.531398e-02  OK
  5 Fh     model=2.502065e-02  persistence=9.238387e-01  OK
  6 Wt     model=3.078916e-05  persistence=1.744658e-04  OK
  7 DO2    model=2.436369e-02  persistence=4.007362e-02  OK

mean MSE 3.315163e-01   persistence 5.000884e-01
model beats persistence: True
[pensim] statistics saved -> /home/s2892016/Thesis/MCPILCO/results_rlloop_s2/pensim_stats_rl_it7_p2.json

saved -> /home/s2892016/Thesis/MCPILCO/results_rlloop_s2/rbf_model_rl_it7_p2.pt
saved -> /home/s2892016/Thesis/MCPILCO/results_rlloop_s2/rbf_metrics_rl_it7_p2.json
