=== training world model: phase=2 (rl_it8_p2)  n_keep=800  n_epoch=2001  select=pivchol ===
[loop] reusing frozen standardizer stats from /home/s2892016/Thesis/MCPILCO/results_pensim/rbf_model_bnd_rbf_iter0_phase0.pt
[pensim] dataset folder (PENSIM_DATA_DIR): /home/s2892016/Thesis/deps/smpl/smpl/configdata/pensim_rlloop_s2  (20 CSVs)
max observations: [2.76000000e+02 8.05261517e+00 3.62841400e+02 6.85863686e+00
 2.70000000e+02 1.80000012e+03 9.46039368e+02 1.26920055e+05
 2.39494171e+01]
min observations: [1.6000001e-01 4.5955915e+00 2.3797954e+02 0.0000000e+00 0.0000000e+00
 0.0000000e+00 0.0000000e+00 5.0006516e+04 2.3598127e+00]
dataset max observations: [2.3000000e+02 6.6375961e+00 2.9998679e+02 4.6791539e+00 2.2500000e+02
 8.0332318e+02 6.1442523e+02 1.1346388e+05 1.9388021e+01]
dataset min observations: [0.0000000e+00 6.0929465e+00 2.9767072e+02 0.0000000e+00 0.0000000e+00
 9.9999997e-05 9.9999997e-05 6.2034367e+04 8.8777227e+00]
max actions: [4.10e+03 1.51e+02 3.60e+01 7.60e+01 1.20e+00 5.10e+02]
min actions: [ 0.   7.  21.  29.   0.5  0. ]
dataset max actions: [4.094559e+03 1.470660e+02 3.580100e+01 7.514100e+01 1.132000e+00
 5.038400e+02]
dataset min actions: [ 0.     7.361 21.249 29.636  0.545  0.   ]
normalize: True
using max/min observations and actions.
[pensim] using SAVED standardizer statistics
[pensim] loader time bounds: [0.16, 276.00] h
[pensim] 22992 transitions | obs 8d act 6d
[pensim] obs per-dim std: [0.922  0.7406 0.9817 1.1305 0.6909 0.6959 0.9804 1.8784]
[pensim] time range: -0.00 .. 230.00 h
[pensim]   phase 0 [0, 47.5) h: 4740 transitions
[pensim]   phase 1 [47.5, 72.5) h: 2500 transitions
[pensim]   phase 2 [72.5, inf) h: 15744 transitions
[std] fitted on 22992 transitions (19.99 CSVs)  [PINNED via -std_from]
[std] obs_sd = [0.0329  0.00339 0.03372 0.30286 0.17267 0.11814 0.34974 0.11855]
[std] act_sd = [0.30882 0.24979 0.48691 0.34592 0.29527 0.43871]
[pensim] phase 2: t in [72.5, inf) h  ->  15744 of 22992 transitions (68.5%)
[pivchol] selected 800/15544 points  (residual trace 2.657e+03)
train N=800   test N=200   gp input dim=14   num_gp=8
training-set time span: 72.60 .. 230.00 h
EXACT GP INFERENCE SELECTED

Initial parameters:
 parameters:
- sigma_n_log : tensor([-4.6052], dtype=torch.float64)
- log_lengthscales_par : tensor([0., 0., 0., 0., 0., 0., 0., 0., 0., 0., 0., 0., 0., 0.],
       dtype=torch.float64)
- log_lambda_par : tensor([0.], dtype=torch.float64)
- mean_par : tensor([0.], dtype=torch.float64)

EPOCH: 0
 parameters:
- sigma_n_log : tensor([-4.6152], dtype=torch.float64)
- log_lengthscales_par : tensor([0.0100, 0.0100, 0.0100, 0.0100, 0.0100, 0.0100, 0.0100, 0.0100, 0.0100,
        0.0100, 0.0100, 0.0100, 0.0100, 0.0100], dtype=torch.float64)
- log_lambda_par : tensor([-0.0100], dtype=torch.float64)
- mean_par : tensor([0.], dtype=torch.float64)
Running loss: 52.137649977395746
Time elapsed: 0.46380138397216797

EPOCH: 1000
 parameters:
- sigma_n_log : tensor([-2.5985], dtype=torch.float64)
- log_lengthscales_par : tensor([0.8889, 2.9066, 1.9125, 0.4444, 1.3059, 0.4679, 2.2054, 0.8381, 2.4132,
        3.1216, 3.0066, 3.6429, 3.7081, 3.6705], dtype=torch.float64)
- log_lambda_par : tensor([0.1813], dtype=torch.float64)
- mean_par : tensor([0.], dtype=torch.float64)
Running loss: -864.5051662880604
Time elapsed: 354.8598897457123

EPOCH: 2000
 parameters:
- sigma_n_log : tensor([-2.5519], dtype=torch.float64)
- log_lengthscales_par : tensor([0.9261, 3.0181, 1.9310, 0.4579, 1.3930, 0.4957, 2.3034, 0.8684, 2.4267,
        3.1702, 3.1799, 4.0672, 4.5956, 4.1311], dtype=torch.float64)
- log_lambda_par : tensor([0.3163], dtype=torch.float64)
- mean_par : tensor([0.], dtype=torch.float64)
Running loss: -866.2158160011203
Time elapsed: 357.0574312210083

Final parameters:
 parameters:
- sigma_n_log : tensor([-2.5519], dtype=torch.float64)
- log_lengthscales_par : tensor([0.9261, 3.0181, 1.9310, 0.4579, 1.3930, 0.4957, 2.3034, 0.8684, 2.4267,
        3.1702, 3.1799, 4.0672, 4.5956, 4.1311], dtype=torch.float64)
- log_lambda_par : tensor([0.3163], dtype=torch.float64)
- mean_par : tensor([0.], dtype=torch.float64)
MSE gp 0:  tensor(0.0027, dtype=torch.float64)

Initial parameters:
 parameters:
- sigma_n_log : tensor([-4.6052], dtype=torch.float64)
- log_lengthscales_par : tensor([0., 0., 0., 0., 0., 0., 0., 0., 0., 0., 0., 0., 0., 0.],
       dtype=torch.float64)
- log_lambda_par : tensor([0.], dtype=torch.float64)
- mean_par : tensor([0.], dtype=torch.float64)

EPOCH: 0
 parameters:
- sigma_n_log : tensor([-4.6152], dtype=torch.float64)
- log_lengthscales_par : tensor([ 0.0100,  0.0100, -0.0100,  0.0100,  0.0100,  0.0100,  0.0100,  0.0100,
         0.0100,  0.0100,  0.0100,  0.0100,  0.0100,  0.0100],
       dtype=torch.float64)
- log_lambda_par : tensor([-0.0100], dtype=torch.float64)
- mean_par : tensor([0.], dtype=torch.float64)
Running loss: 137.09781032769394
Time elapsed: 0.4036693572998047

EPOCH: 1000
 parameters:
- sigma_n_log : tensor([-2.2160], dtype=torch.float64)
- log_lengthscales_par : tensor([ 3.3061, -1.3048,  2.3310,  0.6867,  0.0775,  1.5353,  2.2563,  3.1007,
         2.1745,  3.4646,  4.0930,  3.8395,  2.3770,  4.1880],
       dtype=torch.float64)
- log_lambda_par : tensor([0.1682], dtype=torch.float64)
- mean_par : tensor([0.], dtype=torch.float64)
Running loss: -653.7526321879129
Time elapsed: 384.76475191116333

EPOCH: 2000
 parameters:
- sigma_n_log : tensor([-2.1992], dtype=torch.float64)
- log_lengthscales_par : tensor([ 3.3955, -1.2887,  2.2991,  0.7008,  0.0949,  1.5475,  2.2889,  3.1616,
         2.1867,  3.7091,  4.9637,  4.7306,  2.3900,  4.8311],
       dtype=torch.float64)
- log_lambda_par : tensor([0.2264], dtype=torch.float64)
- mean_par : tensor([0.], dtype=torch.float64)
Running loss: -655.9645408766789
Time elapsed: 358.8208520412445

Final parameters:
 parameters:
- sigma_n_log : tensor([-2.1992], dtype=torch.float64)
- log_lengthscales_par : tensor([ 3.3955, -1.2887,  2.2991,  0.7008,  0.0949,  1.5475,  2.2889,  3.1616,
         2.1867,  3.7091,  4.9637,  4.7306,  2.3900,  4.8311],
       dtype=torch.float64)
- log_lambda_par : tensor([0.2264], dtype=torch.float64)
- mean_par : tensor([0.], dtype=torch.float64)
MSE gp 1:  tensor(0.0058, dtype=torch.float64)

Initial parameters:
 parameters:
- sigma_n_log : tensor([-4.6052], dtype=torch.float64)
- log_lengthscales_par : tensor([0., 0., 0., 0., 0., 0., 0., 0., 0., 0., 0., 0., 0., 0.],
       dtype=torch.float64)
- log_lambda_par : tensor([0.], dtype=torch.float64)
- mean_par : tensor([0.], dtype=torch.float64)

EPOCH: 0
 parameters:
- sigma_n_log : tensor([-4.5952], dtype=torch.float64)
- log_lengthscales_par : tensor([-0.0100, -0.0100, -0.0100, -0.0100,  0.0100,  0.0100, -0.0100,  0.0100,
         0.0100,  0.0100,  0.0100,  0.0100,  0.0100,  0.0100],
       dtype=torch.float64)
- log_lambda_par : tensor([0.0100], dtype=torch.float64)
- mean_par : tensor([0.], dtype=torch.float64)
Running loss: 3899.381044215722
Time elapsed: 0.3852121829986572

EPOCH: 1000
 parameters:
- sigma_n_log : tensor([-7.9508], dtype=torch.float64)
- log_lengthscales_par : tensor([-1.8262,  5.2853, -6.1599,  6.7206,  6.7755,  2.0025,  6.5200,  3.1135,
         1.3188,  6.3983,  2.1745,  1.7698,  3.2224,  3.1148],
       dtype=torch.float64)
- log_lambda_par : tensor([3.2101], dtype=torch.float64)
- mean_par : tensor([0.], dtype=torch.float64)
Running loss: -255.1431057287649
Time elapsed: 384.4645290374756

EPOCH: 2000
 parameters:
- sigma_n_log : tensor([-9.4664], dtype=torch.float64)
- log_lengthscales_par : tensor([-1.8936,  8.2121, -6.1395,  8.9679,  9.4155,  1.9711,  8.8290,  3.8591,
         2.2469,  9.2862,  2.7024,  2.9815,  6.5980,  1.5817],
       dtype=torch.float64)
- log_lambda_par : tensor([3.8224], dtype=torch.float64)
- mean_par : tensor([0.], dtype=torch.float64)
Running loss: -375.54474775171644
Time elapsed: 363.7443799972534

Final parameters:
 parameters:
- sigma_n_log : tensor([-9.4664], dtype=torch.float64)
- log_lengthscales_par : tensor([-1.8936,  8.2121, -6.1395,  8.9679,  9.4155,  1.9711,  8.8290,  3.8591,
         2.2469,  9.2862,  2.7024,  2.9815,  6.5980,  1.5817],
       dtype=torch.float64)
- log_lambda_par : tensor([3.8224], dtype=torch.float64)
- mean_par : tensor([0.], dtype=torch.float64)
MSE gp 2:  tensor(3.1322e-14, dtype=torch.float64)

Initial parameters:
 parameters:
- sigma_n_log : tensor([-4.6052], dtype=torch.float64)
- log_lengthscales_par : tensor([0., 0., 0., 0., 0., 0., 0., 0., 0., 0., 0., 0., 0., 0.],
       dtype=torch.float64)
- log_lambda_par : tensor([0.], dtype=torch.float64)
- mean_par : tensor([0.], dtype=torch.float64)

EPOCH: 0
 parameters:
- sigma_n_log : tensor([-4.6152], dtype=torch.float64)
- log_lengthscales_par : tensor([0.0100, 0.0100, 0.0100, 0.0100, 0.0100, 0.0100, 0.0100, 0.0100, 0.0100,
        0.0100, 0.0100, 0.0100, 0.0100, 0.0100], dtype=torch.float64)
- log_lambda_par : tensor([-0.0100], dtype=torch.float64)
- mean_par : tensor([0.], dtype=torch.float64)
Running loss: 52.46679634614349
Time elapsed: 0.4134502410888672

EPOCH: 1000
 parameters:
- sigma_n_log : tensor([-5.1175], dtype=torch.float64)
- log_lengthscales_par : tensor([-1.3435,  1.6164,  6.1129, -0.0800,  1.7253,  3.9101,  5.1009,  3.4076,
         1.8048,  5.3235,  2.3457,  3.1945,  5.2984,  4.6838],
       dtype=torch.float64)
- log_lambda_par : tensor([-0.7187], dtype=torch.float64)
- mean_par : tensor([0.], dtype=torch.float64)
Running loss: -1506.5253120272068
Time elapsed: 360.7938892841339

EPOCH: 2000
 parameters:
- sigma_n_log : tensor([-5.1003], dtype=torch.float64)
- log_lengthscales_par : tensor([-1.3191,  1.4997,  6.9383, -0.1191,  1.7027,  4.8003,  6.0573,  3.3152,
         1.8736,  6.4310,  2.3609,  3.6253,  6.3635,  5.9201],
       dtype=torch.float64)
- log_lambda_par : tensor([-0.6781], dtype=torch.float64)
- mean_par : tensor([0.], dtype=torch.float64)
Running loss: -1514.876079689973
Time elapsed: 360.52691888809204

Final parameters:
 parameters:
- sigma_n_log : tensor([-5.1003], dtype=torch.float64)
- log_lengthscales_par : tensor([-1.3191,  1.4997,  6.9383, -0.1191,  1.7027,  4.8003,  6.0573,  3.3152,
         1.8736,  6.4310,  2.3609,  3.6253,  6.3635,  5.9201],
       dtype=torch.float64)
- log_lambda_par : tensor([-0.6781], dtype=torch.float64)
- mean_par : tensor([0.], dtype=torch.float64)
MSE gp 3:  tensor(3.0125e-06, dtype=torch.float64)

Initial parameters:
 parameters:
- sigma_n_log : tensor([-4.6052], dtype=torch.float64)
- log_lengthscales_par : tensor([0., 0., 0., 0., 0., 0., 0., 0., 0., 0., 0., 0., 0., 0.],
       dtype=torch.float64)
- log_lambda_par : tensor([0.], dtype=torch.float64)
- mean_par : tensor([0.], dtype=torch.float64)

EPOCH: 0
 parameters:
- sigma_n_log : tensor([-4.6152], dtype=torch.float64)
- log_lengthscales_par : tensor([0.0100, 0.0100, 0.0100, 0.0100, 0.0100, 0.0100, 0.0100, 0.0100, 0.0100,
        0.0100, 0.0100, 0.0100, 0.0100, 0.0100], dtype=torch.float64)
- log_lambda_par : tensor([-0.0100], dtype=torch.float64)
- mean_par : tensor([0.], dtype=torch.float64)
Running loss: 7.8909316981309345
Time elapsed: 0.3809936046600342

EPOCH: 1000
 parameters:
- sigma_n_log : tensor([-4.1712], dtype=torch.float64)
- log_lengthscales_par : tensor([ 4.3578, -1.6448,  5.8511,  3.5040, -0.2444,  0.7489,  3.5263,  4.5346,
         5.9316,  3.1644,  4.2805,  4.3440,  4.4325,  4.8829],
       dtype=torch.float64)
- log_lambda_par : tensor([-1.2443], dtype=torch.float64)
- mean_par : tensor([0.], dtype=torch.float64)
Running loss: -2143.455377663169
Time elapsed: 362.66743993759155

EPOCH: 2000
 parameters:
- sigma_n_log : tensor([-4.1430], dtype=torch.float64)
- log_lengthscales_par : tensor([ 4.9687, -1.6655,  6.6451,  4.3266, -0.3150,  0.8105,  3.7252,  4.9304,
         6.7305,  3.1109,  4.5486,  4.5055,  5.0186,  5.9061],
       dtype=torch.float64)
- log_lambda_par : tensor([-1.0206], dtype=torch.float64)
- mean_par : tensor([0.], dtype=torch.float64)
Running loss: -2153.508736735191
Time elapsed: 370.1551878452301

Final parameters:
 parameters:
- sigma_n_log : tensor([-4.1430], dtype=torch.float64)
- log_lengthscales_par : tensor([ 4.9687, -1.6655,  6.6451,  4.3266, -0.3150,  0.8105,  3.7252,  4.9304,
         6.7305,  3.1109,  4.5486,  4.5055,  5.0186,  5.9061],
       dtype=torch.float64)
- log_lambda_par : tensor([-1.0206], dtype=torch.float64)
- mean_par : tensor([0.], dtype=torch.float64)
MSE gp 4:  tensor(0.0001, dtype=torch.float64)

Initial parameters:
 parameters:
- sigma_n_log : tensor([-4.6052], dtype=torch.float64)
- log_lengthscales_par : tensor([0., 0., 0., 0., 0., 0., 0., 0., 0., 0., 0., 0., 0., 0.],
       dtype=torch.float64)
- log_lambda_par : tensor([0.], dtype=torch.float64)
- mean_par : tensor([0.], dtype=torch.float64)

EPOCH: 0
 parameters:
- sigma_n_log : tensor([-4.6152], dtype=torch.float64)
- log_lengthscales_par : tensor([ 0.0100, -0.0100, -0.0100,  0.0100,  0.0100,  0.0100,  0.0100,  0.0100,
         0.0100,  0.0100,  0.0100,  0.0100,  0.0100,  0.0100],
       dtype=torch.float64)
- log_lambda_par : tensor([0.0100], dtype=torch.float64)
- mean_par : tensor([0.], dtype=torch.float64)
Running loss: 443.07353645801965
Time elapsed: 0.4043245315551758

EPOCH: 1000
 parameters:
- sigma_n_log : tensor([-2.0440], dtype=torch.float64)
- log_lengthscales_par : tensor([ 4.4217, -1.5632,  5.6219,  4.4991,  0.1558, -0.2354,  3.7678,  4.7106,
         5.9793,  4.1652,  4.4604,  4.0170,  4.8284,  4.4179],
       dtype=torch.float64)
- log_lambda_par : tensor([0.5747], dtype=torch.float64)
- mean_par : tensor([0.], dtype=torch.float64)
Running loss: -822.2610026081463
Time elapsed: 367.79092741012573

EPOCH: 2000
 parameters:
- sigma_n_log : tensor([-2.0391], dtype=torch.float64)
- log_lengthscales_par : tensor([ 5.4606, -1.5509,  6.2980,  5.6377,  0.1940, -0.1999,  4.4876,  5.4948,
         6.4966,  5.0349,  5.4099,  4.9882,  5.9380,  5.2542],
       dtype=torch.float64)
- log_lambda_par : tensor([0.7818], dtype=torch.float64)
- mean_par : tensor([0.], dtype=torch.float64)
Running loss: -837.7991835334938
Time elapsed: 362.3056831359863

Final parameters:
 parameters:
- sigma_n_log : tensor([-2.0391], dtype=torch.float64)
- log_lengthscales_par : tensor([ 5.4606, -1.5509,  6.2980,  5.6377,  0.1940, -0.1999,  4.4876,  5.4948,
         6.4966,  5.0349,  5.4099,  4.9882,  5.9380,  5.2542],
       dtype=torch.float64)
- log_lambda_par : tensor([0.7818], dtype=torch.float64)
- mean_par : tensor([0.], dtype=torch.float64)
MSE gp 5:  tensor(0.0126, dtype=torch.float64)

Initial parameters:
 parameters:
- sigma_n_log : tensor([-4.6052], dtype=torch.float64)
- log_lengthscales_par : tensor([0., 0., 0., 0., 0., 0., 0., 0., 0., 0., 0., 0., 0., 0.],
       dtype=torch.float64)
- log_lambda_par : tensor([0.], dtype=torch.float64)
- mean_par : tensor([0.], dtype=torch.float64)

EPOCH: 0
 parameters:
- sigma_n_log : tensor([-4.6152], dtype=torch.float64)
- log_lengthscales_par : tensor([0.0100, 0.0100, 0.0100, 0.0100, 0.0100, 0.0100, 0.0100, 0.0100, 0.0100,
        0.0100, 0.0100, 0.0100, 0.0100, 0.0100], dtype=torch.float64)
- log_lambda_par : tensor([-0.0100], dtype=torch.float64)
- mean_par : tensor([0.], dtype=torch.float64)
Running loss: -33.55795500309592
Time elapsed: 0.3890972137451172

EPOCH: 1000
 parameters:
- sigma_n_log : tensor([-8.1488], dtype=torch.float64)
- log_lengthscales_par : tensor([ 3.7069,  4.8552,  3.7262,  3.2882,  5.3018,  2.5509, -0.9942,  3.4169,
        -1.7412,  3.8848,  4.8515,  3.5119,  3.7968,  0.9609],
       dtype=torch.float64)
- log_lambda_par : tensor([-3.8365], dtype=torch.float64)
- mean_par : tensor([0.], dtype=torch.float64)
Running loss: -4087.0576137599946
Time elapsed: 635.1983082294464

EPOCH: 2000
 parameters:
- sigma_n_log : tensor([-8.0641], dtype=torch.float64)
- log_lengthscales_par : tensor([ 4.8234,  4.8590,  3.0393,  4.7586,  4.8803,  1.4357, -1.4008,  3.9387,
        -2.7578,  3.1584,  6.1504,  4.6032,  4.9249,  0.4929],
       dtype=torch.float64)
- log_lambda_par : tensor([-6.5730], dtype=torch.float64)
- mean_par : tensor([0.], dtype=torch.float64)
Running loss: -4230.227154572811
Time elapsed: 360.4692482948303

Final parameters:
 parameters:
- sigma_n_log : tensor([-8.0641], dtype=torch.float64)
- log_lengthscales_par : tensor([ 4.8234,  4.8590,  3.0393,  4.7586,  4.8803,  1.4357, -1.4008,  3.9387,
        -2.7578,  3.1584,  6.1504,  4.6032,  4.9249,  0.4929],
       dtype=torch.float64)
- log_lambda_par : tensor([-6.5730], dtype=torch.float64)
- mean_par : tensor([0.], dtype=torch.float64)
MSE gp 6:  tensor(3.1633e-08, dtype=torch.float64)

Initial parameters:
 parameters:
- sigma_n_log : tensor([-4.6052], dtype=torch.float64)
- log_lengthscales_par : tensor([0., 0., 0., 0., 0., 0., 0., 0., 0., 0., 0., 0., 0., 0.],
       dtype=torch.float64)
- log_lambda_par : tensor([0.], dtype=torch.float64)
- mean_par : tensor([0.], dtype=torch.float64)

EPOCH: 0
 parameters:
- sigma_n_log : tensor([-4.6152], dtype=torch.float64)
- log_lengthscales_par : tensor([0.0100, 0.0100, 0.0100, 0.0100, 0.0100, 0.0100, 0.0100, 0.0100, 0.0100,
        0.0100, 0.0100, 0.0100, 0.0100, 0.0100], dtype=torch.float64)
- log_lambda_par : tensor([-0.0100], dtype=torch.float64)
- mean_par : tensor([0.], dtype=torch.float64)
Running loss: 36.28852656960577
Time elapsed: 0.4115264415740967

EPOCH: 1000
 parameters:
- sigma_n_log : tensor([-7.9399], dtype=torch.float64)
- log_lengthscales_par : tensor([ 3.6884,  0.0396,  2.1885,  0.8131,  3.4302,  2.0332, -0.2260,  0.1773,
         5.3691,  1.3245,  3.0633,  3.2625,  1.4351,  2.2439],
       dtype=torch.float64)
- log_lambda_par : tensor([-0.3218], dtype=torch.float64)
- mean_par : tensor([0.], dtype=torch.float64)
Running loss: -952.4539057137906
Time elapsed: 359.61377573013306

EPOCH: 2000
 parameters:
- sigma_n_log : tensor([-8.4972], dtype=torch.float64)
- log_lengthscales_par : tensor([ 3.7043,  0.0390,  2.1972,  0.8156,  4.0597,  2.0116, -0.2321,  0.1790,
         5.4252,  1.3362,  3.0848,  3.3256,  1.4376,  2.2452],
       dtype=torch.float64)
- log_lambda_par : tensor([-0.3120], dtype=torch.float64)
- mean_par : tensor([0.], dtype=torch.float64)
Running loss: -952.6486147579877
Time elapsed: 345.5300567150116

Final parameters:
 parameters:
- sigma_n_log : tensor([-8.4972], dtype=torch.float64)
- log_lengthscales_par : tensor([ 3.7043,  0.0390,  2.1972,  0.8156,  4.0597,  2.0116, -0.2321,  0.1790,
         5.4252,  1.3362,  3.0848,  3.3256,  1.4376,  2.2452],
       dtype=torch.float64)
- log_lambda_par : tensor([-0.3120], dtype=torch.float64)
- mean_par : tensor([0.], dtype=torch.float64)
MSE gp 7:  tensor(6.9653e-13, dtype=torch.float64)

Trained hyperparameters:
GP 1:
 parameters:
- sigma_n_log : tensor([-2.5519], dtype=torch.float64)
- log_lengthscales_par : tensor([0.9261, 3.0181, 1.9310, 0.4579, 1.3930, 0.4957, 2.3034, 0.8684, 2.4267,
        3.1702, 3.1799, 4.0672, 4.5956, 4.1311], dtype=torch.float64)
- log_lambda_par : tensor([0.3163], dtype=torch.float64)
- mean_par : tensor([0.], dtype=torch.float64)
GP 2:
 parameters:
- sigma_n_log : tensor([-2.1992], dtype=torch.float64)
- log_lengthscales_par : tensor([ 3.3955, -1.2887,  2.2991,  0.7008,  0.0949,  1.5475,  2.2889,  3.1616,
         2.1867,  3.7091,  4.9637,  4.7306,  2.3900,  4.8311],
       dtype=torch.float64)
- log_lambda_par : tensor([0.2264], dtype=torch.float64)
- mean_par : tensor([0.], dtype=torch.float64)
GP 3:
 parameters:
- sigma_n_log : tensor([-9.4664], dtype=torch.float64)
- log_lengthscales_par : tensor([-1.8936,  8.2121, -6.1395,  8.9679,  9.4155,  1.9711,  8.8290,  3.8591,
         2.2469,  9.2862,  2.7024,  2.9815,  6.5980,  1.5817],
       dtype=torch.float64)
- log_lambda_par : tensor([3.8224], dtype=torch.float64)
- mean_par : tensor([0.], dtype=torch.float64)
GP 4:
 parameters:
- sigma_n_log : tensor([-5.1003], dtype=torch.float64)
- log_lengthscales_par : tensor([-1.3191,  1.4997,  6.9383, -0.1191,  1.7027,  4.8003,  6.0573,  3.3152,
         1.8736,  6.4310,  2.3609,  3.6253,  6.3635,  5.9201],
       dtype=torch.float64)
- log_lambda_par : tensor([-0.6781], dtype=torch.float64)
- mean_par : tensor([0.], dtype=torch.float64)
GP 5:
 parameters:
- sigma_n_log : tensor([-4.1430], dtype=torch.float64)
- log_lengthscales_par : tensor([ 4.9687, -1.6655,  6.6451,  4.3266, -0.3150,  0.8105,  3.7252,  4.9304,
         6.7305,  3.1109,  4.5486,  4.5055,  5.0186,  5.9061],
       dtype=torch.float64)
- log_lambda_par : tensor([-1.0206], dtype=torch.float64)
- mean_par : tensor([0.], dtype=torch.float64)
GP 6:
 parameters:
- sigma_n_log : tensor([-2.0391], dtype=torch.float64)
- log_lengthscales_par : tensor([ 5.4606, -1.5509,  6.2980,  5.6377,  0.1940, -0.1999,  4.4876,  5.4948,
         6.4966,  5.0349,  5.4099,  4.9882,  5.9380,  5.2542],
       dtype=torch.float64)
- log_lambda_par : tensor([0.7818], dtype=torch.float64)
- mean_par : tensor([0.], dtype=torch.float64)
GP 7:
 parameters:
- sigma_n_log : tensor([-8.0641], dtype=torch.float64)
- log_lengthscales_par : tensor([ 4.8234,  4.8590,  3.0393,  4.7586,  4.8803,  1.4357, -1.4008,  3.9387,
        -2.7578,  3.1584,  6.1504,  4.6032,  4.9249,  0.4929],
       dtype=torch.float64)
- log_lambda_par : tensor([-6.5730], dtype=torch.float64)
- mean_par : tensor([0.], dtype=torch.float64)
GP 8:
 parameters:
- sigma_n_log : tensor([-8.4972], dtype=torch.float64)
- log_lengthscales_par : tensor([ 3.7043,  0.0390,  2.1972,  0.8156,  4.0597,  2.0116, -0.2321,  0.1790,
         5.4252,  1.3362,  3.0848,  3.3256,  1.4376,  2.2452],
       dtype=torch.float64)
- log_lambda_par : tensor([-0.3120], dtype=torch.float64)
- mean_par : tensor([0.], dtype=torch.float64)

held-out NEXT-STATE MSE (model units) -- phase 2 (rl_it8_p2):
  0 pH     model=2.803533e-02  persistence=4.571070e-02  OK
  1 T      model=3.769302e-02  persistence=1.885994e-01  OK
  2 Fa     model=1.247020e-01  persistence=3.033826e-01  OK
  3 Fb     model=2.681841e-02  persistence=7.708931e-02  OK
  4 Fc     model=7.860109e-03  persistence=3.842915e-02  OK
  5 Fh     model=1.662375e-02  persistence=9.392613e-01  OK
  6 Wt     model=9.752669e-05  persistence=1.721573e-04  OK
  7 DO2    model=1.692729e-02  persistence=1.977002e-02  OK

mean MSE 3.234469e-02   persistence 2.015518e-01
model beats persistence: True
[pensim] statistics saved -> /home/s2892016/Thesis/MCPILCO/results_rlloop_s2/pensim_stats_rl_it8_p2.json

saved -> /home/s2892016/Thesis/MCPILCO/results_rlloop_s2/rbf_model_rl_it8_p2.pt
saved -> /home/s2892016/Thesis/MCPILCO/results_rlloop_s2/rbf_metrics_rl_it8_p2.json
