=== training world model: phase=2 (rl_it9_p2)  n_keep=800  n_epoch=2001  select=pivchol ===
[loop] reusing frozen standardizer stats from /home/s2892016/Thesis/MCPILCO/results_pensim/rbf_model_bnd_rbf_iter0_phase0.pt
[pensim] dataset folder (PENSIM_DATA_DIR): /home/s2892016/Thesis/deps/smpl/smpl/configdata/pensim_rlloop_s2  (21 CSVs)
max observations: [2.76000000e+02 8.05261517e+00 3.62841400e+02 6.85863686e+00
 2.70000000e+02 1.80000012e+03 9.46039368e+02 1.26920055e+05
 2.39494171e+01]
min observations: [1.6000001e-01 4.5955915e+00 2.3797954e+02 0.0000000e+00 0.0000000e+00
 0.0000000e+00 0.0000000e+00 5.0006516e+04 2.3598127e+00]
dataset max observations: [2.30000000e+02 6.63759613e+00 2.99986786e+02 4.67915392e+00
 2.25000000e+02 8.07115479e+02 6.17848206e+02 1.18994586e+05
 1.93880215e+01]
dataset min observations: [0.0000000e+00 6.0929465e+00 2.9767072e+02 0.0000000e+00 0.0000000e+00
 9.9999997e-05 9.9999997e-05 6.2034367e+04 8.8777227e+00]
max actions: [4.10e+03 1.51e+02 3.60e+01 7.60e+01 1.20e+00 5.10e+02]
min actions: [ 0.   7.  21.  29.   0.5  0. ]
dataset max actions: [4.094559e+03 1.470660e+02 3.580100e+01 7.514100e+01 1.132000e+00
 5.038400e+02]
dataset min actions: [ 0.     7.361 21.249 29.636  0.545  0.   ]
normalize: True
using max/min observations and actions.
[pensim] using SAVED standardizer statistics
[pensim] loader time bounds: [0.16, 276.00] h
[pensim] 24141 transitions | obs 8d act 6d
[pensim] obs per-dim std: [0.9442 0.7352 0.9608 1.1407 0.6835 0.6932 1.0015 1.8806]
[pensim] time range: -0.00 .. 230.00 h
[pensim]   phase 0 [0, 47.5) h: 4977 transitions
[pensim]   phase 1 [47.5, 72.5) h: 2625 transitions
[pensim]   phase 2 [72.5, inf) h: 16530 transitions
[std] fitted on 24141 transitions (20.99 CSVs)  [PINNED via -std_from]
[std] obs_sd = [0.0329  0.00339 0.03372 0.30286 0.17267 0.11814 0.34974 0.11855]
[std] act_sd = [0.30882 0.24979 0.48691 0.34592 0.29527 0.43871]
[pensim] phase 2: t in [72.5, inf) h  ->  16530 of 24141 transitions (68.5%)
[pivchol] selected 800/16330 points  (residual trace 2.783e+03)
train N=800   test N=200   gp input dim=14   num_gp=8
training-set time span: 72.60 .. 230.00 h
EXACT GP INFERENCE SELECTED

Initial parameters:
 parameters:
- sigma_n_log : tensor([-4.6052], dtype=torch.float64)
- log_lengthscales_par : tensor([0., 0., 0., 0., 0., 0., 0., 0., 0., 0., 0., 0., 0., 0.],
       dtype=torch.float64)
- log_lambda_par : tensor([0.], dtype=torch.float64)
- mean_par : tensor([0.], dtype=torch.float64)

EPOCH: 0
 parameters:
- sigma_n_log : tensor([-4.6152], dtype=torch.float64)
- log_lengthscales_par : tensor([0.0100, 0.0100, 0.0100, 0.0100, 0.0100, 0.0100, 0.0100, 0.0100, 0.0100,
        0.0100, 0.0100, 0.0100, 0.0100, 0.0100], dtype=torch.float64)
- log_lambda_par : tensor([-0.0100], dtype=torch.float64)
- mean_par : tensor([0.], dtype=torch.float64)
Running loss: 56.16214282969933
Time elapsed: 0.4617331027984619

EPOCH: 1000
 parameters:
- sigma_n_log : tensor([-2.5019], dtype=torch.float64)
- log_lengthscales_par : tensor([0.8412, 2.8232, 1.8904, 0.5003, 1.4296, 0.3974, 1.8142, 0.7207, 2.7186,
        2.8635, 3.5229, 3.5292, 3.8936, 4.0928], dtype=torch.float64)
- log_lambda_par : tensor([0.1383], dtype=torch.float64)
- mean_par : tensor([0.], dtype=torch.float64)
Running loss: -816.3217543516848
Time elapsed: 347.95711517333984

EPOCH: 2000
 parameters:
- sigma_n_log : tensor([-2.4796], dtype=torch.float64)
- log_lengthscales_par : tensor([0.8731, 3.1278, 1.9139, 0.4864, 1.4473, 0.4215, 1.8342, 0.7651, 2.6672,
        2.9361, 3.6964, 4.0288, 4.6043, 4.4611], dtype=torch.float64)
- log_lambda_par : tensor([0.2498], dtype=torch.float64)
- mean_par : tensor([0.], dtype=torch.float64)
Running loss: -817.8347738151607
Time elapsed: 348.8520221710205

Final parameters:
 parameters:
- sigma_n_log : tensor([-2.4796], dtype=torch.float64)
- log_lengthscales_par : tensor([0.8731, 3.1278, 1.9139, 0.4864, 1.4473, 0.4215, 1.8342, 0.7651, 2.6672,
        2.9361, 3.6964, 4.0288, 4.6043, 4.4611], dtype=torch.float64)
- log_lambda_par : tensor([0.2498], dtype=torch.float64)
- mean_par : tensor([0.], dtype=torch.float64)
MSE gp 0:  tensor(0.0031, dtype=torch.float64)

Initial parameters:
 parameters:
- sigma_n_log : tensor([-4.6052], dtype=torch.float64)
- log_lengthscales_par : tensor([0., 0., 0., 0., 0., 0., 0., 0., 0., 0., 0., 0., 0., 0.],
       dtype=torch.float64)
- log_lambda_par : tensor([0.], dtype=torch.float64)
- mean_par : tensor([0.], dtype=torch.float64)

EPOCH: 0
 parameters:
- sigma_n_log : tensor([-4.6152], dtype=torch.float64)
- log_lengthscales_par : tensor([ 0.0100,  0.0100, -0.0100,  0.0100,  0.0100,  0.0100,  0.0100,  0.0100,
         0.0100,  0.0100,  0.0100,  0.0100,  0.0100,  0.0100],
       dtype=torch.float64)
- log_lambda_par : tensor([-0.0100], dtype=torch.float64)
- mean_par : tensor([0.], dtype=torch.float64)
Running loss: 135.42682602399836
Time elapsed: 0.3711278438568115

EPOCH: 1000
 parameters:
- sigma_n_log : tensor([-2.0900], dtype=torch.float64)
- log_lengthscales_par : tensor([ 3.2065, -0.6349, -0.3325,  0.7605,  0.3359,  1.7670,  3.2992,  0.9607,
         4.8245,  2.3738,  2.6778,  3.6236,  2.4848,  4.0874],
       dtype=torch.float64)
- log_lambda_par : tensor([0.3020], dtype=torch.float64)
- mean_par : tensor([0.], dtype=torch.float64)
Running loss: -564.8072398952454
Time elapsed: 501.64730954170227

EPOCH: 2000
 parameters:
- sigma_n_log : tensor([-2.0664], dtype=torch.float64)
- log_lengthscales_par : tensor([ 3.4984, -0.6044, -3.1805,  0.6966,  0.4056,  1.8220,  3.7051,  0.9320,
         6.4809,  2.5648,  2.6914,  4.3692,  3.5321,  4.8911],
       dtype=torch.float64)
- log_lambda_par : tensor([0.3095], dtype=torch.float64)
- mean_par : tensor([0.], dtype=torch.float64)
Running loss: -570.7179623899442
Time elapsed: 378.90810656547546

Final parameters:
 parameters:
- sigma_n_log : tensor([-2.0664], dtype=torch.float64)
- log_lengthscales_par : tensor([ 3.4984, -0.6044, -3.1805,  0.6966,  0.4056,  1.8220,  3.7051,  0.9320,
         6.4809,  2.5648,  2.6914,  4.3692,  3.5321,  4.8911],
       dtype=torch.float64)
- log_lambda_par : tensor([0.3095], dtype=torch.float64)
- mean_par : tensor([0.], dtype=torch.float64)
MSE gp 1:  tensor(0.0077, dtype=torch.float64)

Initial parameters:
 parameters:
- sigma_n_log : tensor([-4.6052], dtype=torch.float64)
- log_lengthscales_par : tensor([0., 0., 0., 0., 0., 0., 0., 0., 0., 0., 0., 0., 0., 0.],
       dtype=torch.float64)
- log_lambda_par : tensor([0.], dtype=torch.float64)
- mean_par : tensor([0.], dtype=torch.float64)

EPOCH: 0
 parameters:
- sigma_n_log : tensor([-4.5952], dtype=torch.float64)
- log_lengthscales_par : tensor([-0.0100, -0.0100, -0.0100, -0.0100,  0.0100,  0.0100,  0.0100,  0.0100,
        -0.0100,  0.0100,  0.0100,  0.0100,  0.0100,  0.0100],
       dtype=torch.float64)
- log_lambda_par : tensor([0.0100], dtype=torch.float64)
- mean_par : tensor([0.], dtype=torch.float64)
Running loss: 3904.0065483377
Time elapsed: 0.37865495681762695

EPOCH: 1000
 parameters:
- sigma_n_log : tensor([-8.9657], dtype=torch.float64)
- log_lengthscales_par : tensor([-1.9177,  2.3180, -6.1570,  4.7824,  7.2106,  4.7694,  7.8712,  5.4096,
         1.6520,  6.7785,  4.6415,  1.4100,  5.7499,  1.3705],
       dtype=torch.float64)
- log_lambda_par : tensor([3.0353], dtype=torch.float64)
- mean_par : tensor([0.], dtype=torch.float64)
Running loss: -450.989124863689
Time elapsed: 378.5471923351288

EPOCH: 2000
 parameters:
- sigma_n_log : tensor([-10.4001], dtype=torch.float64)
- log_lengthscales_par : tensor([-1.9472,  1.9540, -5.9767,  8.7903,  9.8891,  5.3603,  9.8760,  7.5853,
         1.7732,  9.4161,  8.0396,  1.1733,  8.1783,  2.0283],
       dtype=torch.float64)
- log_lambda_par : tensor([3.4749], dtype=torch.float64)
- mean_par : tensor([0.], dtype=torch.float64)
Running loss: -582.017538425446
Time elapsed: 358.34546184539795

Final parameters:
 parameters:
- sigma_n_log : tensor([-10.4001], dtype=torch.float64)
- log_lengthscales_par : tensor([-1.9472,  1.9540, -5.9767,  8.7903,  9.8891,  5.3603,  9.8760,  7.5853,
         1.7732,  9.4161,  8.0396,  1.1733,  8.1783,  2.0283],
       dtype=torch.float64)
- log_lambda_par : tensor([3.4749], dtype=torch.float64)
- mean_par : tensor([0.], dtype=torch.float64)
MSE gp 2:  tensor(3.3974e-14, dtype=torch.float64)

Initial parameters:
 parameters:
- sigma_n_log : tensor([-4.6052], dtype=torch.float64)
- log_lengthscales_par : tensor([0., 0., 0., 0., 0., 0., 0., 0., 0., 0., 0., 0., 0., 0.],
       dtype=torch.float64)
- log_lambda_par : tensor([0.], dtype=torch.float64)
- mean_par : tensor([0.], dtype=torch.float64)

EPOCH: 0
 parameters:
- sigma_n_log : tensor([-4.6152], dtype=torch.float64)
- log_lengthscales_par : tensor([0.0100, 0.0100, 0.0100, 0.0100, 0.0100, 0.0100, 0.0100, 0.0100, 0.0100,
        0.0100, 0.0100, 0.0100, 0.0100, 0.0100], dtype=torch.float64)
- log_lambda_par : tensor([-0.0100], dtype=torch.float64)
- mean_par : tensor([0.], dtype=torch.float64)
Running loss: 59.23645826606914
Time elapsed: 0.37436556816101074

EPOCH: 1000
 parameters:
- sigma_n_log : tensor([-5.0643], dtype=torch.float64)
- log_lengthscales_par : tensor([-2.9903,  4.8137,  2.8194,  1.8207,  3.1460,  4.4749,  5.6385,  5.7365,
         2.9019,  5.6683,  5.0687,  5.7750,  5.8689,  5.4708],
       dtype=torch.float64)
- log_lambda_par : tensor([-0.7814], dtype=torch.float64)
- mean_par : tensor([0.], dtype=torch.float64)
Running loss: -1892.0596776156115
Time elapsed: 399.6331627368927

EPOCH: 2000
 parameters:
- sigma_n_log : tensor([-4.9909], dtype=torch.float64)
- log_lengthscales_par : tensor([-3.0024,  6.2971,  2.8967,  1.8589,  3.2521,  4.5780,  6.6485,  7.2610,
         2.9789,  7.1330,  6.7625,  6.9924,  7.4850,  7.1016],
       dtype=torch.float64)
- log_lambda_par : tensor([-0.6094], dtype=torch.float64)
- mean_par : tensor([0.], dtype=torch.float64)
Running loss: -1923.1216355067163
Time elapsed: 442.1365213394165

Final parameters:
 parameters:
- sigma_n_log : tensor([-4.9909], dtype=torch.float64)
- log_lengthscales_par : tensor([-3.0024,  6.2971,  2.8967,  1.8589,  3.2521,  4.5780,  6.6485,  7.2610,
         2.9789,  7.1330,  6.7625,  6.9924,  7.4850,  7.1016],
       dtype=torch.float64)
- log_lambda_par : tensor([-0.6094], dtype=torch.float64)
- mean_par : tensor([0.], dtype=torch.float64)
MSE gp 3:  tensor(1.3742e-05, dtype=torch.float64)

Initial parameters:
 parameters:
- sigma_n_log : tensor([-4.6052], dtype=torch.float64)
- log_lengthscales_par : tensor([0., 0., 0., 0., 0., 0., 0., 0., 0., 0., 0., 0., 0., 0.],
       dtype=torch.float64)
- log_lambda_par : tensor([0.], dtype=torch.float64)
- mean_par : tensor([0.], dtype=torch.float64)

EPOCH: 0
 parameters:
- sigma_n_log : tensor([-4.6152], dtype=torch.float64)
- log_lengthscales_par : tensor([0.0100, 0.0100, 0.0100, 0.0100, 0.0100, 0.0100, 0.0100, 0.0100, 0.0100,
        0.0100, 0.0100, 0.0100, 0.0100, 0.0100], dtype=torch.float64)
- log_lambda_par : tensor([-0.0100], dtype=torch.float64)
- mean_par : tensor([0.], dtype=torch.float64)
Running loss: 10.222653818044662
Time elapsed: 0.35297513008117676

EPOCH: 1000
 parameters:
- sigma_n_log : tensor([-4.0097], dtype=torch.float64)
- log_lengthscales_par : tensor([ 3.9757, -0.8401,  5.7644,  4.0951, -0.7252,  1.2228,  3.1146,  1.9627,
         5.8725,  1.7918,  3.0649,  3.8667,  2.2638,  4.3643],
       dtype=torch.float64)
- log_lambda_par : tensor([-1.1922], dtype=torch.float64)
- mean_par : tensor([0.], dtype=torch.float64)
Running loss: -1933.033516055548
Time elapsed: 345.26699662208557

EPOCH: 2000
 parameters:
- sigma_n_log : tensor([-4.2667], dtype=torch.float64)
- log_lengthscales_par : tensor([ 4.9674, -1.7785,  7.2463,  5.5035, -1.0970,  1.1147,  4.5082,  4.7848,
         7.3631,  1.9952,  4.5565,  4.8297,  4.7707,  5.1648],
       dtype=torch.float64)
- log_lambda_par : tensor([-1.1972], dtype=torch.float64)
- mean_par : tensor([0.], dtype=torch.float64)
Running loss: -2018.979956924075
Time elapsed: 347.02587056159973

Final parameters:
 parameters:
- sigma_n_log : tensor([-4.2667], dtype=torch.float64)
- log_lengthscales_par : tensor([ 4.9674, -1.7785,  7.2463,  5.5035, -1.0970,  1.1147,  4.5082,  4.7848,
         7.3631,  1.9952,  4.5565,  4.8297,  4.7707,  5.1648],
       dtype=torch.float64)
- log_lambda_par : tensor([-1.1972], dtype=torch.float64)
- mean_par : tensor([0.], dtype=torch.float64)
MSE gp 4:  tensor(9.1044e-05, dtype=torch.float64)

Initial parameters:
 parameters:
- sigma_n_log : tensor([-4.6052], dtype=torch.float64)
- log_lengthscales_par : tensor([0., 0., 0., 0., 0., 0., 0., 0., 0., 0., 0., 0., 0., 0.],
       dtype=torch.float64)
- log_lambda_par : tensor([0.], dtype=torch.float64)
- mean_par : tensor([0.], dtype=torch.float64)

EPOCH: 0
 parameters:
- sigma_n_log : tensor([-4.6152], dtype=torch.float64)
- log_lengthscales_par : tensor([ 0.0100,  0.0100, -0.0100,  0.0100,  0.0100, -0.0100,  0.0100,  0.0100,
         0.0100,  0.0100,  0.0100,  0.0100,  0.0100,  0.0100],
       dtype=torch.float64)
- log_lambda_par : tensor([0.0100], dtype=torch.float64)
- mean_par : tensor([0.], dtype=torch.float64)
Running loss: 418.0661803646143
Time elapsed: 0.35759973526000977

EPOCH: 1000
 parameters:
- sigma_n_log : tensor([-1.8995], dtype=torch.float64)
- log_lengthscales_par : tensor([ 4.0424, -1.6001,  5.9917,  3.7594,  0.2705, -0.2885,  3.9478,  4.7317,
         6.0312,  3.6799,  4.1414,  3.9343,  4.7151,  4.5329],
       dtype=torch.float64)
- log_lambda_par : tensor([0.3965], dtype=torch.float64)
- mean_par : tensor([0.], dtype=torch.float64)
Running loss: -741.4131299915294
Time elapsed: 362.16786670684814

EPOCH: 2000
 parameters:
- sigma_n_log : tensor([-1.9060], dtype=torch.float64)
- log_lengthscales_par : tensor([ 4.8422, -1.6018,  6.9969,  4.6961,  0.2190, -0.2173,  4.7667,  5.8860,
         6.8680,  3.5269,  5.3694,  4.8750,  5.9315,  5.6478],
       dtype=torch.float64)
- log_lambda_par : tensor([0.5840], dtype=torch.float64)
- mean_par : tensor([0.], dtype=torch.float64)
Running loss: -757.3739485641656
Time elapsed: 349.46160793304443

Final parameters:
 parameters:
- sigma_n_log : tensor([-1.9060], dtype=torch.float64)
- log_lengthscales_par : tensor([ 4.8422, -1.6018,  6.9969,  4.6961,  0.2190, -0.2173,  4.7667,  5.8860,
         6.8680,  3.5269,  5.3694,  4.8750,  5.9315,  5.6478],
       dtype=torch.float64)
- log_lambda_par : tensor([0.5840], dtype=torch.float64)
- mean_par : tensor([0.], dtype=torch.float64)
MSE gp 5:  tensor(0.0165, dtype=torch.float64)

Initial parameters:
 parameters:
- sigma_n_log : tensor([-4.6052], dtype=torch.float64)
- log_lengthscales_par : tensor([0., 0., 0., 0., 0., 0., 0., 0., 0., 0., 0., 0., 0., 0.],
       dtype=torch.float64)
- log_lambda_par : tensor([0.], dtype=torch.float64)
- mean_par : tensor([0.], dtype=torch.float64)

EPOCH: 0
 parameters:
- sigma_n_log : tensor([-4.6152], dtype=torch.float64)
- log_lengthscales_par : tensor([0.0100, 0.0100, 0.0100, 0.0100, 0.0100, 0.0100, 0.0100, 0.0100, 0.0100,
        0.0100, 0.0100, 0.0100, 0.0100, 0.0100], dtype=torch.float64)
- log_lambda_par : tensor([-0.0100], dtype=torch.float64)
- mean_par : tensor([0.], dtype=torch.float64)
Running loss: -32.52331550689124
Time elapsed: 0.35679197311401367

EPOCH: 1000
 parameters:
- sigma_n_log : tensor([-5.4244], dtype=torch.float64)
- log_lengthscales_par : tensor([ 2.2453,  4.1024,  4.6340,  2.5734,  4.3799,  4.1274, -0.3086,  4.2034,
         1.5298,  4.1252,  4.1252,  3.2258,  3.8613,  4.1126],
       dtype=torch.float64)
- log_lambda_par : tensor([-3.2398], dtype=torch.float64)
- mean_par : tensor([0.], dtype=torch.float64)
Running loss: -3690.6389582815204
Time elapsed: 346.15288734436035

EPOCH: 2000
 parameters:
- sigma_n_log : tensor([-5.4109], dtype=torch.float64)
- log_lengthscales_par : tensor([ 1.9957,  4.9111,  4.0862,  1.7684,  5.2410,  5.3000, -0.4495,  5.1385,
         1.5034,  5.1517,  5.2330,  3.0810,  4.6141,  4.8601],
       dtype=torch.float64)
- log_lambda_par : tensor([-4.6577], dtype=torch.float64)
- mean_par : tensor([0.], dtype=torch.float64)
Running loss: -3732.6976265654425
Time elapsed: 346.1459403038025

Final parameters:
 parameters:
- sigma_n_log : tensor([-5.4109], dtype=torch.float64)
- log_lengthscales_par : tensor([ 1.9957,  4.9111,  4.0862,  1.7684,  5.2410,  5.3000, -0.4495,  5.1385,
         1.5034,  5.1517,  5.2330,  3.0810,  4.6141,  4.8601],
       dtype=torch.float64)
- log_lambda_par : tensor([-4.6577], dtype=torch.float64)
- mean_par : tensor([0.], dtype=torch.float64)
MSE gp 6:  tensor(1.7118e-05, dtype=torch.float64)

Initial parameters:
 parameters:
- sigma_n_log : tensor([-4.6052], dtype=torch.float64)
- log_lengthscales_par : tensor([0., 0., 0., 0., 0., 0., 0., 0., 0., 0., 0., 0., 0., 0.],
       dtype=torch.float64)
- log_lambda_par : tensor([0.], dtype=torch.float64)
- mean_par : tensor([0.], dtype=torch.float64)

EPOCH: 0
 parameters:
- sigma_n_log : tensor([-4.6152], dtype=torch.float64)
- log_lengthscales_par : tensor([0.0100, 0.0100, 0.0100, 0.0100, 0.0100, 0.0100, 0.0100, 0.0100, 0.0100,
        0.0100, 0.0100, 0.0100, 0.0100, 0.0100], dtype=torch.float64)
- log_lambda_par : tensor([-0.0100], dtype=torch.float64)
- mean_par : tensor([0.], dtype=torch.float64)
Running loss: 37.395481136363735
Time elapsed: 0.3810086250305176

EPOCH: 1000
 parameters:
- sigma_n_log : tensor([-8.4573], dtype=torch.float64)
- log_lengthscales_par : tensor([ 3.7242, -0.4153,  1.9853,  0.8664,  3.2994,  3.3086, -0.4176,  0.0516,
         6.4430,  1.5854,  2.3931,  3.3453,  4.1308,  4.1198],
       dtype=torch.float64)
- log_lambda_par : tensor([-0.4174], dtype=torch.float64)
- mean_par : tensor([0.], dtype=torch.float64)
Running loss: -967.3752843123202
Time elapsed: 346.10345816612244

EPOCH: 2000
 parameters:
- sigma_n_log : tensor([-9.1432], dtype=torch.float64)
- log_lengthscales_par : tensor([ 3.7370, -0.4183,  2.0437,  0.8833,  4.4319,  3.2632, -0.4153,  0.0492,
         7.4820,  1.6238,  2.3244,  3.7298,  4.6741,  4.1382],
       dtype=torch.float64)
- log_lambda_par : tensor([-0.3618], dtype=torch.float64)
- mean_par : tensor([0.], dtype=torch.float64)
Running loss: -969.5901962765186
Time elapsed: 345.2911927700043

Final parameters:
 parameters:
- sigma_n_log : tensor([-9.1432], dtype=torch.float64)
- log_lengthscales_par : tensor([ 3.7370, -0.4183,  2.0437,  0.8833,  4.4319,  3.2632, -0.4153,  0.0492,
         7.4820,  1.6238,  2.3244,  3.7298,  4.6741,  4.1382],
       dtype=torch.float64)
- log_lambda_par : tensor([-0.3618], dtype=torch.float64)
- mean_par : tensor([0.], dtype=torch.float64)
MSE gp 7:  tensor(1.8375e-13, dtype=torch.float64)

Trained hyperparameters:
GP 1:
 parameters:
- sigma_n_log : tensor([-2.4796], dtype=torch.float64)
- log_lengthscales_par : tensor([0.8731, 3.1278, 1.9139, 0.4864, 1.4473, 0.4215, 1.8342, 0.7651, 2.6672,
        2.9361, 3.6964, 4.0288, 4.6043, 4.4611], dtype=torch.float64)
- log_lambda_par : tensor([0.2498], dtype=torch.float64)
- mean_par : tensor([0.], dtype=torch.float64)
GP 2:
 parameters:
- sigma_n_log : tensor([-2.0664], dtype=torch.float64)
- log_lengthscales_par : tensor([ 3.4984, -0.6044, -3.1805,  0.6966,  0.4056,  1.8220,  3.7051,  0.9320,
         6.4809,  2.5648,  2.6914,  4.3692,  3.5321,  4.8911],
       dtype=torch.float64)
- log_lambda_par : tensor([0.3095], dtype=torch.float64)
- mean_par : tensor([0.], dtype=torch.float64)
GP 3:
 parameters:
- sigma_n_log : tensor([-10.4001], dtype=torch.float64)
- log_lengthscales_par : tensor([-1.9472,  1.9540, -5.9767,  8.7903,  9.8891,  5.3603,  9.8760,  7.5853,
         1.7732,  9.4161,  8.0396,  1.1733,  8.1783,  2.0283],
       dtype=torch.float64)
- log_lambda_par : tensor([3.4749], dtype=torch.float64)
- mean_par : tensor([0.], dtype=torch.float64)
GP 4:
 parameters:
- sigma_n_log : tensor([-4.9909], dtype=torch.float64)
- log_lengthscales_par : tensor([-3.0024,  6.2971,  2.8967,  1.8589,  3.2521,  4.5780,  6.6485,  7.2610,
         2.9789,  7.1330,  6.7625,  6.9924,  7.4850,  7.1016],
       dtype=torch.float64)
- log_lambda_par : tensor([-0.6094], dtype=torch.float64)
- mean_par : tensor([0.], dtype=torch.float64)
GP 5:
 parameters:
- sigma_n_log : tensor([-4.2667], dtype=torch.float64)
- log_lengthscales_par : tensor([ 4.9674, -1.7785,  7.2463,  5.5035, -1.0970,  1.1147,  4.5082,  4.7848,
         7.3631,  1.9952,  4.5565,  4.8297,  4.7707,  5.1648],
       dtype=torch.float64)
- log_lambda_par : tensor([-1.1972], dtype=torch.float64)
- mean_par : tensor([0.], dtype=torch.float64)
GP 6:
 parameters:
- sigma_n_log : tensor([-1.9060], dtype=torch.float64)
- log_lengthscales_par : tensor([ 4.8422, -1.6018,  6.9969,  4.6961,  0.2190, -0.2173,  4.7667,  5.8860,
         6.8680,  3.5269,  5.3694,  4.8750,  5.9315,  5.6478],
       dtype=torch.float64)
- log_lambda_par : tensor([0.5840], dtype=torch.float64)
- mean_par : tensor([0.], dtype=torch.float64)
GP 7:
 parameters:
- sigma_n_log : tensor([-5.4109], dtype=torch.float64)
- log_lengthscales_par : tensor([ 1.9957,  4.9111,  4.0862,  1.7684,  5.2410,  5.3000, -0.4495,  5.1385,
         1.5034,  5.1517,  5.2330,  3.0810,  4.6141,  4.8601],
       dtype=torch.float64)
- log_lambda_par : tensor([-4.6577], dtype=torch.float64)
- mean_par : tensor([0.], dtype=torch.float64)
GP 8:
 parameters:
- sigma_n_log : tensor([-9.1432], dtype=torch.float64)
- log_lengthscales_par : tensor([ 3.7370, -0.4183,  2.0437,  0.8833,  4.4319,  3.2632, -0.4153,  0.0492,
         7.4820,  1.6238,  2.3244,  3.7298,  4.6741,  4.1382],
       dtype=torch.float64)
- log_lambda_par : tensor([-0.3618], dtype=torch.float64)
- mean_par : tensor([0.], dtype=torch.float64)

held-out NEXT-STATE MSE (model units) -- phase 2 (rl_it9_p2):
  0 pH     model=8.228440e-03  persistence=1.524787e-02  OK
  1 T      model=5.770601e-02  persistence=1.812994e-01  OK
  2 Fa     model=1.293888e-03  persistence=0.000000e+00  WORSE
  3 Fb     model=9.228915e-05  persistence=2.228073e-02  OK
  4 Fc     model=1.660034e-02  persistence=2.851024e-02  OK
  5 Fh     model=1.131375e-01  persistence=1.053575e+00  OK
  6 Wt     model=2.379758e-05  persistence=7.809822e-05  OK
  7 DO2    model=3.830376e-02  persistence=2.629342e-02  WORSE

mean MSE 2.942325e-02   persistence 1.659106e-01
model beats persistence: True
[pensim] statistics saved -> /home/s2892016/Thesis/MCPILCO/results_rlloop_s2/pensim_stats_rl_it9_p2.json

saved -> /home/s2892016/Thesis/MCPILCO/results_rlloop_s2/rbf_model_rl_it9_p2.pt
saved -> /home/s2892016/Thesis/MCPILCO/results_rlloop_s2/rbf_metrics_rl_it9_p2.json
