EXACT GP INFERENCE SELECTED
EXACT GP INFERENCE SELECTED
EXACT GP INFERENCE SELECTED
world models loaded:
  phase 0: [0,48) h  train pts=800  epochs=2001  select=pivchol
  phase 1: [48,72) h  train pts=800  epochs=2001  select=pivchol
  phase 2: [72,inf) h  train pts=800  epochs=2001  select=pivchol
  -> all models share one z-space (verified)
combined training state range: [-10.41, 40.38] (z-units)
[PFQuery] loaded checkpoint flgfn_corrected.pt
pre-caching 150 expert distributions (1.0..150.0 h) ...
  done. example eigenvalues @75h: [0.00018914 0.00684495 0.04047212]
expert windows per world model: phase 0: 47  phase 1: 25  phase 2: 78

per-channel action limits (+/-10% of setpoint):
    discharge      setpoint=   254.173   u_max_z=0.0401
    sugar          setpoint=    76.519   u_max_z=0.4255
    soilbean       setpoint=    25.965   u_max_z=0.7110
    aeration       setpoint=    60.961   u_max_z=0.7499
    backpressure   setpoint=     0.905   u_max_z=0.8753
    waterinj       setpoint=   153.740   u_max_z=0.1374
  (previous flat u_max was 3.0 -> [74.7  7.1  4.2  4.   3.4 21.8]x too wide per channel)

Bernoulli gate ON, channels ['discharge'] (straight-through estimator; the paper notes it is BIASED)
    discharge    off=     0.0 phys ( -0.401 z)   on=  4000.0 phys (  5.917 z)

policy 'rbf': in=8 out=6 params=2808  u_max=3.0
EPISODIC: T=5 steps (1.0 h) per window, 150 windows/iter x 20 iters = 3000 policy updates
objective: E_s(E_a|s(W2))  states=100 x actions=5 = 500 particles;  means EXCLUDED (cross_dim)
world models: PHASE-SPECIFIC (3)
action spread across 5 replicas of ONE state: 5.768e-01   (ok)

chance constraints ON (Tan et al. Eq. 9): eps=0.95 -> Phi^-1=1.6449
  static box   : ON  alpha=1000.0   EXEMPT (gated): discharge
  recipe band  : off  alpha=1000.0  +/-10% of profile, floor 5% of span, smoothed +/-2.0 h
    discharge      static z-box  EXEMPT (Bernoulli gate)
    sugar          static z-box [ -3.865,   4.141]
    soilbean       static z-box [ -1.360,   2.748]
    aeration       static z-box [ -3.932,   1.850]
    backpressure   static z-box [ -3.915,   2.859]
    waterinj       static z-box [ -1.374,   3.185]
  state floor  : ON  alpha=1.0  Wt >= 50000 physical = -1.534 z  (channel 6)
                 training data below this floor: 0.0%   (z range -1.34 .. -0.62)

action L2: ON  lambda=0.1   multiplier: off   N_ITERS=20
           channel weights: [1.0, 1.0, 1.0, 1.0, 1.0, 1.0]   (all channels)
iter   0  W2 mean=9.919785e-01 min=5.2022e-02 max=2.4678e+00
          |grad| med=1.167e-01 max=7.126e+00  DEAD(<1e-12)=0/150  CLIPPED=0/150
          |s|max med=36.04 max=65.47 (data 40.38)   |a|max=5.9168
          gate open-prob: discharge=0.025   (reference duty cycle ~0.05)
          sparsity KL: mean=0.2562  lambda*mean=2.5620e-03
          action ||a||^2: mean=6.4957 max=18.2013   lambda*mean=6.4957e-01
          chance penalty: total=4.191e-05 static=4.191e-05 recipe=0.000e+00 state=0.000e+00   penalty/W2=0.00x
          windows violating: static=1/150 recipe=0/150 state=0/150
          per-phase W2: ph0=9.6601e-01(n=47)  ph1=5.0424e-01(n=25)  ph2=1.1639e+00(n=78)
iter   1  W2 mean=4.891319e-01 min=8.8075e-02 max=7.1678e-01
          |grad| med=7.276e-02 max=4.501e+00  DEAD(<1e-12)=0/150  CLIPPED=0/150
          |s|max med=34.70 max=63.79 (data 40.38)   |a|max=5.9168
          gate open-prob: discharge=0.074   (reference duty cycle ~0.05)
          sparsity KL: mean=0.0231  lambda*mean=2.3113e-04
          action ||a||^2: mean=1.9961 max=3.7012   lambda*mean=1.9961e-01
          chance penalty: total=0.000e+00 static=0.000e+00 recipe=0.000e+00 state=0.000e+00   penalty/W2=0.00x
          windows violating: static=0/150 recipe=0/150 state=0/150
          per-phase W2: ph0=5.0582e-01(n=47)  ph1=1.2910e-01(n=25)  ph2=5.9447e-01(n=78)
iter   2  W2 mean=5.391769e-01 min=1.2689e-01 max=7.3106e-01
          |grad| med=6.351e-02 max=1.389e+00  DEAD(<1e-12)=0/150  CLIPPED=0/150
          |s|max med=34.88 max=60.02 (data 40.38)   |a|max=5.9168
          gate open-prob: discharge=0.075   (reference duty cycle ~0.05)
          sparsity KL: mean=0.0241  lambda*mean=2.4111e-04
          action ||a||^2: mean=2.4450 max=3.7226   lambda*mean=2.4450e-01
          chance penalty: total=0.000e+00 static=0.000e+00 recipe=0.000e+00 state=0.000e+00   penalty/W2=0.00x
          windows violating: static=0/150 recipe=0/150 state=0/150
          per-phase W2: ph0=6.0784e-01(n=47)  ph1=1.6688e-01(n=25)  ph2=6.1713e-01(n=78)
iter   3  W2 mean=5.735369e-01 min=1.0722e-01 max=1.2068e+00
          |grad| med=7.931e-02 max=1.129e+01  DEAD(<1e-12)=0/150  CLIPPED=1/150
          |s|max med=37.67 max=63.78 (data 40.38)   |a|max=5.9168
          gate open-prob: discharge=0.080   (reference duty cycle ~0.05)
          sparsity KL: mean=0.0307  lambda*mean=3.0746e-04
          action ||a||^2: mean=2.6669 max=7.0027   lambda*mean=2.6669e-01
          chance penalty: total=4.828e-06 static=4.828e-06 recipe=0.000e+00 state=0.000e+00   penalty/W2=0.00x
          windows violating: static=1/150 recipe=0/150 state=0/150
          per-phase W2: ph0=6.8718e-01(n=47)  ph1=1.9335e-01(n=25)  ph2=6.2691e-01(n=78)
iter   4  W2 mean=4.917544e-01 min=7.5556e-02 max=8.2925e-01
          |grad| med=1.001e-01 max=5.873e+00  DEAD(<1e-12)=0/150  CLIPPED=0/150
          |s|max med=35.84 max=58.48 (data 40.38)   |a|max=5.9168
          gate open-prob: discharge=0.095   (reference duty cycle ~0.05)
          sparsity KL: mean=0.0248  lambda*mean=2.4760e-04
          action ||a||^2: mean=1.9462 max=4.3140   lambda*mean=1.9462e-01
          chance penalty: total=3.993e-04 static=3.993e-04 recipe=0.000e+00 state=0.000e+00   penalty/W2=0.00x
          windows violating: static=1/150 recipe=0/150 state=0/150
          per-phase W2: ph0=5.8889e-01(n=47)  ph1=1.4105e-01(n=25)  ph2=5.4563e-01(n=78)
iter   5  W2 mean=5.559124e-01 min=1.6099e-01 max=8.0934e-01
          |grad| med=5.928e-02 max=1.513e+00  DEAD(<1e-12)=0/150  CLIPPED=0/150
          |s|max med=36.49 max=63.19 (data 40.38)   |a|max=5.9168
          gate open-prob: discharge=0.056   (reference duty cycle ~0.05)
          sparsity KL: mean=0.0255  lambda*mean=2.5497e-04
          action ||a||^2: mean=2.5205 max=4.6571   lambda*mean=2.5205e-01
          chance penalty: total=0.000e+00 static=0.000e+00 recipe=0.000e+00 state=0.000e+00   penalty/W2=0.00x
          windows violating: static=0/150 recipe=0/150 state=0/150
          per-phase W2: ph0=6.5898e-01(n=47)  ph1=1.9152e-01(n=25)  ph2=6.1060e-01(n=78)
iter   6  W2 mean=6.113052e-01 min=1.2877e-01 max=1.0403e+00
          |grad| med=7.463e-02 max=3.754e+00  DEAD(<1e-12)=0/150  CLIPPED=0/150
          |s|max med=36.44 max=67.92 (data 40.38)   |a|max=5.9168
          gate open-prob: discharge=0.090   (reference duty cycle ~0.05)
          sparsity KL: mean=0.0303  lambda*mean=3.0293e-04
          action ||a||^2: mean=2.9699 max=6.5875   lambda*mean=2.9699e-01
          chance penalty: total=0.000e+00 static=0.000e+00 recipe=0.000e+00 state=0.000e+00   penalty/W2=0.00x
          windows violating: static=0/150 recipe=0/150 state=0/150
          per-phase W2: ph0=7.5204e-01(n=47)  ph1=2.3168e-01(n=25)  ph2=6.4818e-01(n=78)
iter   7  W2 mean=4.028129e-01 min=4.5789e-02 max=7.3163e-01
          |grad| med=5.975e-02 max=7.453e+00  DEAD(<1e-12)=0/150  CLIPPED=0/150
          |s|max med=35.35 max=68.89 (data 40.38)   |a|max=5.9168
          gate open-prob: discharge=0.035   (reference duty cycle ~0.05)
          sparsity KL: mean=0.0216  lambda*mean=2.1589e-04
          action ||a||^2: mean=1.2551 max=3.7417   lambda*mean=1.2551e-01
          chance penalty: total=0.000e+00 static=0.000e+00 recipe=0.000e+00 state=0.000e+00   penalty/W2=0.00x
          windows violating: static=0/150 recipe=0/150 state=0/150
          per-phase W2: ph0=4.0232e-01(n=47)  ph1=9.1067e-02(n=25)  ph2=5.0303e-01(n=78)
iter   8  W2 mean=5.655599e-01 min=9.2616e-02 max=9.6286e-01
          |grad| med=8.490e-02 max=1.740e+01  DEAD(<1e-12)=0/150  CLIPPED=1/150
          |s|max med=38.30 max=61.94 (data 40.38)   |a|max=5.9168
          gate open-prob: discharge=0.024   (reference duty cycle ~0.05)
          sparsity KL: mean=0.0273  lambda*mean=2.7337e-04
          action ||a||^2: mean=2.6587 max=5.7964   lambda*mean=2.6587e-01
          chance penalty: total=0.000e+00 static=0.000e+00 recipe=0.000e+00 state=0.000e+00   penalty/W2=0.00x
          windows violating: static=0/150 recipe=0/150 state=0/150
          per-phase W2: ph0=6.1808e-01(n=47)  ph1=1.9885e-01(n=25)  ph2=6.5145e-01(n=78)
iter   9  W2 mean=4.764915e-01 min=6.5469e-02 max=8.7262e-01
          |grad| med=5.975e-02 max=1.389e+00  DEAD(<1e-12)=0/150  CLIPPED=0/150
          |s|max med=34.71 max=60.32 (data 40.38)   |a|max=5.9168
          gate open-prob: discharge=0.099   (reference duty cycle ~0.05)
          sparsity KL: mean=0.0208  lambda*mean=2.0759e-04
          action ||a||^2: mean=1.8445 max=4.4190   lambda*mean=1.8445e-01
          chance penalty: total=0.000e+00 static=0.000e+00 recipe=0.000e+00 state=0.000e+00   penalty/W2=0.00x
          windows violating: static=0/150 recipe=0/150 state=0/150
          per-phase W2: ph0=5.8714e-01(n=47)  ph1=1.4360e-01(n=25)  ph2=5.1652e-01(n=78)
iter  10  W2 mean=5.232179e-01 min=1.1355e-01 max=9.2159e-01
          |grad| med=6.510e-02 max=3.819e+00  DEAD(<1e-12)=0/150  CLIPPED=0/150
          |s|max med=33.74 max=62.93 (data 40.38)   |a|max=5.9168
          gate open-prob: discharge=0.077   (reference duty cycle ~0.05)
          sparsity KL: mean=0.0160  lambda*mean=1.5970e-04
          action ||a||^2: mean=2.2860 max=4.6303   lambda*mean=2.2860e-01
          chance penalty: total=0.000e+00 static=0.000e+00 recipe=0.000e+00 state=0.000e+00   penalty/W2=0.00x
          windows violating: static=0/150 recipe=0/150 state=0/150
          per-phase W2: ph0=6.0937e-01(n=47)  ph1=1.7764e-01(n=25)  ph2=5.8207e-01(n=78)
iter  11  W2 mean=5.797694e-01 min=1.4664e-01 max=9.5458e-01
          |grad| med=7.873e-02 max=9.100e+00  DEAD(<1e-12)=0/150  CLIPPED=0/150
          |s|max med=36.33 max=58.98 (data 40.38)   |a|max=5.9168
          gate open-prob: discharge=0.108   (reference duty cycle ~0.05)
          sparsity KL: mean=0.0190  lambda*mean=1.8955e-04
          action ||a||^2: mean=2.7974 max=5.0883   lambda*mean=2.7974e-01
          chance penalty: total=0.000e+00 static=0.000e+00 recipe=0.000e+00 state=0.000e+00   penalty/W2=0.00x
          windows violating: static=0/150 recipe=0/150 state=0/150
          per-phase W2: ph0=6.7491e-01(n=47)  ph1=2.1068e-01(n=25)  ph2=6.4074e-01(n=78)
iter  12  W2 mean=6.520159e-01 min=1.4431e-01 max=1.8232e+00
          |grad| med=1.456e-01 max=4.961e+01  DEAD(<1e-12)=0/150  CLIPPED=2/150
          |s|max med=35.40 max=56.64 (data 40.38)   |a|max=5.9168
          gate open-prob: discharge=0.373   (reference duty cycle ~0.05)
          sparsity KL: mean=0.0343  lambda*mean=3.4325e-04
          action ||a||^2: mean=3.3981 max=12.7517   lambda*mean=3.3981e-01
          chance penalty: total=0.000e+00 static=0.000e+00 recipe=0.000e+00 state=0.000e+00   penalty/W2=0.00x
          windows violating: static=0/150 recipe=0/150 state=0/150
          per-phase W2: ph0=7.3976e-01(n=47)  ph1=3.4631e-01(n=25)  ph2=6.9712e-01(n=78)
iter  13  W2 mean=7.911416e-01 min=1.9900e-01 max=2.0116e+00
          |grad| med=1.270e-01 max=1.061e+01  DEAD(<1e-12)=0/150  CLIPPED=1/150
          |s|max med=34.81 max=60.76 (data 40.38)   |a|max=5.9168
          gate open-prob: discharge=0.100   (reference duty cycle ~0.05)
          sparsity KL: mean=0.0720  lambda*mean=7.2034e-04
          action ||a||^2: mean=4.5326 max=13.7127   lambda*mean=4.5326e-01
          chance penalty: total=0.000e+00 static=0.000e+00 recipe=0.000e+00 state=0.000e+00   penalty/W2=0.00x
          windows violating: static=0/150 recipe=0/150 state=0/150
          per-phase W2: ph0=1.0423e+00(n=47)  ph1=4.1944e-01(n=25)  ph2=7.5892e-01(n=78)
iter  14  W2 mean=6.478080e-01 min=1.7139e-01 max=1.2273e+00
          |grad| med=8.060e-02 max=5.332e+00  DEAD(<1e-12)=0/150  CLIPPED=0/150
          |s|max med=33.95 max=57.81 (data 40.38)   |a|max=5.9168
          gate open-prob: discharge=0.156   (reference duty cycle ~0.05)
          sparsity KL: mean=0.0304  lambda*mean=3.0428e-04
          action ||a||^2: mean=3.2830 max=7.8982   lambda*mean=3.2830e-01
          chance penalty: total=2.064e-04 static=2.064e-04 recipe=0.000e+00 state=0.000e+00   penalty/W2=0.00x
          windows violating: static=1/150 recipe=0/150 state=0/150
          per-phase W2: ph0=8.2387e-01(n=47)  ph1=2.6539e-01(n=25)  ph2=6.6429e-01(n=78)
iter  15  W2 mean=6.382765e-01 min=1.6692e-01 max=1.3756e+00
          |grad| med=7.571e-02 max=1.730e+01  DEAD(<1e-12)=0/150  CLIPPED=1/150
          |s|max med=35.13 max=65.12 (data 40.38)   |a|max=5.9168
          gate open-prob: discharge=0.188   (reference duty cycle ~0.05)
          sparsity KL: mean=0.0337  lambda*mean=3.3742e-04
          action ||a||^2: mean=3.2153 max=9.4132   lambda*mean=3.2153e-01
          chance penalty: total=0.000e+00 static=0.000e+00 recipe=0.000e+00 state=0.000e+00   penalty/W2=0.00x
          windows violating: static=0/150 recipe=0/150 state=0/150
          per-phase W2: ph0=8.2152e-01(n=47)  ph1=2.2573e-01(n=25)  ph2=6.6008e-01(n=78)
iter  16  W2 mean=6.384162e-01 min=2.0718e-01 max=1.0033e+00
          |grad| med=6.750e-02 max=1.177e+00  DEAD(<1e-12)=0/150  CLIPPED=0/150
          |s|max med=34.64 max=68.58 (data 40.38)   |a|max=5.9168
          gate open-prob: discharge=0.113   (reference duty cycle ~0.05)
          sparsity KL: mean=0.0276  lambda*mean=2.7595e-04
          action ||a||^2: mean=3.2293 max=6.1767   lambda*mean=3.2293e-01
          chance penalty: total=0.000e+00 static=0.000e+00 recipe=0.000e+00 state=0.000e+00   penalty/W2=0.00x
          windows violating: static=0/150 recipe=0/150 state=0/150
          per-phase W2: ph0=8.1704e-01(n=47)  ph1=2.7235e-01(n=25)  ph2=6.4811e-01(n=78)
iter  17  W2 mean=6.455184e-01 min=1.3386e-01 max=1.2143e+00
          |grad| med=8.787e-02 max=5.773e+00  DEAD(<1e-12)=0/150  CLIPPED=0/150
          |s|max med=36.29 max=62.09 (data 40.38)   |a|max=5.9168
          gate open-prob: discharge=0.047   (reference duty cycle ~0.05)
          sparsity KL: mean=0.0307  lambda*mean=3.0723e-04
          action ||a||^2: mean=3.2946 max=8.0515   lambda*mean=3.2946e-01
          chance penalty: total=0.000e+00 static=0.000e+00 recipe=0.000e+00 state=0.000e+00   penalty/W2=0.00x
          windows violating: static=0/150 recipe=0/150 state=0/150
          per-phase W2: ph0=8.2251e-01(n=47)  ph1=2.8193e-01(n=25)  ph2=6.5540e-01(n=78)
iter  18  W2 mean=5.763611e-01 min=8.5886e-02 max=9.5928e-01
          |grad| med=7.232e-02 max=3.273e+00  DEAD(<1e-12)=0/150  CLIPPED=0/150
          |s|max med=34.46 max=67.91 (data 40.38)   |a|max=5.9168
          gate open-prob: discharge=0.099   (reference duty cycle ~0.05)
          sparsity KL: mean=0.0246  lambda*mean=2.4594e-04
          action ||a||^2: mean=2.7015 max=5.5178   lambda*mean=2.7015e-01
          chance penalty: total=0.000e+00 static=0.000e+00 recipe=0.000e+00 state=0.000e+00   penalty/W2=0.00x
          windows violating: static=0/150 recipe=0/150 state=0/150
          per-phase W2: ph0=7.1418e-01(n=47)  ph1=1.8417e-01(n=25)  ph2=6.1902e-01(n=78)
iter  19  W2 mean=6.914221e-01 min=1.7406e-01 max=1.2238e+00
          |grad| med=1.164e-01 max=1.427e+01  DEAD(<1e-12)=0/150  CLIPPED=1/150
          |s|max med=34.83 max=61.92 (data 40.38)   |a|max=5.9168
          gate open-prob: discharge=0.109   (reference duty cycle ~0.05)
          sparsity KL: mean=0.0391  lambda*mean=3.9150e-04
          action ||a||^2: mean=3.7739 max=8.0757   lambda*mean=3.7739e-01
          chance penalty: total=0.000e+00 static=0.000e+00 recipe=0.000e+00 state=0.000e+00   penalty/W2=0.00x
          windows violating: static=0/150 recipe=0/150 state=0/150
          per-phase W2: ph0=8.2605e-01(n=47)  ph1=2.9193e-01(n=25)  ph2=7.3834e-01(n=78)

saved -> /home/s2892016/Thesis/MCPILCO/results_pensim/cdil_policy_asre_lam0p1.pt
