[pensim] dataset folder: /home/s2892016/Thesis/deps/smpl/smpl/configdata/pensimenv  (12 CSVs)
[units] PeniControlData obs bounds: time [0.16, 276.00] h
[units] PeniControlData act bounds: [ 0.   7.  21.  29.   0.5  0. ] .. [4.10e+03 1.51e+02 3.60e+01 7.60e+01 1.20e+00 5.10e+02]
[policy] /home/s2892016/Thesis/MCPILCO/results_pensim/cdil_policy_gate_best.pt
[policy] kind=rbf state_dim=8 u_max=3.0 | final training W2 = 0.3951
[action] recipe setpoint (physical): [254.173  76.519  25.965  60.961   0.905 153.74 ]
[action] clipping: static +/-10% of dataset mean

collecting 10 episodes -> /home/s2892016/Thesis/deps/smpl/smpl/configdata/pensim_bnd_rbf
    dropped terminal error_reward row at t=229.8 h
  episode 0: 1149 steps, final t=229.6 h, total yield=3342.2228  ->  bnd_rbf_gate_batch_0.csv
    dropped terminal error_reward row at t=229.8 h
  episode 1: 1149 steps, final t=229.6 h, total yield=3421.8811  ->  bnd_rbf_gate_batch_1.csv
    dropped terminal error_reward row at t=229.8 h
  episode 2: 1149 steps, final t=229.6 h, total yield=3347.7907  ->  bnd_rbf_gate_batch_2.csv
    dropped terminal error_reward row at t=229.8 h
  episode 3: 1149 steps, final t=229.6 h, total yield=3659.5347  ->  bnd_rbf_gate_batch_3.csv
    dropped terminal error_reward row at t=229.8 h
  episode 4: 1149 steps, final t=229.6 h, total yield=3809.7203  ->  bnd_rbf_gate_batch_4.csv
    dropped terminal error_reward row at t=229.8 h
  episode 5: 1149 steps, final t=229.6 h, total yield=3523.5509  ->  bnd_rbf_gate_batch_5.csv
    dropped terminal error_reward row at t=229.8 h
  episode 6: 1149 steps, final t=229.6 h, total yield=3513.2336  ->  bnd_rbf_gate_batch_6.csv
    dropped terminal error_reward row at t=229.8 h
  episode 7: 1149 steps, final t=229.6 h, total yield=3752.9483  ->  bnd_rbf_gate_batch_7.csv
    dropped terminal error_reward row at t=229.8 h
  episode 8: 1149 steps, final t=229.6 h, total yield=3567.5200  ->  bnd_rbf_gate_batch_8.csv
    dropped terminal error_reward row at t=229.8 h
  episode 9: 1149 steps, final t=229.6 h, total yield=3202.4592  ->  bnd_rbf_gate_batch_9.csv

summary:
  episodes written: 10/10
  total yield  mean=3514.0862  min=3202.4592  max=3809.7203
  yield/step   mean=3.0584  min=2.7872  max=3.3157   (SMPL paper baseline: 3.3071)
  files written to /home/s2892016/Thesis/deps/smpl/smpl/configdata/pensim_bnd_rbf
[pensim] dataset folder: /home/s2892016/Thesis/deps/smpl/smpl/configdata/pensimenv  (12 CSVs)

NOTE: this folder is NOT the one the trainer reads (/home/s2892016/Thesis/deps/smpl/smpl/configdata/pensimenv).
      Copy the CSVs there (or repoint default_dataset_folder) to retrain on them.
