EXACT GP INFERENCE SELECTED
EXACT GP INFERENCE SELECTED
EXACT GP INFERENCE SELECTED
world models loaded:
  phase 0: [0,48) h  train pts=800  epochs=2001  select=pivchol
  phase 1: [48,72) h  train pts=800  epochs=2001  select=pivchol
  phase 2: [72,inf) h  train pts=800  epochs=2001  select=pivchol
  -> all models share one z-space (verified)
combined training state range: [-10.41, 40.38] (z-units)
[PFQuery] loaded checkpoint flgfn_corrected.pt
pre-caching 150 expert distributions (1.0..150.0 h) ...
  done. example eigenvalues @75h: [0.00018914 0.00684495 0.04047212]
expert windows per world model: phase 0: 34  phase 1: 16  phase 2: 100

per-channel action limits (+/-10% of setpoint):
    discharge      setpoint=   254.173   u_max_z=0.0401
    sugar          setpoint=    76.519   u_max_z=0.4255
    soilbean       setpoint=    25.965   u_max_z=0.7110
    aeration       setpoint=    60.961   u_max_z=0.7499
    backpressure   setpoint=     0.905   u_max_z=0.8753
    waterinj       setpoint=   153.740   u_max_z=0.1374
  (previous flat u_max was 3.0 -> [74.7  7.1  4.2  4.   3.4 21.8]x too wide per channel)

Bernoulli gate ON, channels ['discharge'] (straight-through estimator; the paper notes it is BIASED)
    discharge    off=     0.0 phys ( -0.401 z)   on=  4000.0 phys (  5.917 z)

policy 'rbf': in=8 out=6 params=2808  u_max=3.0
EPISODIC: T=5 steps (1.0 h) per window, 150 windows/iter x 20 iters = 3000 policy updates
objective: E_s(E_a|s(W2))  states=100 x actions=5 = 500 particles;  means EXCLUDED (cross_dim)
world models: PHASE-SPECIFIC (3)
action spread across 5 replicas of ONE state: 5.768e-01   (ok)

chance constraints ON (Tan et al. Eq. 9): eps=0.95 -> Phi^-1=1.6449
  static box   : ON  alpha=1000.0   EXEMPT (gated): discharge
  recipe band  : off  alpha=1000.0  +/-10% of profile, floor 5% of span, smoothed +/-2.0 h
    discharge      static z-box  EXEMPT (Bernoulli gate)
    sugar          static z-box [ -3.865,   4.141]
    soilbean       static z-box [ -1.360,   2.748]
    aeration       static z-box [ -3.932,   1.850]
    backpressure   static z-box [ -3.915,   2.859]
    waterinj       static z-box [ -1.374,   3.185]
  state floor  : ON  alpha=1.0  Wt >= 50000 physical = -1.534 z  (channel 6)
                 training data below this floor: 0.0%   (z range -1.34 .. -0.62)

action L2: ON  lambda=0.001   multiplier: off   N_ITERS=20
           exempt from L2 (valve-like, bimodal): discharge
iter   0  W2 mean=4.543839e-01 min=6.9092e-05 max=6.6144e-01
          |grad| med=3.363e-02 max=6.989e+00  DEAD(<1e-12)=0/150  CLIPPED=0/150
          |s|max med=37.24 max=65.47 (data 40.38)   |a|max=5.9168
          gate open-prob: discharge=0.487   (reference duty cycle ~0.05)
          action ||a||^2: mean=0.2086 max=0.7673   lambda*mean=2.0862e-04
          chance penalty: total=9.940e-04 static=9.940e-04 recipe=0.000e+00 state=0.000e+00   penalty/W2=0.00x
          windows violating: static=3/150 recipe=0/150 state=0/150
          per-phase W2: ph0=5.6081e-01(n=34)  ph1=4.4287e-04(n=16)  ph2=4.9083e-01(n=100)
iter   1  W2 mean=4.275540e-01 min=4.9816e-04 max=5.7663e-01
          |grad| med=4.931e-02 max=1.204e+00  DEAD(<1e-12)=0/150  CLIPPED=0/150
          |s|max med=37.79 max=63.81 (data 40.38)   |a|max=5.9168
          gate open-prob: discharge=0.404   (reference duty cycle ~0.05)
          action ||a||^2: mean=0.8183 max=1.5373   lambda*mean=8.1828e-04
          chance penalty: total=6.391e-04 static=6.391e-04 recipe=0.000e+00 state=0.000e+00   penalty/W2=0.00x
          windows violating: static=6/150 recipe=0/150 state=0/150
          per-phase W2: ph0=5.3651e-01(n=34)  ph1=1.1776e-03(n=16)  ph2=4.5873e-01(n=100)
iter   2  W2 mean=4.001718e-01 min=1.0407e-03 max=5.6734e-01
          |grad| med=6.203e-02 max=2.187e+00  DEAD(<1e-12)=0/150  CLIPPED=0/150
          |s|max med=36.00 max=61.30 (data 40.38)   |a|max=5.9168
          gate open-prob: discharge=0.306   (reference duty cycle ~0.05)
          action ||a||^2: mean=1.2406 max=2.2215   lambda*mean=1.2406e-03
          chance penalty: total=2.093e-03 static=2.093e-03 recipe=0.000e+00 state=0.000e+00   penalty/W2=0.01x
          windows violating: static=8/150 recipe=0/150 state=0/150
          per-phase W2: ph0=4.7028e-01(n=34)  ph1=1.6284e-03(n=16)  ph2=4.4010e-01(n=100)
iter   3  W2 mean=4.016323e-01 min=8.9157e-04 max=5.7439e-01
          |grad| med=8.083e-02 max=2.759e+00  DEAD(<1e-12)=0/150  CLIPPED=0/150
          |s|max med=38.74 max=63.90 (data 40.38)   |a|max=5.9168
          gate open-prob: discharge=0.332   (reference duty cycle ~0.05)
          action ||a||^2: mean=1.4651 max=2.3728   lambda*mean=1.4651e-03
          chance penalty: total=7.973e-04 static=7.973e-04 recipe=0.000e+00 state=0.000e+00   penalty/W2=0.00x
          windows violating: static=5/150 recipe=0/150 state=0/150
          per-phase W2: ph0=4.3177e-01(n=34)  ph1=1.9844e-03(n=16)  ph2=4.5533e-01(n=100)
iter   4  W2 mean=4.054336e-01 min=6.4102e-04 max=5.6860e-01
          |grad| med=6.632e-02 max=1.159e+01  DEAD(<1e-12)=0/150  CLIPPED=1/150
          |s|max med=37.49 max=62.49 (data 40.38)   |a|max=5.9168
          gate open-prob: discharge=0.341   (reference duty cycle ~0.05)
          action ||a||^2: mean=1.1572 max=1.7289   lambda*mean=1.1572e-03
          chance penalty: total=3.277e-05 static=3.277e-05 recipe=0.000e+00 state=0.000e+00   penalty/W2=0.00x
          windows violating: static=1/150 recipe=0/150 state=0/150
          per-phase W2: ph0=4.4307e-01(n=34)  ph1=1.0665e-03(n=16)  ph2=4.5734e-01(n=100)
iter   5  W2 mean=4.057706e-01 min=6.6694e-04 max=5.8379e-01
          |grad| med=7.207e-02 max=3.253e+00  DEAD(<1e-12)=0/150  CLIPPED=0/150
          |s|max med=39.34 max=63.58 (data 40.38)   |a|max=5.9168
          gate open-prob: discharge=0.371   (reference duty cycle ~0.05)
          action ||a||^2: mean=1.3160 max=2.0168   lambda*mean=1.3160e-03
          chance penalty: total=4.785e-04 static=4.785e-04 recipe=0.000e+00 state=0.000e+00   penalty/W2=0.00x
          windows violating: static=3/150 recipe=0/150 state=0/150
          per-phase W2: ph0=4.3958e-01(n=34)  ph1=1.1775e-03(n=16)  ph2=4.5901e-01(n=100)
iter   6  W2 mean=4.012514e-01 min=6.5933e-04 max=5.7943e-01
          |grad| med=8.501e-02 max=2.072e+00  DEAD(<1e-12)=0/150  CLIPPED=0/150
          |s|max med=37.71 max=73.01 (data 40.38)   |a|max=5.9168
          gate open-prob: discharge=0.316   (reference duty cycle ~0.05)
          action ||a||^2: mean=1.5863 max=2.1648   lambda*mean=1.5863e-03
          chance penalty: total=3.853e-04 static=3.853e-04 recipe=0.000e+00 state=0.000e+00   penalty/W2=0.00x
          windows violating: static=3/150 recipe=0/150 state=0/150
          per-phase W2: ph0=4.1357e-01(n=34)  ph1=1.4079e-03(n=16)  ph2=4.6104e-01(n=100)
iter   7  W2 mean=3.980783e-01 min=8.5304e-04 max=5.9217e-01
          |grad| med=8.772e-02 max=1.740e+00  DEAD(<1e-12)=0/150  CLIPPED=0/150
          |s|max med=37.63 max=69.05 (data 40.38)   |a|max=5.9168
          gate open-prob: discharge=0.283   (reference duty cycle ~0.05)
          action ||a||^2: mean=1.2625 max=2.1318   lambda*mean=1.2625e-03
          chance penalty: total=1.664e-04 static=1.664e-04 recipe=0.000e+00 state=0.000e+00   penalty/W2=0.00x
          windows violating: static=3/150 recipe=0/150 state=0/150
          per-phase W2: ph0=4.0578e-01(n=34)  ph1=1.3692e-03(n=16)  ph2=4.5893e-01(n=100)
iter   8  W2 mean=4.032988e-01 min=7.9798e-04 max=5.8752e-01
          |grad| med=8.388e-02 max=4.720e+00  DEAD(<1e-12)=0/150  CLIPPED=0/150
          |s|max med=38.29 max=63.77 (data 40.38)   |a|max=5.9168
          gate open-prob: discharge=0.390   (reference duty cycle ~0.05)
          action ||a||^2: mean=1.4131 max=2.1649   lambda*mean=1.4131e-03
          chance penalty: total=5.486e-04 static=5.486e-04 recipe=0.000e+00 state=0.000e+00   penalty/W2=0.00x
          windows violating: static=4/150 recipe=0/150 state=0/150
          per-phase W2: ph0=4.3913e-01(n=34)  ph1=1.2730e-03(n=16)  ph2=4.5544e-01(n=100)
iter   9  W2 mean=4.103007e-01 min=9.9840e-04 max=6.1277e-01
          |grad| med=6.086e-02 max=2.359e+00  DEAD(<1e-12)=0/150  CLIPPED=0/150
          |s|max med=36.47 max=60.75 (data 40.38)   |a|max=5.9168
          gate open-prob: discharge=0.320   (reference duty cycle ~0.05)
          action ||a||^2: mean=1.6165 max=2.3458   lambda*mean=1.6165e-03
          chance penalty: total=9.202e-04 static=9.202e-04 recipe=0.000e+00 state=0.000e+00   penalty/W2=0.00x
          windows violating: static=5/150 recipe=0/150 state=0/150
          per-phase W2: ph0=4.4042e-01(n=34)  ph1=1.6238e-03(n=16)  ph2=4.6545e-01(n=100)
iter  10  W2 mean=4.126744e-01 min=1.8900e-03 max=5.8889e-01
          |grad| med=7.069e-02 max=2.858e+00  DEAD(<1e-12)=0/150  CLIPPED=0/150
          |s|max med=37.11 max=62.62 (data 40.38)   |a|max=5.9168
          gate open-prob: discharge=0.413   (reference duty cycle ~0.05)
          action ||a||^2: mean=1.9467 max=2.4071   lambda*mean=1.9467e-03
          chance penalty: total=1.508e-04 static=1.508e-04 recipe=0.000e+00 state=0.000e+00   penalty/W2=0.00x
          windows violating: static=2/150 recipe=0/150 state=0/150
          per-phase W2: ph0=4.3308e-01(n=34)  ph1=2.1802e-03(n=16)  ph2=4.7142e-01(n=100)
iter  11  W2 mean=4.232026e-01 min=4.5610e-04 max=5.7824e-01
          |grad| med=6.716e-02 max=1.013e+01  DEAD(<1e-12)=0/150  CLIPPED=1/150
          |s|max med=37.59 max=59.24 (data 40.38)   |a|max=5.9168
          gate open-prob: discharge=0.355   (reference duty cycle ~0.05)
          action ||a||^2: mean=0.8360 max=2.2215   lambda*mean=8.3602e-04
          chance penalty: total=0.000e+00 static=0.000e+00 recipe=0.000e+00 state=0.000e+00   penalty/W2=0.00x
          windows violating: static=0/150 recipe=0/150 state=0/150
          per-phase W2: ph0=4.7124e-01(n=34)  ph1=9.4617e-04(n=16)  ph2=4.7443e-01(n=100)
iter  12  W2 mean=4.141470e-01 min=3.2452e-04 max=5.6946e-01
          |grad| med=5.824e-02 max=5.317e+01  DEAD(<1e-12)=0/150  CLIPPED=1/150
          |s|max med=38.38 max=56.61 (data 40.38)   |a|max=5.9168
          gate open-prob: discharge=0.325   (reference duty cycle ~0.05)
          action ||a||^2: mean=0.4676 max=0.8192   lambda*mean=4.6762e-04
          chance penalty: total=0.000e+00 static=0.000e+00 recipe=0.000e+00 state=0.000e+00   penalty/W2=0.00x
          windows violating: static=0/150 recipe=0/150 state=0/150
          per-phase W2: ph0=4.5268e-01(n=34)  ph1=6.3699e-04(n=16)  ph2=4.6721e-01(n=100)
iter  13  W2 mean=3.979081e-01 min=6.4537e-04 max=5.5488e-01
          |grad| med=7.972e-02 max=1.372e+00  DEAD(<1e-12)=0/150  CLIPPED=0/150
          |s|max med=36.65 max=63.47 (data 40.38)   |a|max=5.9168
          gate open-prob: discharge=0.296   (reference duty cycle ~0.05)
          action ||a||^2: mean=0.8631 max=1.4005   lambda*mean=8.6310e-04
          chance penalty: total=1.842e-05 static=1.842e-05 recipe=0.000e+00 state=0.000e+00   penalty/W2=0.00x
          windows violating: static=1/150 recipe=0/150 state=0/150
          per-phase W2: ph0=4.1525e-01(n=34)  ph1=1.0840e-03(n=16)  ph2=4.5550e-01(n=100)
iter  14  W2 mean=4.243951e-01 min=4.5654e-04 max=6.1319e-01
          |grad| med=6.720e-02 max=9.255e+00  DEAD(<1e-12)=0/150  CLIPPED=0/150
          |s|max med=37.09 max=64.57 (data 40.38)   |a|max=5.9168
          gate open-prob: discharge=0.471   (reference duty cycle ~0.05)
          action ||a||^2: mean=0.6456 max=1.2414   lambda*mean=6.4558e-04
          chance penalty: total=1.664e-04 static=1.664e-04 recipe=0.000e+00 state=0.000e+00   penalty/W2=0.00x
          windows violating: static=2/150 recipe=0/150 state=0/150
          per-phase W2: ph0=4.9408e-01(n=34)  ph1=7.8153e-04(n=16)  ph2=4.6848e-01(n=100)
iter  15  W2 mean=4.225092e-01 min=4.8867e-04 max=5.9187e-01
          |grad| med=6.435e-02 max=3.288e+00  DEAD(<1e-12)=0/150  CLIPPED=0/150
          |s|max med=37.65 max=67.90 (data 40.38)   |a|max=5.9168
          gate open-prob: discharge=0.419   (reference duty cycle ~0.05)
          action ||a||^2: mean=0.8422 max=1.3509   lambda*mean=8.4221e-04
          chance penalty: total=2.154e-04 static=2.154e-04 recipe=0.000e+00 state=0.000e+00   penalty/W2=0.00x
          windows violating: static=2/150 recipe=0/150 state=0/150
          per-phase W2: ph0=5.1875e-01(n=34)  ph1=9.1294e-04(n=16)  ph2=4.5724e-01(n=100)
iter  16  W2 mean=4.162334e-01 min=1.0710e-03 max=5.6369e-01
          |grad| med=6.956e-02 max=6.452e+00  DEAD(<1e-12)=0/150  CLIPPED=0/150
          |s|max med=35.63 max=68.62 (data 40.38)   |a|max=5.9168
          gate open-prob: discharge=0.382   (reference duty cycle ~0.05)
          action ||a||^2: mean=1.1304 max=1.6716   lambda*mean=1.1304e-03
          chance penalty: total=3.290e-04 static=3.290e-04 recipe=0.000e+00 state=0.000e+00   penalty/W2=0.00x
          windows violating: static=3/150 recipe=0/150 state=0/150
          per-phase W2: ph0=4.7863e-01(n=34)  ph1=1.3563e-03(n=16)  ph2=4.6140e-01(n=100)
iter  17  W2 mean=4.076910e-01 min=1.1463e-03 max=6.2363e-01
          |grad| med=7.540e-02 max=1.874e+00  DEAD(<1e-12)=0/150  CLIPPED=0/150
          |s|max med=37.95 max=62.07 (data 40.38)   |a|max=5.9168
          gate open-prob: discharge=0.334   (reference duty cycle ~0.05)
          action ||a||^2: mean=1.2847 max=2.0986   lambda*mean=1.2847e-03
          chance penalty: total=1.985e-03 static=1.985e-03 recipe=0.000e+00 state=0.000e+00   penalty/W2=0.00x
          windows violating: static=2/150 recipe=0/150 state=0/150
          per-phase W2: ph0=4.4286e-01(n=34)  ph1=1.5451e-03(n=16)  ph2=4.6072e-01(n=100)
iter  18  W2 mean=4.034771e-01 min=1.0330e-03 max=5.6070e-01
          |grad| med=7.873e-02 max=1.060e+02  DEAD(<1e-12)=0/150  CLIPPED=1/150
          |s|max med=36.26 max=68.12 (data 40.38)   |a|max=5.9168
          gate open-prob: discharge=0.334   (reference duty cycle ~0.05)
          action ||a||^2: mean=1.7166 max=3.5801   lambda*mean=1.7166e-03
          chance penalty: total=6.463e-04 static=6.463e-04 recipe=0.000e+00 state=0.000e+00   penalty/W2=0.00x
          windows violating: static=6/150 recipe=0/150 state=0/150
          per-phase W2: ph0=4.4638e-01(n=34)  ph1=1.8020e-03(n=16)  ph2=4.5316e-01(n=100)
iter  19  W2 mean=3.921423e-01 min=1.0908e-03 max=5.7432e-01
          |grad| med=8.124e-02 max=6.770e+00  DEAD(<1e-12)=0/150  CLIPPED=0/150
          |s|max med=37.68 max=61.46 (data 40.38)   |a|max=5.9168
          gate open-prob: discharge=0.389   (reference duty cycle ~0.05)
          action ||a||^2: mean=1.8643 max=4.3361   lambda*mean=1.8643e-03
          chance penalty: total=7.460e-04 static=7.460e-04 recipe=0.000e+00 state=0.000e+00   penalty/W2=0.00x
          windows violating: static=5/150 recipe=0/150 state=0/150
          per-phase W2: ph0=3.9085e-01(n=34)  ph1=2.2268e-03(n=16)  ph2=4.5497e-01(n=100)

saved -> /home/s2892016/Thesis/MCPILCO/results_pensim/cdil_policy_gate_lam0p001.pt
