EXACT GP INFERENCE SELECTED
world models loaded:
  phase -1: [0,inf) h  train pts=800  epochs=2001  select=pivchol
  -> all models share one z-space (verified)
combined training state range: [-38.96, 46.61] (z-units)
[PFQuery] loaded checkpoint flgfn_corrected.pt
pre-caching 150 expert distributions (1.0..150.0 h) ...
  done. example eigenvalues @75h: [0.00018914 0.00684495 0.04047212]
expert windows per world model: phase -1: 150

per-channel action limits (+/-10% of setpoint):
    discharge      setpoint=   189.121   u_max_z=0.0362
    sugar          setpoint=    79.061   u_max_z=0.5237
    soilbean       setpoint=    25.527   u_max_z=0.7715
    aeration       setpoint=    64.952   u_max_z=0.9860
    backpressure   setpoint=     0.966   u_max_z=1.1031
    waterinj       setpoint=   153.559   u_max_z=0.1647
  (previous flat u_max was 3.0 -> [82.9  5.7  3.9  3.   2.7 18.2]x too wide per channel)
[loop] warm-starting policy from /home/s2892016/Thesis/MCPILCO/results_pensim/cdil_policy_bnd_iter1.pt
[loop] z-space drift since that policy: max mean-shift=0.091 sigma, max scale change=15.7%
[loop] centres and lengthscales remapped into the new z-space
[loop] loaded policy weights (previous final W2 = 0.7905)

policy Sum_of_gaussians (flat u_max=3.0): in=8 out=6 params=2808
  centres span per-dim [-42.11, 51.06] (data [-38.96, 46.61])
  lengthscales: [10.966  6.198 12.838  1.504  2.395  7.763  1.239  1.76 ]
EPISODIC: T=5 steps (1.0 h) per window, 150 windows/iter x 20 iters = 3000 policy updates
objective: E_s(E_a|s(W2))  states=100 x actions=5 = 500 particles;  means EXCLUDED (cross_dim)
world models: SINGLE (all data)
action spread across 5 replicas of ONE state: 3.188e-02   (ok)
iter   0  W2 mean=5.279654e-01 min=3.6662e-01 max=7.1534e-01
          |grad| med=2.181e-01 max=2.848e+01  DEAD(<1e-12)=0/150  CLIPPED=1/150
          |s|max med=53.81 max=87.64 (data 46.61)   |a|max=2.9947
          per-phase W2: ph-1=5.2797e-01(n=150)
iter   1  W2 mean=5.237464e-01 min=3.7669e-01 max=6.8751e-01
          |grad| med=2.712e-01 max=5.772e+00  DEAD(<1e-12)=0/150  CLIPPED=0/150
          |s|max med=53.14 max=84.86 (data 46.61)   |a|max=2.9973
          per-phase W2: ph-1=5.2375e-01(n=150)
iter   2  W2 mean=5.296045e-01 min=3.5103e-01 max=7.0522e-01
          |grad| med=2.365e-01 max=4.912e+00  DEAD(<1e-12)=0/150  CLIPPED=0/150
          |s|max med=52.96 max=83.34 (data 46.61)   |a|max=2.9953
          per-phase W2: ph-1=5.2960e-01(n=150)
iter   3  W2 mean=5.352826e-01 min=3.6945e-01 max=7.2056e-01
          |grad| med=2.490e-01 max=7.867e+00  DEAD(<1e-12)=0/150  CLIPPED=0/150
          |s|max med=52.22 max=77.53 (data 46.61)   |a|max=2.9983
          per-phase W2: ph-1=5.3528e-01(n=150)
iter   4  W2 mean=5.230612e-01 min=3.7379e-01 max=6.9379e-01
          |grad| med=2.357e-01 max=3.355e+00  DEAD(<1e-12)=0/150  CLIPPED=0/150
          |s|max med=52.85 max=90.15 (data 46.61)   |a|max=2.9958
          per-phase W2: ph-1=5.2306e-01(n=150)
iter   5  W2 mean=5.351261e-01 min=3.7375e-01 max=7.0016e-01
          |grad| med=1.894e-01 max=1.301e+01  DEAD(<1e-12)=0/150  CLIPPED=1/150
          |s|max med=52.27 max=78.39 (data 46.61)   |a|max=2.9992
          per-phase W2: ph-1=5.3513e-01(n=150)
iter   6  W2 mean=5.391953e-01 min=3.6660e-01 max=6.8433e-01
          |grad| med=1.941e-01 max=9.900e+00  DEAD(<1e-12)=0/150  CLIPPED=0/150
          |s|max med=52.79 max=92.20 (data 46.61)   |a|max=2.9988
          per-phase W2: ph-1=5.3920e-01(n=150)
iter   7  W2 mean=5.358356e-01 min=3.8447e-01 max=7.8790e-01
          |grad| med=2.212e-01 max=3.920e+00  DEAD(<1e-12)=0/150  CLIPPED=0/150
          |s|max med=52.43 max=86.74 (data 46.61)   |a|max=2.9994
          per-phase W2: ph-1=5.3584e-01(n=150)
iter   8  W2 mean=5.341294e-01 min=3.6950e-01 max=7.3832e-01
          |grad| med=2.231e-01 max=4.999e+00  DEAD(<1e-12)=0/150  CLIPPED=0/150
          |s|max med=53.73 max=83.41 (data 46.61)   |a|max=2.9994
          per-phase W2: ph-1=5.3413e-01(n=150)
iter   9  W2 mean=5.347619e-01 min=3.5821e-01 max=7.4670e-01
          |grad| med=2.363e-01 max=7.090e+00  DEAD(<1e-12)=0/150  CLIPPED=0/150
          |s|max med=53.54 max=93.36 (data 46.61)   |a|max=2.9998
          per-phase W2: ph-1=5.3476e-01(n=150)
iter  10  W2 mean=5.336523e-01 min=3.7830e-01 max=7.1993e-01
          |grad| med=2.007e-01 max=6.722e+00  DEAD(<1e-12)=0/150  CLIPPED=0/150
          |s|max med=56.28 max=83.49 (data 46.61)   |a|max=2.9944
          per-phase W2: ph-1=5.3365e-01(n=150)
iter  11  W2 mean=5.324733e-01 min=3.9573e-01 max=6.7251e-01
          |grad| med=1.689e-01 max=4.530e+00  DEAD(<1e-12)=0/150  CLIPPED=0/150
          |s|max med=53.59 max=75.26 (data 46.61)   |a|max=2.9965
          per-phase W2: ph-1=5.3247e-01(n=150)
iter  12  W2 mean=5.281252e-01 min=3.7411e-01 max=6.5713e-01
          |grad| med=2.033e-01 max=2.003e+00  DEAD(<1e-12)=0/150  CLIPPED=0/150
          |s|max med=53.09 max=80.32 (data 46.61)   |a|max=2.9951
          per-phase W2: ph-1=5.2813e-01(n=150)
iter  13  W2 mean=5.285910e-01 min=3.5170e-01 max=6.9876e-01
          |grad| med=2.245e-01 max=3.224e+01  DEAD(<1e-12)=0/150  CLIPPED=1/150
          |s|max med=53.19 max=78.38 (data 46.61)   |a|max=2.9960
          per-phase W2: ph-1=5.2859e-01(n=150)
iter  14  W2 mean=5.295748e-01 min=3.7269e-01 max=6.9697e-01
          |grad| med=2.338e-01 max=4.428e+00  DEAD(<1e-12)=0/150  CLIPPED=0/150
          |s|max med=52.47 max=88.31 (data 46.61)   |a|max=2.9989
          per-phase W2: ph-1=5.2957e-01(n=150)
iter  15  W2 mean=5.252121e-01 min=3.8229e-01 max=6.7079e-01
          |grad| med=2.084e-01 max=3.638e+00  DEAD(<1e-12)=0/150  CLIPPED=0/150
          |s|max med=52.96 max=80.58 (data 46.61)   |a|max=2.9980
          per-phase W2: ph-1=5.2521e-01(n=150)
iter  16  W2 mean=5.213998e-01 min=3.7318e-01 max=6.7487e-01
          |grad| med=1.992e-01 max=9.701e+00  DEAD(<1e-12)=0/150  CLIPPED=0/150
          |s|max med=51.98 max=80.87 (data 46.61)   |a|max=2.9995
          per-phase W2: ph-1=5.2140e-01(n=150)
iter  17  W2 mean=5.254039e-01 min=3.5881e-01 max=6.8227e-01
          |grad| med=1.958e-01 max=3.872e+00  DEAD(<1e-12)=0/150  CLIPPED=0/150
          |s|max med=54.60 max=92.39 (data 46.61)   |a|max=2.9997
          per-phase W2: ph-1=5.2540e-01(n=150)
iter  18  W2 mean=5.179464e-01 min=3.5163e-01 max=6.9643e-01
          |grad| med=2.142e-01 max=3.017e+00  DEAD(<1e-12)=0/150  CLIPPED=0/150
          |s|max med=54.00 max=91.82 (data 46.61)   |a|max=2.9955
          per-phase W2: ph-1=5.1795e-01(n=150)
iter  19  W2 mean=5.227393e-01 min=3.5595e-01 max=7.1286e-01
          |grad| med=2.474e-01 max=7.918e+00  DEAD(<1e-12)=0/150  CLIPPED=0/150
          |s|max med=54.11 max=76.69 (data 46.61)   |a|max=2.9960
          per-phase W2: ph-1=5.2274e-01(n=150)

saved -> /home/s2892016/Thesis/MCPILCO/results_pensim/cdil_policy_bnd_iter2.pt
