=== training world model: phase=-1 (bnd_rbf_iter0)  n_keep=800  n_epoch=2001  select=pivchol ===
[pensim] dataset folder (PENSIM_DATA_DIR): /home/s2892016/Thesis/deps/smpl/smpl/configdata/pensim_bnd_rbf  (12 CSVs)
max observations: [2.76000000e+02 8.05261517e+00 3.62841400e+02 6.85863686e+00
 2.70000000e+02 1.80000012e+03 9.46039368e+02 1.26920055e+05
 2.39494171e+01]
min observations: [1.6000001e-01 4.5955915e+00 2.3797954e+02 0.0000000e+00 0.0000000e+00
 0.0000000e+00 0.0000000e+00 5.0006516e+04 2.3598127e+00]
dataset max observations: [2.30000000e+02 6.63759613e+00 2.99986786e+02 4.67915392e+00
 2.25000000e+02 7.80477295e+02 4.72615326e+02 1.03417805e+05
 1.93880215e+01]
dataset min observations: [2.0000000e-01 6.0929465e+00 2.9777319e+02 0.0000000e+00 0.0000000e+00
 9.9999997e-05 9.9999997e-05 6.2508551e+04 9.0607529e+00]
max actions: [4.10e+03 1.51e+02 3.60e+01 7.60e+01 1.20e+00 5.10e+02]
min actions: [ 0.   7.  21.  29.   0.5  0. ]
dataset max actions: [4.094559e+03 1.470660e+02 3.580100e+01 7.514100e+01 1.132000e+00
 5.038400e+02]
dataset min actions: [ 0.     7.361 21.249 29.636  0.545  0.   ]
normalize: True
using max/min observations and actions.
[std:obs]
     0 pH             mean=     0.10098  std=   0.014888
     1 T              mean=    -0.03812  std=   0.002832
     2 Fa             mean=    -0.99547  std=   0.041598
     3 Fb             mean=    -0.20793  std=   0.282047
     4 Fc             mean=    -0.90409  std=   0.136456
     5 Fh             mean=    -0.95831  std=   0.088220
     6 Wt             mean=    -0.02422  std=   0.324594
     7 DO2            mean=     0.16482  std=   0.151835
[std:act]
     0 discharge      mean=    -0.90241  std=   0.416216
     1 sugar          mean=    -0.02209  std=   0.333067
     2 soilbean       mean=    -0.35964  std=   0.656360
     3 aeration       mean=     0.48896  std=   0.425750
     4 backpressure   mean=     0.25317  std=   0.368922
     5 waterinj       mean=    -0.39234  std=   0.593404
[pensim] 13800 transitions | obs 8d act 6d
[pensim] obs per-dim std: [1. 1. 1. 1. 1. 1. 1. 1.]
[pensim] act per-dim std: [1. 1. 1. 1. 1. 1.]
[pensim] time range: 0.08 .. 459.95 h
[pensim]   phase 0 [0, 35) h: 1056 transitions
[pensim]   phase 1 [35, 51) h: 480 transitions
[pensim]   phase 2 [51, inf) h: 12264 transitions
[pensim] phase -1: t in [0, inf) h  ->  13800 of 13800 transitions (100.0%)
[pivchol] selected 800/13600 points  (residual trace 3.801e+03)
train N=800   test N=200   gp input dim=14   num_gp=8
training-set time span: 0.08 .. 459.95 h
EXACT GP INFERENCE SELECTED

Initial parameters:
 parameters:
- sigma_n_log : tensor([-4.6052], dtype=torch.float64)
- log_lengthscales_par : tensor([0., 0., 0., 0., 0., 0., 0., 0., 0., 0., 0., 0., 0., 0.],
       dtype=torch.float64)
- log_lambda_par : tensor([0.], dtype=torch.float64)
- mean_par : tensor([0.], dtype=torch.float64)

EPOCH: 0
 parameters:
- sigma_n_log : tensor([-4.6152], dtype=torch.float64)
- log_lengthscales_par : tensor([0.0100, 0.0100, 0.0100, 0.0100, 0.0100, 0.0100, 0.0100, 0.0100, 0.0100,
        0.0100, 0.0100, 0.0100, 0.0100, 0.0100], dtype=torch.float64)
- log_lambda_par : tensor([0.0100], dtype=torch.float64)
- mean_par : tensor([0.], dtype=torch.float64)
Running loss: 425.12074917746065
Time elapsed: 1.887331247329712

EPOCH: 1000
 parameters:
- sigma_n_log : tensor([-1.9114], dtype=torch.float64)
- log_lengthscales_par : tensor([ 1.9140,  4.0670,  1.0092,  1.8261,  3.5616,  4.9376, -0.2783,  0.0990,
         3.0814,  2.2837,  3.8520,  1.0795,  0.2907,  3.3784],
       dtype=torch.float64)
- log_lambda_par : tensor([1.7257], dtype=torch.float64)
- mean_par : tensor([0.], dtype=torch.float64)
Running loss: -239.19029478519076
Time elapsed: 493.57707357406616

EPOCH: 2000
 parameters:
- sigma_n_log : tensor([-1.9018], dtype=torch.float64)
- log_lengthscales_par : tensor([ 1.9281,  4.2537,  1.0130,  1.8322,  3.5164,  5.8735, -0.2847,  0.1060,
         3.0960,  2.2810,  4.7359,  1.0866,  0.2970,  3.4085],
       dtype=torch.float64)
- log_lambda_par : tensor([1.7598], dtype=torch.float64)
- mean_par : tensor([0.], dtype=torch.float64)
Running loss: -240.74789898313207
Time elapsed: 499.4846954345703

Final parameters:
 parameters:
- sigma_n_log : tensor([-1.9018], dtype=torch.float64)
- log_lengthscales_par : tensor([ 1.9281,  4.2537,  1.0130,  1.8322,  3.5164,  5.8735, -0.2847,  0.1060,
         3.0960,  2.2810,  4.7359,  1.0866,  0.2970,  3.4085],
       dtype=torch.float64)
- log_lambda_par : tensor([1.7598], dtype=torch.float64)
- mean_par : tensor([0.], dtype=torch.float64)
MSE gp 0:  tensor(0.0087, dtype=torch.float64)

Initial parameters:
 parameters:
- sigma_n_log : tensor([-4.6052], dtype=torch.float64)
- log_lengthscales_par : tensor([0., 0., 0., 0., 0., 0., 0., 0., 0., 0., 0., 0., 0., 0.],
       dtype=torch.float64)
- log_lambda_par : tensor([0.], dtype=torch.float64)
- mean_par : tensor([0.], dtype=torch.float64)

EPOCH: 0
 parameters:
- sigma_n_log : tensor([-4.5952], dtype=torch.float64)
- log_lengthscales_par : tensor([ 0.0100, -0.0100,  0.0100,  0.0100,  0.0100,  0.0100,  0.0100,  0.0100,
         0.0100,  0.0100,  0.0100,  0.0100,  0.0100,  0.0100],
       dtype=torch.float64)
- log_lambda_par : tensor([0.0100], dtype=torch.float64)
- mean_par : tensor([0.], dtype=torch.float64)
Running loss: 660.8705579519936
Time elapsed: 0.5677943229675293

EPOCH: 1000
 parameters:
- sigma_n_log : tensor([-2.1008], dtype=torch.float64)
- log_lengthscales_par : tensor([ 2.7910, -0.8778,  2.1200,  1.0418,  0.6849,  2.3052,  3.3799,  1.5804,
         5.0813,  1.8165,  1.9618,  3.1187,  1.1912,  3.9862],
       dtype=torch.float64)
- log_lambda_par : tensor([1.0778], dtype=torch.float64)
- mean_par : tensor([0.], dtype=torch.float64)
Running loss: -77.12028863954566
Time elapsed: 497.4681353569031

EPOCH: 2000
 parameters:
- sigma_n_log : tensor([-1.9604], dtype=torch.float64)
- log_lengthscales_par : tensor([ 4.4420, -0.9346,  2.2619,  1.0995,  0.5921,  2.0815,  3.8861,  1.4279,
         6.0540,  1.8492,  2.4215,  4.3878,  1.2397,  4.8876],
       dtype=torch.float64)
- log_lambda_par : tensor([1.1069], dtype=torch.float64)
- mean_par : tensor([0.], dtype=torch.float64)
Running loss: -86.27579849251475
Time elapsed: 499.67620158195496

Final parameters:
 parameters:
- sigma_n_log : tensor([-1.9604], dtype=torch.float64)
- log_lengthscales_par : tensor([ 4.4420, -0.9346,  2.2619,  1.0995,  0.5921,  2.0815,  3.8861,  1.4279,
         6.0540,  1.8492,  2.4215,  4.3878,  1.2397,  4.8876],
       dtype=torch.float64)
- log_lambda_par : tensor([1.1069], dtype=torch.float64)
- mean_par : tensor([0.], dtype=torch.float64)
MSE gp 1:  tensor(0.0053, dtype=torch.float64)

Initial parameters:
 parameters:
- sigma_n_log : tensor([-4.6052], dtype=torch.float64)
- log_lengthscales_par : tensor([0., 0., 0., 0., 0., 0., 0., 0., 0., 0., 0., 0., 0., 0.],
       dtype=torch.float64)
- log_lambda_par : tensor([0.], dtype=torch.float64)
- mean_par : tensor([0.], dtype=torch.float64)

EPOCH: 0
 parameters:
- sigma_n_log : tensor([-4.5952], dtype=torch.float64)
- log_lengthscales_par : tensor([-0.0100,  0.0100,  0.0100,  0.0100,  0.0100,  0.0100,  0.0100,  0.0100,
         0.0100,  0.0100,  0.0100,  0.0100,  0.0100,  0.0100],
       dtype=torch.float64)
- log_lambda_par : tensor([0.0100], dtype=torch.float64)
- mean_par : tensor([0.], dtype=torch.float64)
Running loss: 2620.4609048634093
Time elapsed: 0.5524506568908691

EPOCH: 1000
 parameters:
- sigma_n_log : tensor([-9.2731], dtype=torch.float64)
- log_lengthscales_par : tensor([-1.3698,  1.8101,  1.3662,  4.2323,  7.4169,  4.9388,  7.6939,  4.2678,
        -1.5205,  4.1045,  4.7987,  5.3262,  3.8359,  6.7850],
       dtype=torch.float64)
- log_lambda_par : tensor([3.0373], dtype=torch.float64)
- mean_par : tensor([0.], dtype=torch.float64)
Running loss: -643.1305991162078
Time elapsed: 898.7151038646698

EPOCH: 2000
 parameters:
- sigma_n_log : tensor([-10.5794], dtype=torch.float64)
- log_lengthscales_par : tensor([-1.3337,  1.9239,  1.6475,  4.3977,  9.5354,  6.1452,  9.4341,  4.4344,
        -1.3901,  4.4552,  4.7506,  8.9212,  4.0314,  9.7485],
       dtype=torch.float64)
- log_lambda_par : tensor([3.6728], dtype=torch.float64)
- mean_par : tensor([0.], dtype=torch.float64)
Running loss: -716.6163712211048
Time elapsed: 589.8245050907135

Final parameters:
 parameters:
- sigma_n_log : tensor([-10.5794], dtype=torch.float64)
- log_lengthscales_par : tensor([-1.3337,  1.9239,  1.6475,  4.3977,  9.5354,  6.1452,  9.4341,  4.4344,
        -1.3901,  4.4552,  4.7506,  8.9212,  4.0314,  9.7485],
       dtype=torch.float64)
- log_lambda_par : tensor([3.6728], dtype=torch.float64)
- mean_par : tensor([0.], dtype=torch.float64)
MSE gp 2:  tensor(1.0870e-13, dtype=torch.float64)

Initial parameters:
 parameters:
- sigma_n_log : tensor([-4.6052], dtype=torch.float64)
- log_lengthscales_par : tensor([0., 0., 0., 0., 0., 0., 0., 0., 0., 0., 0., 0., 0., 0.],
       dtype=torch.float64)
- log_lambda_par : tensor([0.], dtype=torch.float64)
- mean_par : tensor([0.], dtype=torch.float64)

EPOCH: 0
 parameters:
- sigma_n_log : tensor([-4.6152], dtype=torch.float64)
- log_lengthscales_par : tensor([0.0100, 0.0100, 0.0100, 0.0100, 0.0100, 0.0100, 0.0100, 0.0100, 0.0100,
        0.0100, 0.0100, 0.0100, 0.0100, 0.0100], dtype=torch.float64)
- log_lambda_par : tensor([-0.0100], dtype=torch.float64)
- mean_par : tensor([0.], dtype=torch.float64)
Running loss: 108.5751698981094
Time elapsed: 0.5655312538146973

EPOCH: 1000
 parameters:
- sigma_n_log : tensor([-9.3199], dtype=torch.float64)
- log_lengthscales_par : tensor([-1.2392,  2.5967,  6.1789,  1.2222,  2.3947,  4.8266,  5.9899,  4.9095,
         1.6403,  3.6604,  3.7801,  4.2899,  5.3450,  5.0101],
       dtype=torch.float64)
- log_lambda_par : tensor([-0.3071], dtype=torch.float64)
- mean_par : tensor([0.], dtype=torch.float64)
Running loss: -1672.405270825452
Time elapsed: 501.516685962677

EPOCH: 2000
 parameters:
- sigma_n_log : tensor([-8.6287], dtype=torch.float64)
- log_lengthscales_par : tensor([-1.2361,  2.6053,  6.5971,  1.2022,  2.3954,  4.7764,  7.0105,  5.1208,
         1.6393,  3.6825,  3.8420,  4.2748,  6.0801,  5.1379],
       dtype=torch.float64)
- log_lambda_par : tensor([-0.2692], dtype=torch.float64)
- mean_par : tensor([0.], dtype=torch.float64)
Running loss: -1674.8350705152145
Time elapsed: 507.17294812202454

Final parameters:
 parameters:
- sigma_n_log : tensor([-8.6287], dtype=torch.float64)
- log_lengthscales_par : tensor([-1.2361,  2.6053,  6.5971,  1.2022,  2.3954,  4.7764,  7.0105,  5.1208,
         1.6393,  3.6825,  3.8420,  4.2748,  6.0801,  5.1379],
       dtype=torch.float64)
- log_lambda_par : tensor([-0.2692], dtype=torch.float64)
- mean_par : tensor([0.], dtype=torch.float64)
MSE gp 3:  tensor(2.6796e-11, dtype=torch.float64)

Initial parameters:
 parameters:
- sigma_n_log : tensor([-4.6052], dtype=torch.float64)
- log_lengthscales_par : tensor([0., 0., 0., 0., 0., 0., 0., 0., 0., 0., 0., 0., 0., 0.],
       dtype=torch.float64)
- log_lambda_par : tensor([0.], dtype=torch.float64)
- mean_par : tensor([0.], dtype=torch.float64)

EPOCH: 0
 parameters:
- sigma_n_log : tensor([-4.6152], dtype=torch.float64)
- log_lengthscales_par : tensor([0.0100, 0.0100, 0.0100, 0.0100, 0.0100, 0.0100, 0.0100, 0.0100, 0.0100,
        0.0100, 0.0100, 0.0100, 0.0100, 0.0100], dtype=torch.float64)
- log_lambda_par : tensor([-0.0100], dtype=torch.float64)
- mean_par : tensor([0.], dtype=torch.float64)
Running loss: 228.51682947111368
Time elapsed: 0.5468811988830566

EPOCH: 1000
 parameters:
- sigma_n_log : tensor([-3.3482], dtype=torch.float64)
- log_lengthscales_par : tensor([ 3.7763, -0.6021,  4.4266,  4.0675, -0.0684,  2.3074,  2.2165,  2.2561,
         5.9492,  2.8981,  3.7989,  3.6862,  2.5546,  3.4524],
       dtype=torch.float64)
- log_lambda_par : tensor([0.0966], dtype=torch.float64)
- mean_par : tensor([0.], dtype=torch.float64)
Running loss: -1288.7606946062758
Time elapsed: 497.0266544818878

EPOCH: 2000
 parameters:
- sigma_n_log : tensor([-3.1504], dtype=torch.float64)
- log_lengthscales_par : tensor([ 5.4063, -0.6417,  7.0092,  5.2398,  0.1387,  2.2342,  2.2971,  2.4311,
         7.0310,  2.9861,  5.0718,  3.3473,  2.6838,  3.6670],
       dtype=torch.float64)
- log_lambda_par : tensor([0.3033], dtype=torch.float64)
- mean_par : tensor([0.], dtype=torch.float64)
Running loss: -1308.4525128139242
Time elapsed: 497.33382773399353

Final parameters:
 parameters:
- sigma_n_log : tensor([-3.1504], dtype=torch.float64)
- log_lengthscales_par : tensor([ 5.4063, -0.6417,  7.0092,  5.2398,  0.1387,  2.2342,  2.2971,  2.4311,
         7.0310,  2.9861,  5.0718,  3.3473,  2.6838,  3.6670],
       dtype=torch.float64)
- log_lambda_par : tensor([0.3033], dtype=torch.float64)
- mean_par : tensor([0.], dtype=torch.float64)
MSE gp 4:  tensor(0.0009, dtype=torch.float64)

Initial parameters:
 parameters:
- sigma_n_log : tensor([-4.6052], dtype=torch.float64)
- log_lengthscales_par : tensor([0., 0., 0., 0., 0., 0., 0., 0., 0., 0., 0., 0., 0., 0.],
       dtype=torch.float64)
- log_lambda_par : tensor([0.], dtype=torch.float64)
- mean_par : tensor([0.], dtype=torch.float64)

EPOCH: 0
 parameters:
- sigma_n_log : tensor([-4.5952], dtype=torch.float64)
- log_lengthscales_par : tensor([0.0100, 0.0100, 0.0100, 0.0100, 0.0100, 0.0100, 0.0100, 0.0100, 0.0100,
        0.0100, 0.0100, 0.0100, 0.0100, 0.0100], dtype=torch.float64)
- log_lambda_par : tensor([0.0100], dtype=torch.float64)
- mean_par : tensor([0.], dtype=torch.float64)
Running loss: 1911.691107897606
Time elapsed: 0.5616753101348877

EPOCH: 1000
 parameters:
- sigma_n_log : tensor([-1.2540], dtype=torch.float64)
- log_lengthscales_par : tensor([ 3.6170, -1.0713,  5.8605,  3.2059,  1.3449,  1.8581,  3.0349,  3.6241,
         4.2669,  2.6121,  3.4072,  3.4455,  2.9436,  4.3245],
       dtype=torch.float64)
- log_lambda_par : tensor([2.0054], dtype=torch.float64)
- mean_par : tensor([0.], dtype=torch.float64)
Running loss: -133.99448057250254
Time elapsed: 493.72953152656555

EPOCH: 2000
 parameters:
- sigma_n_log : tensor([-1.2040], dtype=torch.float64)
- log_lengthscales_par : tensor([ 5.5095, -1.0699,  6.9397,  3.6787,  1.5893,  2.1494,  4.0604,  4.8038,
         4.7257,  2.8272,  4.5792,  4.6751,  3.8308,  5.3926],
       dtype=torch.float64)
- log_lambda_par : tensor([2.5348], dtype=torch.float64)
- mean_par : tensor([0.], dtype=torch.float64)
Running loss: -169.58917627493253
Time elapsed: 496.850355386734

Final parameters:
 parameters:
- sigma_n_log : tensor([-1.2040], dtype=torch.float64)
- log_lengthscales_par : tensor([ 5.5095, -1.0699,  6.9397,  3.6787,  1.5893,  2.1494,  4.0604,  4.8038,
         4.7257,  2.8272,  4.5792,  4.6751,  3.8308,  5.3926],
       dtype=torch.float64)
- log_lambda_par : tensor([2.5348], dtype=torch.float64)
- mean_par : tensor([0.], dtype=torch.float64)
MSE gp 5:  tensor(0.0648, dtype=torch.float64)

Initial parameters:
 parameters:
- sigma_n_log : tensor([-4.6052], dtype=torch.float64)
- log_lengthscales_par : tensor([0., 0., 0., 0., 0., 0., 0., 0., 0., 0., 0., 0., 0., 0.],
       dtype=torch.float64)
- log_lambda_par : tensor([0.], dtype=torch.float64)
- mean_par : tensor([0.], dtype=torch.float64)

EPOCH: 0
 parameters:
- sigma_n_log : tensor([-4.6152], dtype=torch.float64)
- log_lengthscales_par : tensor([0.0100, 0.0100, 0.0100, 0.0100, 0.0100, 0.0100, 0.0100, 0.0100, 0.0100,
        0.0100, 0.0100, 0.0100, 0.0100, 0.0100], dtype=torch.float64)
- log_lambda_par : tensor([-0.0100], dtype=torch.float64)
- mean_par : tensor([0.], dtype=torch.float64)
Running loss: -12.492075901193308
Time elapsed: 0.71868896484375

EPOCH: 1000
 parameters:
- sigma_n_log : tensor([-8.3379], dtype=torch.float64)
- log_lengthscales_par : tensor([ 3.7973,  4.8059,  4.9981,  3.5793,  5.3098,  4.1397, -1.8130,  3.9307,
        -0.8015,  2.4956,  4.9101,  4.1697,  4.2088,  1.2519],
       dtype=torch.float64)
- log_lambda_par : tensor([-3.2684], dtype=torch.float64)
- mean_par : tensor([0.], dtype=torch.float64)
Running loss: -4186.398367713507
Time elapsed: 495.0295066833496

EPOCH: 2000
 parameters:
- sigma_n_log : tensor([-8.2262], dtype=torch.float64)
- log_lengthscales_par : tensor([ 3.5275,  6.9297,  4.6082,  3.2747,  6.6239,  3.8320, -2.0062,  6.0420,
        -1.1155,  2.2053,  6.9613,  6.4019,  3.9009,  1.3231],
       dtype=torch.float64)
- log_lambda_par : tensor([-4.0773], dtype=torch.float64)
- mean_par : tensor([0.], dtype=torch.float64)
Running loss: -4254.653238516612
Time elapsed: 495.73568844795227

Final parameters:
 parameters:
- sigma_n_log : tensor([-8.2262], dtype=torch.float64)
- log_lengthscales_par : tensor([ 3.5275,  6.9297,  4.6082,  3.2747,  6.6239,  3.8320, -2.0062,  6.0420,
        -1.1155,  2.2053,  6.9613,  6.4019,  3.9009,  1.3231],
       dtype=torch.float64)
- log_lambda_par : tensor([-4.0773], dtype=torch.float64)
- mean_par : tensor([0.], dtype=torch.float64)
MSE gp 6:  tensor(2.1823e-08, dtype=torch.float64)

Initial parameters:
 parameters:
- sigma_n_log : tensor([-4.6052], dtype=torch.float64)
- log_lengthscales_par : tensor([0., 0., 0., 0., 0., 0., 0., 0., 0., 0., 0., 0., 0., 0.],
       dtype=torch.float64)
- log_lambda_par : tensor([0.], dtype=torch.float64)
- mean_par : tensor([0.], dtype=torch.float64)

EPOCH: 0
 parameters:
- sigma_n_log : tensor([-4.6152], dtype=torch.float64)
- log_lengthscales_par : tensor([0.0100, 0.0100, 0.0100, 0.0100, 0.0100, 0.0100, 0.0100, 0.0100, 0.0100,
        0.0100, 0.0100, 0.0100, 0.0100, 0.0100], dtype=torch.float64)
- log_lambda_par : tensor([-0.0100], dtype=torch.float64)
- mean_par : tensor([0.], dtype=torch.float64)
Running loss: 24.26083135418695
Time elapsed: 0.5580778121948242

EPOCH: 1000
 parameters:
- sigma_n_log : tensor([-2.1504], dtype=torch.float64)
- log_lengthscales_par : tensor([1.3747, 2.2012, 1.1806, 4.0296, 3.6952, 2.1073, 3.3858, 0.7191, 5.3809,
        3.0418, 3.6253, 3.0667, 2.3675, 4.2440], dtype=torch.float64)
- log_lambda_par : tensor([-0.2837], dtype=torch.float64)
- mean_par : tensor([0.], dtype=torch.float64)
Running loss: -1025.01464839313
Time elapsed: 493.48292684555054

EPOCH: 2000
 parameters:
- sigma_n_log : tensor([-2.1435], dtype=torch.float64)
- log_lengthscales_par : tensor([1.4758, 2.4749, 1.2676, 5.1037, 4.7847, 2.0990, 4.4019, 0.7447, 6.5725,
        3.4226, 4.4106, 3.6533, 2.7608, 5.4702], dtype=torch.float64)
- log_lambda_par : tensor([0.1804], dtype=torch.float64)
- mean_par : tensor([0.], dtype=torch.float64)
Running loss: -1033.0743356731525
Time elapsed: 495.456178188324

Final parameters:
 parameters:
- sigma_n_log : tensor([-2.1435], dtype=torch.float64)
- log_lengthscales_par : tensor([1.4758, 2.4749, 1.2676, 5.1037, 4.7847, 2.0990, 4.4019, 0.7447, 6.5725,
        3.4226, 4.4106, 3.6533, 2.7608, 5.4702], dtype=torch.float64)
- log_lambda_par : tensor([0.1804], dtype=torch.float64)
- mean_par : tensor([0.], dtype=torch.float64)
MSE gp 7:  tensor(0.0108, dtype=torch.float64)

Trained hyperparameters:
GP 1:
 parameters:
- sigma_n_log : tensor([-1.9018], dtype=torch.float64)
- log_lengthscales_par : tensor([ 1.9281,  4.2537,  1.0130,  1.8322,  3.5164,  5.8735, -0.2847,  0.1060,
         3.0960,  2.2810,  4.7359,  1.0866,  0.2970,  3.4085],
       dtype=torch.float64)
- log_lambda_par : tensor([1.7598], dtype=torch.float64)
- mean_par : tensor([0.], dtype=torch.float64)
GP 2:
 parameters:
- sigma_n_log : tensor([-1.9604], dtype=torch.float64)
- log_lengthscales_par : tensor([ 4.4420, -0.9346,  2.2619,  1.0995,  0.5921,  2.0815,  3.8861,  1.4279,
         6.0540,  1.8492,  2.4215,  4.3878,  1.2397,  4.8876],
       dtype=torch.float64)
- log_lambda_par : tensor([1.1069], dtype=torch.float64)
- mean_par : tensor([0.], dtype=torch.float64)
GP 3:
 parameters:
- sigma_n_log : tensor([-10.5794], dtype=torch.float64)
- log_lengthscales_par : tensor([-1.3337,  1.9239,  1.6475,  4.3977,  9.5354,  6.1452,  9.4341,  4.4344,
        -1.3901,  4.4552,  4.7506,  8.9212,  4.0314,  9.7485],
       dtype=torch.float64)
- log_lambda_par : tensor([3.6728], dtype=torch.float64)
- mean_par : tensor([0.], dtype=torch.float64)
GP 4:
 parameters:
- sigma_n_log : tensor([-8.6287], dtype=torch.float64)
- log_lengthscales_par : tensor([-1.2361,  2.6053,  6.5971,  1.2022,  2.3954,  4.7764,  7.0105,  5.1208,
         1.6393,  3.6825,  3.8420,  4.2748,  6.0801,  5.1379],
       dtype=torch.float64)
- log_lambda_par : tensor([-0.2692], dtype=torch.float64)
- mean_par : tensor([0.], dtype=torch.float64)
GP 5:
 parameters:
- sigma_n_log : tensor([-3.1504], dtype=torch.float64)
- log_lengthscales_par : tensor([ 5.4063, -0.6417,  7.0092,  5.2398,  0.1387,  2.2342,  2.2971,  2.4311,
         7.0310,  2.9861,  5.0718,  3.3473,  2.6838,  3.6670],
       dtype=torch.float64)
- log_lambda_par : tensor([0.3033], dtype=torch.float64)
- mean_par : tensor([0.], dtype=torch.float64)
GP 6:
 parameters:
- sigma_n_log : tensor([-1.2040], dtype=torch.float64)
- log_lengthscales_par : tensor([ 5.5095, -1.0699,  6.9397,  3.6787,  1.5893,  2.1494,  4.0604,  4.8038,
         4.7257,  2.8272,  4.5792,  4.6751,  3.8308,  5.3926],
       dtype=torch.float64)
- log_lambda_par : tensor([2.5348], dtype=torch.float64)
- mean_par : tensor([0.], dtype=torch.float64)
GP 7:
 parameters:
- sigma_n_log : tensor([-8.2262], dtype=torch.float64)
- log_lengthscales_par : tensor([ 3.5275,  6.9297,  4.6082,  3.2747,  6.6239,  3.8320, -2.0062,  6.0420,
        -1.1155,  2.2053,  6.9613,  6.4019,  3.9009,  1.3231],
       dtype=torch.float64)
- log_lambda_par : tensor([-4.0773], dtype=torch.float64)
- mean_par : tensor([0.], dtype=torch.float64)
GP 8:
 parameters:
- sigma_n_log : tensor([-2.1435], dtype=torch.float64)
- log_lengthscales_par : tensor([1.4758, 2.4749, 1.2676, 5.1037, 4.7847, 2.0990, 4.4019, 0.7447, 6.5725,
        3.4226, 4.4106, 3.6533, 2.7608, 5.4702], dtype=torch.float64)
- log_lambda_par : tensor([0.1804], dtype=torch.float64)
- mean_par : tensor([0.], dtype=torch.float64)

held-out NEXT-STATE MSE (model units) -- phase -1 (bnd_rbf_iter0):
  0 pH     model=1.152619e-01  persistence=1.943597e-01  OK
  1 T      model=7.085762e-02  persistence=1.807360e-01  OK
  2 Fa     model=2.523703e-01  persistence=5.306285e-01  OK
  3 Fb     model=4.490263e-03  persistence=8.982419e-02  OK
  4 Fc     model=6.877758e-03  persistence=7.175116e-02  OK
  5 Fh     model=1.137197e-01  persistence=1.413419e+00  OK
  6 Wt     model=9.912562e-05  persistence=2.271300e-04  OK
  7 DO2    model=1.019591e-02  persistence=1.143578e-02  OK

mean MSE 7.173407e-02   persistence 3.115477e-01
model beats persistence: True
[pensim] statistics saved -> results_pensim/pensim_stats_bnd_rbf_iter0.json

saved -> results_pensim/rbf_model_bnd_rbf_iter0.pt
saved -> results_pensim/rbf_metrics_bnd_rbf_iter0.json
