[pensim] dataset folder: /home/s2892016/Thesis/deps/smpl/smpl/configdata/pensimenv  (12 CSVs)
[units] PeniControlData obs bounds: time [0.16, 276.00] h
[units] PeniControlData act bounds: [ 0.   7.  21.  29.   0.5  0. ] .. [4.10e+03 1.51e+02 3.60e+01 7.60e+01 1.20e+00 5.10e+02]
[policy] /home/s2892016/Thesis/MCPILCO/results_pensim/cdil_policy_bnd_iter2.pt
[policy] basis=200 state_dim=8 u_max=3.0 | final training W2 = 0.5227
[action] recipe setpoint (physical): [189.121  79.061  25.527  64.952   0.966 153.559]
[action] clipping to +/-10%: ON

collecting 10 episodes -> /home/s2892016/Thesis/deps/smpl/smpl/configdata/pensim_bnd
  episode 0: 1150 steps, final t=229.8 h, total yield=3274.5157  ->  bnd_iter2_batch_0.csv
  episode 1: 1150 steps, final t=229.8 h, total yield=3355.0366  ->  bnd_iter2_batch_1.csv
  episode 2: 1150 steps, final t=229.8 h, total yield=3288.6827  ->  bnd_iter2_batch_2.csv
  episode 3: 1150 steps, final t=229.8 h, total yield=3611.2325  ->  bnd_iter2_batch_3.csv
  episode 4: 1150 steps, final t=229.8 h, total yield=3758.3639  ->  bnd_iter2_batch_4.csv
  episode 5: 1150 steps, final t=229.8 h, total yield=3462.3515  ->  bnd_iter2_batch_5.csv
  episode 6: 1150 steps, final t=229.8 h, total yield=3453.2374  ->  bnd_iter2_batch_6.csv
  episode 7: 1150 steps, final t=229.8 h, total yield=3712.3243  ->  bnd_iter2_batch_7.csv
  episode 8: 1150 steps, final t=229.8 h, total yield=3522.5757  ->  bnd_iter2_batch_8.csv
  episode 9: 1150 steps, final t=229.8 h, total yield=3111.7321  ->  bnd_iter2_batch_9.csv

summary:
  episodes written: 10/10
  total yield  mean=3455.0052  min=3111.7321  max=3758.3639
  files written to /home/s2892016/Thesis/deps/smpl/smpl/configdata/pensim_bnd
[pensim] dataset folder: /home/s2892016/Thesis/deps/smpl/smpl/configdata/pensimenv  (12 CSVs)

NOTE: this folder is NOT the one the trainer reads (/home/s2892016/Thesis/deps/smpl/smpl/configdata/pensimenv).
      Copy the CSVs there (or repoint default_dataset_folder) to retrain on them.
