[pensim] dataset folder: /home/s2892016/Thesis/deps/smpl/smpl/configdata/pensimenv  (12 CSVs)
[units] PeniControlData obs bounds: time [0.16, 276.00] h
[units] PeniControlData act bounds: [ 0.   7.  21.  29.   0.5  0. ] .. [4.10e+03 1.51e+02 3.60e+01 7.60e+01 1.20e+00 5.10e+02]
[policy] /home/s2892016/Thesis/MCPILCO/results_pensim/cdil_policy_bnd_mlp_iter0.pt
[policy] kind=mlp state_dim=8 u_max=3.0 | final training W2 = 0.2771
[action] recipe setpoint (physical): [200.059  77.41   25.803  63.991   0.939 154.953]
[action] clipping to +/-10%: ON

collecting 10 episodes -> /home/s2892016/Thesis/deps/smpl/smpl/configdata/pensim_bnd_mlp
    dropped terminal error_reward row at t=229.8 h
  episode 0: 1149 steps, final t=229.6 h, total yield=3381.1213  ->  bnd_mlp_iter0_batch_0.csv
    dropped terminal error_reward row at t=229.8 h
  episode 1: 1149 steps, final t=229.6 h, total yield=3480.1478  ->  bnd_mlp_iter0_batch_1.csv
    dropped terminal error_reward row at t=229.8 h
  episode 2: 1149 steps, final t=229.6 h, total yield=3404.8229  ->  bnd_mlp_iter0_batch_2.csv
    dropped terminal error_reward row at t=229.8 h
  episode 3: 1149 steps, final t=229.6 h, total yield=3726.4210  ->  bnd_mlp_iter0_batch_3.csv
    dropped terminal error_reward row at t=229.8 h
  episode 4: 1149 steps, final t=229.6 h, total yield=3884.2040  ->  bnd_mlp_iter0_batch_4.csv
    dropped terminal error_reward row at t=229.8 h
  episode 5: 1149 steps, final t=229.6 h, total yield=3518.2332  ->  bnd_mlp_iter0_batch_5.csv
    dropped terminal error_reward row at t=229.8 h
  episode 6: 1149 steps, final t=229.6 h, total yield=3572.1418  ->  bnd_mlp_iter0_batch_6.csv
    dropped terminal error_reward row at t=229.8 h
  episode 7: 1149 steps, final t=229.6 h, total yield=3829.9445  ->  bnd_mlp_iter0_batch_7.csv
    dropped terminal error_reward row at t=229.8 h
  episode 8: 1149 steps, final t=229.6 h, total yield=3621.3779  ->  bnd_mlp_iter0_batch_8.csv
    dropped terminal error_reward row at t=229.8 h
  episode 9: 1149 steps, final t=229.6 h, total yield=3186.7033  ->  bnd_mlp_iter0_batch_9.csv

summary:
  episodes written: 10/10
  total yield  mean=3560.5118  min=3186.7033  max=3884.2040
  yield/step   mean=3.0988  min=2.7735  max=3.3805   (SMPL paper baseline: 3.3071)
  files written to /home/s2892016/Thesis/deps/smpl/smpl/configdata/pensim_bnd_mlp
[pensim] dataset folder: /home/s2892016/Thesis/deps/smpl/smpl/configdata/pensimenv  (12 CSVs)

NOTE: this folder is NOT the one the trainer reads (/home/s2892016/Thesis/deps/smpl/smpl/configdata/pensimenv).
      Copy the CSVs there (or repoint default_dataset_folder) to retrain on them.
