=== training world model: phase=-1 (bnd_iter1)  n_keep=800  n_epoch=2001  select=pivchol ===
[pensim] dataset folder (PENSIM_DATA_DIR): /home/s2892016/Thesis/deps/smpl/smpl/configdata/pensim_bnd  (22 CSVs)
max observations: [2.76000000e+02 8.05261517e+00 3.62841400e+02 6.85863686e+00
 2.70000000e+02 1.80000012e+03 9.46039368e+02 1.26920055e+05
 2.39494171e+01]
min observations: [1.6000001e-01 4.5955915e+00 2.3797954e+02 0.0000000e+00 0.0000000e+00
 0.0000000e+00 0.0000000e+00 5.0006516e+04 2.3598127e+00]
dataset max observations: [2.3000000e+02 6.6375961e+00 3.0257666e+02 4.6791539e+00 2.2500000e+02
 1.5000000e+03 1.3861847e+03 1.2124474e+05 1.9388021e+01]
dataset min observations: [0.0000000e+00 0.0000000e+00 2.9747833e+02 0.0000000e+00 0.0000000e+00
 9.9999997e-05 9.9999997e-05 6.1144273e+04 9.0607529e+00]
max actions: [4.10e+03 1.51e+02 3.60e+01 7.60e+01 1.20e+00 5.10e+02]
min actions: [ 0.   7.  21.  29.   0.5  0. ]
dataset max actions: [4.094559e+03 1.470660e+02 3.580100e+01 7.514100e+01 1.132000e+00
 5.038400e+02]
dataset min actions: [ 0.     7.361 21.249 29.636  0.545  0.   ]
normalize: True
using max/min observations and actions.
[std:obs]
     0 pH             mean=     0.09497  std=   0.082844
     1 T              mean=    -0.03821  std=   0.003377
     2 Fa             mean=    -0.99712  std=   0.033302
     3 Fb             mean=    -0.14417  std=   0.306554
     4 Fc             mean=    -0.90374  std=   0.179151
     5 Fh             mean=    -0.95546  std=   0.098335
     6 Wt             mean=    -0.02637  std=   0.352518
     7 DO2            mean=     0.27399  std=   0.171274
[std:act]
     0 discharge      mean=    -0.90684  std=   0.307434
     1 sugar          mean=     0.00498  std=   0.252002
     2 soilbean       mean=    -0.37881  std=   0.524741
     3 aeration       mean=     0.53229  std=   0.336508
     4 backpressure   mean=     0.32805  std=   0.300560
     5 waterinj       mean=    -0.38189  std=   0.439857
[pensim] 25300 transitions | obs 8d act 6d
[pensim] obs per-dim std: [1. 1. 1. 1. 1. 1. 1. 1.]
[pensim] act per-dim std: [1. 1. 1. 1. 1. 1.]
[pensim] time range: -0.32 .. 459.95 h
[pensim]   phase 0 [0, 35) h: 1936 transitions
[pensim]   phase 1 [35, 51) h: 880 transitions
[pensim]   phase 2 [51, inf) h: 22474 transitions
[pensim] phase -1: t in [0, inf) h  ->  25290 of 25300 transitions (100.0%)
[pivchol] selected 800/25090 points  (residual trace 8.150e+03)
train N=800   test N=200   gp input dim=14   num_gp=8
training-set time span: 0.08 .. 459.95 h
EXACT GP INFERENCE SELECTED

Initial parameters:
 parameters:
- sigma_n_log : tensor([-4.6052], dtype=torch.float64)
- log_lengthscales_par : tensor([0., 0., 0., 0., 0., 0., 0., 0., 0., 0., 0., 0., 0., 0.],
       dtype=torch.float64)
- log_lambda_par : tensor([0.], dtype=torch.float64)
- mean_par : tensor([0.], dtype=torch.float64)

EPOCH: 0
 parameters:
- sigma_n_log : tensor([-4.5952], dtype=torch.float64)
- log_lengthscales_par : tensor([-0.0100,  0.0100,  0.0100, -0.0100,  0.0100, -0.0100, -0.0100,  0.0100,
         0.0100, -0.0100, -0.0100,  0.0100, -0.0100, -0.0100],
       dtype=torch.float64)
- log_lambda_par : tensor([0.0100], dtype=torch.float64)
- mean_par : tensor([0.], dtype=torch.float64)
Running loss: 1129.7347387755776
Time elapsed: 1.6930348873138428

EPOCH: 1000
 parameters:
- sigma_n_log : tensor([-2.9506], dtype=torch.float64)
- log_lengthscales_par : tensor([ 2.6309,  5.6254,  2.0555, -0.4952,  4.7493,  6.0104,  0.3825,  3.1348,
         5.2987,  5.2982,  5.3060,  5.5907,  3.8038,  5.7060],
       dtype=torch.float64)
- log_lambda_par : tensor([3.2225], dtype=torch.float64)
- mean_par : tensor([0.], dtype=torch.float64)
Running loss: -927.2636551849541
Time elapsed: 463.7392807006836

EPOCH: 2000
 parameters:
- sigma_n_log : tensor([-2.9526], dtype=torch.float64)
- log_lengthscales_par : tensor([ 2.8878,  6.4381,  2.2174, -0.3578,  5.1507,  6.5951,  0.4406,  2.9287,
         4.8424,  5.7347,  5.9236,  6.0423,  3.9619,  6.6312],
       dtype=torch.float64)
- log_lambda_par : tensor([3.8640], dtype=torch.float64)
- mean_par : tensor([0.], dtype=torch.float64)
Running loss: -937.7402119655487
Time elapsed: 458.8827986717224

Final parameters:
 parameters:
- sigma_n_log : tensor([-2.9526], dtype=torch.float64)
- log_lengthscales_par : tensor([ 2.8878,  6.4381,  2.2174, -0.3578,  5.1507,  6.5951,  0.4406,  2.9287,
         4.8424,  5.7347,  5.9236,  6.0423,  3.9619,  6.6312],
       dtype=torch.float64)
- log_lambda_par : tensor([3.8640], dtype=torch.float64)
- mean_par : tensor([0.], dtype=torch.float64)
MSE gp 0:  tensor(0.0013, dtype=torch.float64)

Initial parameters:
 parameters:
- sigma_n_log : tensor([-4.6052], dtype=torch.float64)
- log_lengthscales_par : tensor([0., 0., 0., 0., 0., 0., 0., 0., 0., 0., 0., 0., 0., 0.],
       dtype=torch.float64)
- log_lambda_par : tensor([0.], dtype=torch.float64)
- mean_par : tensor([0.], dtype=torch.float64)

EPOCH: 0
 parameters:
- sigma_n_log : tensor([-4.5952], dtype=torch.float64)
- log_lengthscales_par : tensor([ 0.0100,  0.0100, -0.0100,  0.0100,  0.0100,  0.0100,  0.0100,  0.0100,
         0.0100,  0.0100,  0.0100,  0.0100,  0.0100,  0.0100],
       dtype=torch.float64)
- log_lambda_par : tensor([0.0100], dtype=torch.float64)
- mean_par : tensor([0.], dtype=torch.float64)
Running loss: 1364.069596681382
Time elapsed: 0.48377037048339844

EPOCH: 1000
 parameters:
- sigma_n_log : tensor([-1.1805], dtype=torch.float64)
- log_lengthscales_par : tensor([ 2.5712, -0.1015,  2.3250,  2.3977,  1.3104,  2.5615,  2.4719,  0.9720,
         5.7515,  2.6592,  2.6739,  2.6952,  1.1103,  2.6463],
       dtype=torch.float64)
- log_lambda_par : tensor([1.8257], dtype=torch.float64)
- mean_par : tensor([0.], dtype=torch.float64)
Running loss: 185.58559926388546
Time elapsed: 459.0105302333832

EPOCH: 2000
 parameters:
- sigma_n_log : tensor([-1.1047], dtype=torch.float64)
- log_lengthscales_par : tensor([ 2.9900, -0.1033,  2.4102,  2.3838,  1.3115,  2.5919,  2.3514,  1.0551,
         6.2671,  2.9587,  4.4322,  4.0643,  1.1196,  3.1253],
       dtype=torch.float64)
- log_lambda_par : tensor([1.9392], dtype=torch.float64)
- mean_par : tensor([0.], dtype=torch.float64)
Running loss: 179.76422492731876
Time elapsed: 460.46290278434753

Final parameters:
 parameters:
- sigma_n_log : tensor([-1.1047], dtype=torch.float64)
- log_lengthscales_par : tensor([ 2.9900, -0.1033,  2.4102,  2.3838,  1.3115,  2.5919,  2.3514,  1.0551,
         6.2671,  2.9587,  4.4322,  4.0643,  1.1196,  3.1253],
       dtype=torch.float64)
- log_lambda_par : tensor([1.9392], dtype=torch.float64)
- mean_par : tensor([0.], dtype=torch.float64)
MSE gp 1:  tensor(0.0506, dtype=torch.float64)

Initial parameters:
 parameters:
- sigma_n_log : tensor([-4.6052], dtype=torch.float64)
- log_lengthscales_par : tensor([0., 0., 0., 0., 0., 0., 0., 0., 0., 0., 0., 0., 0., 0.],
       dtype=torch.float64)
- log_lambda_par : tensor([0.], dtype=torch.float64)
- mean_par : tensor([0.], dtype=torch.float64)

EPOCH: 0
 parameters:
- sigma_n_log : tensor([-4.5952], dtype=torch.float64)
- log_lengthscales_par : tensor([-0.0100,  0.0100, -0.0100,  0.0100,  0.0100,  0.0100, -0.0100,  0.0100,
         0.0100,  0.0100,  0.0100,  0.0100,  0.0100,  0.0100],
       dtype=torch.float64)
- log_lambda_par : tensor([0.0100], dtype=torch.float64)
- mean_par : tensor([0.], dtype=torch.float64)
Running loss: 4611.893877944147
Time elapsed: 0.5392379760742188

EPOCH: 1000
 parameters:
- sigma_n_log : tensor([-11.0441], dtype=torch.float64)
- log_lengthscales_par : tensor([-2.9604,  3.1764, -4.2697,  9.4559,  8.0653,  7.3904,  3.7877,  7.9787,
         0.2478,  8.4816,  8.3397,  7.1323,  7.8669,  5.5410],
       dtype=torch.float64)
- log_lambda_par : tensor([3.0614], dtype=torch.float64)
- mean_par : tensor([0.], dtype=torch.float64)
Running loss: -1298.4959279853233
Time elapsed: 522.0194354057312

EPOCH: 2000
 parameters:
- sigma_n_log : tensor([-12.7521], dtype=torch.float64)
- log_lengthscales_par : tensor([-2.9395,  3.2300, -4.0621, 12.9739, 11.7367, 10.2909,  4.0539, 11.7897,
         0.2695, 12.1666, 12.0174, 11.3218, 11.7654, 11.4015],
       dtype=torch.float64)
- log_lambda_par : tensor([3.7333], dtype=torch.float64)
- mean_par : tensor([0.], dtype=torch.float64)
Running loss: -1676.7968558908615
Time elapsed: 482.98494029045105

Final parameters:
 parameters:
- sigma_n_log : tensor([-12.7521], dtype=torch.float64)
- log_lengthscales_par : tensor([-2.9395,  3.2300, -4.0621, 12.9739, 11.7367, 10.2909,  4.0539, 11.7897,
         0.2695, 12.1666, 12.0174, 11.3218, 11.7654, 11.4015],
       dtype=torch.float64)
- log_lambda_par : tensor([3.7333], dtype=torch.float64)
- mean_par : tensor([0.], dtype=torch.float64)
MSE gp 2:  tensor(7.3582e-12, dtype=torch.float64)

Initial parameters:
 parameters:
- sigma_n_log : tensor([-4.6052], dtype=torch.float64)
- log_lengthscales_par : tensor([0., 0., 0., 0., 0., 0., 0., 0., 0., 0., 0., 0., 0., 0.],
       dtype=torch.float64)
- log_lambda_par : tensor([0.], dtype=torch.float64)
- mean_par : tensor([0.], dtype=torch.float64)

EPOCH: 0
 parameters:
- sigma_n_log : tensor([-4.6152], dtype=torch.float64)
- log_lengthscales_par : tensor([-0.0100,  0.0100,  0.0100,  0.0100,  0.0100,  0.0100,  0.0100,  0.0100,
         0.0100,  0.0100,  0.0100,  0.0100,  0.0100,  0.0100],
       dtype=torch.float64)
- log_lambda_par : tensor([-0.0100], dtype=torch.float64)
- mean_par : tensor([0.], dtype=torch.float64)
Running loss: 103.38246871893833
Time elapsed: 0.4922292232513428

EPOCH: 1000
 parameters:
- sigma_n_log : tensor([-10.9748], dtype=torch.float64)
- log_lengthscales_par : tensor([-2.6897,  2.6266,  1.3781,  1.4888,  5.6300,  4.4226,  1.8394,  4.5362,
         4.1373,  6.0719,  6.0338,  3.1474,  4.6334,  6.7113],
       dtype=torch.float64)
- log_lambda_par : tensor([-0.4811], dtype=torch.float64)
- mean_par : tensor([0.], dtype=torch.float64)
Running loss: -1733.5911996954624
Time elapsed: 509.26014590263367

EPOCH: 2000
 parameters:
- sigma_n_log : tensor([-10.7626], dtype=torch.float64)
- log_lengthscales_par : tensor([-2.6687,  2.5969,  1.3972,  1.4987,  7.2500,  4.4269,  1.6612,  6.7112,
         4.2281,  7.4081,  7.2383,  3.1268,  4.3926,  8.2097],
       dtype=torch.float64)
- log_lambda_par : tensor([-0.4519], dtype=torch.float64)
- mean_par : tensor([0.], dtype=torch.float64)
Running loss: -1752.338984045583
Time elapsed: 479.8920991420746

Final parameters:
 parameters:
- sigma_n_log : tensor([-10.7626], dtype=torch.float64)
- log_lengthscales_par : tensor([-2.6687,  2.5969,  1.3972,  1.4987,  7.2500,  4.4269,  1.6612,  6.7112,
         4.2281,  7.4081,  7.2383,  3.1268,  4.3926,  8.2097],
       dtype=torch.float64)
- log_lambda_par : tensor([-0.4519], dtype=torch.float64)
- mean_par : tensor([0.], dtype=torch.float64)
MSE gp 3:  tensor(3.9635e-11, dtype=torch.float64)

Initial parameters:
 parameters:
- sigma_n_log : tensor([-4.6052], dtype=torch.float64)
- log_lengthscales_par : tensor([0., 0., 0., 0., 0., 0., 0., 0., 0., 0., 0., 0., 0., 0.],
       dtype=torch.float64)
- log_lambda_par : tensor([0.], dtype=torch.float64)
- mean_par : tensor([0.], dtype=torch.float64)

EPOCH: 0
 parameters:
- sigma_n_log : tensor([-4.5952], dtype=torch.float64)
- log_lengthscales_par : tensor([0.0100, 0.0100, 0.0100, 0.0100, 0.0100, 0.0100, 0.0100, 0.0100, 0.0100,
        0.0100, 0.0100, 0.0100, 0.0100, 0.0100], dtype=torch.float64)
- log_lambda_par : tensor([0.0100], dtype=torch.float64)
- mean_par : tensor([0.], dtype=torch.float64)
Running loss: 473.6377201676287
Time elapsed: 0.5222005844116211

EPOCH: 1000
 parameters:
- sigma_n_log : tensor([-3.3579], dtype=torch.float64)
- log_lengthscales_par : tensor([ 2.2485,  0.6400,  5.3157,  3.4303, -0.7146,  2.7616,  2.6451,  1.9497,
         6.1290,  1.6277,  3.8301,  4.1201,  3.0824,  3.5677],
       dtype=torch.float64)
- log_lambda_par : tensor([0.8175], dtype=torch.float64)
- mean_par : tensor([0.], dtype=torch.float64)
Running loss: -969.5308611288011
Time elapsed: 458.9133744239807

EPOCH: 2000
 parameters:
- sigma_n_log : tensor([-3.2764], dtype=torch.float64)
- log_lengthscales_par : tensor([ 2.2412,  0.6153,  6.0022,  3.7878, -0.6917,  2.7934,  2.6910,  1.9341,
         7.5701,  1.6652,  4.1774,  5.0343,  3.1786,  3.6357],
       dtype=torch.float64)
- log_lambda_par : tensor([0.8940], dtype=torch.float64)
- mean_par : tensor([0.], dtype=torch.float64)
Running loss: -974.549981935565
Time elapsed: 456.98134541511536

Final parameters:
 parameters:
- sigma_n_log : tensor([-3.2764], dtype=torch.float64)
- log_lengthscales_par : tensor([ 2.2412,  0.6153,  6.0022,  3.7878, -0.6917,  2.7934,  2.6910,  1.9341,
         7.5701,  1.6652,  4.1774,  5.0343,  3.1786,  3.6357],
       dtype=torch.float64)
- log_lambda_par : tensor([0.8940], dtype=torch.float64)
- mean_par : tensor([0.], dtype=torch.float64)
MSE gp 4:  tensor(0.0005, dtype=torch.float64)

Initial parameters:
 parameters:
- sigma_n_log : tensor([-4.6052], dtype=torch.float64)
- log_lengthscales_par : tensor([0., 0., 0., 0., 0., 0., 0., 0., 0., 0., 0., 0., 0., 0.],
       dtype=torch.float64)
- log_lambda_par : tensor([0.], dtype=torch.float64)
- mean_par : tensor([0.], dtype=torch.float64)

EPOCH: 0
 parameters:
- sigma_n_log : tensor([-4.5952], dtype=torch.float64)
- log_lengthscales_par : tensor([0.0100, 0.0100, 0.0100, 0.0100, 0.0100, 0.0100, 0.0100, 0.0100, 0.0100,
        0.0100, 0.0100, 0.0100, 0.0100, 0.0100], dtype=torch.float64)
- log_lambda_par : tensor([0.0100], dtype=torch.float64)
- mean_par : tensor([0.], dtype=torch.float64)
Running loss: 5698.737210786016
Time elapsed: 0.5143065452575684

EPOCH: 1000
 parameters:
- sigma_n_log : tensor([-0.8425], dtype=torch.float64)
- log_lengthscales_par : tensor([ 2.9384, -0.2551,  5.4884,  3.4282,  1.9111,  2.3549,  3.5339,  2.5570,
         5.6505,  3.2737,  3.0105,  2.9127,  2.6723,  4.2030],
       dtype=torch.float64)
- log_lambda_par : tensor([2.6026], dtype=torch.float64)
- mean_par : tensor([0.], dtype=torch.float64)
Running loss: 197.08438970044847
Time elapsed: 459.99844431877136

EPOCH: 2000
 parameters:
- sigma_n_log : tensor([-1.0934], dtype=torch.float64)
- log_lengthscales_par : tensor([ 3.6962, -0.7914,  7.0021,  5.2143,  1.7531,  2.7069,  4.4720,  3.9622,
         7.1588,  5.1689,  5.2805,  4.7455,  3.5202,  5.9242],
       dtype=torch.float64)
- log_lambda_par : tensor([3.5003], dtype=torch.float64)
- mean_par : tensor([0.], dtype=torch.float64)
Running loss: 37.87598587858645
Time elapsed: 479.84474897384644

Final parameters:
 parameters:
- sigma_n_log : tensor([-1.0934], dtype=torch.float64)
- log_lengthscales_par : tensor([ 3.6962, -0.7914,  7.0021,  5.2143,  1.7531,  2.7069,  4.4720,  3.9622,
         7.1588,  5.1689,  5.2805,  4.7455,  3.5202,  5.9242],
       dtype=torch.float64)
- log_lambda_par : tensor([3.5003], dtype=torch.float64)
- mean_par : tensor([0.], dtype=torch.float64)
MSE gp 5:  tensor(0.0768, dtype=torch.float64)

Initial parameters:
 parameters:
- sigma_n_log : tensor([-4.6052], dtype=torch.float64)
- log_lengthscales_par : tensor([0., 0., 0., 0., 0., 0., 0., 0., 0., 0., 0., 0., 0., 0.],
       dtype=torch.float64)
- log_lambda_par : tensor([0.], dtype=torch.float64)
- mean_par : tensor([0.], dtype=torch.float64)

EPOCH: 0
 parameters:
- sigma_n_log : tensor([-4.6152], dtype=torch.float64)
- log_lengthscales_par : tensor([0.0100, 0.0100, 0.0100, 0.0100, 0.0100, 0.0100, 0.0100, 0.0100, 0.0100,
        0.0100, 0.0100, 0.0100, 0.0100, 0.0100], dtype=torch.float64)
- log_lambda_par : tensor([-0.0100], dtype=torch.float64)
- mean_par : tensor([0.], dtype=torch.float64)
Running loss: -7.038575015717955
Time elapsed: 0.6037778854370117

EPOCH: 1000
 parameters:
- sigma_n_log : tensor([-7.4857], dtype=torch.float64)
- log_lengthscales_par : tensor([ 5.2280,  5.1918,  1.1213,  4.3138,  4.5200,  4.9670,  0.8715,  3.5028,
        -1.3956,  4.4729,  4.9901,  4.9456,  2.8171,  1.6764],
       dtype=torch.float64)
- log_lambda_par : tensor([-3.7178], dtype=torch.float64)
- mean_par : tensor([0.], dtype=torch.float64)
Running loss: -4585.974380824066
Time elapsed: 514.5476541519165

EPOCH: 2000
 parameters:
- sigma_n_log : tensor([-7.8306], dtype=torch.float64)
- log_lengthscales_par : tensor([ 4.7881,  6.6598,  2.6959,  4.9288,  4.5700,  6.2508, -1.3224,  5.7102,
        -1.3769,  5.6700,  6.4263,  6.3800,  4.7662,  1.5997],
       dtype=torch.float64)
- log_lambda_par : tensor([-6.5449], dtype=torch.float64)
- mean_par : tensor([0.], dtype=torch.float64)
Running loss: -4922.154250367554
Time elapsed: 501.2288603782654

Final parameters:
 parameters:
- sigma_n_log : tensor([-7.8306], dtype=torch.float64)
- log_lengthscales_par : tensor([ 4.7881,  6.6598,  2.6959,  4.9288,  4.5700,  6.2508, -1.3224,  5.7102,
        -1.3769,  5.6700,  6.4263,  6.3800,  4.7662,  1.5997],
       dtype=torch.float64)
- log_lambda_par : tensor([-6.5449], dtype=torch.float64)
- mean_par : tensor([0.], dtype=torch.float64)
MSE gp 6:  tensor(9.4048e-08, dtype=torch.float64)

Initial parameters:
 parameters:
- sigma_n_log : tensor([-4.6052], dtype=torch.float64)
- log_lengthscales_par : tensor([0., 0., 0., 0., 0., 0., 0., 0., 0., 0., 0., 0., 0., 0.],
       dtype=torch.float64)
- log_lambda_par : tensor([0.], dtype=torch.float64)
- mean_par : tensor([0.], dtype=torch.float64)

EPOCH: 0
 parameters:
- sigma_n_log : tensor([-4.6152], dtype=torch.float64)
- log_lengthscales_par : tensor([0.0100, 0.0100, 0.0100, 0.0100, 0.0100, 0.0100, 0.0100, 0.0100, 0.0100,
        0.0100, 0.0100, 0.0100, 0.0100, 0.0100], dtype=torch.float64)
- log_lambda_par : tensor([-0.0100], dtype=torch.float64)
- mean_par : tensor([0.], dtype=torch.float64)
Running loss: 35.984510226788274
Time elapsed: 0.5568344593048096

EPOCH: 1000
 parameters:
- sigma_n_log : tensor([-2.4938], dtype=torch.float64)
- log_lengthscales_par : tensor([ 1.5848,  1.5982,  1.6731,  1.6510,  1.6262,  3.5891,  1.4951, -0.1463,
         5.7124,  2.5171,  3.4422,  3.2838,  0.8420,  3.9488],
       dtype=torch.float64)
- log_lambda_par : tensor([-0.6720], dtype=torch.float64)
- mean_par : tensor([0.], dtype=torch.float64)
Running loss: -897.6490972486729
Time elapsed: 512.8796730041504

EPOCH: 2000
 parameters:
- sigma_n_log : tensor([-2.4565], dtype=torch.float64)
- log_lengthscales_par : tensor([ 1.3959,  1.5940,  1.7196,  1.6628,  1.8706,  4.5987,  1.5976, -0.1265,
         6.5454,  2.6686,  3.9473,  4.0691,  0.8508,  4.0888],
       dtype=torch.float64)
- log_lambda_par : tensor([-0.5616], dtype=torch.float64)
- mean_par : tensor([0.], dtype=torch.float64)
Running loss: -900.2147579168783
Time elapsed: 503.71851348876953

Final parameters:
 parameters:
- sigma_n_log : tensor([-2.4565], dtype=torch.float64)
- log_lengthscales_par : tensor([ 1.3959,  1.5940,  1.7196,  1.6628,  1.8706,  4.5987,  1.5976, -0.1265,
         6.5454,  2.6686,  3.9473,  4.0691,  0.8508,  4.0888],
       dtype=torch.float64)
- log_lambda_par : tensor([-0.5616], dtype=torch.float64)
- mean_par : tensor([0.], dtype=torch.float64)
MSE gp 7:  tensor(0.0035, dtype=torch.float64)

Trained hyperparameters:
GP 1:
 parameters:
- sigma_n_log : tensor([-2.9526], dtype=torch.float64)
- log_lengthscales_par : tensor([ 2.8878,  6.4381,  2.2174, -0.3578,  5.1507,  6.5951,  0.4406,  2.9287,
         4.8424,  5.7347,  5.9236,  6.0423,  3.9619,  6.6312],
       dtype=torch.float64)
- log_lambda_par : tensor([3.8640], dtype=torch.float64)
- mean_par : tensor([0.], dtype=torch.float64)
GP 2:
 parameters:
- sigma_n_log : tensor([-1.1047], dtype=torch.float64)
- log_lengthscales_par : tensor([ 2.9900, -0.1033,  2.4102,  2.3838,  1.3115,  2.5919,  2.3514,  1.0551,
         6.2671,  2.9587,  4.4322,  4.0643,  1.1196,  3.1253],
       dtype=torch.float64)
- log_lambda_par : tensor([1.9392], dtype=torch.float64)
- mean_par : tensor([0.], dtype=torch.float64)
GP 3:
 parameters:
- sigma_n_log : tensor([-12.7521], dtype=torch.float64)
- log_lengthscales_par : tensor([-2.9395,  3.2300, -4.0621, 12.9739, 11.7367, 10.2909,  4.0539, 11.7897,
         0.2695, 12.1666, 12.0174, 11.3218, 11.7654, 11.4015],
       dtype=torch.float64)
- log_lambda_par : tensor([3.7333], dtype=torch.float64)
- mean_par : tensor([0.], dtype=torch.float64)
GP 4:
 parameters:
- sigma_n_log : tensor([-10.7626], dtype=torch.float64)
- log_lengthscales_par : tensor([-2.6687,  2.5969,  1.3972,  1.4987,  7.2500,  4.4269,  1.6612,  6.7112,
         4.2281,  7.4081,  7.2383,  3.1268,  4.3926,  8.2097],
       dtype=torch.float64)
- log_lambda_par : tensor([-0.4519], dtype=torch.float64)
- mean_par : tensor([0.], dtype=torch.float64)
GP 5:
 parameters:
- sigma_n_log : tensor([-3.2764], dtype=torch.float64)
- log_lengthscales_par : tensor([ 2.2412,  0.6153,  6.0022,  3.7878, -0.6917,  2.7934,  2.6910,  1.9341,
         7.5701,  1.6652,  4.1774,  5.0343,  3.1786,  3.6357],
       dtype=torch.float64)
- log_lambda_par : tensor([0.8940], dtype=torch.float64)
- mean_par : tensor([0.], dtype=torch.float64)
GP 6:
 parameters:
- sigma_n_log : tensor([-1.0934], dtype=torch.float64)
- log_lengthscales_par : tensor([ 3.6962, -0.7914,  7.0021,  5.2143,  1.7531,  2.7069,  4.4720,  3.9622,
         7.1588,  5.1689,  5.2805,  4.7455,  3.5202,  5.9242],
       dtype=torch.float64)
- log_lambda_par : tensor([3.5003], dtype=torch.float64)
- mean_par : tensor([0.], dtype=torch.float64)
GP 7:
 parameters:
- sigma_n_log : tensor([-7.8306], dtype=torch.float64)
- log_lengthscales_par : tensor([ 4.7881,  6.6598,  2.6959,  4.9288,  4.5700,  6.2508, -1.3224,  5.7102,
        -1.3769,  5.6700,  6.4263,  6.3800,  4.7662,  1.5997],
       dtype=torch.float64)
- log_lambda_par : tensor([-6.5449], dtype=torch.float64)
- mean_par : tensor([0.], dtype=torch.float64)
GP 8:
 parameters:
- sigma_n_log : tensor([-2.4565], dtype=torch.float64)
- log_lengthscales_par : tensor([ 1.3959,  1.5940,  1.7196,  1.6628,  1.8706,  4.5987,  1.5976, -0.1265,
         6.5454,  2.6686,  3.9473,  4.0691,  0.8508,  4.0888],
       dtype=torch.float64)
- log_lambda_par : tensor([-0.5616], dtype=torch.float64)
- mean_par : tensor([0.], dtype=torch.float64)

held-out NEXT-STATE MSE (model units) -- phase -1 (bnd_iter1):
  0 pH     model=1.893575e-02  persistence=2.361245e-03  WORSE
  1 T      model=8.197595e-02  persistence=1.131194e-01  OK
  2 Fa     model=1.757570e-02  persistence=3.092559e-01  OK
  3 Fb     model=2.686431e-03  persistence=5.402205e-02  OK
  4 Fc     model=9.575405e-03  persistence=1.382342e-01  OK
  5 Fh     model=1.013576e-01  persistence=1.793157e+00  OK
  6 Wt     model=5.781144e-06  persistence=8.537625e-05  OK
  7 DO2    model=8.355966e-03  persistence=4.231546e-03  WORSE

mean MSE 3.005857e-02   persistence 3.018083e-01
model beats persistence: True
[pensim] statistics saved -> results_pensim/pensim_stats_bnd_iter1.json

saved -> results_pensim/rbf_model_bnd_iter1.pt
saved -> results_pensim/rbf_metrics_bnd_iter1.json
