EXACT GP INFERENCE SELECTED
world models loaded:
  phase -1: [0,inf) h  train pts=800  epochs=2001  select=pivchol
  -> all models share one z-space (verified)
combined training state range: [-7.81, 44.48] (z-units)
[PFQuery] loaded checkpoint flgfn_corrected.pt
pre-caching 150 expert distributions (1.0..150.0 h) ...
  done. example eigenvalues @75h: [0.00018914 0.00684495 0.04047211]
expert windows per world model: phase -1: 150

per-channel action limits (+/-10% of setpoint):
    discharge      setpoint=   178.297   u_max_z=0.0511
    sugar          setpoint=    81.359   u_max_z=0.7440
    soilbean       setpoint=    25.334   u_max_z=1.0199
    aeration       setpoint=    63.345   u_max_z=1.2609
    backpressure   setpoint=     0.982   u_max_z=1.4792
    waterinj       setpoint=   150.258   u_max_z=0.2395
  (previous flat u_max was 3.0 -> [58.7  4.   2.9  2.4  2.  12.5]x too wide per channel)
[loop] warm-starting policy from /home/s2892016/Thesis/MCPILCO/results_pensim/cdil_policy_bnd_iter5.pt
[loop] z-space drift since that policy: max mean-shift=0.033 sigma, max scale change=1.7%
[loop] centres and lengthscales remapped into the new z-space
[loop] loaded policy weights (previous final W2 = 0.1492)

policy Sum_of_gaussians (flat u_max=3.0): in=8 out=6 params=2808
  centres span per-dim [-5.74, 39.84] (data [-7.81, 44.48])
  lengthscales: [ 1.817  2.7   10.021  1.469  1.162  2.583  0.808  2.105]
EPISODIC: T=5 steps (1.0 h) per window, 150 windows/iter x 20 iters = 3000 policy updates
objective: E_s(E_a|s(W2))  states=100 x actions=5 = 500 particles;  means EXCLUDED (cross_dim)
world models: SINGLE (all data)
action spread across 5 replicas of ONE state: 2.216e-01   (ok)
iter   0  W2 mean=1.171780e-01 min=2.9094e-02 max=1.8965e-01
          |grad| med=1.208e-01 max=1.276e+00  DEAD(<1e-12)=0/150  CLIPPED=0/150
          |s|max med=47.96 max=70.54 (data 44.48)   |a|max=3.0000
          per-phase W2: ph-1=1.1718e-01(n=150)
iter   1  W2 mean=1.116988e-01 min=3.2692e-02 max=2.1080e-01
          |grad| med=1.360e-01 max=1.410e+00  DEAD(<1e-12)=0/150  CLIPPED=0/150
          |s|max med=48.76 max=80.35 (data 44.48)   |a|max=3.0000
          per-phase W2: ph-1=1.1170e-01(n=150)
iter   2  W2 mean=1.116974e-01 min=4.2272e-02 max=1.8841e-01
          |grad| med=1.270e-01 max=2.636e+00  DEAD(<1e-12)=0/150  CLIPPED=0/150
          |s|max med=48.48 max=71.83 (data 44.48)   |a|max=3.0000
          per-phase W2: ph-1=1.1170e-01(n=150)
iter   3  W2 mean=1.107186e-01 min=4.3512e-02 max=1.9507e-01
          |grad| med=1.050e-01 max=1.117e+00  DEAD(<1e-12)=0/150  CLIPPED=0/150
          |s|max med=50.02 max=74.80 (data 44.48)   |a|max=3.0000
          per-phase W2: ph-1=1.1072e-01(n=150)
iter   4  W2 mean=1.155897e-01 min=3.8145e-02 max=2.1974e-01
          |grad| med=1.243e-01 max=1.944e+00  DEAD(<1e-12)=0/150  CLIPPED=0/150
          |s|max med=48.78 max=71.98 (data 44.48)   |a|max=3.0000
          per-phase W2: ph-1=1.1559e-01(n=150)
iter   5  W2 mean=1.146217e-01 min=4.3951e-02 max=2.1685e-01
          |grad| med=1.264e-01 max=1.960e+00  DEAD(<1e-12)=0/150  CLIPPED=0/150
          |s|max med=47.64 max=74.64 (data 44.48)   |a|max=3.0000
          per-phase W2: ph-1=1.1462e-01(n=150)
iter   6  W2 mean=1.131401e-01 min=4.6613e-02 max=1.8862e-01
          |grad| med=1.285e-01 max=8.374e-01  DEAD(<1e-12)=0/150  CLIPPED=0/150
          |s|max med=48.25 max=86.42 (data 44.48)   |a|max=3.0000
          per-phase W2: ph-1=1.1314e-01(n=150)
iter   7  W2 mean=1.126275e-01 min=4.9013e-02 max=2.0555e-01
          |grad| med=1.034e-01 max=1.449e+00  DEAD(<1e-12)=0/150  CLIPPED=0/150
          |s|max med=47.65 max=72.95 (data 44.48)   |a|max=3.0000
          per-phase W2: ph-1=1.1263e-01(n=150)
iter   8  W2 mean=1.126976e-01 min=3.9932e-02 max=1.9353e-01
          |grad| med=1.169e-01 max=9.898e-01  DEAD(<1e-12)=0/150  CLIPPED=0/150
          |s|max med=50.83 max=75.48 (data 44.48)   |a|max=3.0000
          per-phase W2: ph-1=1.1270e-01(n=150)
iter   9  W2 mean=1.125753e-01 min=2.6420e-02 max=1.9859e-01
          |grad| med=1.039e-01 max=7.076e-01  DEAD(<1e-12)=0/150  CLIPPED=0/150
          |s|max med=47.91 max=76.08 (data 44.48)   |a|max=3.0000
          per-phase W2: ph-1=1.1258e-01(n=150)
iter  10  W2 mean=1.081514e-01 min=4.1321e-02 max=1.9542e-01
          |grad| med=1.128e-01 max=1.056e+00  DEAD(<1e-12)=0/150  CLIPPED=0/150
          |s|max med=48.06 max=80.84 (data 44.48)   |a|max=3.0000
          per-phase W2: ph-1=1.0815e-01(n=150)
iter  11  W2 mean=1.157711e-01 min=4.5325e-02 max=1.9772e-01
          |grad| med=1.480e-01 max=1.987e+00  DEAD(<1e-12)=0/150  CLIPPED=0/150
          |s|max med=48.80 max=76.82 (data 44.48)   |a|max=3.0000
          per-phase W2: ph-1=1.1577e-01(n=150)
iter  12  W2 mean=1.101482e-01 min=3.6823e-02 max=1.9997e-01
          |grad| med=1.299e-01 max=1.232e+00  DEAD(<1e-12)=0/150  CLIPPED=0/150
          |s|max med=48.56 max=68.96 (data 44.48)   |a|max=3.0000
          per-phase W2: ph-1=1.1015e-01(n=150)
iter  13  W2 mean=1.098688e-01 min=4.0351e-02 max=2.1269e-01
          |grad| med=1.225e-01 max=8.934e-01  DEAD(<1e-12)=0/150  CLIPPED=0/150
          |s|max med=48.06 max=72.34 (data 44.48)   |a|max=3.0000
          per-phase W2: ph-1=1.0987e-01(n=150)
iter  14  W2 mean=1.125830e-01 min=4.2077e-02 max=1.8428e-01
          |grad| med=1.119e-01 max=1.423e+00  DEAD(<1e-12)=0/150  CLIPPED=0/150
          |s|max med=48.62 max=78.20 (data 44.48)   |a|max=3.0000
          per-phase W2: ph-1=1.1258e-01(n=150)
iter  15  W2 mean=1.147164e-01 min=3.1316e-02 max=2.1007e-01
          |grad| med=1.158e-01 max=2.397e+00  DEAD(<1e-12)=0/150  CLIPPED=0/150
          |s|max med=50.44 max=72.19 (data 44.48)   |a|max=3.0000
          per-phase W2: ph-1=1.1472e-01(n=150)
iter  16  W2 mean=1.110482e-01 min=2.9695e-02 max=2.1595e-01
          |grad| med=1.113e-01 max=2.297e+00  DEAD(<1e-12)=0/150  CLIPPED=0/150
          |s|max med=49.54 max=77.57 (data 44.48)   |a|max=3.0000
          per-phase W2: ph-1=1.1105e-01(n=150)
iter  17  W2 mean=1.125557e-01 min=3.5781e-02 max=2.1192e-01
          |grad| med=1.172e-01 max=2.495e+00  DEAD(<1e-12)=0/150  CLIPPED=0/150
          |s|max med=48.95 max=75.40 (data 44.48)   |a|max=3.0000
          per-phase W2: ph-1=1.1256e-01(n=150)
iter  18  W2 mean=1.105151e-01 min=3.5618e-02 max=2.0393e-01
          |grad| med=1.144e-01 max=1.066e+00  DEAD(<1e-12)=0/150  CLIPPED=0/150
          |s|max med=47.56 max=71.53 (data 44.48)   |a|max=3.0000
          per-phase W2: ph-1=1.1052e-01(n=150)
iter  19  W2 mean=1.098252e-01 min=4.2104e-02 max=1.9632e-01
          |grad| med=1.274e-01 max=1.215e+00  DEAD(<1e-12)=0/150  CLIPPED=0/150
          |s|max med=48.34 max=70.89 (data 44.48)   |a|max=3.0000
          per-phase W2: ph-1=1.0983e-01(n=150)

saved -> /home/s2892016/Thesis/MCPILCO/results_pensim/cdil_policy_bnd_iter6.pt
