[pensim] dataset folder: /home/s2892016/Thesis/deps/smpl/smpl/configdata/pensimenv  (12 CSVs)
[units] PeniControlData obs bounds: time [0.16, 276.00] h
[units] PeniControlData act bounds: [ 0.   7.  21.  29.   0.5  0. ] .. [4.10e+03 1.51e+02 3.60e+01 7.60e+01 1.20e+00 5.10e+02]
[policy] /home/s2892016/Thesis/MCPILCO/results_pensim/cdil_policy_bnd_iter4.pt
[policy] basis=200 state_dim=8 u_max=3.0 | final training W2 = 0.3617
[action] recipe setpoint (physical): [180.018  80.979  25.345  63.169   0.978 150.501]
[action] clipping to +/-10%: ON

collecting 10 episodes -> /home/s2892016/Thesis/deps/smpl/smpl/configdata/pensim_bnd
    dropped terminal error_reward row at t=229.8 h
  episode 0: 1149 steps, final t=229.6 h, total yield=3487.8747  ->  bnd_iter4_batch_0.csv
    dropped terminal error_reward row at t=229.8 h
  episode 1: 1149 steps, final t=229.6 h, total yield=3561.1420  ->  bnd_iter4_batch_1.csv
    dropped terminal error_reward row at t=229.8 h
  episode 2: 1149 steps, final t=229.6 h, total yield=3504.4604  ->  bnd_iter4_batch_2.csv
    dropped terminal error_reward row at t=229.8 h
  episode 3: 1149 steps, final t=229.6 h, total yield=3826.7376  ->  bnd_iter4_batch_3.csv
    dropped terminal error_reward row at t=229.8 h
  episode 4: 1149 steps, final t=229.6 h, total yield=3981.5794  ->  bnd_iter4_batch_4.csv
    dropped terminal error_reward row at t=229.8 h
  episode 5: 1149 steps, final t=229.6 h, total yield=3137.4527  ->  bnd_iter4_batch_5.csv
    dropped terminal error_reward row at t=229.8 h
  episode 6: 1149 steps, final t=229.6 h, total yield=3674.8036  ->  bnd_iter4_batch_6.csv
    dropped terminal error_reward row at t=229.8 h
  episode 7: 1149 steps, final t=229.6 h, total yield=3947.4409  ->  bnd_iter4_batch_7.csv
    dropped terminal error_reward row at t=229.8 h
  episode 8: 1149 steps, final t=229.6 h, total yield=3747.7395  ->  bnd_iter4_batch_8.csv
    dropped terminal error_reward row at t=229.8 h
  episode 9: 1149 steps, final t=229.6 h, total yield=3298.9442  ->  bnd_iter4_batch_9.csv

summary:
  episodes written: 10/10
  total yield  mean=3616.8175  min=3137.4527  max=3981.5794
  yield/step   mean=3.1478  min=2.7306  max=3.4653   (SMPL paper baseline: 3.3071)
  files written to /home/s2892016/Thesis/deps/smpl/smpl/configdata/pensim_bnd
[pensim] dataset folder: /home/s2892016/Thesis/deps/smpl/smpl/configdata/pensimenv  (12 CSVs)

NOTE: this folder is NOT the one the trainer reads (/home/s2892016/Thesis/deps/smpl/smpl/configdata/pensimenv).
      Copy the CSVs there (or repoint default_dataset_folder) to retrain on them.
