=== training world model: phase=2 (bnd_rbf_iter0_phase2)  n_keep=800  n_epoch=2001  select=pivchol ===
[pensim] dataset folder (PENSIM_DATA_DIR): /home/s2892016/Thesis/deps/smpl/smpl/configdata/pensim_bnd_rbf  (22 CSVs)
max observations: [2.76000000e+02 8.05261517e+00 3.62841400e+02 6.85863686e+00
 2.70000000e+02 1.80000012e+03 9.46039368e+02 1.26920055e+05
 2.39494171e+01]
min observations: [1.6000001e-01 4.5955915e+00 2.3797954e+02 0.0000000e+00 0.0000000e+00
 0.0000000e+00 0.0000000e+00 5.0006516e+04 2.3598127e+00]
dataset max observations: [2.30000000e+02 6.63800001e+00 3.01980774e+02 4.67915392e+00
 2.25000000e+02 1.50000000e+03 1.35136829e+03 1.03417805e+05
 1.93880215e+01]
dataset min observations: [0.0000000e+00 5.8997355e+00 2.9747845e+02 0.0000000e+00 0.0000000e+00
 9.9999997e-05 9.9999997e-05 6.0842723e+04 9.0607529e+00]
max actions: [4.10e+03 1.51e+02 3.60e+01 7.60e+01 1.20e+00 5.10e+02]
min actions: [ 0.   7.  21.  29.   0.5  0. ]
dataset max actions: [4.094559e+03 1.470660e+02 3.580100e+01 7.514100e+01 1.132000e+00
 5.038400e+02]
dataset min actions: [ 0.     7.361 21.249 29.636  0.545  0.   ]
normalize: True
using max/min observations and actions.
[std:obs]
     0 pH             mean=     0.09713  std=   0.032896
     1 T              mean=    -0.03789  std=   0.003387
     2 Fa             mean=    -0.99715  std=   0.033719
     3 Fb             mean=    -0.16136  std=   0.302856
     4 Fc             mean=    -0.89251  std=   0.172665
     5 Fh             mean=    -0.94841  std=   0.118144
     6 Wt             mean=    -0.24520  std=   0.349735
     7 DO2            mean=     0.15446  std=   0.118552
[std:act]
     0 discharge      mean=    -0.87601  std=   0.308820
     1 sugar          mean=    -0.03446  std=   0.249787
     2 soilbean       mean=    -0.33799  std=   0.486905
     3 aeration       mean=     0.36006  std=   0.345920
     4 backpressure   mean=     0.15587  std=   0.295265
     5 waterinj       mean=    -0.39710  std=   0.438710
[pensim] loader time bounds: [0.16, 276.00] h
[pensim] 25290 transitions | obs 8d act 6d
[pensim] obs per-dim std: [1. 1. 1. 1. 1. 1. 1. 1.]
[pensim] time range: -0.00 .. 230.00 h
[pensim]   phase 0 [0, 47.5) h: 5214 transitions
[pensim]   phase 1 [47.5, 72.5) h: 2750 transitions
[pensim]   phase 2 [72.5, inf) h: 17316 transitions
[pensim] phase 2: t in [72.5, inf) h  ->  17316 of 25290 transitions (68.5%)
[pivchol] selected 800/17116 points  (residual trace 3.538e+03)
train N=800   test N=200   gp input dim=14   num_gp=8
training-set time span: 72.60 .. 230.00 h
EXACT GP INFERENCE SELECTED

Initial parameters:
 parameters:
- sigma_n_log : tensor([-4.6052], dtype=torch.float64)
- log_lengthscales_par : tensor([0., 0., 0., 0., 0., 0., 0., 0., 0., 0., 0., 0., 0., 0.],
       dtype=torch.float64)
- log_lambda_par : tensor([0.], dtype=torch.float64)
- mean_par : tensor([0.], dtype=torch.float64)

EPOCH: 0
 parameters:
- sigma_n_log : tensor([-4.6152], dtype=torch.float64)
- log_lengthscales_par : tensor([0.0100, 0.0100, 0.0100, 0.0100, 0.0100, 0.0100, 0.0100, 0.0100, 0.0100,
        0.0100, 0.0100, 0.0100, 0.0100, 0.0100], dtype=torch.float64)
- log_lambda_par : tensor([-0.0100], dtype=torch.float64)
- mean_par : tensor([0.], dtype=torch.float64)
Running loss: 64.6169694302091
Time elapsed: 2.5910520553588867

EPOCH: 1000
 parameters:
- sigma_n_log : tensor([-2.3361], dtype=torch.float64)
- log_lengthscales_par : tensor([1.3603, 3.7589, 1.6715, 0.7269, 3.9474, 0.3367, 1.5197, 0.4145, 3.1280,
        2.9830, 3.1170, 3.2658, 3.3906, 4.0005], dtype=torch.float64)
- log_lambda_par : tensor([-0.0286], dtype=torch.float64)
- mean_par : tensor([0.], dtype=torch.float64)
Running loss: -758.2670559519813
Time elapsed: 135.92511701583862

EPOCH: 2000
 parameters:
- sigma_n_log : tensor([-2.3060], dtype=torch.float64)
- log_lengthscales_par : tensor([1.4038, 5.0717, 1.6893, 0.7295, 5.4350, 0.3684, 1.5884, 0.4513, 3.1467,
        3.1059, 3.2997, 3.4582, 4.1750, 4.3967], dtype=torch.float64)
- log_lambda_par : tensor([0.1028], dtype=torch.float64)
- mean_par : tensor([0.], dtype=torch.float64)
Running loss: -762.7556607362906
Time elapsed: 136.27337288856506

Final parameters:
 parameters:
- sigma_n_log : tensor([-2.3060], dtype=torch.float64)
- log_lengthscales_par : tensor([1.4038, 5.0717, 1.6893, 0.7295, 5.4350, 0.3684, 1.5884, 0.4513, 3.1467,
        3.1059, 3.2997, 3.4582, 4.1750, 4.3967], dtype=torch.float64)
- log_lambda_par : tensor([0.1028], dtype=torch.float64)
- mean_par : tensor([0.], dtype=torch.float64)
MSE gp 0:  tensor(0.0049, dtype=torch.float64)

Initial parameters:
 parameters:
- sigma_n_log : tensor([-4.6052], dtype=torch.float64)
- log_lengthscales_par : tensor([0., 0., 0., 0., 0., 0., 0., 0., 0., 0., 0., 0., 0., 0.],
       dtype=torch.float64)
- log_lambda_par : tensor([0.], dtype=torch.float64)
- mean_par : tensor([0.], dtype=torch.float64)

EPOCH: 0
 parameters:
- sigma_n_log : tensor([-4.5952], dtype=torch.float64)
- log_lengthscales_par : tensor([ 0.0100, -0.0100, -0.0100,  0.0100,  0.0100,  0.0100,  0.0100,  0.0100,
         0.0100,  0.0100,  0.0100,  0.0100,  0.0100,  0.0100],
       dtype=torch.float64)
- log_lambda_par : tensor([0.0100], dtype=torch.float64)
- mean_par : tensor([0.], dtype=torch.float64)
Running loss: 723.4546346942891
Time elapsed: 0.14896321296691895

EPOCH: 1000
 parameters:
- sigma_n_log : tensor([-1.9044], dtype=torch.float64)
- log_lengthscales_par : tensor([ 1.8643, -0.3494, -0.4115,  1.1659,  1.1664,  1.6892,  3.4909,  1.0710,
         5.8160,  3.1327,  2.3518,  3.8013,  3.5737,  4.1525],
       dtype=torch.float64)
- log_lambda_par : tensor([1.5515], dtype=torch.float64)
- mean_par : tensor([0.], dtype=torch.float64)
Running loss: -226.41894189207295
Time elapsed: 178.0480182170868

EPOCH: 2000
 parameters:
- sigma_n_log : tensor([-1.8850], dtype=torch.float64)
- log_lengthscales_par : tensor([ 1.9123, -0.4114,  2.4155,  1.1868,  1.2016,  1.7404,  3.8511,  1.1119,
         6.5954,  2.9625,  2.3983,  4.2279,  4.3269,  4.7435],
       dtype=torch.float64)
- log_lambda_par : tensor([1.6660], dtype=torch.float64)
- mean_par : tensor([0.], dtype=torch.float64)
Running loss: -243.3753737427433
Time elapsed: 138.59502029418945

Final parameters:
 parameters:
- sigma_n_log : tensor([-1.8850], dtype=torch.float64)
- log_lengthscales_par : tensor([ 1.9123, -0.4114,  2.4155,  1.1868,  1.2016,  1.7404,  3.8511,  1.1119,
         6.5954,  2.9625,  2.3983,  4.2279,  4.3269,  4.7435],
       dtype=torch.float64)
- log_lambda_par : tensor([1.6660], dtype=torch.float64)
- mean_par : tensor([0.], dtype=torch.float64)
MSE gp 1:  tensor(0.0096, dtype=torch.float64)

Initial parameters:
 parameters:
- sigma_n_log : tensor([-4.6052], dtype=torch.float64)
- log_lengthscales_par : tensor([0., 0., 0., 0., 0., 0., 0., 0., 0., 0., 0., 0., 0., 0.],
       dtype=torch.float64)
- log_lambda_par : tensor([0.], dtype=torch.float64)
- mean_par : tensor([0.], dtype=torch.float64)

EPOCH: 0
 parameters:
- sigma_n_log : tensor([-4.5952], dtype=torch.float64)
- log_lengthscales_par : tensor([-0.0100, -0.0100, -0.0100,  0.0100,  0.0100,  0.0100,  0.0100,  0.0100,
         0.0100,  0.0100,  0.0100,  0.0100,  0.0100,  0.0100],
       dtype=torch.float64)
- log_lambda_par : tensor([0.0100], dtype=torch.float64)
- mean_par : tensor([0.], dtype=torch.float64)
Running loss: 3705.638818606572
Time elapsed: 0.14631962776184082

EPOCH: 1000
 parameters:
- sigma_n_log : tensor([-10.0490], dtype=torch.float64)
- log_lengthscales_par : tensor([-2.4450,  5.7309, -4.9871,  6.7932,  7.5733,  6.9097,  7.9389,  5.3017,
         1.2790,  5.2666,  3.9565,  5.4245,  3.6987,  2.5233],
       dtype=torch.float64)
- log_lambda_par : tensor([2.8806], dtype=torch.float64)
- mean_par : tensor([0.], dtype=torch.float64)
Running loss: -682.5341960234344
Time elapsed: 166.18219685554504

EPOCH: 2000
 parameters:
- sigma_n_log : tensor([-12.2681], dtype=torch.float64)
- log_lengthscales_par : tensor([-2.4788, 10.8753, -5.8199, 10.9196, 11.9558, 10.8215, 10.8672,  9.5447,
         1.7998,  9.9275,  3.9671,  9.6784,  3.4840,  2.4707],
       dtype=torch.float64)
- log_lambda_par : tensor([3.1354], dtype=torch.float64)
- mean_par : tensor([0.], dtype=torch.float64)
Running loss: -973.1433726823213
Time elapsed: 166.01890325546265

Final parameters:
 parameters:
- sigma_n_log : tensor([-12.2681], dtype=torch.float64)
- log_lengthscales_par : tensor([-2.4788, 10.8753, -5.8199, 10.9196, 11.9558, 10.8215, 10.8672,  9.5447,
         1.7998,  9.9275,  3.9671,  9.6784,  3.4840,  2.4707],
       dtype=torch.float64)
- log_lambda_par : tensor([3.1354], dtype=torch.float64)
- mean_par : tensor([0.], dtype=torch.float64)
MSE gp 2:  tensor(3.0343e-13, dtype=torch.float64)

Initial parameters:
 parameters:
- sigma_n_log : tensor([-4.6052], dtype=torch.float64)
- log_lengthscales_par : tensor([0., 0., 0., 0., 0., 0., 0., 0., 0., 0., 0., 0., 0., 0.],
       dtype=torch.float64)
- log_lambda_par : tensor([0.], dtype=torch.float64)
- mean_par : tensor([0.], dtype=torch.float64)

EPOCH: 0
 parameters:
- sigma_n_log : tensor([-4.6152], dtype=torch.float64)
- log_lengthscales_par : tensor([0.0100, 0.0100, 0.0100, 0.0100, 0.0100, 0.0100, 0.0100, 0.0100, 0.0100,
        0.0100, 0.0100, 0.0100, 0.0100, 0.0100], dtype=torch.float64)
- log_lambda_par : tensor([-0.0100], dtype=torch.float64)
- mean_par : tensor([0.], dtype=torch.float64)
Running loss: 63.47826978122632
Time elapsed: 0.1493382453918457

EPOCH: 1000
 parameters:
- sigma_n_log : tensor([-10.2084], dtype=torch.float64)
- log_lengthscales_par : tensor([-2.2044,  4.8105,  5.7498,  0.2665,  5.7745,  5.5745,  4.8779,  5.1334,
         1.9226,  5.4952,  4.6899,  5.1613,  5.2822,  1.7309],
       dtype=torch.float64)
- log_lambda_par : tensor([-1.2531], dtype=torch.float64)
- mean_par : tensor([0.], dtype=torch.float64)
Running loss: -1553.5533885872956
Time elapsed: 165.71413445472717

EPOCH: 2000
 parameters:
- sigma_n_log : tensor([-9.0775], dtype=torch.float64)
- log_lengthscales_par : tensor([-2.1836,  8.8251,  7.8739,  0.2871,  9.1104,  8.9185,  6.9411,  7.2230,
         2.0222,  6.6654,  7.4287,  7.1551,  7.2699,  1.4170],
       dtype=torch.float64)
- log_lambda_par : tensor([-1.1666], dtype=torch.float64)
- mean_par : tensor([0.], dtype=torch.float64)
Running loss: -1658.9072196011318
Time elapsed: 209.07544493675232

Final parameters:
 parameters:
- sigma_n_log : tensor([-9.0775], dtype=torch.float64)
- log_lengthscales_par : tensor([-2.1836,  8.8251,  7.8739,  0.2871,  9.1104,  8.9185,  6.9411,  7.2230,
         2.0222,  6.6654,  7.4287,  7.1551,  7.2699,  1.4170],
       dtype=torch.float64)
- log_lambda_par : tensor([-1.1666], dtype=torch.float64)
- mean_par : tensor([0.], dtype=torch.float64)
MSE gp 3:  tensor(3.4995e-10, dtype=torch.float64)

Initial parameters:
 parameters:
- sigma_n_log : tensor([-4.6052], dtype=torch.float64)
- log_lengthscales_par : tensor([0., 0., 0., 0., 0., 0., 0., 0., 0., 0., 0., 0., 0., 0.],
       dtype=torch.float64)
- log_lambda_par : tensor([0.], dtype=torch.float64)
- mean_par : tensor([0.], dtype=torch.float64)

EPOCH: 0
 parameters:
- sigma_n_log : tensor([-4.6152], dtype=torch.float64)
- log_lengthscales_par : tensor([0.0100, 0.0100, 0.0100, 0.0100, 0.0100, 0.0100, 0.0100, 0.0100, 0.0100,
        0.0100, 0.0100, 0.0100, 0.0100, 0.0100], dtype=torch.float64)
- log_lambda_par : tensor([-0.0100], dtype=torch.float64)
- mean_par : tensor([0.], dtype=torch.float64)
Running loss: 213.3768196357939
Time elapsed: 0.15277457237243652

EPOCH: 1000
 parameters:
- sigma_n_log : tensor([-3.4515], dtype=torch.float64)
- log_lengthscales_par : tensor([4.6809, 0.0278, 5.0737, 3.7433, 1.0149, 1.0091, 2.6282, 2.5285, 5.8473,
        3.3593, 1.7771, 3.5136, 4.1111, 3.7049], dtype=torch.float64)
- log_lambda_par : tensor([0.6458], dtype=torch.float64)
- mean_par : tensor([0.], dtype=torch.float64)
Running loss: -1633.4624630206567
Time elapsed: 136.915935754776

EPOCH: 2000
 parameters:
- sigma_n_log : tensor([-3.4168], dtype=torch.float64)
- log_lengthscales_par : tensor([ 6.1027, -0.0184,  5.8643,  4.7871,  0.9056,  0.9490,  2.4955,  2.8510,
         7.5005,  3.7789,  1.7641,  3.7374,  5.3087,  4.8912],
       dtype=torch.float64)
- log_lambda_par : tensor([0.7511], dtype=torch.float64)
- mean_par : tensor([0.], dtype=torch.float64)
Running loss: -1651.734747136642
Time elapsed: 137.0344021320343

Final parameters:
 parameters:
- sigma_n_log : tensor([-3.4168], dtype=torch.float64)
- log_lengthscales_par : tensor([ 6.1027, -0.0184,  5.8643,  4.7871,  0.9056,  0.9490,  2.4955,  2.8510,
         7.5005,  3.7789,  1.7641,  3.7374,  5.3087,  4.8912],
       dtype=torch.float64)
- log_lambda_par : tensor([0.7511], dtype=torch.float64)
- mean_par : tensor([0.], dtype=torch.float64)
MSE gp 4:  tensor(0.0007, dtype=torch.float64)

Initial parameters:
 parameters:
- sigma_n_log : tensor([-4.6052], dtype=torch.float64)
- log_lengthscales_par : tensor([0., 0., 0., 0., 0., 0., 0., 0., 0., 0., 0., 0., 0., 0.],
       dtype=torch.float64)
- log_lambda_par : tensor([0.], dtype=torch.float64)
- mean_par : tensor([0.], dtype=torch.float64)

EPOCH: 0
 parameters:
- sigma_n_log : tensor([-4.5952], dtype=torch.float64)
- log_lengthscales_par : tensor([ 0.0100,  0.0100, -0.0100,  0.0100,  0.0100,  0.0100,  0.0100,  0.0100,
         0.0100,  0.0100,  0.0100,  0.0100,  0.0100,  0.0100],
       dtype=torch.float64)
- log_lambda_par : tensor([0.0100], dtype=torch.float64)
- mean_par : tensor([0.], dtype=torch.float64)
Running loss: 2277.3486529432635
Time elapsed: 0.14557981491088867

EPOCH: 1000
 parameters:
- sigma_n_log : tensor([-1.3907], dtype=torch.float64)
- log_lengthscales_par : tensor([ 1.8922, -0.1076,  0.0139,  3.5706,  1.0775,  1.8036,  2.4930,  3.8356,
         5.8727,  4.1957,  2.1453,  3.8118,  4.0886,  4.0691],
       dtype=torch.float64)
- log_lambda_par : tensor([2.5434], dtype=torch.float64)
- mean_par : tensor([0.], dtype=torch.float64)
Running loss: -142.42303634782644
Time elapsed: 250.47924709320068

EPOCH: 2000
 parameters:
- sigma_n_log : tensor([-1.3391], dtype=torch.float64)
- log_lengthscales_par : tensor([ 1.9645, -0.2167,  7.2943,  5.0694,  1.4911,  2.1941,  2.2603,  5.1060,
         7.1921,  5.2935,  4.7143,  4.8714,  5.2599,  5.4702],
       dtype=torch.float64)
- log_lambda_par : tensor([3.1379], dtype=torch.float64)
- mean_par : tensor([0.], dtype=torch.float64)
Running loss: -244.5514659560726
Time elapsed: 137.67239379882812

Final parameters:
 parameters:
- sigma_n_log : tensor([-1.3391], dtype=torch.float64)
- log_lengthscales_par : tensor([ 1.9645, -0.2167,  7.2943,  5.0694,  1.4911,  2.1941,  2.2603,  5.1060,
         7.1921,  5.2935,  4.7143,  4.8714,  5.2599,  5.4702],
       dtype=torch.float64)
- log_lambda_par : tensor([3.1379], dtype=torch.float64)
- mean_par : tensor([0.], dtype=torch.float64)
MSE gp 5:  tensor(0.0506, dtype=torch.float64)

Initial parameters:
 parameters:
- sigma_n_log : tensor([-4.6052], dtype=torch.float64)
- log_lengthscales_par : tensor([0., 0., 0., 0., 0., 0., 0., 0., 0., 0., 0., 0., 0., 0.],
       dtype=torch.float64)
- log_lambda_par : tensor([0.], dtype=torch.float64)
- mean_par : tensor([0.], dtype=torch.float64)

EPOCH: 0
 parameters:
- sigma_n_log : tensor([-4.6152], dtype=torch.float64)
- log_lengthscales_par : tensor([0.0100, 0.0100, 0.0100, 0.0100, 0.0100, 0.0100, 0.0100, 0.0100, 0.0100,
        0.0100, 0.0100, 0.0100, 0.0100, 0.0100], dtype=torch.float64)
- log_lambda_par : tensor([-0.0100], dtype=torch.float64)
- mean_par : tensor([0.], dtype=torch.float64)
Running loss: -22.676552044419854
Time elapsed: 0.14756202697753906

EPOCH: 1000
 parameters:
- sigma_n_log : tensor([-8.7186], dtype=torch.float64)
- log_lengthscales_par : tensor([ 4.6687,  5.7602,  2.6939,  3.9778,  6.0041,  5.8874, -1.4829,  4.2012,
        -1.8466,  5.0195,  4.8262,  1.6622,  2.8370,  0.6653],
       dtype=torch.float64)
- log_lambda_par : tensor([-4.7055], dtype=torch.float64)
- mean_par : tensor([0.], dtype=torch.float64)
Running loss: -4418.822651703875
Time elapsed: 162.02289628982544

EPOCH: 2000
 parameters:
- sigma_n_log : tensor([-8.6095], dtype=torch.float64)
- log_lengthscales_par : tensor([ 5.1314,  7.1959,  2.3046,  5.0463,  6.1712,  7.5391, -1.6985,  3.2108,
        -2.1325,  5.4248,  5.9585,  1.4652,  1.4913,  0.5139],
       dtype=torch.float64)
- log_lambda_par : tensor([-6.5182], dtype=torch.float64)
- mean_par : tensor([0.], dtype=torch.float64)
Running loss: -4553.520560783659
Time elapsed: 139.00187397003174

Final parameters:
 parameters:
- sigma_n_log : tensor([-8.6095], dtype=torch.float64)
- log_lengthscales_par : tensor([ 5.1314,  7.1959,  2.3046,  5.0463,  6.1712,  7.5391, -1.6985,  3.2108,
        -2.1325,  5.4248,  5.9585,  1.4652,  1.4913,  0.5139],
       dtype=torch.float64)
- log_lambda_par : tensor([-6.5182], dtype=torch.float64)
- mean_par : tensor([0.], dtype=torch.float64)
MSE gp 6:  tensor(1.3801e-08, dtype=torch.float64)

Initial parameters:
 parameters:
- sigma_n_log : tensor([-4.6052], dtype=torch.float64)
- log_lengthscales_par : tensor([0., 0., 0., 0., 0., 0., 0., 0., 0., 0., 0., 0., 0., 0.],
       dtype=torch.float64)
- log_lambda_par : tensor([0.], dtype=torch.float64)
- mean_par : tensor([0.], dtype=torch.float64)

EPOCH: 0
 parameters:
- sigma_n_log : tensor([-4.6152], dtype=torch.float64)
- log_lengthscales_par : tensor([0.0100, 0.0100, 0.0100, 0.0100, 0.0100, 0.0100, 0.0100, 0.0100, 0.0100,
        0.0100, 0.0100, 0.0100, 0.0100, 0.0100], dtype=torch.float64)
- log_lambda_par : tensor([-0.0100], dtype=torch.float64)
- mean_par : tensor([0.], dtype=torch.float64)
Running loss: 34.0942065161106
Time elapsed: 0.15560364723205566

EPOCH: 1000
 parameters:
- sigma_n_log : tensor([-3.0311], dtype=torch.float64)
- log_lengthscales_par : tensor([3.7131, 1.9623, 1.4190, 1.2527, 2.7725, 0.1262, 0.6927, 0.0717, 5.5562,
        4.0421, 4.0708, 1.8540, 2.1136, 3.8573], dtype=torch.float64)
- log_lambda_par : tensor([-0.2502], dtype=torch.float64)
- mean_par : tensor([0.], dtype=torch.float64)
Running loss: -1026.4113944603412
Time elapsed: 131.35183095932007

EPOCH: 2000
 parameters:
- sigma_n_log : tensor([-2.9985], dtype=torch.float64)
- log_lengthscales_par : tensor([3.9234, 2.0519, 1.5158, 1.2773, 2.8987, 0.1634, 0.7230, 0.1085, 6.1744,
        4.9850, 5.0431, 1.8931, 2.1474, 4.0881], dtype=torch.float64)
- log_lambda_par : tensor([-0.0746], dtype=torch.float64)
- mean_par : tensor([0.], dtype=torch.float64)
Running loss: -1028.8517093630994
Time elapsed: 130.5277190208435

Final parameters:
 parameters:
- sigma_n_log : tensor([-2.9985], dtype=torch.float64)
- log_lengthscales_par : tensor([3.9234, 2.0519, 1.5158, 1.2773, 2.8987, 0.1634, 0.7230, 0.1085, 6.1744,
        4.9850, 5.0431, 1.8931, 2.1474, 4.0881], dtype=torch.float64)
- log_lambda_par : tensor([-0.0746], dtype=torch.float64)
- mean_par : tensor([0.], dtype=torch.float64)
MSE gp 7:  tensor(0.0009, dtype=torch.float64)

Trained hyperparameters:
GP 1:
 parameters:
- sigma_n_log : tensor([-2.3060], dtype=torch.float64)
- log_lengthscales_par : tensor([1.4038, 5.0717, 1.6893, 0.7295, 5.4350, 0.3684, 1.5884, 0.4513, 3.1467,
        3.1059, 3.2997, 3.4582, 4.1750, 4.3967], dtype=torch.float64)
- log_lambda_par : tensor([0.1028], dtype=torch.float64)
- mean_par : tensor([0.], dtype=torch.float64)
GP 2:
 parameters:
- sigma_n_log : tensor([-1.8850], dtype=torch.float64)
- log_lengthscales_par : tensor([ 1.9123, -0.4114,  2.4155,  1.1868,  1.2016,  1.7404,  3.8511,  1.1119,
         6.5954,  2.9625,  2.3983,  4.2279,  4.3269,  4.7435],
       dtype=torch.float64)
- log_lambda_par : tensor([1.6660], dtype=torch.float64)
- mean_par : tensor([0.], dtype=torch.float64)
GP 3:
 parameters:
- sigma_n_log : tensor([-12.2681], dtype=torch.float64)
- log_lengthscales_par : tensor([-2.4788, 10.8753, -5.8199, 10.9196, 11.9558, 10.8215, 10.8672,  9.5447,
         1.7998,  9.9275,  3.9671,  9.6784,  3.4840,  2.4707],
       dtype=torch.float64)
- log_lambda_par : tensor([3.1354], dtype=torch.float64)
- mean_par : tensor([0.], dtype=torch.float64)
GP 4:
 parameters:
- sigma_n_log : tensor([-9.0775], dtype=torch.float64)
- log_lengthscales_par : tensor([-2.1836,  8.8251,  7.8739,  0.2871,  9.1104,  8.9185,  6.9411,  7.2230,
         2.0222,  6.6654,  7.4287,  7.1551,  7.2699,  1.4170],
       dtype=torch.float64)
- log_lambda_par : tensor([-1.1666], dtype=torch.float64)
- mean_par : tensor([0.], dtype=torch.float64)
GP 5:
 parameters:
- sigma_n_log : tensor([-3.4168], dtype=torch.float64)
- log_lengthscales_par : tensor([ 6.1027, -0.0184,  5.8643,  4.7871,  0.9056,  0.9490,  2.4955,  2.8510,
         7.5005,  3.7789,  1.7641,  3.7374,  5.3087,  4.8912],
       dtype=torch.float64)
- log_lambda_par : tensor([0.7511], dtype=torch.float64)
- mean_par : tensor([0.], dtype=torch.float64)
GP 6:
 parameters:
- sigma_n_log : tensor([-1.3391], dtype=torch.float64)
- log_lengthscales_par : tensor([ 1.9645, -0.2167,  7.2943,  5.0694,  1.4911,  2.1941,  2.2603,  5.1060,
         7.1921,  5.2935,  4.7143,  4.8714,  5.2599,  5.4702],
       dtype=torch.float64)
- log_lambda_par : tensor([3.1379], dtype=torch.float64)
- mean_par : tensor([0.], dtype=torch.float64)
GP 7:
 parameters:
- sigma_n_log : tensor([-8.6095], dtype=torch.float64)
- log_lengthscales_par : tensor([ 5.1314,  7.1959,  2.3046,  5.0463,  6.1712,  7.5391, -1.6985,  3.2108,
        -2.1325,  5.4248,  5.9585,  1.4652,  1.4913,  0.5139],
       dtype=torch.float64)
- log_lambda_par : tensor([-6.5182], dtype=torch.float64)
- mean_par : tensor([0.], dtype=torch.float64)
GP 8:
 parameters:
- sigma_n_log : tensor([-2.9985], dtype=torch.float64)
- log_lengthscales_par : tensor([3.9234, 2.0519, 1.5158, 1.2773, 2.8987, 0.1634, 0.7230, 0.1085, 6.1744,
        4.9850, 5.0431, 1.8931, 2.1474, 4.0881], dtype=torch.float64)
- log_lambda_par : tensor([-0.0746], dtype=torch.float64)
- mean_par : tensor([0.], dtype=torch.float64)

held-out NEXT-STATE MSE (model units) -- phase 2 (bnd_rbf_iter0_phase2):
  0 pH     model=1.004319e-02  persistence=1.895600e-02  OK
  1 T      model=9.668348e-02  persistence=4.073890e-01  OK
  2 Fa     model=2.672815e-03  persistence=1.009610e+00  OK
  3 Fb     model=3.473699e-03  persistence=8.913502e-02  OK
  4 Fc     model=2.295961e-03  persistence=8.028004e-02  OK
  5 Fh     model=1.791580e-01  persistence=1.501605e+00  OK
  6 Wt     model=5.715757e-05  persistence=1.952931e-04  OK
  7 DO2    model=1.521890e-02  persistence=1.095622e-02  WORSE

mean MSE 3.870040e-02   persistence 3.897659e-01
model beats persistence: True
[pensim] statistics saved -> results_pensim/pensim_stats_bnd_rbf_iter0_phase2.json

saved -> results_pensim/rbf_model_bnd_rbf_iter0_phase2.pt
saved -> results_pensim/rbf_metrics_bnd_rbf_iter0_phase2.json
