EXACT GP INFERENCE SELECTED
EXACT GP INFERENCE SELECTED
EXACT GP INFERENCE SELECTED
world models:
  phase 0: [0,47.5) h  train pts=800
  phase 1: [47.5,72.5) h  train pts=800
  phase 2: [72.5,inf) h  train pts=800
  -> one shared z-space (verified)
combined state range: [-15.77, 32.69] z
[PFQuery] loaded checkpoint flgfn_corrected.pt
pre-caching 150 expert distributions ...
  eigenvalues @75h: [0.00018914 0.00684495 0.04047212]
windows per model: phase 0: 47  phase 1: 25  phase 2: 78

policy rbf: in=8 out=6 u_max=3.0 params=2808
L2: lambda=1.6 on ALL SIX channels (additive)
action spread across 5 replicas of one state: 1.225e-06   <-- WARNING: E_a|s degenerate

chance constraints: eps=0.95 -> Phi^-1=1.6449
  action box  alpha=1000.0
  vessel floor alpha=1.0  Wt >= 50000 phys (-2.333 z)
  training data below the floor: 0.0%
iter   0  W2=0.68263  ||a||^2=0.00304  lam*||a||^2=4.872e-03  loss=0.68980
          cc_act=2.306e-03 cc_state=0.000e+00   |grad| med=5.947e-02 DEAD=0/150  |s|max=39.6 (data 32.7)
iter   1  W2=0.66767  ||a||^2=0.00534  lam*||a||^2=8.549e-03  loss=0.68009
          cc_act=3.874e-03 cc_state=0.000e+00   |grad| med=1.248e-01 DEAD=0/150  |s|max=38.4 (data 32.7)
iter   2  W2=0.65476  ||a||^2=0.00680  lam*||a||^2=1.087e-02  loss=0.67048
          cc_act=4.851e-03 cc_state=0.000e+00   |grad| med=1.709e-01 DEAD=0/150  |s|max=38.0 (data 32.7)
iter   3  W2=0.66731  ||a||^2=0.00616  lam*||a||^2=9.854e-03  loss=0.68182
          cc_act=4.662e-03 cc_state=0.000e+00   |grad| med=2.032e-01 DEAD=0/150  |s|max=38.3 (data 32.7)
iter   4  W2=0.65320  ||a||^2=0.00848  lam*||a||^2=1.357e-02  loss=0.66932
          cc_act=2.551e-03 cc_state=0.000e+00   |grad| med=2.394e-01 DEAD=0/150  |s|max=39.6 (data 32.7)
iter   5  W2=0.64870  ||a||^2=0.00847  lam*||a||^2=1.356e-02  loss=0.66504
          cc_act=2.785e-03 cc_state=0.000e+00   |grad| med=1.969e-01 DEAD=0/150  |s|max=40.2 (data 32.7)
iter   6  W2=0.65596  ||a||^2=0.00782  lam*||a||^2=1.251e-02  loss=0.67067
          cc_act=2.190e-03 cc_state=0.000e+00   |grad| med=2.142e-01 DEAD=0/150  |s|max=38.4 (data 32.7)
iter   7  W2=0.64512  ||a||^2=0.00860  lam*||a||^2=1.376e-02  loss=0.66159
          cc_act=2.709e-03 cc_state=0.000e+00   |grad| med=1.817e-01 DEAD=0/150  |s|max=39.6 (data 32.7)
iter   8  W2=0.64878  ||a||^2=0.00882  lam*||a||^2=1.412e-02  loss=0.66539
          cc_act=2.488e-03 cc_state=0.000e+00   |grad| med=1.708e-01 DEAD=0/150  |s|max=39.2 (data 32.7)
iter   9  W2=0.64876  ||a||^2=0.00816  lam*||a||^2=1.306e-02  loss=0.66447
          cc_act=2.643e-03 cc_state=0.000e+00   |grad| med=1.827e-01 DEAD=0/150  |s|max=38.6 (data 32.7)
iter  10  W2=0.66310  ||a||^2=0.00726  lam*||a||^2=1.162e-02  loss=0.67965
          cc_act=4.935e-03 cc_state=0.000e+00   |grad| med=1.749e-01 DEAD=0/150  |s|max=39.5 (data 32.7)
iter  11  W2=0.64817  ||a||^2=0.00851  lam*||a||^2=1.362e-02  loss=0.66389
          cc_act=2.098e-03 cc_state=0.000e+00   |grad| med=2.006e-01 DEAD=0/150  |s|max=37.8 (data 32.7)
iter  12  W2=0.64416  ||a||^2=0.01010  lam*||a||^2=1.616e-02  loss=0.66266
          cc_act=2.329e-03 cc_state=0.000e+00   |grad| med=1.846e-01 DEAD=0/150  |s|max=39.6 (data 32.7)
iter  13  W2=0.64084  ||a||^2=0.00990  lam*||a||^2=1.585e-02  loss=0.65921
          cc_act=2.528e-03 cc_state=0.000e+00   |grad| med=1.745e-01 DEAD=0/150  |s|max=39.7 (data 32.7)
iter  14  W2=0.64961  ||a||^2=0.00881  lam*||a||^2=1.410e-02  loss=0.66588
          cc_act=2.166e-03 cc_state=0.000e+00   |grad| med=2.284e-01 DEAD=0/150  |s|max=39.9 (data 32.7)
iter  15  W2=0.63904  ||a||^2=0.00975  lam*||a||^2=1.560e-02  loss=0.65688
          cc_act=2.241e-03 cc_state=0.000e+00   |grad| med=1.843e-01 DEAD=0/150  |s|max=37.6 (data 32.7)
iter  16  W2=0.64336  ||a||^2=0.00958  lam*||a||^2=1.533e-02  loss=0.66111
          cc_act=2.426e-03 cc_state=0.000e+00   |grad| med=1.529e-01 DEAD=0/150  |s|max=39.9 (data 32.7)
iter  17  W2=0.65139  ||a||^2=0.00822  lam*||a||^2=1.316e-02  loss=0.66717
          cc_act=2.624e-03 cc_state=0.000e+00   |grad| med=1.583e-01 DEAD=0/150  |s|max=39.7 (data 32.7)
iter  18  W2=0.63467  ||a||^2=0.01104  lam*||a||^2=1.766e-02  loss=0.65475
          cc_act=2.417e-03 cc_state=0.000e+00   |grad| med=1.809e-01 DEAD=0/150  |s|max=38.3 (data 32.7)
iter  19  W2=0.65416  ||a||^2=0.00803  lam*||a||^2=1.285e-02  loss=0.66935
          cc_act=2.331e-03 cc_state=0.000e+00   |grad| med=1.591e-01 DEAD=0/150  |s|max=39.9 (data 32.7)

||a||^2  first iter 0.00304  ->  last 0.00803  (+163.8%)
  (with lambda>0 this should DECREASE; if it rises, the L2 term is not binding)

saved -> /home/s2892016/Thesis/MCPILCO/results_retrain/hi_lam1p6.pt
