EXACT GP INFERENCE SELECTED
EXACT GP INFERENCE SELECTED
EXACT GP INFERENCE SELECTED
world models:
  phase 0: [0,47.5) h  train pts=800
  phase 1: [47.5,72.5) h  train pts=800
  phase 2: [72.5,inf) h  train pts=800
  -> one shared z-space (verified)
combined state range: [-10.41, 40.38] z
[PFQuery] loaded checkpoint flgfn_corrected.pt
pre-caching 150 expert distributions ...
  eigenvalues @75h: [0.00018914 0.00684495 0.04047211]
windows per model: phase 0: 47  phase 1: 25  phase 2: 78

policy rbf: in=8 out=6 u_max=3.0 params=2808
L2: lambda=0.1 on ALL SIX channels (additive)
W2 trace-normalisation: ON  -- both spectra divided by their own trace, so only SHAPE is compared. W2 values are NOT comparable to runs made before this change.
action spread across 5 replicas of one state: 3.323e-06   <-- WARNING: E_a|s degenerate

chance constraints: eps=0.95 -> Phi^-1=1.6449
  action box  alpha=1000.0
  vessel floor alpha=1.0  Wt >= 50000 phys (-1.534 z)
  training data below the floor: 0.0%
iter   0  W2=0.22298  ||a||^2=0.00013  lam*||a||^2=1.289e-05  loss=0.22299
          cc_act=0.000e+00 cc_state=0.000e+00   |grad| med=1.256e-03 DEAD=0/150  |s|max=36.4 (data 40.4)
iter   1  W2=0.22337  ||a||^2=0.00134  lam*||a||^2=1.338e-04  loss=0.22351
          cc_act=0.000e+00 cc_state=0.000e+00   |grad| med=2.531e-03 DEAD=0/150  |s|max=34.0 (data 40.4)
iter   2  W2=0.22300  ||a||^2=0.00236  lam*||a||^2=2.360e-04  loss=0.22324
          cc_act=0.000e+00 cc_state=0.000e+00   |grad| med=2.389e-03 DEAD=0/150  |s|max=33.7 (data 40.4)
iter   3  W2=0.22073  ||a||^2=0.00495  lam*||a||^2=4.949e-04  loss=0.22123
          cc_act=0.000e+00 cc_state=0.000e+00   |grad| med=3.422e-03 DEAD=0/150  |s|max=38.0 (data 40.4)
iter   4  W2=0.22056  ||a||^2=0.00409  lam*||a||^2=4.085e-04  loss=0.22099
          cc_act=1.693e-05 cc_state=0.000e+00   |grad| med=2.629e-03 DEAD=0/150  |s|max=35.2 (data 40.4)
iter   5  W2=0.22055  ||a||^2=0.00655  lam*||a||^2=6.550e-04  loss=0.22120
          cc_act=0.000e+00 cc_state=0.000e+00   |grad| med=4.225e-03 DEAD=0/150  |s|max=36.6 (data 40.4)
iter   6  W2=0.22039  ||a||^2=0.00478  lam*||a||^2=4.778e-04  loss=0.22087
          cc_act=0.000e+00 cc_state=0.000e+00   |grad| med=4.447e-03 DEAD=0/150  |s|max=37.4 (data 40.4)
iter   7  W2=0.22016  ||a||^2=0.00517  lam*||a||^2=5.172e-04  loss=0.22145
          cc_act=7.704e-04 cc_state=0.000e+00   |grad| med=4.579e-03 DEAD=0/150  |s|max=35.8 (data 40.4)
iter   8  W2=0.22051  ||a||^2=0.00528  lam*||a||^2=5.283e-04  loss=0.22106
          cc_act=1.346e-05 cc_state=0.000e+00   |grad| med=2.117e-03 DEAD=0/150  |s|max=36.9 (data 40.4)
iter   9  W2=0.22050  ||a||^2=0.00695  lam*||a||^2=6.946e-04  loss=0.22120
          cc_act=0.000e+00 cc_state=0.000e+00   |grad| med=3.318e-03 DEAD=0/150  |s|max=35.3 (data 40.4)
iter  10  W2=0.22052  ||a||^2=0.00496  lam*||a||^2=4.961e-04  loss=0.22119
          cc_act=1.748e-04 cc_state=0.000e+00   |grad| med=2.667e-03 DEAD=0/150  |s|max=35.0 (data 40.4)
iter  11  W2=0.22055  ||a||^2=0.00315  lam*||a||^2=3.149e-04  loss=0.22086
          cc_act=0.000e+00 cc_state=0.000e+00   |grad| med=1.610e-03 DEAD=0/150  |s|max=35.5 (data 40.4)
iter  12  W2=0.22084  ||a||^2=0.00395  lam*||a||^2=3.955e-04  loss=0.22124
          cc_act=0.000e+00 cc_state=0.000e+00   |grad| med=1.714e-03 DEAD=0/150  |s|max=35.2 (data 40.4)
iter  13  W2=0.22082  ||a||^2=0.00190  lam*||a||^2=1.904e-04  loss=0.22101
          cc_act=0.000e+00 cc_state=0.000e+00   |grad| med=1.079e-03 DEAD=0/150  |s|max=34.9 (data 40.4)
iter  14  W2=0.22231  ||a||^2=0.00056  lam*||a||^2=5.555e-05  loss=0.22236
          cc_act=0.000e+00 cc_state=0.000e+00   |grad| med=3.935e-04 DEAD=0/150  |s|max=35.4 (data 40.4)
iter  15  W2=0.22316  ||a||^2=0.00011  lam*||a||^2=1.061e-05  loss=0.22317
          cc_act=0.000e+00 cc_state=0.000e+00   |grad| med=1.291e-04 DEAD=0/150  |s|max=34.5 (data 40.4)
iter  16  W2=0.22335  ||a||^2=0.00034  lam*||a||^2=3.378e-05  loss=0.22338
          cc_act=0.000e+00 cc_state=0.000e+00   |grad| med=3.002e-04 DEAD=0/150  |s|max=34.8 (data 40.4)
iter  17  W2=0.22086  ||a||^2=0.00246  lam*||a||^2=2.463e-04  loss=0.22110
          cc_act=0.000e+00 cc_state=0.000e+00   |grad| med=7.970e-04 DEAD=0/150  |s|max=35.7 (data 40.4)
iter  18  W2=0.22070  ||a||^2=0.00536  lam*||a||^2=5.357e-04  loss=0.22123
          cc_act=0.000e+00 cc_state=0.000e+00   |grad| med=1.431e-03 DEAD=0/150  |s|max=35.1 (data 40.4)
iter  19  W2=0.22022  ||a||^2=0.00704  lam*||a||^2=7.039e-04  loss=0.22092
          cc_act=0.000e+00 cc_state=0.000e+00   |grad| med=3.157e-03 DEAD=0/150  |s|max=34.6 (data 40.4)

||a||^2  first iter 0.00013  ->  last 0.00704  (+5359.6%)
  (with lambda>0 this should DECREASE; if it rises, the L2 term is not binding)

action spread ACROSS WINDOWS (the quantity that collapsed):
  channel            t=10h     t=50h     t=90h    t=130h       std
  discharge         0.0063    0.0372    0.0029    0.0029    0.0167   (1.23% of gpei)
  sugar             0.0012    0.0051   -0.0032   -0.0032    0.0040   (0.28% of gpei)
  soilbean          0.0005    0.0147    0.0131    0.0131    0.0066   (0.47% of gpei)
  aeration          0.0047    0.0257    0.0034    0.0034    0.0110   (1.00% of gpei)
  backpressure     -0.0181   -0.0996   -0.0147   -0.0147    0.0419   (2.99% of gpei)
  waterinj         -0.0064   -0.0336   -0.0041   -0.0041    0.0144   (1.07% of gpei)

saved -> results_tracenorm/tn_lam0p1.pt
