EXACT GP INFERENCE SELECTED
EXACT GP INFERENCE SELECTED
EXACT GP INFERENCE SELECTED
world models:
  phase 0: [0,47.5) h  train pts=800
  phase 1: [47.5,72.5) h  train pts=800
  phase 2: [72.5,inf) h  train pts=800
  -> one shared z-space (verified)
combined state range: [-10.41, 40.38] z
[PFQuery] loaded checkpoint flgfn_corrected.pt
pre-caching 150 expert distributions ...
  eigenvalues @75h: [0.00018914 0.00684495 0.04047211]
windows per model: phase 0: 47  phase 1: 25  phase 2: 78

policy rbf: in=8 out=6 u_max=3.0 params=2808
L2: lambda=0.001 on ALL SIX channels (additive)
W2 trace-normalisation: ON  -- both spectra divided by their own trace, so only SHAPE is compared. W2 values are NOT comparable to runs made before this change.
action spread across 5 replicas of one state: 3.323e-06   <-- WARNING: E_a|s degenerate

chance constraints: eps=0.95 -> Phi^-1=1.6449
  action box  alpha=1000.0
  vessel floor alpha=1.0  Wt >= 50000 phys (-1.534 z)
  training data below the floor: 0.0%
iter   0  W2=0.22299  ||a||^2=0.00016  lam*||a||^2=1.551e-07  loss=0.22299
          cc_act=0.000e+00 cc_state=0.000e+00   |grad| med=1.918e-03 DEAD=0/150  |s|max=36.4 (data 40.4)
iter   1  W2=0.22325  ||a||^2=0.02969  lam*||a||^2=2.969e-05  loss=0.22349
          cc_act=2.116e-04 cc_state=0.000e+00   |grad| med=1.202e-03 DEAD=0/150  |s|max=34.0 (data 40.4)
iter   2  W2=0.22285  ||a||^2=0.12119  lam*||a||^2=1.212e-04  loss=0.22298
          cc_act=1.263e-05 cc_state=0.000e+00   |grad| med=4.413e-03 DEAD=0/150  |s|max=34.0 (data 40.4)
iter   3  W2=0.22188  ||a||^2=0.14696  lam*||a||^2=1.470e-04  loss=0.22223
          cc_act=2.022e-04 cc_state=0.000e+00   |grad| med=3.855e-03 DEAD=0/150  |s|max=38.0 (data 40.4)
iter   4  W2=0.22067  ||a||^2=0.37472  lam*||a||^2=3.747e-04  loss=0.22232
          cc_act=1.270e-03 cc_state=0.000e+00   |grad| med=8.421e-03 DEAD=0/150  |s|max=35.5 (data 40.4)
iter   5  W2=0.21874  ||a||^2=0.64902  lam*||a||^2=6.490e-04  loss=0.21959
          cc_act=2.007e-04 cc_state=0.000e+00   |grad| med=9.924e-03 DEAD=0/150  |s|max=36.5 (data 40.4)
iter   6  W2=0.21619  ||a||^2=1.02140  lam*||a||^2=1.021e-03  loss=0.21947
          cc_act=2.253e-03 cc_state=0.000e+00   |grad| med=1.670e-02 DEAD=0/150  |s|max=37.4 (data 40.4)
iter   7  W2=0.21513  ||a||^2=1.23292  lam*||a||^2=1.233e-03  loss=0.21681
          cc_act=4.430e-04 cc_state=0.000e+00   |grad| med=1.745e-02 DEAD=0/150  |s|max=35.9 (data 40.4)
iter   8  W2=0.21698  ||a||^2=1.08770  lam*||a||^2=1.088e-03  loss=0.21908
          cc_act=1.011e-03 cc_state=0.000e+00   |grad| med=1.260e-02 DEAD=0/150  |s|max=36.9 (data 40.4)
iter   9  W2=0.22152  ||a||^2=0.33396  lam*||a||^2=3.340e-04  loss=0.22185
          cc_act=0.000e+00 cc_state=0.000e+00   |grad| med=7.683e-03 DEAD=0/150  |s|max=34.7 (data 40.4)
iter  10  W2=0.22025  ||a||^2=0.48943  lam*||a||^2=4.894e-04  loss=0.22074
          cc_act=0.000e+00 cc_state=0.000e+00   |grad| med=8.594e-03 DEAD=0/150  |s|max=35.0 (data 40.4)
iter  11  W2=0.21904  ||a||^2=0.71930  lam*||a||^2=7.193e-04  loss=0.21976
          cc_act=0.000e+00 cc_state=0.000e+00   |grad| med=1.281e-02 DEAD=0/150  |s|max=35.5 (data 40.4)
iter  12  W2=0.21715  ||a||^2=1.12495  lam*||a||^2=1.125e-03  loss=0.21827
          cc_act=0.000e+00 cc_state=0.000e+00   |grad| med=1.638e-02 DEAD=0/150  |s|max=35.2 (data 40.4)
iter  13  W2=0.21584  ||a||^2=1.30150  lam*||a||^2=1.302e-03  loss=0.21756
          cc_act=4.180e-04 cc_state=0.000e+00   |grad| med=1.431e-02 DEAD=0/150  |s|max=35.1 (data 40.4)
iter  14  W2=0.21465  ||a||^2=1.49207  lam*||a||^2=1.492e-03  loss=0.21650
          cc_act=3.503e-04 cc_state=0.000e+00   |grad| med=1.694e-02 DEAD=0/150  |s|max=35.4 (data 40.4)
iter  15  W2=0.21594  ||a||^2=1.24302  lam*||a||^2=1.243e-03  loss=0.21780
          cc_act=6.226e-04 cc_state=0.000e+00   |grad| med=1.792e-02 DEAD=0/150  |s|max=34.5 (data 40.4)
iter  16  W2=0.21487  ||a||^2=1.52187  lam*||a||^2=1.522e-03  loss=0.21640
          cc_act=1.459e-05 cc_state=0.000e+00   |grad| med=2.122e-02 DEAD=0/150  |s|max=35.3 (data 40.4)
iter  17  W2=0.21350  ||a||^2=1.68130  lam*||a||^2=1.681e-03  loss=0.21544
          cc_act=2.667e-04 cc_state=0.000e+00   |grad| med=2.213e-02 DEAD=0/150  |s|max=35.7 (data 40.4)
iter  18  W2=0.21376  ||a||^2=1.78830  lam*||a||^2=1.788e-03  loss=0.21594
          cc_act=3.910e-04 cc_state=0.000e+00   |grad| med=2.178e-02 DEAD=0/150  |s|max=35.1 (data 40.4)
iter  19  W2=0.21353  ||a||^2=2.00617  lam*||a||^2=2.006e-03  loss=0.21795
          cc_act=2.411e-03 cc_state=0.000e+00   |grad| med=2.591e-02 DEAD=0/150  |s|max=34.7 (data 40.4)

||a||^2  first iter 0.00016  ->  last 2.00617  (+1292988.3%)
  (with lambda>0 this should DECREASE; if it rises, the L2 term is not binding)

action spread ACROSS WINDOWS (the quantity that collapsed):
  channel            t=10h     t=50h     t=90h    t=130h       std
  discharge        -0.0241   -0.0053    0.0080    0.0080    0.0152   (1.12% of gpei)
  sugar            -0.0203   -0.1666   -1.0185   -1.0185    0.5374   (38.69% of gpei)
  soilbean         -0.0090    0.0776    0.5228    0.5228    0.2843   (20.35% of gpei)
  aeration          0.0538   -0.0756   -0.9177   -0.9177    0.5262   (48.06% of gpei)
  backpressure     -0.0060    0.0195    0.2953    0.2953    0.1669   (11.90% of gpei)
  waterinj          0.0178    0.0335    0.1018    0.1018    0.0444   (3.29% of gpei)

saved -> results_tracenorm/tn_lam0p001.pt
