EXACT GP INFERENCE SELECTED
EXACT GP INFERENCE SELECTED
EXACT GP INFERENCE SELECTED
world models:
  phase 0: [0,47.5) h  train pts=800
  phase 1: [47.5,72.5) h  train pts=800
  phase 2: [72.5,inf) h  train pts=800
  -> one shared z-space (verified)
combined state range: [-10.41, 40.38] z
[PFQuery] loaded checkpoint flgfn_corrected.pt
pre-caching 150 expert distributions ...
  eigenvalues @75h: [0.00018914 0.00684495 0.04047212]
windows per model: phase 0: 47  phase 1: 25  phase 2: 78

policy rbf: in=8 out=6 u_max=3.0 params=2808
L2: lambda=0.01 on ALL SIX channels (additive)
W2 trace-normalisation: ON  -- both spectra divided by their own trace, so only SHAPE is compared. W2 values are NOT comparable to runs made before this change.
action spread across 5 replicas of one state: 3.323e-06   <-- WARNING: E_a|s degenerate

chance constraints: eps=0.95 -> Phi^-1=1.6449
  action box  alpha=1000.0
  vessel floor alpha=1.0  Wt >= 50000 phys (-1.534 z)
  training data below the floor: 0.0%
iter   0  W2=0.22276  ||a||^2=0.00012  lam*||a||^2=1.164e-06  loss=0.22276
          cc_act=0.000e+00 cc_state=0.000e+00   |grad| med=1.592e-03 DEAD=0/150  |s|max=36.4 (data 40.4)
iter   1  W2=0.22145  ||a||^2=0.02533  lam*||a||^2=2.533e-04  loss=0.22187
          cc_act=1.645e-04 cc_state=0.000e+00   |grad| med=9.265e-03 DEAD=0/150  |s|max=33.8 (data 40.4)
iter   2  W2=0.22070  ||a||^2=0.12376  lam*||a||^2=1.238e-03  loss=0.22262
          cc_act=6.790e-04 cc_state=0.000e+00   |grad| med=2.514e-02 DEAD=0/150  |s|max=33.8 (data 40.4)
iter   3  W2=0.21506  ||a||^2=0.39373  lam*||a||^2=3.937e-03  loss=0.22391
          cc_act=4.912e-03 cc_state=0.000e+00   |grad| med=3.520e-02 DEAD=0/150  |s|max=38.0 (data 40.4)
iter   4  W2=0.21686  ||a||^2=0.24484  lam*||a||^2=2.448e-03  loss=0.22160
          cc_act=2.284e-03 cc_state=0.000e+00   |grad| med=3.233e-02 DEAD=0/150  |s|max=35.7 (data 40.4)
iter   5  W2=0.21887  ||a||^2=0.12303  lam*||a||^2=1.230e-03  loss=0.22057
          cc_act=4.726e-04 cc_state=0.000e+00   |grad| med=2.009e-02 DEAD=0/150  |s|max=36.8 (data 40.4)
iter   6  W2=0.21866  ||a||^2=0.09846  lam*||a||^2=9.846e-04  loss=0.21997
          cc_act=3.274e-04 cc_state=0.000e+00   |grad| med=1.679e-02 DEAD=0/150  |s|max=37.3 (data 40.4)
iter   7  W2=0.21664  ||a||^2=0.17991  lam*||a||^2=1.799e-03  loss=0.21983
          cc_act=1.388e-03 cc_state=0.000e+00   |grad| med=2.474e-02 DEAD=0/150  |s|max=36.1 (data 40.4)
iter   8  W2=0.21653  ||a||^2=0.22511  lam*||a||^2=2.251e-03  loss=0.22100
          cc_act=2.220e-03 cc_state=0.000e+00   |grad| med=2.201e-02 DEAD=0/150  |s|max=37.0 (data 40.4)
iter   9  W2=0.21484  ||a||^2=0.29538  lam*||a||^2=2.954e-03  loss=0.21883
          cc_act=1.032e-03 cc_state=0.000e+00   |grad| med=2.611e-02 DEAD=0/150  |s|max=34.9 (data 40.4)
iter  10  W2=0.21689  ||a||^2=0.15057  lam*||a||^2=1.506e-03  loss=0.21850
          cc_act=1.016e-04 cc_state=0.000e+00   |grad| med=1.884e-02 DEAD=0/150  |s|max=34.9 (data 40.4)
iter  11  W2=0.21594  ||a||^2=0.23516  lam*||a||^2=2.352e-03  loss=0.21914
          cc_act=8.532e-04 cc_state=0.000e+00   |grad| med=2.329e-02 DEAD=0/150  |s|max=35.5 (data 40.4)
iter  12  W2=0.21683  ||a||^2=0.39669  lam*||a||^2=3.967e-03  loss=0.22296
          cc_act=2.172e-03 cc_state=0.000e+00   |grad| med=2.491e-02 DEAD=0/150  |s|max=35.3 (data 40.4)
iter  13  W2=0.22120  ||a||^2=0.01492  lam*||a||^2=1.492e-04  loss=0.22135
          cc_act=0.000e+00 cc_state=0.000e+00   |grad| med=8.701e-03 DEAD=0/150  |s|max=34.8 (data 40.4)
iter  14  W2=0.22087  ||a||^2=0.01791  lam*||a||^2=1.791e-04  loss=0.22105
          cc_act=0.000e+00 cc_state=0.000e+00   |grad| med=1.017e-02 DEAD=0/150  |s|max=35.4 (data 40.4)
iter  15  W2=0.22049  ||a||^2=0.03559  lam*||a||^2=3.559e-04  loss=0.22101
          cc_act=1.689e-04 cc_state=0.000e+00   |grad| med=1.120e-02 DEAD=0/150  |s|max=34.5 (data 40.4)
iter  16  W2=0.22074  ||a||^2=0.05856  lam*||a||^2=5.856e-04  loss=0.22133
          cc_act=2.603e-06 cc_state=0.000e+00   |grad| med=1.229e-02 DEAD=0/150  |s|max=35.3 (data 40.4)
iter  17  W2=0.21924  ||a||^2=0.07266  lam*||a||^2=7.266e-04  loss=0.22007
          cc_act=9.916e-05 cc_state=0.000e+00   |grad| med=2.180e-02 DEAD=0/150  |s|max=35.7 (data 40.4)
iter  18  W2=0.21818  ||a||^2=0.22050  lam*||a||^2=2.205e-03  loss=0.22065
          cc_act=2.681e-04 cc_state=0.000e+00   |grad| med=2.136e-02 DEAD=0/150  |s|max=35.1 (data 40.4)
iter  19  W2=0.21947  ||a||^2=0.14089  lam*||a||^2=1.409e-03  loss=0.22088
          cc_act=0.000e+00 cc_state=0.000e+00   |grad| med=2.111e-02 DEAD=0/150  |s|max=34.3 (data 40.4)

||a||^2  first iter 0.00012  ->  last 0.14089  (+120973.7%)
  (with lambda>0 this should DECREASE; if it rises, the L2 term is not binding)

action spread ACROSS WINDOWS (the quantity that collapsed):
  channel            t=10h     t=50h     t=90h    t=130h       std
  discharge         0.0705    0.0923    0.0105    0.0105    0.0419   (3.09% of gpei)
  sugar             0.0348    0.0404   -0.0338   -0.0338    0.0413   (2.97% of gpei)
  soilbean          0.0202    0.0337    0.1587    0.1587    0.0763   (5.46% of gpei)
  aeration          0.0114   -0.0128    0.0124    0.0124    0.0125   (1.14% of gpei)
  backpressure     -0.0845   -0.1331   -0.0130   -0.0130    0.0587   (4.19% of gpei)
  waterinj          0.0672    0.0955    0.0485    0.0485    0.0222   (1.64% of gpei)

saved -> results_tracenorm/tn_lam0p01.pt
